2025-02-01 22:56:58.782 13672-13708 helloxr                 com.oculus.sdk.helloxr.vulkan        V  [22:56:58.782][Info   ] blah 7 XR_FB_composition_layer_image_layout
2025-02-01 22:56:58.782 13672-13708 helloxr                 com.oculus.sdk.helloxr.vulkan        V  [22:56:58.782][Info   ] blah 8 XR_FB_composition_layer_settings
2025-02-01 22:56:58.782 13672-13708 helloxr                 com.oculus.sdk.helloxr.vulkan        V  [22:56:58.782][Info   ] blah 9 XR_EXT_performance_settings
2025-02-01 22:56:58.782 13672-13708 helloxr                 com.oculus.sdk.helloxr.vulkan        V  [22:56:58.782][Info   ] blah 10 XR_FB_android_surface_swapchain_create
2025-02-01 22:56:58.782 13672-13708 helloxr                 com.oculus.sdk.helloxr.vulkan        V  [22:56:58.782][Info   ] blah 11 XR_KHR_composition_layer_depth
2025-02-01 22:56:58.782 13672-13708 helloxr                 com.oculus.sdk.helloxr.vulkan        V  [22:56:58.782][Info   ] blah 12 XR_KHR_vulkan_enable
2025-02-01 22:56:58.782 13672-13708 helloxr                 com.oculus.sdk.helloxr.vulkan        V  [22:56:58.782][Info   ] blah 13 XR_KHR_vulkan_enable2
2025-02-01 22:56:58.782 13672-13708 helloxr                 com.oculus.sdk.helloxr.vulkan        V  [22:56:58.782][Info   ] blah 14 XR_META_vulkan_swapchain_create_info
2025-02-01 22:56:58.782 13672-13708 OpenXR-Loader           com.oculus.sdk.helloxr.vulkan        V  Verbose [GENERAL | xrCreateInstance | OpenXR-Loader] : Entering loader trampoline
2025-02-01 22:56:58.782 13672-13708 OpenXR-Loader           com.oculus.sdk.helloxr.vulkan        V  Verbose [GENERAL | xrCreateInstance | OpenXR-Loader] : Entering LoaderInstance::CreateInstance
2025-02-01 22:56:58.782 13672-13708 OpenXR-Loader           com.oculus.sdk.helloxr.vulkan        V  Verbose [GENERAL | xrCreateInstance | OpenXR-Loader] : Entering loader terminator
2025-02-01 22:56:58.782 13672-13708 OpenXR                  com.oculus.sdk.helloxr.vulkan        I  ----------- xrCreateInstance [start] ----------
2025-02-01 22:56:58.782 13672-13708 OpenXR_ClientState      com.oculus.sdk.helloxr.vulkan        I  OpenXRClientState::create - from xrCreateInstance
2025-02-01 22:56:58.782 13672-13708 VersionGater            com.oculus.sdk.helloxr.vulkan        I  App OpenXR version is 1.0.0
2025-02-01 22:56:58.782 13672-13708 VersionGater            com.oculus.sdk.helloxr.vulkan        I  Version gate state: 0000 0000 0000 000
2025-02-01 22:56:58.783 13672-13708 OpenXR                  com.oculus.sdk.helloxr.vulkan        I  [OATS] Creating OATS instance
2025-02-01 22:56:58.783 13672-13708 OpenXR                  com.oculus.sdk.helloxr.vulkan        I  [OATS] Successfully created OATS instance
2025-02-01 22:56:58.785 13672-13708 TREX                    com.oculus.sdk.helloxr.vulkan        I  Initializing TREX for client 3397bc5f175e95d3...
2025-02-01 22:56:58.785 13672-13708 TREX                    com.oculus.sdk.helloxr.vulkan        I  Initializing system...
2025-02-01 22:56:58.785 13672-13708 XrRuntimeSystem_Client  com.oculus.sdk.helloxr.vulkan        I  BodyPoweredHands checkSysPropForBodyAPIOverride 0
2025-02-01 22:56:58.785 13672-13708 TREXLoadPolicy          com.oculus.sdk.helloxr.vulkan        I  RenderModelPlugin: all features matched!
2025-02-01 22:56:58.785 13672-13708 TREXLoadPolicy          com.oculus.sdk.helloxr.vulkan        I  KeyboardTrackingPlugin: all features matched!
2025-02-01 22:56:58.785 13672-13708 TREXLoadPolicy          com.oculus.sdk.helloxr.vulkan        I  Plugin 'com.oculus.mrservice:': GK killswitch is enabled! Plugin will be skipped!
2025-02-01 22:56:58.786 13672-13708 TREX                    com.oculus.sdk.helloxr.vulkan        I  Created plugin package context for com.oculus.systemdriver
2025-02-01 22:56:58.787 13672-13708 ThreadHelp...UNTIMEIPC] com.oculus.sdk.helloxr.vulkan        I  RuntimeIPC::ThreadHelpers::SetState: threadName: JobPoolWorker, currentState: STATE_STOPPED, newState: STATE_STARTING
2025-02-01 22:56:58.787 13672-13721 ThreadHelp...UNTIMEIPC] com.oculus.sdk.helloxr.vulkan        I  RuntimeIPC::ThreadHelpers::SetState: threadName: JobPoolWorker, currentState: STATE_STARTING, newState: STATE_RUNNING
2025-02-01 22:56:58.789 13672-13708 RuntimeIPC...UNTIMEIPC] com.oculus.sdk.helloxr.vulkan        I  Event buffer size (client): 8192
2025-02-01 22:56:58.789 13672-13708 RuntimeIPC...UNTIMEIPC] com.oculus.sdk.helloxr.vulkan        I  TryToGetIPCResourcesFromServer: RPC_CONNECTOR_CONNECT_TO_SERVER SUCCESS: Client: com.oculus.sdk.helloxr.vulkan:com.oculus.sdk.helloxr.vulkan:13672, Server: com.oculus.systemdriver:com.oculus.vrruntimeservice (HapticsServer)
2025-02-01 22:56:58.789 13672-13708 RuntimeIPC...UNTIMEIPC] com.oculus.sdk.helloxr.vulkan        I  EnsureServerConnection: SUCCESS. Client: com.oculus.sdk.helloxr.vulkan:com.oculus.sdk.helloxr.vulkan:13672, Server: com.oculus.systemdriver:com.oculus.vrruntimeservice (HapticsServer)
2025-02-01 22:56:58.789 13672-13708 RuntimeIPC...UNTIMEIPC] com.oculus.sdk.helloxr.vulkan        I  ConnectToServer: SUCCESS: Client: com.oculus.sdk.helloxr.vulkan:com.oculus.sdk.helloxr.vulkan:13672, Server: com.oculus.systemdriver:com.oculus.vrruntimeservice (HapticsServer)
2025-02-01 22:56:58.789 13672-13708 TREX                    com.oculus.sdk.helloxr.vulkan        I  Loading EMGSDK Client Plugin
2025-02-01 22:56:58.790 13672-13708 TREX                    com.oculus.sdk.helloxr.vulkan        I  Created plugin package context for com.oculus.systemdriver
2025-02-01 22:56:58.791 13672-13708 ThreadHelp...UNTIMEIPC] com.oculus.sdk.helloxr.vulkan        I  RuntimeIPC::ThreadHelpers::SetState: threadName: JobPoolWorker, currentState: STATE_STOPPED, newState: STATE_STARTING
2025-02-01 22:56:58.791 13672-13723 ThreadHelp...UNTIMEIPC] com.oculus.sdk.helloxr.vulkan        I  RuntimeIPC::ThreadHelpers::SetState: threadName: JobPoolWorker, currentState: STATE_STARTING, newState: STATE_RUNNING
2025-02-01 22:56:58.793 13672-13708 RuntimeIPC...UNTIMEIPC] com.oculus.sdk.helloxr.vulkan        I  Event buffer size (client): 8192
2025-02-01 22:56:58.793 13672-13708 RuntimeIPC...UNTIMEIPC] com.oculus.sdk.helloxr.vulkan        I  TryToGetIPCResourcesFromServer: RPC_CONNECTOR_CONNECT_TO_SERVER SUCCESS: Client: com.oculus.sdk.helloxr.vulkan:com.oculus.sdk.helloxr.vulkan:13672, Server: com.oculus.systemdriver:com.oculus.vrruntimeservice (HandInputDataServer)
2025-02-01 22:56:58.793 13672-13708 RuntimeIPC...UNTIMEIPC] com.oculus.sdk.helloxr.vulkan        I  EnsureServerConnection: SUCCESS. Client: com.oculus.sdk.helloxr.vulkan:com.oculus.sdk.helloxr.vulkan:13672, Server: com.oculus.systemdriver:com.oculus.vrruntimeservice (HandInputDataServer)
2025-02-01 22:56:58.793 13672-13708 RuntimeIPC...UNTIMEIPC] com.oculus.sdk.helloxr.vulkan        I  ConnectToServer: SUCCESS: Client: com.oculus.sdk.helloxr.vulkan:com.oculus.sdk.helloxr.vulkan:13672, Server: com.oculus.systemdriver:com.oculus.vrruntimeservice (HandInputDataServer)
2025-02-01 22:56:58.795 13672-13708 TREX                    com.oculus.sdk.helloxr.vulkan        E  Loaded HandInputDataClientPlugin
2025-02-01 22:56:58.795 13672-13708 TREX                    com.oculus.sdk.helloxr.vulkan        I  Created plugin package context for com.oculus.systemdriver
2025-02-01 22:56:58.796 13672-13708 ThreadHelp...UNTIMEIPC] com.oculus.sdk.helloxr.vulkan        I  RuntimeIPC::ThreadHelpers::SetState: threadName: JobPoolWorker, currentState: STATE_STOPPED, newState: STATE_STARTING
2025-02-01 22:56:58.797 13672-13725 ThreadHelp...UNTIMEIPC] com.oculus.sdk.helloxr.vulkan        I  RuntimeIPC::ThreadHelpers::SetState: threadName: JobPoolWorker, currentState: STATE_STARTING, newState: STATE_RUNNING
2025-02-01 22:56:58.797 13672-13708 RuntimeIPC...UNTIMEIPC] com.oculus.sdk.helloxr.vulkan        I  Event buffer size (client): 8192
2025-02-01 22:56:58.798 13672-13708 RuntimeIPC...UNTIMEIPC] com.oculus.sdk.helloxr.vulkan        I  TryToGetIPCResourcesFromServer: RPC_CONNECTOR_CONNECT_TO_SERVER SUCCESS: Client: com.oculus.sdk.helloxr.vulkan:com.oculus.sdk.helloxr.vulkan:13672, Server: com.oculus.systemdriver:com.oculus.vrruntimeservice (ControllerIPCServer)
2025-02-01 22:56:58.798 13672-13708 RuntimeIPC...UNTIMEIPC] com.oculus.sdk.helloxr.vulkan        I  EnsureServerConnection: SUCCESS. Client: com.oculus.sdk.helloxr.vulkan:com.oculus.sdk.helloxr.vulkan:13672, Server: com.oculus.systemdriver:com.oculus.vrruntimeservice (ControllerIPCServer)
2025-02-01 22:56:58.798 13672-13708 RuntimeIPC...UNTIMEIPC] com.oculus.sdk.helloxr.vulkan        I  ConnectToServer: SUCCESS: Client: com.oculus.sdk.helloxr.vulkan:com.oculus.sdk.helloxr.vulkan:13672, Server: com.oculus.systemdriver:com.oculus.vrruntimeservice (ControllerIPCServer)
2025-02-01 22:56:58.798 13672-13708 TrexContro...ientPlugin com.oculus.sdk.helloxr.vulkan        I  ControllerClientBase::Initialize success
2025-02-01 22:56:58.799 13672-13708 TREXLoadPolicy          com.oculus.sdk.helloxr.vulkan        I  BodyApiClientPlugin: all features matched!
2025-02-01 22:56:58.799 13672-13708 TREX                    com.oculus.sdk.helloxr.vulkan        I  Loading plugin com.oculus.bodyapiservice:libbodyapiplugin.so
2025-02-01 22:56:58.802 13672-13708 AndroidLibraryResolver  com.oculus.sdk.helloxr.vulkan        D  Loading 'libbodyapiplugin.so' from package 'com.oculus.bodyapiservice'
2025-02-01 22:56:58.805 13672-13708 ApplicationLoaders      com.oculus.sdk.helloxr.vulkan        D  Returning zygote-cached class loader: /system/framework/android.test.base.jar
2025-02-01 22:56:58.815 13672-13708 linker                  com.oculus.sdk.helloxr.vulkan        W  Warning: unable to resolve "/apex/com.meta.xr/priv-app/VrDriver/VrDriver.apk": No such file or directory (ignoring)
2025-02-01 22:56:58.817 13672-13708 AndroidLibraryResolver  com.oculus.sdk.helloxr.vulkan        I  Attempting to find getAPIFunction64
2025-02-01 22:56:58.817 13672-13708 LibLoaderImpl           com.oculus.sdk.helloxr.vulkan        V  Loading 64-bit LibLoaderImpl.
2025-02-01 22:56:58.817 13672-13708 LibLoaderImpl           com.oculus.sdk.helloxr.vulkan        V  internalGetAPIFunction: loadLibrary 'loaderimpl'
2025-02-01 22:56:58.817 13672-13708 LibLoaderImpl           com.oculus.sdk.helloxr.vulkan        V  Using System.loadLibrary
2025-02-01 22:56:58.819 13672-13708 libloaderimpl           com.oculus.sdk.helloxr.vulkan        I  nativeSetClassLoader:0x1406
2025-02-01 22:56:58.819 13672-13708 LibLoaderImpl           com.oculus.sdk.helloxr.vulkan        V  internalGetAPIFunction: calling nativeGetAPIFunction
2025-02-01 22:56:58.819 13672-13708 libloaderimpl           com.oculus.sdk.helloxr.vulkan        I  LibLoaderImpl nativeGetAPIFunction.
2025-02-01 22:56:58.819 13672-13708 libloaderimpl           com.oculus.sdk.helloxr.vulkan        I  LibLoaderHandle SUCCESS
2025-02-01 22:56:58.819 13672-13708 libloaderimpl           com.oculus.sdk.helloxr.vulkan        I  LibLoaderImpl GetAPIFunction. libName: libbodyapiplugin.so, funcName: trex_GetPluginInfo
2025-02-01 22:56:58.819 13672-13708 libloaderimpl           com.oculus.sdk.helloxr.vulkan        I  LibLoaderImpl GetAPIFunction. libName: libbodyapiplugin.so, funcName: trex_Initialize
2025-02-01 22:56:58.819 13672-13708 libloaderimpl           com.oculus.sdk.helloxr.vulkan        I  LibLoaderImpl GetAPIFunction. libName: libbodyapiplugin.so, funcName: trex_Shutdown
2025-02-01 22:56:58.820 13672-13708 TREX                    com.oculus.sdk.helloxr.vulkan        I  Created plugin package context for com.oculus.bodyapiservice
2025-02-01 22:56:58.821 13672-13708 [CT]                    com.oculus.sdk.helloxr.vulkan        I  BodyApiPlugin: BodyApiClientInterface7 initialized.
2025-02-01 22:56:58.821 13672-13708 ipcLoader [RUNTIMEIPC]  com.oculus.sdk.helloxr.vulkan        I  RuntimeIPC: Loader: IPC Service API Loader Version: 70 Nov 14 2024 11:49:09
2025-02-01 22:56:58.821 13672-13708 ipcLoader [RUNTIMEIPC]  com.oculus.sdk.helloxr.vulkan        I  RuntimeIPC: Using android_dlopen_ext: libripcclient.oculus.so
2025-02-01 22:56:58.822 13672-13708 ipcLoader [RUNTIMEIPC]  com.oculus.sdk.helloxr.vulkan        I  RuntimeIPC: android_dlopen_ext SUCCESS: libripcclient.oculus.so
2025-02-01 22:56:58.823 13672-13708 ThreadHelp...UNTIMEIPC] com.oculus.sdk.helloxr.vulkan        I  RuntimeIPC::ThreadHelpers::SetState: threadName: JobPoolWorker, currentState: STATE_STOPPED, newState: STATE_STARTING
2025-02-01 22:56:58.823 13672-13727 ThreadHelp...UNTIMEIPC] com.oculus.sdk.helloxr.vulkan        I  RuntimeIPC::ThreadHelpers::SetState: threadName: JobPoolWorker, currentState: STATE_STARTING, newState: STATE_RUNNING
2025-02-01 22:56:58.824 13672-13708 ClientProc...UNTIMEIPC] com.oculus.sdk.helloxr.vulkan        I  GetProcessConnection: com.oculus.bodyapiservice:com.oculus.bodyapiservice
2025-02-01 22:56:58.826 13672-13708 RuntimeIPC...UNTIMEIPC] com.oculus.sdk.helloxr.vulkan        I  Event buffer size (client): 8192
2025-02-01 22:56:58.826 13672-13708 RuntimeIPC...UNTIMEIPC] com.oculus.sdk.helloxr.vulkan        I  TryToGetIPCResourcesFromServer: RPC_CONNECTOR_CONNECT_TO_SERVER SUCCESS: Client: com.oculus.sdk.helloxr.vulkan:com.oculus.sdk.helloxr.vulkan:13672, Server: com.oculus.bodyapiservice:com.oculus.bodyapiservice (BodyApiServiceServer)
2025-02-01 22:56:58.826 13672-13708 RuntimeIPC...UNTIMEIPC] com.oculus.sdk.helloxr.vulkan        I  EnsureServerConnection: SUCCESS. Client: com.oculus.sdk.helloxr.vulkan:com.oculus.sdk.helloxr.vulkan:13672, Server: com.oculus.bodyapiservice:com.oculus.bodyapiservice (BodyApiServiceServer)
2025-02-01 22:56:58.826 13672-13708 RuntimeIPC...UNTIMEIPC] com.oculus.sdk.helloxr.vulkan        I  ConnectToServer: SUCCESS: Client: com.oculus.sdk.helloxr.vulkan:com.oculus.sdk.helloxr.vulkan:13672, Server: com.oculus.bodyapiservice:com.oculus.bodyapiservice (BodyApiServiceServer)
2025-02-01 22:56:58.828 13672-13708 TREXLoadPolicy          com.oculus.sdk.helloxr.vulkan        I  SpatialPersistenceClientPlugin: all permissions matched!
2025-02-01 22:56:58.828 13672-13708 TREX                    com.oculus.sdk.helloxr.vulkan        I  Loading plugin com.facebook.spatial_persistence_service:libplugin.so
2025-02-01 22:56:58.829 13672-13708 AndroidLibraryResolver  com.oculus.sdk.helloxr.vulkan        D  Loading 'libplugin.so' from package 'com.facebook.spatial_persistence_service'
2025-02-01 22:56:58.831 13672-13708 ApplicationLoaders      com.oculus.sdk.helloxr.vulkan        D  Returning zygote-cached class loader: /system/framework/android.test.base.jar
2025-02-01 22:56:58.833 13672-13708 linker                  com.oculus.sdk.helloxr.vulkan        W  Warning: unable to resolve "/apex/com.meta.xr/priv-app/VrDriver/VrDriver.apk": No such file or directory (ignoring)
2025-02-01 22:56:58.835 13672-13708 AndroidLibraryResolver  com.oculus.sdk.helloxr.vulkan        I  Attempting to find getAPIFunction64
2025-02-01 22:56:58.835 13672-13708 LibLoaderImpl           com.oculus.sdk.helloxr.vulkan        V  Loading 64-bit LibLoaderImpl.
2025-02-01 22:56:58.835 13672-13708 LibLoaderImpl           com.oculus.sdk.helloxr.vulkan        V  internalGetAPIFunction: loadLibrary 'loaderimpl'
2025-02-01 22:56:58.835 13672-13708 LibLoaderImpl           com.oculus.sdk.helloxr.vulkan        V  Using System.loadLibrary
2025-02-01 22:56:58.837 13672-13708 libloaderimpl           com.oculus.sdk.helloxr.vulkan        I  nativeSetClassLoader:0x1426
2025-02-01 22:56:58.837 13672-13708 LibLoaderImpl           com.oculus.sdk.helloxr.vulkan        V  internalGetAPIFunction: calling nativeGetAPIFunction
2025-02-01 22:56:58.837 13672-13708 libloaderimpl           com.oculus.sdk.helloxr.vulkan        I  LibLoaderImpl nativeGetAPIFunction.
2025-02-01 22:56:58.837 13672-13708 libloaderimpl           com.oculus.sdk.helloxr.vulkan        I  LibLoaderHandle SUCCESS
2025-02-01 22:56:58.837 13672-13708 libloaderimpl           com.oculus.sdk.helloxr.vulkan        I  LibLoaderImpl GetAPIFunction. libName: libplugin.so, funcName: trex_GetPluginInfo
2025-02-01 22:56:58.839 13672-13708 libloaderimpl           com.oculus.sdk.helloxr.vulkan        I  LibLoaderImpl GetAPIFunction. libName: libplugin.so, funcName: trex_Initialize
2025-02-01 22:56:58.839 13672-13708 libloaderimpl           com.oculus.sdk.helloxr.vulkan        I  LibLoaderImpl GetAPIFunction. libName: libplugin.so, funcName: trex_Shutdown
2025-02-01 22:56:58.840 13672-13708 TREX                    com.oculus.sdk.helloxr.vulkan        I  Created plugin package context for com.facebook.spatial_persistence_service
2025-02-01 22:56:58.840 13672-13708 [CT]                    com.oculus.sdk.helloxr.vulkan        I  SP:TREX:SpatialPersistencePlugin: SpatialPersistencePlugin::trex_Initialize called for client 3717647134017623507.
2025-02-01 22:56:58.840 13672-13708 [CT]                    com.oculus.sdk.helloxr.vulkan        I  Anchor:LogLevelHelper: setGlobalLogLevelFromSysprop: Set log level to info: 3
2025-02-01 22:56:58.841 13672-13708 [CT]                    com.oculus.sdk.helloxr.vulkan        I  SP:AF:AnchorFramework: Creating CPUThreadPoolScheduler AnchorFramework Scheduler
2025-02-01 22:56:58.841 13672-13729 [CT]                    com.oculus.sdk.helloxr.vulkan        W  VIPER: No callback registered to set thread properties for type 'Foreground' with name 'SP:AF:InsightAnchorApi'
2025-02-01 22:56:58.843 13672-13708 [CT]                    com.oculus.sdk.helloxr.vulkan        W  SP:DeviceConfig: Failed to query device config param: name=oculus_plane_freespace_integration
2025-02-01 22:56:58.843 13672-13708 [CT]                    com.oculus.sdk.helloxr.vulkan        I  SP:SpatialAnchorConfig: ensureInitialized: Gatekeeper Name: oculus_plane_freespace_integration is set to false
2025-02-01 22:56:58.843 13672-13708 ipcLoader [RUNTIMEIPC]  com.oculus.sdk.helloxr.vulkan        I  RuntimeIPC: Loader: IPC Service API Loader Version: 70 Nov 14 2024 12:26:59
2025-02-01 22:56:58.843 13672-13708 ipcLoader [RUNTIMEIPC]  com.oculus.sdk.helloxr.vulkan        I  RuntimeIPC: Using android_dlopen_ext: libripcclient.oculus.so
2025-02-01 22:56:58.843 13672-13708 ipcLoader [RUNTIMEIPC]  com.oculus.sdk.helloxr.vulkan        I  RuntimeIPC: android_dlopen_ext SUCCESS: libripcclient.oculus.so
2025-02-01 22:56:58.844 13672-13708 ThreadHelp...UNTIMEIPC] com.oculus.sdk.helloxr.vulkan        I  RuntimeIPC::ThreadHelpers::SetState: threadName: JobPoolWorker, currentState: STATE_STOPPED, newState: STATE_STARTING
2025-02-01 22:56:58.844 13672-13730 ThreadHelp...UNTIMEIPC] com.oculus.sdk.helloxr.vulkan        I  RuntimeIPC::ThreadHelpers::SetState: threadName: JobPoolWorker, currentState: STATE_STARTING, newState: STATE_RUNNING
2025-02-01 22:56:58.845 13672-13708 RuntimeIPC...UNTIMEIPC] com.oculus.sdk.helloxr.vulkan        I  Event buffer size (client): 8192
2025-02-01 22:56:58.845 13672-13708 RuntimeIPC...UNTIMEIPC] com.oculus.sdk.helloxr.vulkan        I  TryToGetIPCResourcesFromServer: RPC_CONNECTOR_CONNECT_TO_SERVER SUCCESS: Client: com.oculus.sdk.helloxr.vulkan:com.oculus.sdk.helloxr.vulkan:13672, Server: com.oculus.systemdriver:com.oculus.vrruntimeservice (DynamicObjectTrackingServer)
2025-02-01 22:56:58.845 13672-13708 RuntimeIPC...UNTIMEIPC] com.oculus.sdk.helloxr.vulkan        I  EnsureServerConnection: SUCCESS. Client: com.oculus.sdk.helloxr.vulkan:com.oculus.sdk.helloxr.vulkan:13672, Server: com.oculus.systemdriver:com.oculus.vrruntimeservice (DynamicObjectTrackingServer)
2025-02-01 22:56:58.845 13672-13708 RuntimeIPC...UNTIMEIPC] com.oculus.sdk.helloxr.vulkan        I  ConnectToServer: SUCCESS: Client: com.oculus.sdk.helloxr.vulkan:com.oculus.sdk.helloxr.vulkan:13672, Server: com.oculus.systemdriver:com.oculus.vrruntimeservice (DynamicObjectTrackingServer)
2025-02-01 22:56:58.847 13672-13708 [CT]                    com.oculus.sdk.helloxr.vulkan        I  SP:AF:AnchorFramework: Using TrackingService
2025-02-01 22:56:58.847 13672-13708 ThreadHelp...UNTIMEIPC] com.oculus.sdk.helloxr.vulkan        I  RuntimeIPC::ThreadHelpers::SetState: threadName: JobPoolWorker, currentState: STATE_STOPPED, newState: STATE_STARTING
2025-02-01 22:56:58.847 13672-13732 ThreadHelp...UNTIMEIPC] com.oculus.sdk.helloxr.vulkan        I  RuntimeIPC::ThreadHelpers::SetState: threadName: JobPoolWorker, currentState: STATE_STARTING, newState: STATE_RUNNING
2025-02-01 22:56:58.847 13672-13708 ClientProc...UNTIMEIPC] com.oculus.sdk.helloxr.vulkan        I  GetProcessConnection: native_process.system:/system_ext/bin/trackingservice
2025-02-01 22:56:58.848 13672-13708 RuntimeIPC...UNTIMEIPC] com.oculus.sdk.helloxr.vulkan        I  Event buffer size (client): 8192
2025-02-01 22:56:58.848 13672-13708 RuntimeIPC...UNTIMEIPC] com.oculus.sdk.helloxr.vulkan        I  TryToGetIPCResourcesFromServer: RPC_CONNECTOR_CONNECT_TO_SERVER SUCCESS: Client: com.oculus.sdk.helloxr.vulkan:com.oculus.sdk.helloxr.vulkan:13672, Server: native_process.system:/system_ext/bin/trackingservice (SlamAnchorServer)
2025-02-01 22:56:58.848 13672-13708 RuntimeIPC...UNTIMEIPC] com.oculus.sdk.helloxr.vulkan        I  EnsureServerConnection: SUCCESS. Client: com.oculus.sdk.helloxr.vulkan:com.oculus.sdk.helloxr.vulkan:13672, Server: native_process.system:/system_ext/bin/trackingservice (SlamAnchorServer)
2025-02-01 22:56:58.848 13672-13708 RuntimeIPC...UNTIMEIPC] com.oculus.sdk.helloxr.vulkan        I  ConnectToServer: SUCCESS: Client: com.oculus.sdk.helloxr.vulkan:com.oculus.sdk.helloxr.vulkan:13672, Server: native_process.system:/system_ext/bin/trackingservice (SlamAnchorServer)
2025-02-01 22:56:58.848 13672-13708 OsSdkLoader             com.oculus.sdk.helloxr.vulkan        D  OSSDK loading module 'libheadtracker.oculus.so'
2025-02-01 22:56:58.850 13672-13708 MemoryBrokerClient      com.oculus.sdk.helloxr.vulkan        D  memorybroker::ClientConnection ctor
2025-02-01 22:56:58.850 13672-13708 OsSdkLoader             com.oculus.sdk.helloxr.vulkan        D  OSSDK loading module 'libossdk.oculus.so'
2025-02-01 22:56:58.850 13672-13708 [CT]                    com.oculus.sdk.helloxr.vulkan        I  SP:AF:AnchorFramework: Creating CPUThreadPoolScheduler AnchorFramework Scheduler
2025-02-01 22:56:58.850 13672-13735 [CT]                    com.oculus.sdk.helloxr.vulkan        W  VIPER: No callback registered to set thread properties for type 'Foreground' with name 'AnchorFrameworkVROS'
2025-02-01 22:56:58.851 13672-13708 ThreadHelp...UNTIMEIPC] com.oculus.sdk.helloxr.vulkan        I  RuntimeIPC::ThreadHelpers::SetState: threadName: RIPCNotifThread, currentState: STATE_STOPPED, newState: STATE_STARTING
2025-02-01 22:56:58.851 13672-13737 ThreadHelp...UNTIMEIPC] com.oculus.sdk.helloxr.vulkan        I  RuntimeIPC::ThreadHelpers::SetState: threadName: RIPCNotifThread, currentState: STATE_STARTING, newState: STATE_RUNNING
2025-02-01 22:56:58.851 13672-13738 [CT]                    com.oculus.sdk.helloxr.vulkan        W  VIPER: No callback registered to set thread properties for type 'Foreground' with name 'SlamAnchorPersistenceRuntimeIpcClient'
2025-02-01 22:56:58.851 13672-13708 [CT]                    com.oculus.sdk.helloxr.vulkan        I  SP:AF:AnchorFrameworkTelemetryHelper: Device information acquired: deviceFlavor: eureka-user
2025-02-01 22:56:58.853 13672-13708 [CT]                    com.oculus.sdk.helloxr.vulkan        I  SP:SpatialAnchorConfig: ensureInitialized: Gatekeeper Name: xr_scene_anchor_deviation_telemetry is set to true
2025-02-01 22:56:58.854 13672-13708 [CT]                    com.oculus.sdk.helloxr.vulkan        I  SP:SpatialAnchorConfig: ensureInitialized: Gatekeeper Name: oculus_enable_rigid_scene is set to true
2025-02-01 22:56:58.855 13672-13708 [CT]                    com.oculus.sdk.helloxr.vulkan        I  SP:SpatialAnchorConfig: ensureInitialized: Gatekeeper Name: oculus_rigid_scene_telemetry is set to true
2025-02-01 22:56:58.856 13672-13708 [CT]                    com.oculus.sdk.helloxr.vulkan        I  SP:SpatialAnchorConfig: ensureInitialized: Gatekeeper Name: oculus_scene_consistency_experiment is set to false
2025-02-01 22:56:58.857 13672-13740 [CT]                    com.oculus.sdk.helloxr.vulkan        W  VIPER: No callback registered to set thread properties for type 'Foreground' with name 'AnchorFrameworkInstrumented'
2025-02-01 22:56:58.857 13672-13708 [CT]                    com.oculus.sdk.helloxr.vulkan        I  SP:AF:AnchorFrameworkTelemetryHelper: Device information acquired: deviceFlavor: eureka-user
2025-02-01 22:56:58.858 13672-13708 [CT]                    com.oculus.sdk.helloxr.vulkan        I  SP:AF:AnchorFramework: AnchorFrameworkExperimentEnabled = false
2025-02-01 22:56:58.859 13672-13708 TREXLoadPolicy          com.oculus.sdk.helloxr.vulkan        I  InsightSdk: all features matched!
2025-02-01 22:56:58.859 13672-13708 TREX                    com.oculus.sdk.helloxr.vulkan        I  Loading plugin com.oculus.mrservice:libmrservice_plugin.so
2025-02-01 22:56:58.860 13672-13708 AndroidLibraryResolver  com.oculus.sdk.helloxr.vulkan        D  Loading 'libmrservice_plugin.so' from package 'com.oculus.mrservice'
2025-02-01 22:56:58.863 13672-13708 ApplicationLoaders      com.oculus.sdk.helloxr.vulkan        D  Returning zygote-cached class loader: /system/framework/android.test.base.jar
2025-02-01 22:56:58.863 13672-13708 ApplicationLoaders      com.oculus.sdk.helloxr.vulkan        D  Returning zygote-cached class loader: /system/framework/android.hidl.manager-V1.0-java.jar
2025-02-01 22:56:58.863 13672-13708 ApplicationLoaders      com.oculus.sdk.helloxr.vulkan        D  Returning zygote-cached class loader: /system/framework/android.hidl.base-V1.0-java.jar
2025-02-01 22:56:58.865 13672-13708 linker                  com.oculus.sdk.helloxr.vulkan        W  Warning: unable to resolve "/apex/com.meta.xr/priv-app/VrDriver/VrDriver.apk": No such file or directory (ignoring)
2025-02-01 22:56:58.867 13672-13708 AndroidLibraryResolver  com.oculus.sdk.helloxr.vulkan        I  Attempting to find getAPIFunction64
2025-02-01 22:56:58.867 13672-13708 LibLoaderImpl           com.oculus.sdk.helloxr.vulkan        V  Loading 64-bit LibLoaderImpl.
2025-02-01 22:56:58.867 13672-13708 LibLoaderImpl           com.oculus.sdk.helloxr.vulkan        V  internalGetAPIFunction: loadLibrary 'loaderimpl'
2025-02-01 22:56:58.867 13672-13708 LibLoaderImpl           com.oculus.sdk.helloxr.vulkan        V  Using System.loadLibrary
2025-02-01 22:56:58.868 13672-13708 libloaderimpl           com.oculus.sdk.helloxr.vulkan        I  nativeSetClassLoader:0x14f6
2025-02-01 22:56:58.868 13672-13708 LibLoaderImpl           com.oculus.sdk.helloxr.vulkan        V  internalGetAPIFunction: calling nativeGetAPIFunction
2025-02-01 22:56:58.868 13672-13708 libloaderimpl           com.oculus.sdk.helloxr.vulkan        I  LibLoaderImpl nativeGetAPIFunction.
2025-02-01 22:56:58.868 13672-13708 libloaderimpl           com.oculus.sdk.helloxr.vulkan        I  LibLoaderHandle SUCCESS
2025-02-01 22:56:58.868 13672-13708 libloaderimpl           com.oculus.sdk.helloxr.vulkan        I  LibLoaderImpl GetAPIFunction. libName: libmrservice_plugin.so, funcName: trex_GetPluginInfo
2025-02-01 22:56:58.870 13672-13708 libloaderimpl           com.oculus.sdk.helloxr.vulkan        I  LibLoaderImpl GetAPIFunction. libName: libmrservice_plugin.so, funcName: trex_Initialize
2025-02-01 22:56:58.870 13672-13708 libloaderimpl           com.oculus.sdk.helloxr.vulkan        I  LibLoaderImpl GetAPIFunction. libName: libmrservice_plugin.so, funcName: trex_Shutdown
2025-02-01 22:56:58.871 13672-13708 TREX                    com.oculus.sdk.helloxr.vulkan        I  Created plugin package context for com.oculus.mrservice
2025-02-01 22:56:58.871 13672-13708 TREX                    com.oculus.sdk.helloxr.vulkan        I  Loading plugin com.oculus.wearableinputservice:libtrex_emgwristband_client_plugin.so
2025-02-01 22:56:58.871 13672-13708 TREX                    com.oculus.sdk.helloxr.vulkan        I  package 'com.oculus.wearableinputservice' not found, skipping
2025-02-01 22:56:58.871 13672-13708 TREX                    com.oculus.sdk.helloxr.vulkan        I  Plugin 'com.oculus.wearableinputservice:libtrex_emgwristband_client_plugin.so' not loaded.
2025-02-01 22:56:58.871 13672-13708 TREXLoadPolicy          com.oculus.sdk.helloxr.vulkan        I  PeerDiscoveryClientPlugin: all permissions matched!
2025-02-01 22:56:58.871 13672-13708 TREX                    com.oculus.sdk.helloxr.vulkan        I  Loading plugin com.facebook.wearable.system.location.service:libtrex_peer_discovery_client_plugin.so
2025-02-01 22:56:58.872 13672-13708 AndroidLibraryResolver  com.oculus.sdk.helloxr.vulkan        D  Loading 'libtrex_peer_discovery_client_plugin.so' from package 'com.facebook.wearable.system.location.service'
2025-02-01 22:56:58.875 13672-13708 ApplicationLoaders      com.oculus.sdk.helloxr.vulkan        D  Returning zygote-cached class loader: /system/framework/android.test.base.jar
2025-02-01 22:56:58.878 13672-13708 linker                  com.oculus.sdk.helloxr.vulkan        W  Warning: unable to resolve "/apex/com.meta.xr/priv-app/VrDriver/VrDriver.apk": No such file or directory (ignoring)
2025-02-01 22:56:58.880 13672-13708 AndroidLibraryResolver  com.oculus.sdk.helloxr.vulkan        I  Attempting to find getAPIFunction64
2025-02-01 22:56:58.882 13672-13708 libloaderimpl           com.oculus.sdk.helloxr.vulkan        I  nativeSetClassLoader:0x1516
2025-02-01 22:56:58.882 13672-13708 libloaderimpl           com.oculus.sdk.helloxr.vulkan        I  LibLoaderImpl nativeGetAPIFunction.
2025-02-01 22:56:58.882 13672-13708 libloaderimpl           com.oculus.sdk.helloxr.vulkan        I  LibLoaderHandle SUCCESS
2025-02-01 22:56:58.882 13672-13708 libloaderimpl           com.oculus.sdk.helloxr.vulkan        I  LibLoaderImpl GetAPIFunction. libName: libtrex_peer_discovery_client_plugin.so, funcName: trex_GetPluginInfo
2025-02-01 22:56:58.882 13672-13708 libloaderimpl           com.oculus.sdk.helloxr.vulkan        I  LibLoaderImpl GetAPIFunction. libName: libtrex_peer_discovery_client_plugin.so, funcName: trex_Initialize
2025-02-01 22:56:58.882 13672-13708 libloaderimpl           com.oculus.sdk.helloxr.vulkan        I  LibLoaderImpl GetAPIFunction. libName: libtrex_peer_discovery_client_plugin.so, funcName: trex_Shutdown
2025-02-01 22:56:58.883 13672-13708 TREX                    com.oculus.sdk.helloxr.vulkan        I  Created plugin package context for com.facebook.wearable.system.location.service
2025-02-01 22:56:58.883 13672-13708 ipcLoader [RUNTIMEIPC]  com.oculus.sdk.helloxr.vulkan        I  RuntimeIPC: Loader: IPC Service API Loader Version: 70 Sep 12 2024 01:22:03
2025-02-01 22:56:58.885 13672-13708 ThreadHelp...UNTIMEIPC] com.oculus.sdk.helloxr.vulkan        I  RuntimeIPC::ThreadHelpers::SetState: threadName: JobPoolWorker, currentState: STATE_STOPPED, newState: STATE_STARTING
2025-02-01 22:56:58.885 13672-13741 ThreadHelp...UNTIMEIPC] com.oculus.sdk.helloxr.vulkan        I  RuntimeIPC::ThreadHelpers::SetState: threadName: JobPoolWorker, currentState: STATE_STARTING, newState: STATE_RUNNING
2025-02-01 22:56:58.886 13672-13708 ClientProc...UNTIMEIPC] com.oculus.sdk.helloxr.vulkan        I  GetProcessConnection: com.facebook.wearable.system.location.service:com.facebook.wearable.system.location.service
2025-02-01 22:56:58.886 13672-13708 RuntimeIPC...UNTIMEIPC] com.oculus.sdk.helloxr.vulkan        I  Event buffer size (client): 8192
2025-02-01 22:56:58.886 13672-13708 RuntimeIPC...UNTIMEIPC] com.oculus.sdk.helloxr.vulkan        I  TryToGetIPCResourcesFromServer: RPC_CONNECTOR_CONNECT_TO_SERVER SUCCESS: Client: com.oculus.sdk.helloxr.vulkan:com.oculus.sdk.helloxr.vulkan:13672, Server: com.facebook.wearable.system.location.service:com.facebook.wearable.system.location.service (PeerDiscoveryServer)
2025-02-01 22:56:58.886 13672-13708 RuntimeIPC...UNTIMEIPC] com.oculus.sdk.helloxr.vulkan        I  EnsureServerConnection: SUCCESS. Client: com.oculus.sdk.helloxr.vulkan:com.oculus.sdk.helloxr.vulkan:13672, Server: com.facebook.wearable.system.location.service:com.facebook.wearable.system.location.service (PeerDiscoveryServer)
2025-02-01 22:56:58.886 13672-13708 RuntimeIPC...UNTIMEIPC] com.oculus.sdk.helloxr.vulkan        I  ConnectToServer: SUCCESS: Client: com.oculus.sdk.helloxr.vulkan:com.oculus.sdk.helloxr.vulkan:13672, Server: com.facebook.wearable.system.location.service:com.facebook.wearable.system.location.service (PeerDiscoveryServer)
2025-02-01 22:56:58.887 13672-13708 ThreadHelp...UNTIMEIPC] com.oculus.sdk.helloxr.vulkan        I  RuntimeIPC::ThreadHelpers::SetState: threadName: RIPCNotifThread, currentState: STATE_STOPPED, newState: STATE_STARTING
2025-02-01 22:56:58.887 13672-13743 ThreadHelp...UNTIMEIPC] com.oculus.sdk.helloxr.vulkan        I  RuntimeIPC::ThreadHelpers::SetState: threadName: RIPCNotifThread, currentState: STATE_STARTING, newState: STATE_RUNNING
2025-02-01 22:56:58.887 13672-13708 TREX                    com.oculus.sdk.helloxr.vulkan        I  Loading plugin com.oculus.ovrmonitormetricsservice:libovrmetricstool_client_api.so
2025-02-01 22:56:58.888 13672-13708 TREXLoadPolicy          com.oculus.sdk.helloxr.vulkan        E  Package com.oculus.ovrmonitormetricsservice has an invalid signature! (Debugging)
2025-02-01 22:56:58.888 13672-13708 TREXLoadPolicy          com.oculus.sdk.helloxr.vulkan        E  Skipping load of package com.oculus.ovrmonitormetricsservice due to an invalid signature!
2025-02-01 22:56:58.888 13672-13708 TREX                    com.oculus.sdk.helloxr.vulkan        E  package 'com.oculus.ovrmonitormetricsservice' not allowed by policy
2025-02-01 22:56:58.888 13672-13708 TREX                    com.oculus.sdk.helloxr.vulkan        I  Plugin 'com.oculus.ovrmonitormetricsservice:libovrmetricstool_client_api.so' not loaded.
2025-02-01 22:56:58.888 13672-13708 Performanc...rface_Impl com.oculus.sdk.helloxr.vulkan        I  PerformanceManagerInterface_Impl_V1: feature: 1: com.oculus.software.body_tracking
2025-02-01 22:56:58.888 13672-13708 Performanc...rface_Impl com.oculus.sdk.helloxr.vulkan        I  PerformanceManagerInterface_Impl_V1: feature: 2: oculus.software.trackedkeyboard
2025-02-01 22:56:58.888 13672-13708 Performanc...rface_Impl com.oculus.sdk.helloxr.vulkan        I  PerformanceManagerInterface_Impl_V1: feature: 5: oculus.software.face_tracking
2025-02-01 22:56:58.888 13672-13708 Performanc...rface_Impl com.oculus.sdk.helloxr.vulkan        I  PerformanceManagerInterface_Impl_V1: feature: 6: oculus.software.eye_tracking
2025-02-01 22:56:58.888 13672-13708 TREX                    com.oculus.sdk.helloxr.vulkan        E  Interface 'WristbandClientInterface', version 6 was not found. Check debug build for more information.
2025-02-01 22:56:58.890 13672-13708 ThreadHelp...UNTIMEIPC] com.oculus.sdk.helloxr.vulkan        I  RuntimeIPC::ThreadHelpers::SetState: threadName: JobPoolWorker, currentState: STATE_STOPPED, newState: STATE_STARTING
2025-02-01 22:56:58.890 13672-13744 ThreadHelp...UNTIMEIPC] com.oculus.sdk.helloxr.vulkan        I  RuntimeIPC::ThreadHelpers::SetState: threadName: JobPoolWorker, currentState: STATE_STARTING, newState: STATE_RUNNING
2025-02-01 22:56:58.893 13672-13708 RuntimeIPC...UNTIMEIPC] com.oculus.sdk.helloxr.vulkan        I  Event buffer size (client): 8192
2025-02-01 22:56:58.893 13672-13708 RuntimeIPC...UNTIMEIPC] com.oculus.sdk.helloxr.vulkan        I  TryToGetIPCResourcesFromServer: RPC_CONNECTOR_CONNECT_TO_SERVER SUCCESS: Client: com.oculus.sdk.helloxr.vulkan:com.oculus.sdk.helloxr.vulkan:13672, Server: com.oculus.systemdriver:com.oculus.vrruntimeservice (RuntimeServiceDevice)
2025-02-01 22:56:58.893 13672-13708 RuntimeIPC...UNTIMEIPC] com.oculus.sdk.helloxr.vulkan        I  EnsureServerConnection: SUCCESS. Client: com.oculus.sdk.helloxr.vulkan:com.oculus.sdk.helloxr.vulkan:13672, Server: com.oculus.systemdriver:com.oculus.vrruntimeservice (RuntimeServiceDevice)
2025-02-01 22:56:58.893 13672-13708 RuntimeIPC...UNTIMEIPC] com.oculus.sdk.helloxr.vulkan        I  ConnectToServer: SUCCESS: Client: com.oculus.sdk.helloxr.vulkan:com.oculus.sdk.helloxr.vulkan:13672, Server: com.oculus.systemdriver:com.oculus.vrruntimeservice (RuntimeServiceDevice)
2025-02-01 22:56:58.894 13672-13708 RuntimeIPC...UNTIMEIPC] com.oculus.sdk.helloxr.vulkan        I  Shutdown: 1, Client: com.oculus.sdk.helloxr.vulkan:com.oculus.sdk.helloxr.vulkan:13672, Server: com.oculus.systemdriver:com.oculus.vrruntimeservice (RuntimeServiceDevice)
2025-02-01 22:56:58.894 13672-13708 RuntimeIPC...UNTIMEIPC] com.oculus.sdk.helloxr.vulkan        I  ReleaseRef: Remaining refs: 0, Client: com.oculus.sdk.helloxr.vulkan:com.oculus.sdk.helloxr.vulkan:13672, Server: com.oculus.systemdriver:com.oculus.vrruntimeservice (RuntimeServiceDevice)
2025-02-01 22:56:58.894 13672-13708 RuntimeIPC...UNTIMEIPC] com.oculus.sdk.helloxr.vulkan        I  DisconnectFromServer: 0, Client: com.oculus.sdk.helloxr.vulkan:com.oculus.sdk.helloxr.vulkan:13672, Server: com.oculus.systemdriver:com.oculus.vrruntimeservice (RuntimeServiceDevice)
2025-02-01 22:56:58.894 13672-13744 ThreadHelp...UNTIMEIPC] com.oculus.sdk.helloxr.vulkan        I  RuntimeIPC::ThreadHelpers::SetState: threadName: JobPoolWorker, currentState: STATE_STOPPING, newState: STATE_STOPPED
2025-02-01 22:56:58.894 13672-13708 Distortion              com.oculus.sdk.helloxr.vulkan        I  Initializing Mesh Decenter Correction
2025-02-01 22:56:58.894 13672-13708 libosutils              com.oculus.sdk.helloxr.vulkan        E  Failed to get real path of file '/sys/devices/soc0/platform_subtype_id', err: Permission denied
2025-02-01 22:56:58.894 13672-13708 libosutils              com.oculus.sdk.helloxr.vulkan        E  Failed to get real path of file '/sys/devices/soc0/platform_version', err: Permission denied
2025-02-01 22:56:58.894 13672-13708 libdeviceid             com.oculus.sdk.helloxr.vulkan        W  DeviceId unknown with subtype FFFFFFFF and version: 0xFFFFFFFF
2025-02-01 22:56:58.896 13672-13708 Distortion              com.oculus.sdk.helloxr.vulkan        I  Decenter tester version = 200
2025-02-01 22:56:58.896 13672-13708 Distortion              com.oculus.sdk.helloxr.vulkan        I  SetLensPositions - iad=0.0635, left offset=-0.0030803,-3.05452e-05, right offset=0.00332641,1.07915e-05
2025-02-01 22:56:58.896 13672-13708 VrRuntimeCompatHelper   com.oculus.sdk.helloxr.vulkan        I  DevicesSupported : 1 devices, quest
2025-02-01 22:56:58.896 13672-13708 OpenXR                  com.oculus.sdk.helloxr.vulkan        I  IsSystem 0
2025-02-01 22:56:58.896 13672-13708 Distortion              com.oculus.sdk.helloxr.vulkan        I  Initializing Mesh Decenter Correction
2025-02-01 22:56:58.896 13672-13708 libosutils              com.oculus.sdk.helloxr.vulkan        E  Failed to get real path of file '/sys/devices/soc0/platform_subtype_id', err: Permission denied
2025-02-01 22:56:58.896 13672-13708 libosutils              com.oculus.sdk.helloxr.vulkan        E  Failed to get real path of file '/sys/devices/soc0/platform_version', err: Permission denied
2025-02-01 22:56:58.896 13672-13708 libdeviceid             com.oculus.sdk.helloxr.vulkan        W  DeviceId unknown with subtype FFFFFFFF and version: 0xFFFFFFFF
2025-02-01 22:56:58.897 13672-13708 Distortion              com.oculus.sdk.helloxr.vulkan        I  Decenter tester version = 200
2025-02-01 22:56:58.897 13672-13708 Distortion              com.oculus.sdk.helloxr.vulkan        I  SetLensPositions - iad=0.0635, left offset=-0.0030803,-3.05452e-05, right offset=0.00332641,1.07915e-05
2025-02-01 22:56:58.897 13672-13708 GkHelper                com.oculus.sdk.helloxr.vulkan        I  Checking gk 'oculus_quest3_high_res_eye_buffer', default = false
2025-02-01 22:56:58.897 13672-13708 GkHelper                com.oculus.sdk.helloxr.vulkan        I  Checking gk 'oculus_quest3_super_high_res_eye_buffer', default = false
2025-02-01 22:56:58.897 13672-13708 OpenXR                  com.oculus.sdk.helloxr.vulkan        I  ----------- xrCreateInstance [end] ----------
2025-02-01 22:56:58.897 13672-13708 OpenXR-Loader           com.oculus.sdk.helloxr.vulkan        V  Verbose [GENERAL | xrCreateInstance | OpenXR-Loader] : Completed loader terminator
2025-02-01 22:56:58.897 13672-13708 OpenXR-Loader           com.oculus.sdk.helloxr.vulkan        I  Info [GENERAL | xrCreateInstance | OpenXR-Loader] : LoaderInstance::CreateInstance succeeded with 0 layers enabled and runtime interface - created instance = 0x0100000000000002
2025-02-01 22:56:58.897 13672-13708 OpenXR-Loader           com.oculus.sdk.helloxr.vulkan        V  Verbose [GENERAL | xrCreateInstance | OpenXR-Loader] : Completed loader trampoline
2025-02-01 22:56:58.897 13672-13708 helloxr                 com.oculus.sdk.helloxr.vulkan        V  [22:56:58.897][Info   ] Instance RuntimeName=Oculus RuntimeVersion=71.601.0
2025-02-01 22:56:58.897 13672-13708 helloxr                 com.oculus.sdk.helloxr.vulkan        V  [22:56:58.897][Verbose] Using system -859045887 for form factor XR_FORM_FACTOR_HEAD_MOUNTED_DISPLAY
2025-02-01 22:56:58.897 13672-13708 helloxr                 com.oculus.sdk.helloxr.vulkan        V  [22:56:58.897][Info   ] Available View Configuration Types: (1)
2025-02-01 22:56:58.897 13672-13708 helloxr                 com.oculus.sdk.helloxr.vulkan        V  [22:56:58.897][Verbose] View Configuration Type: XR_VIEW_CONFIGURATION_TYPE_PRIMARY_STEREO (Selected)
2025-02-01 22:56:58.897 13672-13708 helloxr                 com.oculus.sdk.helloxr.vulkan        V  [22:56:58.897][Verbose] View configuration FovMutable=True
2025-02-01 22:56:58.897 13672-13708 helloxr                 com.oculus.sdk.helloxr.vulkan        V  [22:56:58.897][Verbose] View [0]: Recommended Width=1680 Height=1760 SampleCount=1
2025-02-01 22:56:58.897 13672-13708 helloxr                 com.oculus.sdk.helloxr.vulkan        V  [22:56:58.897][Verbose] View [0]: Maximum Width=8192 Height=8192 SampleCount=1
2025-02-01 22:56:58.897 13672-13708 helloxr                 com.oculus.sdk.helloxr.vulkan        V  [22:56:58.897][Verbose] View [1]: Recommended Width=1680 Height=1760 SampleCount=1
2025-02-01 22:56:58.897 13672-13708 helloxr                 com.oculus.sdk.helloxr.vulkan        V  [22:56:58.897][Verbose] View [1]: Maximum Width=8192 Height=8192 SampleCount=1
2025-02-01 22:56:58.897 13672-13708 helloxr                 com.oculus.sdk.helloxr.vulkan        V  [22:56:58.897][Info   ] Available Environment Blend Mode count : (1)
2025-02-01 22:56:58.897 13672-13708 helloxr                 com.oculus.sdk.helloxr.vulkan        V  [22:56:58.897][Info   ] Environment Blend Mode (XR_ENVIRONMENT_BLEND_MODE_OPAQUE) : (Selected)
2025-02-01 22:56:58.897 13672-13708 helloxr                 com.oculus.sdk.helloxr.vulkan        V  [22:56:58.897][Warning] No validation layers found in the system, skipping
2025-02-01 22:56:58.901 13672-13708 Adreno-AppProfiles      com.oculus.sdk.helloxr.vulkan        W  Could not find QSPM HAL service. Skipping adreno profile processing.
2025-02-01 22:56:58.901 13672-13708 AdrenoVK-0              com.oculus.sdk.helloxr.vulkan        I  ===== BEGIN DUMP OF OVERRIDDEN SETTINGS =====
2025-02-01 22:56:58.901 13672-13708 AdrenoVK-0              com.oculus.sdk.helloxr.vulkan        I  ===== END DUMP OF OVERRIDDEN SETTINGS =====
2025-02-01 22:56:58.904 13672-13708 AdrenoVK-0              com.oculus.sdk.helloxr.vulkan        I  QUALCOMM build          : 5c44054b8b, I064dd7d485
                                                                                                    Build Date              : 09/12/24
                                                                                                    Shader Compiler Version : E031.47.14.01
                                                                                                    Local Branch            :
                                                                                                    Remote Branch           : refs/tags/AU_LINUX_ANDROID_LA.VENDOR.12.3.11.00.00.934.442
                                                                                                    Remote Branch           : NONE
                                                                                                    Reconstruct Branch      : NOTHING
2025-02-01 22:56:58.904 13672-13708 AdrenoVK-0              com.oculus.sdk.helloxr.vulkan        I  Build Config            : S P 12.1.6 AArch64
2025-02-01 22:56:58.904 13672-13708 AdrenoVK-0              com.oculus.sdk.helloxr.vulkan        I  Driver Path             : /vendor/lib64/hw/vulkan.adreno.so
2025-02-01 22:56:58.904 13672-13708 AdrenoVK-0              com.oculus.sdk.helloxr.vulkan        I  Driver Version          : 0797.0
2025-02-01 22:56:58.904 13672-13708 AdrenoVK-0              com.oculus.sdk.helloxr.vulkan        I  PFP                     : 0x01511175
2025-02-01 22:56:58.904 13672-13708 AdrenoVK-0              com.oculus.sdk.helloxr.vulkan        I  ME                      : 0x00000000
2025-02-01 22:56:58.904 13672-13708 AdrenoVK-0              com.oculus.sdk.helloxr.vulkan        I  Application Name    : helloxr
                                                                                                    Application Version : 0x00000001
                                                                                                    Engine Name         : helloxr
                                                                                                    Engine Version      : 0x00000001
                                                                                                    Api Version         : 0x00403113
2025-02-01 22:56:58.904 13672-13708 VulkanLoader            com.oculus.sdk.helloxr.vulkan        I  ovrVulkanLoader::Load
2025-02-01 22:56:58.904 13672-13708 VulkanLoader            com.oculus.sdk.helloxr.vulkan        W  ovrVulkanLoader::LoadDeviceFunctions: device invalid
2025-02-01 22:56:58.904 13672-13708 VulkanLoader            com.oculus.sdk.helloxr.vulkan        W  ovrVulkanLoader::LoadExtensionList: physicalDevice invalid
2025-02-01 22:56:58.904 13672-13708 Vulkan_Utils            com.oculus.sdk.helloxr.vulkan        I  --------------------------------
2025-02-01 22:56:58.904 13672-13708 Vulkan_Utils            com.oculus.sdk.helloxr.vulkan        I  Device Name          : Adreno (TM) 740
2025-02-01 22:56:58.904 13672-13708 Vulkan_Utils            com.oculus.sdk.helloxr.vulkan        I  Device Type          : integrated GPU
2025-02-01 22:56:58.904 13672-13708 Vulkan_Utils            com.oculus.sdk.helloxr.vulkan        I  Vendor ID            : 0x5143
2025-02-01 22:56:58.904 13672-13708 Vulkan_Utils            com.oculus.sdk.helloxr.vulkan        I  Device ID            : 0x43050B00
2025-02-01 22:56:58.904 13672-13708 Vulkan_Utils            com.oculus.sdk.helloxr.vulkan        I  Driver Version       : 512.797.0
2025-02-01 22:56:58.904 13672-13708 Vulkan_Utils            com.oculus.sdk.helloxr.vulkan        I  API Version          : 1.1.284
2025-02-01 22:56:58.904 13672-13708 Vulkan_Utils            com.oculus.sdk.helloxr.vulkan        I  Queue Families       : 0 = graphics compute transfer (3 queues, 3 priorities)
2025-02-01 22:56:58.904 13672-13708 Vulkan_Utils            com.oculus.sdk.helloxr.vulkan        I                         1 = (1 queues, 3 priorities)
2025-02-01 22:56:58.904 13672-13708 Vulkan_Utils            com.oculus.sdk.helloxr.vulkan        I  Work Queue Family    : 0
2025-02-01 22:56:58.905 13672-13708 Vulkan_Utils            com.oculus.sdk.helloxr.vulkan        I  Device Extensions    : VK_KHR_swapchain (required, enabled)
2025-02-01 22:56:58.905 13672-13708 Vulkan_Utils            com.oculus.sdk.helloxr.vulkan        I                         VK_KHR_external_memory (required, enabled)
2025-02-01 22:56:58.905 13672-13708 Vulkan_Utils            com.oculus.sdk.helloxr.vulkan        I                         VK_KHR_get_memory_requirements2 (required, enabled)
2025-02-01 22:56:58.905 13672-13708 Vulkan_Utils            com.oculus.sdk.helloxr.vulkan        I  Device Extensions      VK_EXT_fragment_density_map (optional, enabled)
2025-02-01 22:56:58.905 13672-13708 Vulkan_Utils            com.oculus.sdk.helloxr.vulkan        I                         VK_EXT_fragment_density_map2 (optional, enabled)
2025-02-01 22:56:58.905 13672-13708 Vulkan_Utils            com.oculus.sdk.helloxr.vulkan        I                         VK_KHR_maintenance1 (optional, enabled)
2025-02-01 22:56:58.905 13672-13708 Vulkan_Utils            com.oculus.sdk.helloxr.vulkan        I                         VK_KHR_bind_memory2 (optional, enabled)
2025-02-01 22:56:58.905 13672-13708 Vulkan_Utils            com.oculus.sdk.helloxr.vulkan        I                         VK_KHR_sampler_ycbcr_conversion (optional, enabled)
2025-02-01 22:56:58.905 13672-13708 Vulkan_Utils            com.oculus.sdk.helloxr.vulkan        I                         VK_EXT_queue_family_foreign (optional, enabled)
2025-02-01 22:56:58.905 13672-13708 Vulkan_Utils            com.oculus.sdk.helloxr.vulkan        I                         VK_KHR_dedicated_allocation (optional, enabled)
2025-02-01 22:56:58.905 13672-13708 Vulkan_Utils            com.oculus.sdk.helloxr.vulkan        I                         VK_KHR_external_memory_fd (optional, enabled)
2025-02-01 22:56:58.905 13672-13708 Vulkan_Utils            com.oculus.sdk.helloxr.vulkan        I                         VK_ANDROID_external_memory_android_hardware_buffer (optional, enabled)
2025-02-01 22:56:59.001 13672-13708 helloxr                 com.oculus.sdk.helloxr.vulkan        V  [22:56:59.001][Info   ] Loaded vertex shader
2025-02-01 22:56:59.001 13672-13708 helloxr                 com.oculus.sdk.helloxr.vulkan        V  [22:56:59.001][Info   ] Loaded fragment shader
2025-02-01 22:56:59.001 13672-13708 helloxr                 com.oculus.sdk.helloxr.vulkan        V  [22:56:59.001][Verbose] Creating session...
