2025-01-24 12:50:55.094 22040-22075 .helloxr.vulka          com.oculus.sdk.helloxr.vulkan        W  Accessing hidden method Landroid/content/Context;->registerReceiverAsUser(Landroid/content/BroadcastReceiver;Landroid/os/UserHandle;Landroid/content/IntentFilter;Ljava/lang/String;Landroid/os/Handler;)Landroid/content/Intent; (unsupported, reflection, allowed)
2025-01-24 12:50:55.094 22040-22075 InputDeviceManager      com.oculus.sdk.helloxr.vulkan        I  ovrInputDeviceManager::Initialize
2025-01-24 12:50:55.095 22040-22075 [CT]                    com.oculus.sdk.helloxr.vulkan        I  HandPosePrediction: Set sampler config enum for v59 30 Hz
2025-01-24 12:50:55.095 22040-22075 [CT]                    com.oculus.sdk.helloxr.vulkan        I  HandPosePrediction: Set sampler config enum for v59 30 Hz
2025-01-24 12:50:55.096 22040-22075 InputDevice_Hand        com.oculus.sdk.helloxr.vulkan        I  BodyPoweredHands checkSysPropForBodyAPIOverride 0
2025-01-24 12:50:55.096 22040-22075 InputDevice_Hand        com.oculus.sdk.helloxr.vulkan        I  BodyPoweredHands checkSysPropForBodyAPIOverride 0
2025-01-24 12:50:55.096 22040-22075 InputDevic...ckedRemote com.oculus.sdk.helloxr.vulkan        W  Did not pass RIPC GK, fetching controller input data from shared memory
2025-01-24 12:50:55.098 22040-22075 InputDevic...ckedRemote com.oculus.sdk.helloxr.vulkan        I  REMOTE: Hand=1 IndexAnalog=0.00 GripAnalog=0.00 Buttons=0x00000000
2025-01-24 12:50:55.098 22040-22075 InputDevic...ckedRemote com.oculus.sdk.helloxr.vulkan        I  Using new float conversion.
2025-01-24 12:50:55.098 22040-22075 InputDevic...ckedRemote com.oculus.sdk.helloxr.vulkan        I  REMOTE: Hand=2 IndexAnalog=0.00 GripAnalog=0.00 Buttons=0x00000000
2025-01-24 12:50:55.098 22040-22075 InputDeviceManager      com.oculus.sdk.helloxr.vulkan        I  HANDTRACKING Root pose filter profile changed for freq to 20 from 0  inf: 1
2025-01-24 12:50:55.098 22040-22075 GkHelper                com.oculus.sdk.helloxr.vulkan        I  Checking gk 'horizon_phasesync_auto_disabled', default = false
2025-01-24 12:50:55.098 22040-22075 GkCacheQuerierClient    com.oculus.sdk.helloxr.vulkan        W  getGkValue: Query result for 'oculus_xrruntime:horizon_phasesync_auto_disabled' not successful: 4
2025-01-24 12:50:55.098 22040-22075 GkHelper                com.oculus.sdk.helloxr.vulkan        W  GkHelper: query failed, result code: 4
2025-01-24 12:50:55.098 22040-22075 PhaseSync               com.oculus.sdk.helloxr.vulkan        I  PhaseSync::PhaseSync PaddingLowerLimit 0.350000 StandardDeviations 2.000000 PaddingUpperLimit 0.750000 on instance 0
2025-01-24 12:50:55.098 22040-22075 FrameSync               com.oculus.sdk.helloxr.vulkan        I  FrameSync Initialized Instance 1
2025-01-24 12:50:55.098 22040-22075 VrRuntimeClient         com.oculus.sdk.helloxr.vulkan        I  PhaseSync Instance created
2025-01-24 12:50:55.102 22040-22075 Compatibil...geReporter com.oculus.sdk.helloxr.vulkan        D  Compat change id reported: 160794467; UID 10735; state: ENABLED
2025-01-24 12:50:55.103 22040-22075 ServerStat...UNTIMEIPC] com.oculus.sdk.helloxr.vulkan        W  IPCService: GetDataBegin: entryIndex < 0 || entryIndex >= numEntries_ || entryIndex >= trustedMaxEntries: 5, 19, 0
2025-01-24 12:50:55.103 22040-22075 VrRuntimeC...rexContext com.oculus.sdk.helloxr.vulkan        I  BeginSession
2025-01-24 12:50:55.103 22040-22075 OpenXR                  com.oculus.sdk.helloxr.vulkan        I  usesManifestForCpuBoost:0
2025-01-24 12:50:55.103 22040-22075 OpenXR                  com.oculus.sdk.helloxr.vulkan        I  ------------ xrBeginSession [end] -----------
2025-01-24 12:50:55.106 22040-22075 ServerStat...UNTIMEIPC] com.oculus.sdk.helloxr.vulkan        W  IPCService: GetDataBegin: entryIndex < 0 || entryIndex >= numEntries_ || entryIndex >= trustedMaxEntries: 16, 19, 0
2025-01-24 12:50:55.106 22040-22116 JniUtils                com.oculus.sdk.helloxr.vulkan        I  ovr_GetCurrentPackageSignature
2025-01-24 12:50:55.107 22040-22116 Metrics                 com.oculus.sdk.helloxr.vulkan        I  device model = Quest 3
2025-01-24 12:50:55.107 22040-22116 Telemetry               com.oculus.sdk.helloxr.vulkan        I  Aligning telemetry thread time, will wait for: 893 ms...
2025-01-24 12:50:55.109 22040-22075 ServerStat...UNTIMEIPC] com.oculus.sdk.helloxr.vulkan        W  IPCService: GetDataBegin: entryIndex < 0 || entryIndex >= numEntries_ || entryIndex >= trustedMaxEntries: 14, 19, 0
2025-01-24 12:50:55.109 22040-22075 AudioCapture            com.oculus.sdk.helloxr.vulkan        I  AudioCapture::PauseAudioCapture
2025-01-24 12:50:55.109 22040-22120 FenceChecker            com.oculus.sdk.helloxr.vulkan        I  FenceChecker::MainLoop - started
2025-01-24 12:50:55.111 22040-22075 VrRuntimeClient         com.oculus.sdk.helloxr.vulkan        I  SetClientAppColorspace: P3
2025-01-24 12:50:55.111 22040-22075 ServerStat...UNTIMEIPC] com.oculus.sdk.helloxr.vulkan        W  IPCService: GetDataBegin: entryIndex < 0 || entryIndex >= numEntries_ || entryIndex >= trustedMaxEntries: 4, 19, 0
2025-01-24 12:50:55.111 22040-22075 OpenXR                  com.oculus.sdk.helloxr.vulkan        I  PostSessionStateChange:[pid: 22040] XR_SESSION_STATE_READY -> XR_SESSION_STATE_SYNCHRONIZED
2025-01-24 12:50:55.111 22040-22075 Deque                   com.oculus.sdk.helloxr.vulkan        I  AddEventToQueue called. eventInfo.type: 18, eventInfo.next: 1
2025-01-24 12:50:55.111 22040-22075 helloxr                 com.oculus.sdk.helloxr.vulkan        V  [12:50:55.111][Info   ] XrEventDataSessionStateChanged: state XR_SESSION_STATE_READY->XR_SESSION_STATE_SYNCHRONIZED session=144115188075855875 time=6359554545339
2025-01-24 12:50:55.111 22040-22075 OpenXR                  com.oculus.sdk.helloxr.vulkan        I  PostSessionStateChange:[pid: 22040] XR_SESSION_STATE_SYNCHRONIZED -> XR_SESSION_STATE_VISIBLE
2025-01-24 12:50:55.112 22040-22075 Deque                   com.oculus.sdk.helloxr.vulkan        I  AddEventToQueue called. eventInfo.type: 18, eventInfo.next: 1
2025-01-24 12:50:55.112 22040-22075 OpenXR                  com.oculus.sdk.helloxr.vulkan        I  PostSessionStateChange:[pid: 22040] XR_SESSION_STATE_VISIBLE -> XR_SESSION_STATE_FOCUSED
2025-01-24 12:50:55.112 22040-22075 Deque                   com.oculus.sdk.helloxr.vulkan        I  AddEventToQueue called. eventInfo.type: 18, eventInfo.next: 1
2025-01-24 12:50:55.112 22040-22075 helloxr                 com.oculus.sdk.helloxr.vulkan        V  [12:50:55.112][Info   ] XrEventDataSessionStateChanged: state XR_SESSION_STATE_SYNCHRONIZED->XR_SESSION_STATE_VISIBLE session=144115188075855875 time=6359554769922
2025-01-24 12:50:55.112 22040-22075 helloxr                 com.oculus.sdk.helloxr.vulkan        V  [12:50:55.112][Info   ] XrEventDataSessionStateChanged: state XR_SESSION_STATE_VISIBLE->XR_SESSION_STATE_FOCUSED session=144115188075855875 time=6359555565027
2025-01-24 12:50:55.115 22040-22075 AppLoadTim...etryCommon com.oculus.sdk.helloxr.vulkan        I  App load time recorded [packageName=com.oculus.sdk.helloxr.vulkan, time=1.097822, method="BeginFrame (1)", launchType="Launch", launchId=""]
2025-01-24 12:50:55.376 22040-22115 InputDeviceManager      com.oculus.sdk.helloxr.vulkan        I  HANDTRACKING Root pose filter profile changed for freq to 17 from 20  inf: 1
2025-01-24 12:50:56.000 22040-22116 Telemetry               com.oculus.sdk.helloxr.vulkan        I  Time aligned, interrupted: 0
2025-01-24 12:50:56.006 22040-22052 System                  com.oculus.sdk.helloxr.vulkan        W  A resource failed to call close.
2025-01-24 12:50:57.007 22040-22116 ClientShar...metryStats com.oculus.sdk.helloxr.vulkan        I  App memory usage: PSS=61 MiB, PrivateDirty=47 MiB, PrivateClean=0 MiB, GPU=24.6/24.6 MiB (100% allocated)
2025-01-24 12:50:57.007 22040-22116 VrApi                   com.oculus.sdk.helloxr.vulkan        I  FPS=73/72,Prd=20ms,Tear=0,Early=0,Stale=0,Stale2/5/10/max=0/0/0/0,VSnc=1,Lat=-1,Fov=0D,CPU4/GPU=2/2,1382/456MHz,OC=3F,TA=0/0/0,SP=N/N/N,Mem=1708MHz,Free=4267MB,PLS=0,Temp=42.0C/0.0C,TW=0.67ms,App=0.20ms,GD=0.00ms,CPU&GPU=1.01ms,LCnt=1(DR72,LM0),GPU%=0.09,CPU%=0.02(W0.05),DSF=1.05,CFL=10.27/15.12,ICFLp95=13.78,LD=0,SF=1.00,LP=0,DVFS=0
2025-01-24 12:50:58.000 22040-22116 VrApi                   com.oculus.sdk.helloxr.vulkan        I  FPS=72/72,Prd=20ms,Tear=0,Early=0,Stale=0,Stale2/5/10/max=0/0/0/0,VSnc=1,Lat=-1,Fov=0D,CPU4/GPU=2/2,1382/456MHz,OC=3F,TA=0/0/0,SP=N/N/N,Mem=1555MHz,Free=4267MB,PLS=0,Temp=42.0C/0.0C,TW=0.65ms,App=0.28ms,GD=0.00ms,CPU&GPU=1.02ms,LCnt=1(DR73,LM0),GPU%=0.09,CPU%=0.03(W0.10),DSF=1.05,CFL=9.71/14.26,ICFLp95=12.99,LD=0,SF=1.00,LP=0,DVFS=0
2025-01-24 12:50:59.000 22040-22116 VrApi                   com.oculus.sdk.helloxr.vulkan        I  FPS=73/72,Prd=20ms,Tear=0,Early=0,Stale=0,Stale2/5/10/max=0/0/0/0,VSnc=1,Lat=-1,Fov=0D,CPU4/GPU=2/2,1382/456MHz,OC=3F,TA=0/0/0,SP=N/N/N,Mem=2736MHz,Free=4267MB,PLS=0,Temp=42.0C/0.0C,TW=0.64ms,App=0.32ms,GD=0.00ms,CPU&GPU=0.94ms,LCnt=1(DR73,LM0),GPU%=0.08,CPU%=0.02(W0.05),DSF=1.05,CFL=9.68/14.17,ICFLp95=12.92,LD=0,SF=1.00,LP=0,DVFS=0
2025-01-24 12:51:00.000 22040-22116 VrApi                   com.oculus.sdk.helloxr.vulkan        I  FPS=73/72,Prd=20ms,Tear=0,Early=0,Stale=0,Stale2/5/10/max=0/0/0/0,VSnc=1,Lat=-1,Fov=0D,CPU4/GPU=2/2,2361/456MHz,OC=3F,TA=0/0/0,SP=N/N/N,Mem=2092MHz,Free=4267MB,PLS=0,Temp=42.0C/0.0C,TW=0.64ms,App=0.29ms,GD=0.00ms,CPU&GPU=1.04ms,LCnt=1(DR72,LM0),GPU%=0.08,CPU%=0.02(W0.05),DSF=1.05,CFL=9.62/14.31,ICFLp95=12.89,LD=0,SF=1.00,LP=0,DVFS=0
2025-01-24 12:51:01.000 22040-22116 VrApi                   com.oculus.sdk.helloxr.vulkan        I  FPS=72/72,Prd=20ms,Tear=0,Early=0,Stale=0,Stale2/5/10/max=0/0/0/0,VSnc=1,Lat=-1,Fov=0D,CPU4/GPU=2/2,1382/456MHz,OC=3F,TA=0/0/0,SP=N/N/N,Mem=547MHz,Free=4267MB,PLS=0,Temp=42.0C/0.0C,TW=0.67ms,App=0.27ms,GD=0.00ms,CPU&GPU=1.07ms,LCnt=1(DR73,LM0),GPU%=0.08,CPU%=0.05(W0.10),DSF=1.05,CFL=9.60/14.20,ICFLp95=12.87,LD=0,SF=1.00,LP=0,DVFS=0
2025-01-24 12:51:02.000 22040-22116 VrApi                   com.oculus.sdk.helloxr.vulkan        I  FPS=73/72,Prd=20ms,Tear=0,Early=0,Stale=0,Stale2/5/10/max=0/0/0/0,VSnc=1,Lat=-1,Fov=0D,CPU4/GPU=2/2,2361/456MHz,OC=3F,TA=0/0/0,SP=N/N/N,Mem=2092MHz,Free=4267MB,PLS=0,Temp=42.0C/0.0C,TW=0.62ms,App=0.21ms,GD=0.00ms,CPU&GPU=1.10ms,LCnt=1(DR73,LM0),GPU%=0.08,CPU%=0.11(W0.14),DSF=1.05,CFL=9.54/14.34,ICFLp95=12.92,LD=0,SF=1.00,LP=0,DVFS=0
2025-01-24 12:51:02.046 22040-22075 AppLoadTim...etryCommon com.oculus.sdk.helloxr.vulkan        I  App load time recorded [packageName=com.oculus.sdk.helloxr.vulkan, time=8.028353, method="BeginFrame (500)", launchType="Launch", launchId=""]
2025-01-24 12:51:03.001 22040-22116 VrApi                   com.oculus.sdk.helloxr.vulkan        I  FPS=73/72,Prd=20ms,Tear=0,Early=0,Stale=0,Stale2/5/10/max=0/0/0/0,VSnc=1,Lat=-1,Fov=0D,CPU4/GPU=2/2,1382/456MHz,OC=3F,TA=0/0/0,SP=N/N/N,Mem=1555MHz,Free=4267MB,PLS=0,Temp=42.0C/0.0C,TW=0.66ms,App=0.27ms,GD=0.00ms,CPU&GPU=1.09ms,LCnt=1(DR73,LM0),GPU%=0.08,CPU%=0.05(W0.10),DSF=1.05,CFL=9.66/14.52,ICFLp95=13.04,LD=0,SF=1.00,LP=0,DVFS=0
2025-01-24 12:51:04.001 22040-22116 VrApi                   com.oculus.sdk.helloxr.vulkan        I  FPS=73/72,Prd=20ms,Tear=0,Early=0,Stale=0,Stale2/5/10/max=0/0/0/0,VSnc=1,Lat=-1,Fov=0D,CPU4/GPU=2/2,1382/456MHz,OC=3F,TA=0/0/0,SP=N/N/N,Mem=1555MHz,Free=4267MB,PLS=0,Temp=42.0C/0.0C,TW=0.64ms,App=0.26ms,GD=0.00ms,CPU&GPU=1.15ms,LCnt=1(DR73,LM0),GPU%=0.08,CPU%=0.05(W0.10),DSF=1.05,CFL=9.66/14.27,ICFLp95=12.94,LD=0,SF=1.00,LP=0,DVFS=0
2025-01-24 12:51:05.001 22040-22116 VrApi                   com.oculus.sdk.helloxr.vulkan        I  FPS=72/72,Prd=20ms,Tear=0,Early=0,Stale=0,Stale2/5/10/max=0/0/0/0,VSnc=1,Lat=-1,Fov=0D,CPU4/GPU=2/2,2361/456MHz,OC=3F,TA=0/0/0,SP=N/N/N,Mem=1555MHz,Free=4267MB,PLS=0,Temp=42.0C/0.0C,TW=0.65ms,App=0.29ms,GD=0.00ms,CPU&GPU=1.10ms,LCnt=1(DR72,LM0),GPU%=0.08,CPU%=0.09(W0.13),DSF=1.05,CFL=9.56/14.35,ICFLp95=12.93,LD=0,SF=1.00,LP=0,DVFS=0
2025-01-24 12:51:06.001 22040-22116 VrApi                   com.oculus.sdk.helloxr.vulkan        I  FPS=73/72,Prd=20ms,Tear=0,Early=0,Stale=0,Stale2/5/10/max=0/0/0/0,VSnc=1,Lat=-1,Fov=0D,CPU4/GPU=2/2,1382/456MHz,OC=3F,TA=0/0/0,SP=N/N/N,Mem=1555MHz,Free=4267MB,PLS=0,Temp=42.0C/0.0C,TW=0.65ms,App=0.27ms,GD=0.00ms,CPU&GPU=1.13ms,LCnt=1(DR73,LM0),GPU%=0.08,CPU%=0.06(W0.13),DSF=1.05,CFL=9.58/14.25,ICFLp95=12.89,LD=0,SF=1.00,LP=0,DVFS=0
2025-01-24 12:51:07.001 22040-22116 VrApi                   com.oculus.sdk.helloxr.vulkan        I  FPS=73/72,Prd=20ms,Tear=0,Early=0,Stale=0,Stale2/5/10/max=0/0/0/0,VSnc=1,Lat=-1,Fov=0D,CPU4/GPU=2/2,1382/456MHz,OC=3F,TA=0/0/0,SP=N/N/N,Mem=1708MHz,Free=4267MB,PLS=0,Temp=42.0C/0.0C,TW=0.64ms,App=0.27ms,GD=0.00ms,CPU&GPU=1.05ms,LCnt=1(DR73,LM0),GPU%=0.08,CPU%=0.05(W0.10),DSF=1.05,CFL=9.57/14.47,ICFLp95=12.92,LD=0,SF=1.00,LP=0,DVFS=0
2025-01-24 12:51:08.001 22040-22116 VrApi                   com.oculus.sdk.helloxr.vulkan        I  FPS=73/72,Prd=20ms,Tear=0,Early=0,Stale=0,Stale2/5/10/max=0/0/0/0,VSnc=1,Lat=-1,Fov=0D,CPU4/GPU=2/2,1382/456MHz,OC=3F,TA=0/0/0,SP=N/N/N,Mem=547MHz,Free=4267MB,PLS=0,Temp=42.0C/0.0C,TW=0.65ms,App=0.28ms,GD=0.00ms,CPU&GPU=1.12ms,LCnt=1(DR72,LM0),GPU%=0.08,CPU%=0.03(W0.05),DSF=1.05,CFL=9.51/14.25,ICFLp95=12.86,LD=0,SF=1.00,LP=0,DVFS=0
2025-01-24 12:51:08.990 22040-22075 AppLoadTim...etryCommon com.oculus.sdk.helloxr.vulkan        I  App load time recorded [packageName=com.oculus.sdk.helloxr.vulkan, time=14.972415, method="BeginFrame (1000)", launchType="Launch", launchId=""]
2025-01-24 12:51:09.001 22040-22116 VrApi                   com.oculus.sdk.helloxr.vulkan        I  FPS=72/72,Prd=20ms,Tear=0,Early=0,Stale=0,Stale2/5/10/max=0/0/0/0,VSnc=1,Lat=-1,Fov=0D,CPU4/GPU=2/2,1382/456MHz,OC=3F,TA=0/0/0,SP=N/N/N,Mem=1555MHz,Free=4267MB,PLS=0,Temp=42.0C/0.0C,TW=0.67ms,App=0.27ms,GD=0.00ms,CPU&GPU=1.12ms,LCnt=1(DR73,LM0),GPU%=0.08,CPU%=0.02(W0.05),DSF=1.05,CFL=9.47/14.48,ICFLp95=12.84,LD=0,SF=1.00,LP=0,DVFS=0
2025-01-24 12:51:10.001 22040-22116 VrApi                   com.oculus.sdk.helloxr.vulkan        I  FPS=73/72,Prd=20ms,Tear=0,Early=0,Stale=0,Stale2/5/10/max=0/0/0/0,VSnc=1,Lat=-1,Fov=0D,CPU4/GPU=2/2,1382/456MHz,OC=3F,TA=0/0/0,SP=N/N/N,Mem=547MHz,Free=4267MB,PLS=0,Temp=42.0C/0.0C,TW=0.65ms,App=0.28ms,GD=0.00ms,CPU&GPU=1.08ms,LCnt=1(DR73,LM0),GPU%=0.08,CPU%=0.03(W0.05),DSF=1.05,CFL=9.53/14.21,ICFLp95=12.88,LD=0,SF=1.00,LP=0,DVFS=0
2025-01-24 12:51:11.001 22040-22116 VrApi                   com.oculus.sdk.helloxr.vulkan        I  FPS=72/72,Prd=20ms,Tear=0,Early=0,Stale=0,Stale2/5/10/max=0/0/0/0,VSnc=1,Lat=-1,Fov=0D,CPU4/GPU=2/2,1382/456MHz,OC=3F,TA=0/0/0,SP=N/N/N,Mem=681MHz,Free=4267MB,PLS=0,Temp=42.0C/0.0C,TW=0.67ms,App=0.26ms,GD=0.00ms,CPU&GPU=1.10ms,LCnt=1(DR73,LM0),GPU%=0.08,CPU%=0.05(W0.10),DSF=1.05,CFL=9.46/14.23,ICFLp95=12.83,LD=0,SF=1.00,LP=0,DVFS=0
2025-01-24 12:51:12.001 22040-22116 VrApi                   com.oculus.sdk.helloxr.vulkan        I  FPS=73/72,Prd=20ms,Tear=0,Early=0,Stale=0,Stale2/5/10/max=0/0/0/0,VSnc=1,Lat=-1,Fov=0D,CPU4/GPU=2/2,1382/456MHz,OC=3F,TA=0/0/0,SP=N/N/N,Mem=547MHz,Free=4267MB,PLS=0,Temp=42.0C/0.0C,TW=0.67ms,App=0.30ms,GD=0.00ms,CPU&GPU=1.06ms,LCnt=1(DR73,LM0),GPU%=0.08,CPU%=0.00(W0.00),DSF=1.05,CFL=9.47/14.50,ICFLp95=12.89,LD=0,SF=1.00,LP=0,DVFS=0
2025-01-24 12:51:13.001 22040-22116 VrApi                   com.oculus.sdk.helloxr.vulkan        I  FPS=73/72,Prd=20ms,Tear=0,Early=0,Stale=0,Stale2/5/10/max=0/0/0/0,VSnc=1,Lat=-1,Fov=0D,CPU4/GPU=2/2,1382/456MHz,OC=3F,TA=0/0/0,SP=N/N/N,Mem=547MHz,Free=4267MB,PLS=0,Temp=42.0C/0.0C,TW=0.66ms,App=0.27ms,GD=0.00ms,CPU&GPU=1.10ms,LCnt=1(DR73,LM0),GPU%=0.08,CPU%=0.03(W0.05),DSF=1.05,CFL=9.45/14.23,ICFLp95=12.89,LD=0,SF=1.00,LP=0,DVFS=0
2025-01-24 12:51:14.001 22040-22116 VrApi                   com.oculus.sdk.helloxr.vulkan        I  FPS=73/72,Prd=20ms,Tear=0,Early=0,Stale=0,Stale2/5/10/max=0/0/0/0,VSnc=1,Lat=-1,Fov=0D,CPU4/GPU=2/2,1382/456MHz,OC=3F,TA=0/0/0,SP=N/N/N,Mem=547MHz,Free=4267MB,PLS=0,Temp=42.0C/0.0C,TW=0.67ms,App=0.28ms,GD=0.00ms,CPU&GPU=1.12ms,LCnt=1(DR73,LM0),GPU%=0.08,CPU%=0.06(W0.10),DSF=1.05,CFL=9.56/14.20,ICFLp95=12.86,LD=0,SF=1.00,LP=0,DVFS=0
2025-01-24 12:51:15.001 22040-22116 VrApi                   com.oculus.sdk.helloxr.vulkan        I  FPS=73/72,Prd=20ms,Tear=0,Early=0,Stale=0,Stale2/5/10/max=0/0/0/0,VSnc=1,Lat=-1,Fov=0D,CPU4/GPU=2/2,1382/456MHz,OC=3F,TA=0/0/0,SP=N/N/N,Mem=547MHz,Free=4267MB,PLS=0,Temp=42.0C/0.0C,TW=0.65ms,App=0.29ms,GD=0.00ms,CPU&GPU=1.09ms,LCnt=1(DR73,LM0),GPU%=0.08,CPU%=0.05(W0.10),DSF=1.05,CFL=9.47/14.44,ICFLp95=12.86,LD=0,SF=1.00,LP=0,DVFS=0
2025-01-24 12:51:16.001 22040-22116 VrApi                   com.oculus.sdk.helloxr.vulkan        I  FPS=73/72,Prd=20ms,Tear=0,Early=0,Stale=0,Stale2/5/10/max=0/0/0/0,VSnc=1,Lat=-1,Fov=0D,CPU4/GPU=2/2,1382/456MHz,OC=3F,TA=0/0/0,SP=N/N/N,Mem=547MHz,Free=4267MB,PLS=0,Temp=42.0C/0.0C,TW=0.67ms,App=0.27ms,GD=0.00ms,CPU&GPU=1.12ms,LCnt=1(DR73,LM0),GPU%=0.08,CPU%=0.03(W0.10),DSF=1.05,CFL=9.48/14.39,ICFLp95=12.87,LD=0,SF=1.00,LP=0,DVFS=0
2025-01-24 12:51:17.008 22040-22116 ClientShar...metryStats com.oculus.sdk.helloxr.vulkan        I  App memory usage: PSS=61 MiB, PrivateDirty=47 MiB, PrivateClean=0 MiB, GPU=24.6/24.6 MiB (100% allocated)
2025-01-24 12:51:17.008 22040-22116 VrApi                   com.oculus.sdk.helloxr.vulkan        I  FPS=73/72,Prd=20ms,Tear=0,Early=0,Stale=0,Stale2/5/10/max=0/0/0/0,VSnc=1,Lat=-1,Fov=0D,CPU4/GPU=2/2,1382/456MHz,OC=3F,TA=0/0/0,SP=N/N/N,Mem=547MHz,Free=4323MB,PLS=0,Temp=42.0C/0.0C,TW=0.63ms,App=0.24ms,GD=0.00ms,CPU&GPU=1.07ms,LCnt=1(DR73,LM0),GPU%=0.08,CPU%=0.19(W0.20),DSF=1.05,CFL=9.49/14.18,ICFLp95=12.85,LD=0,SF=1.00,LP=0,DVFS=0
2025-01-24 12:51:18.001 22040-22116 VrApi                   com.oculus.sdk.helloxr.vulkan        I  FPS=73/72,Prd=20ms,Tear=0,Early=0,Stale=0,Stale2/5/10/max=0/0/0/0,VSnc=1,Lat=-1,Fov=0D,CPU4/GPU=2/2,1382/456MHz,OC=3F,TA=0/0/0,SP=N/N/N,Mem=547MHz,Free=4323MB,PLS=0,Temp=42.0C/0.0C,TW=0.66ms,App=0.28ms,GD=0.00ms,CPU&GPU=1.05ms,LCnt=1(DR72,LM0),GPU%=0.08,CPU%=0.03(W0.05),DSF=1.05,CFL=9.52/14.26,ICFLp95=12.88,LD=0,SF=1.00,LP=0,DVFS=0
2025-01-24 12:51:19.002 22040-22116 VrApi                   com.oculus.sdk.helloxr.vulkan        I  FPS=72/72,Prd=20ms,Tear=0,Early=0,Stale=0,Stale2/5/10/max=0/0/0/0,VSnc=1,Lat=-1,Fov=0D,CPU4/GPU=2/2,1382/456MHz,OC=3F,TA=0/0/0,SP=N/N/N,Mem=1555MHz,Free=4323MB,PLS=0,Temp=42.0C/0.0C,TW=0.65ms,App=0.25ms,GD=0.00ms,CPU&GPU=1.11ms,LCnt=1(DR73,LM0),GPU%=0.08,CPU%=0.15(W0.20),DSF=1.05,CFL=9.45/14.50,ICFLp95=12.88,LD=0,SF=1.00,LP=0,DVFS=0
2025-01-24 12:51:20.002 22040-22116 VrApi                   com.oculus.sdk.helloxr.vulkan        I  FPS=73/72,Prd=20ms,Tear=0,Early=0,Stale=0,Stale2/5/10/max=0/0/0/0,VSnc=1,Lat=-1,Fov=0D,CPU4/GPU=2/2,1382/456MHz,OC=3F,TA=0/0/0,SP=N/N/N,Mem=547MHz,Free=4323MB,PLS=0,Temp=42.0C/0.0C,TW=0.64ms,App=0.26ms,GD=0.00ms,CPU&GPU=1.03ms,LCnt=1(DR73,LM0),GPU%=0.08,CPU%=0.03(W0.05),DSF=1.05,CFL=9.43/14.80,ICFLp95=12.87,LD=0,SF=1.00,LP=0,DVFS=0
2025-01-24 12:51:21.002 22040-22116 VrApi                   com.oculus.sdk.helloxr.vulkan        I  FPS=73/72,Prd=20ms,Tear=0,Early=0,Stale=0,Stale2/5/10/max=0/0/0/0,VSnc=1,Lat=-1,Fov=0D,CPU4/GPU=2/2,2361/456MHz,OC=3F,TA=0/0/0,SP=N/N/N,Mem=2092MHz,Free=4323MB,PLS=0,Temp=42.0C/0.0C,TW=0.65ms,App=0.24ms,GD=0.00ms,CPU&GPU=1.07ms,LCnt=1(DR73,LM0),GPU%=0.08,CPU%=0.17(W0.20),DSF=1.05,CFL=9.49/14.38,ICFLp95=12.86,LD=0,SF=1.00,LP=0,DVFS=0
2025-01-24 12:51:22.002 22040-22116 VrApi                   com.oculus.sdk.helloxr.vulkan        I  FPS=72/72,Prd=20ms,Tear=0,Early=0,Stale=0,Stale2/5/10/max=0/0/0/0,VSnc=1,Lat=-1,Fov=0D,CPU4/GPU=2/2,1382/456MHz,OC=3F,TA=0/0/0,SP=N/N/N,Mem=547MHz,Free=4323MB,PLS=0,Temp=42.0C/0.0C,TW=0.67ms,App=0.26ms,GD=0.00ms,CPU&GPU=1.13ms,LCnt=1(DR72,LM0),GPU%=0.08,CPU%=0.00(W0.00),DSF=1.05,CFL=9.57/14.43,ICFLp95=12.88,LD=0,SF=1.00,LP=0,DVFS=0
2025-01-24 12:51:22.878 22040-22075 AppLoadTim...etryCommon com.oculus.sdk.helloxr.vulkan        I  App load time recorded [packageName=com.oculus.sdk.helloxr.vulkan, time=28.860387, method="BeginFrame (2000)", launchType="Launch", launchId=""]
2025-01-24 12:51:23.002 22040-22116 VrApi                   com.oculus.sdk.helloxr.vulkan        I  FPS=73/72,Prd=20ms,Tear=0,Early=0,Stale=0,Stale2/5/10/max=0/0/0/0,VSnc=1,Lat=-1,Fov=0D,CPU4/GPU=2/2,2361/456MHz,OC=3F,TA=0/0/0,SP=N/N/N,Mem=1708MHz,Free=4323MB,PLS=0,Temp=42.0C/0.0C,TW=0.67ms,App=0.27ms,GD=0.00ms,CPU&GPU=1.12ms,LCnt=1(DR73,LM0),GPU%=0.08,CPU%=0.11(W0.14),DSF=1.05,CFL=9.52/14.45,ICFLp95=12.92,LD=0,SF=1.00,LP=0,DVFS=0
2025-01-24 12:51:24.002 22040-22116 VrApi                   com.oculus.sdk.helloxr.vulkan        I  FPS=73/72,Prd=20ms,Tear=0,Early=0,Stale=0,Stale2/5/10/max=0/0/0/0,VSnc=1,Lat=-1,Fov=0D,CPU4/GPU=2/2,1382/456MHz,OC=3F,TA=0/0/0,SP=N/N/N,Mem=1555MHz,Free=4323MB,PLS=0,Temp=42.0C/0.0C,TW=0.56ms,App=0.24ms,GD=0.00ms,CPU&GPU=1.02ms,LCnt=1(DR73,LM0),GPU%=0.08,CPU%=0.09(W0.14),DSF=1.05,CFL=9.57/14.40,ICFLp95=12.97,LD=0,SF=1.00,LP=0,DVFS=0
2025-01-24 12:51:25.002 22040-22116 VrApi                   com.oculus.sdk.helloxr.vulkan        I  FPS=72/72,Prd=20ms,Tear=0,Early=0,Stale=0,Stale2/5/10/max=0/0/0/0,VSnc=1,Lat=-1,Fov=0D,CPU4/GPU=2/2,1382/456MHz,OC=3F,TA=0/0/0,SP=N/N/N,Mem=1555MHz,Free=4323MB,PLS=0,Temp=42.0C/0.0C,TW=0.66ms,App=0.24ms,GD=0.00ms,CPU&GPU=1.13ms,LCnt=1(DR72,LM0),GPU%=0.08,CPU%=0.23(W0.23),DSF=1.05,CFL=9.58/14.55,ICFLp95=12.95,LD=0,SF=1.00,LP=0,DVFS=0
2025-01-24 12:51:26.002 22040-22116 VrApi                   com.oculus.sdk.helloxr.vulkan        I  FPS=73/72,Prd=20ms,Tear=0,Early=0,Stale=0,Stale2/5/10/max=0/0/0/0,VSnc=1,Lat=-1,Fov=0D,CPU4/GPU=2/2,1382/456MHz,OC=3F,TA=0/0/0,SP=N/N/N,Mem=681MHz,Free=4323MB,PLS=0,Temp=42.0C/0.0C,TW=0.67ms,App=0.28ms,GD=0.00ms,CPU&GPU=1.14ms,LCnt=1(DR72,LM0),GPU%=0.08,CPU%=0.05(W0.05),DSF=1.05,CFL=9.47/14.43,ICFLp95=12.92,LD=0,SF=1.00,LP=0,DVFS=0
2025-01-24 12:51:27.002 22040-22116 VrApi                   com.oculus.sdk.helloxr.vulkan        I  FPS=73/72,Prd=20ms,Tear=0,Early=0,Stale=0,Stale2/5/10/max=0/0/0/0,VSnc=1,Lat=-1,Fov=0D,CPU4/GPU=2/2,1382/456MHz,OC=3F,TA=0/0/0,SP=N/N/N,Mem=768MHz,Free=4323MB,PLS=0,Temp=42.0C/0.0C,TW=0.67ms,App=0.30ms,GD=0.00ms,CPU&GPU=1.12ms,LCnt=1(DR73,LM0),GPU%=0.08,CPU%=0.05(W0.10),DSF=1.05,CFL=9.47/14.47,ICFLp95=12.82,LD=0,SF=1.00,LP=0,DVFS=0
2025-01-24 12:51:28.002 22040-22116 VrApi                   com.oculus.sdk.helloxr.vulkan        I  FPS=73/72,Prd=20ms,Tear=0,Early=0,Stale=0,Stale2/5/10/max=0/0/0/0,VSnc=1,Lat=-1,Fov=0D,CPU4/GPU=2/2,1382/456MHz,OC=3F,TA=0/0/0,SP=N/N/N,Mem=681MHz,Free=4323MB,PLS=0,Temp=42.0C/0.0C,TW=0.67ms,App=0.27ms,GD=0.00ms,CPU&GPU=1.09ms,LCnt=1(DR72,LM0),GPU%=0.08,CPU%=0.03(W0.05),DSF=1.05,CFL=9.43/14.40,ICFLp95=12.85,LD=0,SF=1.00,LP=0,DVFS=0
2025-01-24 12:51:29.002 22040-22116 VrApi                   com.oculus.sdk.helloxr.vulkan        I  FPS=72/72,Prd=20ms,Tear=0,Early=0,Stale=0,Stale2/5/10/max=0/0/0/0,VSnc=1,Lat=-1,Fov=0D,CPU4/GPU=2/2,1382/456MHz,OC=3F,TA=0/0/0,SP=N/N/N,Mem=547MHz,Free=4323MB,PLS=0,Temp=42.0C/0.0C,TW=0.67ms,App=0.28ms,GD=0.00ms,CPU&GPU=1.09ms,LCnt=1(DR72,LM0),GPU%=0.08,CPU%=0.05(W0.09),DSF=1.05,CFL=9.43/14.40,ICFLp95=12.85,LD=0,SF=1.00,LP=0,DVFS=0
2025-01-24 12:51:30.002 22040-22116 VrApi                   com.oculus.sdk.helloxr.vulkan        I  FPS=72/72,Prd=20ms,Tear=0,Early=0,Stale=0,Stale2/5/10/max=0/0/0/0,VSnc=1,Lat=-1,Fov=0D,CPU4/GPU=2/2,1382/456MHz,OC=3F,TA=0/0/0,SP=N/N/N,Mem=768MHz,Free=4323MB,PLS=0,Temp=42.0C/0.0C,TW=0.67ms,App=0.26ms,GD=0.00ms,CPU&GPU=1.14ms,LCnt=1(DR73,LM0),GPU%=0.08,CPU%=0.03(W0.05),DSF=1.05,CFL=9.43/14.18,ICFLp95=12.81,LD=0,SF=1.00,LP=0,DVFS=0
2025-01-24 12:51:31.002 22040-22116 VrApi                   com.oculus.sdk.helloxr.vulkan        I  FPS=73/72,Prd=20ms,Tear=0,Early=0,Stale=0,Stale2/5/10/max=0/0/0/0,VSnc=1,Lat=-1,Fov=0D,CPU4/GPU=2/2,1382/456MHz,OC=3F,TA=0/0/0,SP=N/N/N,Mem=768MHz,Free=4323MB,PLS=0,Temp=42.0C/0.0C,TW=0.67ms,App=0.28ms,GD=0.00ms,CPU&GPU=1.10ms,LCnt=1(DR73,LM0),GPU%=0.08,CPU%=0.02(W0.05),DSF=1.05,CFL=9.39/14.11,ICFLp95=12.77,LD=0,SF=1.00,LP=0,DVFS=0
2025-01-24 12:51:32.002 22040-22116 VrApi                   com.oculus.sdk.helloxr.vulkan        I  FPS=73/72,Prd=20ms,Tear=0,Early=0,Stale=0,Stale2/5/10/max=0/0/0/0,VSnc=1,Lat=-1,Fov=0D,CPU4/GPU=2/2,1382/456MHz,OC=3F,TA=0/0/0,SP=N/N/N,Mem=768MHz,Free=4323MB,PLS=0,Temp=42.0C/0.0C,TW=0.65ms,App=0.27ms,GD=0.00ms,CPU&GPU=1.10ms,LCnt=1(DR72,LM0),GPU%=0.08,CPU%=0.07(W0.10),DSF=1.05,CFL=9.39/14.41,ICFLp95=12.80,LD=0,SF=1.00,LP=0,DVFS=0
2025-01-24 12:51:33.002 22040-22116 VrApi                   com.oculus.sdk.helloxr.vulkan        I  FPS=73/72,Prd=20ms,Tear=0,Early=0,Stale=0,Stale2/5/10/max=0/0/0/0,VSnc=1,Lat=-1,Fov=0D,CPU4/GPU=2/2,1382/456MHz,OC=3F,TA=0/0/0,SP=N/N/N,Mem=547MHz,Free=4323MB,PLS=0,Temp=42.0C/0.0C,TW=0.67ms,App=0.28ms,GD=0.00ms,CPU&GPU=1.10ms,LCnt=1(DR73,LM0),GPU%=0.08,CPU%=0.05(W0.09),DSF=1.05,CFL=9.43/14.17,ICFLp95=12.77,LD=0,SF=1.00,LP=0,DVFS=0
2025-01-24 12:51:34.003 22040-22116 VrApi                   com.oculus.sdk.helloxr.vulkan        I  FPS=73/72,Prd=20ms,Tear=0,Early=0,Stale=0,Stale2/5/10/max=0/0/0/0,VSnc=1,Lat=-1,Fov=0D,CPU4/GPU=2/2,1382/456MHz,OC=3F,TA=0/0/0,SP=N/N/N,Mem=547MHz,Free=4323MB,PLS=0,Temp=43.0C/0.0C,TW=0.64ms,App=0.25ms,GD=0.00ms,CPU&GPU=1.05ms,LCnt=1(DR73,LM0),GPU%=0.08,CPU%=0.05(W0.10),DSF=1.05,CFL=9.39/14.29,ICFLp95=12.84,LD=0,SF=1.00,LP=0,DVFS=0
2025-01-24 12:51:35.003 22040-22116 VrApi                   com.oculus.sdk.helloxr.vulkan        I  FPS=73/72,Prd=20ms,Tear=0,Early=0,Stale=0,Stale2/5/10/max=0/0/0/0,VSnc=1,Lat=-1,Fov=0D,CPU4/GPU=2/2,1382/456MHz,OC=3F,TA=0/0/0,SP=N/N/N,Mem=547MHz,Free=4323MB,PLS=0,Temp=43.0C/0.0C,TW=0.67ms,App=0.27ms,GD=0.00ms,CPU&GPU=1.13ms,LCnt=1(DR73,LM0),GPU%=0.08,CPU%=0.03(W0.05),DSF=1.05,CFL=9.42/14.22,ICFLp95=12.81,LD=0,SF=1.00,LP=0,DVFS=0
2025-01-24 12:51:36.003 22040-22116 VrApi                   com.oculus.sdk.helloxr.vulkan        I  FPS=73/72,Prd=20ms,Tear=0,Early=0,Stale=0,Stale2/5/10/max=0/0/0/0,VSnc=1,Lat=-1,Fov=0D,CPU4/GPU=2/2,1382/456MHz,OC=3F,TA=0/0/0,SP=N/N/N,Mem=547MHz,Free=4323MB,PLS=0,Temp=43.0C/0.0C,TW=0.67ms,App=0.29ms,GD=0.00ms,CPU&GPU=1.10ms,LCnt=1(DR72,LM0),GPU%=0.08,CPU%=0.06(W0.13),DSF=1.05,CFL=9.41/14.45,ICFLp95=12.83,LD=0,SF=1.00,LP=0,DVFS=0
2025-01-24 12:51:37.009 22040-22116 ClientShar...metryStats com.oculus.sdk.helloxr.vulkan        I  App memory usage: PSS=61 MiB, PrivateDirty=47 MiB, PrivateClean=0 MiB, GPU=24.6/24.6 MiB (100% allocated)
2025-01-24 12:51:37.009 22040-22116 VrApi                   com.oculus.sdk.helloxr.vulkan        I  FPS=73/72,Prd=20ms,Tear=0,Early=0,Stale=0,Stale2/5/10/max=0/0/0/0,VSnc=1,Lat=-1,Fov=0D,CPU4/GPU=2/2,1382/456MHz,OC=3F,TA=0/0/0,SP=N/N/N,Mem=547MHz,Free=4318MB,PLS=0,Temp=43.0C/0.0C,TW=0.67ms,App=0.29ms,GD=0.00ms,CPU&GPU=1.10ms,LCnt=1(DR72,LM0),GPU%=0.08,CPU%=0.05(W0.09),DSF=1.05,CFL=9.40/14.34,ICFLp95=12.82,LD=0,SF=1.00,LP=0,DVFS=0
2025-01-24 12:51:38.003 22040-22116 VrApi                   com.oculus.sdk.helloxr.vulkan        I  FPS=73/72,Prd=20ms,Tear=0,Early=0,Stale=0,Stale2/5/10/max=0/0/0/0,VSnc=1,Lat=-1,Fov=0D,CPU4/GPU=2/2,1382/456MHz,OC=3F,TA=0/0/0,SP=N/N/N,Mem=768MHz,Free=4318MB,PLS=0,Temp=43.0C/0.0C,TW=0.67ms,App=0.31ms,GD=0.00ms,CPU&GPU=1.12ms,LCnt=1(DR73,LM0),GPU%=0.08,CPU%=0.02(W0.05),DSF=1.05,CFL=9.40/14.28,ICFLp95=12.78,LD=0,SF=1.00,LP=0,DVFS=0
2025-01-24 12:51:39.003 22040-22116 VrApi                   com.oculus.sdk.helloxr.vulkan        I  FPS=73/72,Prd=20ms,Tear=0,Early=0,Stale=0,Stale2/5/10/max=0/0/0/0,VSnc=1,Lat=-1,Fov=0D,CPU4/GPU=2/2,1382/456MHz,OC=3F,TA=0/0/0,SP=N/N/N,Mem=681MHz,Free=4318MB,PLS=0,Temp=43.0C/0.0C,TW=0.67ms,App=0.28ms,GD=0.00ms,CPU&GPU=1.12ms,LCnt=1(DR73,LM0),GPU%=0.08,CPU%=0.05(W0.09),DSF=1.05,CFL=9.42/14.62,ICFLp95=12.85,LD=0,SF=1.00,LP=0,DVFS=0
2025-01-24 12:51:40.003 22040-22116 VrApi                   com.oculus.sdk.helloxr.vulkan        I  FPS=73/72,Prd=20ms,Tear=0,Early=0,Stale=0,Stale2/5/10/max=0/0/0/0,VSnc=1,Lat=-1,Fov=0D,CPU4/GPU=2/2,1382/456MHz,OC=3F,TA=0/0/0,SP=N/N/N,Mem=681MHz,Free=4318MB,PLS=0,Temp=43.0C/0.0C,TW=0.67ms,App=0.28ms,GD=0.00ms,CPU&GPU=1.16ms,LCnt=1(DR72,LM0),GPU%=0.08,CPU%=0.02(W0.05),DSF=1.05,CFL=9.41/14.43,ICFLp95=12.84,LD=0,SF=1.00,LP=0,DVFS=0
2025-01-24 12:51:41.003 22040-22116 VrApi                   com.oculus.sdk.helloxr.vulkan        I  FPS=72/72,Prd=20ms,Tear=0,Early=0,Stale=0,Stale2/5/10/max=0/0/0/0,VSnc=1,Lat=-1,Fov=0D,CPU4/GPU=2/2,1382/456MHz,OC=3F,TA=0/0/0,SP=N/N/N,Mem=547MHz,Free=4318MB,PLS=0,Temp=43.0C/0.0C,TW=0.67ms,App=0.27ms,GD=0.00ms,CPU&GPU=1.10ms,LCnt=1(DR73,LM0),GPU%=0.08,CPU%=0.05(W0.09),DSF=1.05,CFL=9.40/14.14,ICFLp95=12.77,LD=0,SF=1.00,LP=0,DVFS=0
2025-01-24 12:51:42.003 22040-22116 VrApi                   com.oculus.sdk.helloxr.vulkan        I  FPS=72/72,Prd=20ms,Tear=0,Early=0,Stale=0,Stale2/5/10/max=0/0/0/0,VSnc=1,Lat=-1,Fov=0D,CPU4/GPU=2/2,1382/456MHz,OC=3F,TA=0/0/0,SP=N/N/N,Mem=547MHz,Free=4318MB,PLS=0,Temp=43.0C/0.0C,TW=0.67ms,App=0.29ms,GD=0.00ms,CPU&GPU=1.12ms,LCnt=1(DR73,LM0),GPU%=0.08,CPU%=0.02(W0.05),DSF=1.05,CFL=9.35/14.35,ICFLp95=12.78,LD=0,SF=1.00,LP=0,DVFS=0
2025-01-24 12:51:43.003 22040-22116 VrApi                   com.oculus.sdk.helloxr.vulkan        I  FPS=73/72,Prd=20ms,Tear=0,Early=0,Stale=0,Stale2/5/10/max=0/0/0/0,VSnc=1,Lat=-1,Fov=0D,CPU4/GPU=2/2,1382/456MHz,OC=3F,TA=0/0/0,SP=N/N/N,Mem=547MHz,Free=4318MB,PLS=0,Temp=43.0C/0.0C,TW=0.57ms,App=0.22ms,GD=0.00ms,CPU&GPU=1.10ms,LCnt=1(DR73,LM0),GPU%=0.07,CPU%=0.68(W0.68),DSF=1.05,CFL=9.38/14.44,ICFLp95=12.81,LD=0,SF=1.00,LP=0,DVFS=0
2025-01-24 12:51:44.003 22040-22116 VrApi                   com.oculus.sdk.helloxr.vulkan        I  FPS=73/72,Prd=20ms,Tear=0,Early=0,Stale=0,Stale2/5/10/max=0/0/0/0,VSnc=1,Lat=-1,Fov=0D,CPU4/GPU=2/2,1382/456MHz,OC=3F,TA=0/0/0,SP=N/N/N,Mem=547MHz,Free=4318MB,PLS=0,Temp=43.0C/0.0C,TW=0.73ms,App=0.34ms,GD=0.00ms,CPU&GPU=1.05ms,LCnt=1(DR73,LM0),GPU%=0.09,CPU%=0.05(W0.10),DSF=1.05,CFL=9.40/24.79,ICFLp95=14.97,LD=0,SF=1.00,LP=0,DVFS=0
2025-01-24 12:51:45.003 22040-22116 VrApi                   com.oculus.sdk.helloxr.vulkan        I  FPS=72/72,Prd=20ms,Tear=0,Early=0,Stale=0,Stale2/5/10/max=0/0/0/0,VSnc=1,Lat=-1,Fov=0D,CPU4/GPU=2/2,1382/456MHz,OC=3F,TA=0/0/0,SP=N/N/N,Mem=1555MHz,Free=4318MB,PLS=0,Temp=43.0C/0.0C,TW=0.73ms,App=0.24ms,GD=0.00ms,CPU&GPU=1.16ms,LCnt=1(DR73,LM0),GPU%=0.08,CPU%=0.05(W0.10),DSF=1.05,CFL=9.42/14.22,ICFLp95=12.85,LD=0,SF=1.00,LP=0,DVFS=0
2025-01-24 12:51:46.003 22040-22116 VrApi                   com.oculus.sdk.helloxr.vulkan        I  FPS=73/72,Prd=20ms,Tear=0,Early=0,Stale=0,Stale2/5/10/max=0/0/0/0,VSnc=1,Lat=-1,Fov=0D,CPU4/GPU=2/2,1382/456MHz,OC=3F,TA=0/0/0,SP=N/N/N,Mem=547MHz,Free=4318MB,PLS=0,Temp=43.0C/0.0C,TW=0.66ms,App=0.28ms,GD=0.00ms,CPU&GPU=1.05ms,LCnt=1(DR73,LM0),GPU%=0.08,CPU%=0.02(W0.05),DSF=1.05,CFL=9.49/14.38,ICFLp95=12.93,LD=0,SF=1.00,LP=0,DVFS=0
2025-01-24 12:51:47.003 22040-22116 VrApi                   com.oculus.sdk.helloxr.vulkan        I  FPS=72/72,Prd=20ms,Tear=0,Early=0,Stale=0,Stale2/5/10/max=0/0/0/0,VSnc=1,Lat=-1,Fov=0D,CPU4/GPU=2/2,1382/456MHz,OC=3F,TA=0/0/0,SP=N/N/N,Mem=1555MHz,Free=4318MB,PLS=0,Temp=43.0C/0.0C,TW=0.67ms,App=0.27ms,GD=0.00ms,CPU&GPU=1.10ms,LCnt=1(DR72,LM0),GPU%=0.08,CPU%=0.03(W0.05),DSF=1.05,CFL=9.61/14.29,ICFLp95=13.01,LD=0,SF=1.00,LP=0,DVFS=0
2025-01-24 12:51:48.004 22040-22116 VrApi                   com.oculus.sdk.helloxr.vulkan        I  FPS=73/72,Prd=20ms,Tear=0,Early=0,Stale=0,Stale2/5/10/max=0/0/0/0,VSnc=1,Lat=-1,Fov=0D,CPU4/GPU=2/2,1382/456MHz,OC=3F,TA=0/0/0,SP=N/N/N,Mem=547MHz,Free=4318MB,PLS=0,Temp=43.0C/0.0C,TW=0.66ms,App=0.28ms,GD=0.00ms,CPU&GPU=1.13ms,LCnt=1(DR72,LM0),GPU%=0.08,CPU%=0.02(W0.05),DSF=1.05,CFL=9.47/14.52,ICFLp95=12.86,LD=0,SF=1.00,LP=0,DVFS=0
2025-01-24 12:51:49.004 22040-22116 VrApi                   com.oculus.sdk.helloxr.vulkan        I  FPS=72/72,Prd=20ms,Tear=0,Early=0,Stale=0,Stale2/5/10/max=0/0/0/0,VSnc=1,Lat=-1,Fov=0D,CPU4/GPU=2/2,1382/456MHz,OC=3F,TA=0/0/0,SP=N/N/N,Mem=547MHz,Free=4318MB,PLS=0,Temp=43.0C/0.0C,TW=0.65ms,App=0.26ms,GD=0.00ms,CPU&GPU=1.12ms,LCnt=1(DR72,LM0),GPU%=0.08,CPU%=0.05(W0.05),DSF=1.05,CFL=9.46/14.18,ICFLp95=12.80,LD=0,SF=1.00,LP=0,DVFS=0
2025-01-24 12:51:50.004 22040-22116 VrApi                   com.oculus.sdk.helloxr.vulkan        I  FPS=73/72,Prd=20ms,Tear=0,Early=0,Stale=0,Stale2/5/10/max=0/0/0/0,VSnc=1,Lat=-1,Fov=0D,CPU4/GPU=2/2,1382/456MHz,OC=3F,TA=0/0/0,SP=N/N/N,Mem=547MHz,Free=4318MB,PLS=0,Temp=43.0C/0.0C,TW=0.65ms,App=0.27ms,GD=0.00ms,CPU&GPU=1.10ms,LCnt=1(DR73,LM0),GPU%=0.08,CPU%=0.06(W0.09),DSF=1.05,CFL=9.39/14.12,ICFLp95=12.74,LD=0,SF=1.00,LP=0,DVFS=0
2025-01-24 12:51:51.004 22040-22116 VrApi                   com.oculus.sdk.helloxr.vulkan        I  FPS=73/72,Prd=20ms,Tear=0,Early=0,Stale=0,Stale2/5/10/max=0/0/0/0,VSnc=1,Lat=-1,Fov=0D,CPU4/GPU=2/2,1382/456MHz,OC=3F,TA=0/0/0,SP=N/N/N,Mem=1555MHz,Free=4318MB,PLS=0,Temp=43.0C/0.0C,TW=0.67ms,App=0.28ms,GD=0.00ms,CPU&GPU=1.10ms,LCnt=1(DR73,LM0),GPU%=0.08,CPU%=0.06(W0.09),DSF=1.05,CFL=9.36/14.14,ICFLp95=12.73,LD=0,SF=1.00,LP=0,DVFS=0
2025-01-24 12:51:52.004 22040-22116 VrApi                   com.oculus.sdk.helloxr.vulkan        I  FPS=73/72,Prd=20ms,Tear=0,Early=0,Stale=0,Stale2/5/10/max=0/0/0/0,VSnc=1,Lat=-1,Fov=0D,CPU4/GPU=2/2,1382/456MHz,OC=3F,TA=0/0/0,SP=N/N/N,Mem=547MHz,Free=4318MB,PLS=0,Temp=43.0C/0.0C,TW=0.64ms,App=0.26ms,GD=0.00ms,CPU&GPU=1.16ms,LCnt=1(DR73,LM0),GPU%=0.08,CPU%=0.24(W0.27),DSF=1.05,CFL=9.41/14.28,ICFLp95=12.77,LD=0,SF=1.00,LP=0,DVFS=0
2025-01-24 12:51:53.004 22040-22116 VrApi                   com.oculus.sdk.helloxr.vulkan        I  FPS=72/72,Prd=20ms,Tear=0,Early=0,Stale=0,Stale2/5/10/max=0/0/0/0,VSnc=1,Lat=-1,Fov=0D,CPU4/GPU=2/2,1382/456MHz,OC=3F,TA=0/0/0,SP=N/N/N,Mem=547MHz,Free=4318MB,PLS=0,Temp=43.0C/0.0C,TW=0.67ms,App=0.28ms,GD=0.00ms,CPU&GPU=1.11ms,LCnt=1(DR73,LM0),GPU%=0.08,CPU%=0.05(W0.05),DSF=1.05,CFL=9.38/14.16,ICFLp95=12.73,LD=0,SF=1.00,LP=0,DVFS=0
2025-01-24 12:51:54.004 22040-22116 VrApi                   com.oculus.sdk.helloxr.vulkan        I  FPS=73/72,Prd=20ms,Tear=0,Early=0,Stale=0,Stale2/5/10/max=0/0/0/0,VSnc=1,Lat=-1,Fov=0D,CPU4/GPU=2/2,1382/456MHz,OC=3F,TA=0/0/0,SP=N/N/N,Mem=547MHz,Free=4318MB,PLS=0,Temp=43.0C/0.0C,TW=0.64ms,App=0.25ms,GD=0.00ms,CPU&GPU=1.14ms,LCnt=1(DR73,LM0),GPU%=0.08,CPU%=0.18(W0.24),DSF=1.05,CFL=9.35/14.32,ICFLp95=12.75,LD=0,SF=1.00,LP=0,DVFS=0
2025-01-24 12:51:55.004 22040-22116 VrApi                   com.oculus.sdk.helloxr.vulkan        I  FPS=73/72,Prd=20ms,Tear=0,Early=0,Stale=0,Stale2/5/10/max=0/0/0/0,VSnc=1,Lat=-1,Fov=0D,CPU4/GPU=2/2,1382/456MHz,OC=3F,TA=0/0/0,SP=N/N/N,Mem=547MHz,Free=4318MB,PLS=0,Temp=43.0C/0.0C,TW=0.67ms,App=0.27ms,GD=0.00ms,CPU&GPU=1.08ms,LCnt=1(DR73,LM0),GPU%=0.08,CPU%=0.02(W0.05),DSF=1.05,CFL=9.44/14.30,ICFLp95=12.77,LD=0,SF=1.00,LP=0,DVFS=0
2025-01-24 12:51:56.004 22040-22116 VrApi                   com.oculus.sdk.helloxr.vulkan        I  FPS=73/72,Prd=20ms,Tear=0,Early=0,Stale=0,Stale2/5/10/max=0/0/0/0,VSnc=1,Lat=-1,Fov=0D,CPU4/GPU=2/2,1382/456MHz,OC=3F,TA=0/0/0,SP=N/N/N,Mem=547MHz,Free=4318MB,PLS=0,Temp=43.0C/0.0C,TW=0.65ms,App=0.27ms,GD=0.00ms,CPU&GPU=1.13ms,LCnt=1(DR73,LM0),GPU%=0.08,CPU%=0.13(W0.18),DSF=1.05,CFL=9.37/14.08,ICFLp95=12.72,LD=0,SF=1.00,LP=0,DVFS=0
2025-01-24 12:51:57.012 22040-22116 ClientShar...metryStats com.oculus.sdk.helloxr.vulkan        I  App memory usage: PSS=61 MiB, PrivateDirty=47 MiB, PrivateClean=0 MiB, GPU=24.6/24.6 MiB (100% allocated)
2025-01-24 12:51:57.012 22040-22116 VrApi                   com.oculus.sdk.helloxr.vulkan        I  FPS=73/72,Prd=20ms,Tear=0,Early=0,Stale=0,Stale2/5/10/max=0/0/0/0,VSnc=1,Lat=-1,Fov=0D,CPU4/GPU=2/2,1382/456MHz,OC=3F,TA=0/0/0,SP=N/N/N,Mem=1555MHz,Free=4322MB,PLS=0,Temp=43.0C/0.0C,TW=0.67ms,App=0.27ms,GD=0.00ms,CPU&GPU=1.15ms,LCnt=1(DR73,LM0),GPU%=0.08,CPU%=0.02(W0.05),DSF=1.05,CFL=9.42/14.41,ICFLp95=12.78,LD=0,SF=1.00,LP=0,DVFS=0
2025-01-24 12:51:58.004 22040-22116 VrApi                   com.oculus.sdk.helloxr.vulkan        I  FPS=72/72,Prd=20ms,Tear=0,Early=0,Stale=0,Stale2/5/10/max=0/0/0/0,VSnc=1,Lat=-1,Fov=0D,CPU4/GPU=2/2,1382/456MHz,OC=3F,TA=0/0/0,SP=N/N/N,Mem=547MHz,Free=4322MB,PLS=0,Temp=43.0C/0.0C,TW=0.65ms,App=0.26ms,GD=0.00ms,CPU&GPU=1.12ms,LCnt=1(DR73,LM0),GPU%=0.08,CPU%=0.22(W0.29),DSF=1.05,CFL=9.46/14.17,ICFLp95=12.78,LD=0,SF=1.00,LP=0,DVFS=0
2025-01-24 12:51:59.004 22040-22116 VrApi                   com.oculus.sdk.helloxr.vulkan        I  FPS=73/72,Prd=20ms,Tear=0,Early=0,Stale=0,Stale2/5/10/max=0/0/0/0,VSnc=1,Lat=-1,Fov=0D,CPU4/GPU=2/2,1382/456MHz,OC=3F,TA=0/0/0,SP=N/N/N,Mem=768MHz,Free=4322MB,PLS=0,Temp=43.0C/0.0C,TW=0.67ms,App=0.28ms,GD=0.00ms,CPU&GPU=1.15ms,LCnt=1(DR72,LM0),GPU%=0.08,CPU%=0.03(W0.05),DSF=1.05,CFL=9.41/14.30,ICFLp95=12.79,LD=0,SF=1.00,LP=0,DVFS=0
2025-01-24 12:52:00.004 22040-22116 VrApi                   com.oculus.sdk.helloxr.vulkan        I  FPS=73/72,Prd=20ms,Tear=0,Early=0,Stale=0,Stale2/5/10/max=0/0/0/0,VSnc=1,Lat=-1,Fov=0D,CPU4/GPU=2/2,1382/456MHz,OC=3F,TA=0/0/0,SP=N/N/N,Mem=768MHz,Free=4322MB,PLS=0,Temp=43.0C/0.0C,TW=0.67ms,App=0.27ms,GD=0.00ms,CPU&GPU=1.13ms,LCnt=1(DR73,LM0),GPU%=0.08,CPU%=0.26(W0.32),DSF=1.05,CFL=9.41/14.15,ICFLp95=12.74,LD=0,SF=1.00,LP=0,DVFS=0
2025-01-24 12:52:01.004 22040-22116 VrApi                   com.oculus.sdk.helloxr.vulkan        I  FPS=72/72,Prd=20ms,Tear=0,Early=0,Stale=0,Stale2/5/10/max=0/0/0/0,VSnc=1,Lat=-1,Fov=0D,CPU4/GPU=2/2,1382/456MHz,OC=3F,TA=0/0/0,SP=N/N/N,Mem=1555MHz,Free=4322MB,PLS=0,Temp=43.0C/0.0C,TW=0.67ms,App=0.27ms,GD=0.00ms,CPU&GPU=1.11ms,LCnt=1(DR73,LM0),GPU%=0.08,CPU%=0.02(W0.05),DSF=1.05,CFL=9.42/14.09,ICFLp95=12.73,LD=0,SF=1.00,LP=0,DVFS=0
2025-01-24 12:52:02.004 22040-22116 VrApi                   com.oculus.sdk.helloxr.vulkan        I  FPS=73/72,Prd=20ms,Tear=0,Early=0,Stale=0,Stale2/5/10/max=0/0/0/0,VSnc=1,Lat=-1,Fov=0D,CPU4/GPU=2/2,1382/456MHz,OC=3F,TA=0/0/0,SP=N/N/N,Mem=1555MHz,Free=4322MB,PLS=0,Temp=43.0C/0.0C,TW=0.65ms,App=0.28ms,GD=0.00ms,CPU&GPU=1.15ms,LCnt=1(DR72,LM0),GPU%=0.08,CPU%=0.08(W0.10),DSF=1.05,CFL=9.40/14.04,ICFLp95=12.72,LD=0,SF=1.00,LP=0,DVFS=0
2025-01-24 12:52:03.005 22040-22116 VrApi                   com.oculus.sdk.helloxr.vulkan        I  FPS=73/72,Prd=20ms,Tear=0,Early=0,Stale=0,Stale2/5/10/max=0/0/0/0,VSnc=1,Lat=-1,Fov=0D,CPU4/GPU=2/2,1382/456MHz,OC=3F,TA=0/0/0,SP=N/N/N,Mem=768MHz,Free=4322MB,PLS=0,Temp=43.0C/0.0C,TW=0.67ms,App=0.27ms,GD=0.00ms,CPU&GPU=1.13ms,LCnt=1(DR73,LM0),GPU%=0.08,CPU%=0.06(W0.09),DSF=1.05,CFL=9.40/14.07,ICFLp95=12.73,LD=0,SF=1.00,LP=0,DVFS=0
2025-01-24 12:52:03.668 22040-22075 threaded_app            com.oculus.sdk.helloxr.vulkan        V  New input event: type=1
2025-01-24 12:52:03.682 22040-22075 threaded_app            com.oculus.sdk.helloxr.vulkan        V  New input event: type=1
2025-01-24 12:52:03.696 22040-22075 threaded_app            com.oculus.sdk.helloxr.vulkan        V  New input event: type=1
2025-01-24 12:52:03.710 22040-22075 threaded_app            com.oculus.sdk.helloxr.vulkan        V  New input event: type=1
2025-01-24 12:52:04.005 22040-22116 VrApi                   com.oculus.sdk.helloxr.vulkan        I  FPS=73/72,Prd=20ms,Tear=0,Early=0,Stale=0,Stale2/5/10/max=0/0/0/0,VSnc=1,Lat=-1,Fov=0D,CPU4/GPU=2/2,1382/456MHz,OC=3F,TA=0/0/0,SP=N/N/N,Mem=768MHz,Free=4322MB,PLS=0,Temp=43.0C/0.0C,TW=0.65ms,App=0.26ms,GD=0.00ms,CPU&GPU=1.12ms,LCnt=1(DR73,LM0),GPU%=0.08,CPU%=0.02(W0.05),DSF=1.05,CFL=9.37/14.18,ICFLp95=12.74,LD=0,SF=1.00,LP=0,DVFS=0
2025-01-24 12:52:05.005 22040-22116 VrApi                   com.oculus.sdk.helloxr.vulkan        I  FPS=73/72,Prd=20ms,Tear=0,Early=0,Stale=0,Stale2/5/10/max=0/0/0/0,VSnc=1,Lat=-1,Fov=0D,CPU4/GPU=2/2,1382/456MHz,OC=3F,TA=0/0/0,SP=N/N/N,Mem=768MHz,Free=4322MB,PLS=0,Temp=43.0C/0.0C,TW=0.72ms,App=0.59ms,GD=0.00ms,CPU&GPU=1.13ms,LCnt=1(DR73,LM0),GPU%=0.10,CPU%=0.03(W0.05),DSF=1.05,CFL=9.38/14.38,ICFLp95=12.76,LD=0,SF=1.00,LP=0,DVFS=0
2025-01-24 12:52:06.005 22040-22116 VrApi                   com.oculus.sdk.helloxr.vulkan        I  FPS=73/72,Prd=20ms,Tear=0,Early=0,Stale=0,Stale2/5/10/max=0/0/0/0,VSnc=1,Lat=-1,Fov=0D,CPU4/GPU=2/2,1382/456MHz,OC=3F,TA=0/0/0,SP=N/N/N,Mem=1555MHz,Free=4322MB,PLS=0,Temp=43.0C/0.0C,TW=0.72ms,App=0.56ms,GD=0.00ms,CPU&GPU=1.45ms,LCnt=1(DR72,LM0),GPU%=0.11,CPU%=0.00(W0.00),DSF=1.05,CFL=9.42/14.06,ICFLp95=12.74,LD=0,SF=1.00,LP=0,DVFS=0
2025-01-24 12:52:07.005 22040-22116 VrApi                   com.oculus.sdk.helloxr.vulkan        I  FPS=72/72,Prd=20ms,Tear=0,Early=0,Stale=0,Stale2/5/10/max=0/0/0/0,VSnc=1,Lat=-1,Fov=0D,CPU4/GPU=2/2,1382/456MHz,OC=3F,TA=0/0/0,SP=N/N/N,Mem=3196MHz,Free=4322MB,PLS=0,Temp=43.0C/0.0C,TW=0.69ms,App=0.49ms,GD=0.00ms,CPU&GPU=1.32ms,LCnt=1(DR73,LM0),GPU%=0.10,CPU%=0.03(W0.05),DSF=1.05,CFL=9.49/14.14,ICFLp95=12.82,LD=0,SF=1.00,LP=0,DVFS=0
2025-01-24 12:52:08.005 22040-22116 VrApi                   com.oculus.sdk.helloxr.vulkan        I  FPS=73/72,Prd=20ms,Tear=0,Early=0,Stale=0,Stale2/5/10/max=0/0/0/0,VSnc=1,Lat=-1,Fov=0D,CPU4/GPU=2/2,1382/456MHz,OC=3F,TA=0/0/0,SP=N/N/N,Mem=547MHz,Free=4322MB,PLS=0,Temp=43.0C/0.0C,TW=0.68ms,App=0.42ms,GD=0.00ms,CPU&GPU=1.32ms,LCnt=1(DR72,LM0),GPU%=0.10,CPU%=0.03(W0.05),DSF=1.05,CFL=9.57/14.24,ICFLp95=12.88,LD=0,SF=1.00,LP=0,DVFS=0
2025-01-24 12:52:08.724 22040-22075 Deque                   com.oculus.sdk.helloxr.vulkan        I  AddEventToQueue called. eventInfo.type: 52, eventInfo.next: 1
2025-01-24 12:52:08.736 22040-22075 InputDevic...ckedRemote com.oculus.sdk.helloxr.vulkan        I  Fetching controller poses from sensor API
2025-01-24 12:52:08.738 22040-22075 helloxr                 com.oculus.sdk.helloxr.vulkan        V  [12:52:08.738][Info   ] Grab action is bound to 'Right Hand Meta Touch Pro Controller Squeeze Trigger' and 'Left Hand Meta Touch Pro Controller Squeeze Trigger'
2025-01-24 12:52:08.738 22040-22075 helloxr                 com.oculus.sdk.helloxr.vulkan        V  [12:52:08.738][Info   ] Quit action is bound to 'Left Hand Meta Touch Pro Controller Menu Button'
2025-01-24 12:52:08.738 22040-22075 helloxr                 com.oculus.sdk.helloxr.vulkan        V  [12:52:08.738][Info   ] Pose action is bound to 'Right Hand Meta Touch Pro Controller Grip Pose' and 'Left Hand Meta Touch Pro Controller Grip Pose'
2025-01-24 12:52:08.738 22040-22075 helloxr                 com.oculus.sdk.helloxr.vulkan        V  [12:52:08.738][Info   ] Vibrate action is bound to 'Right Hand Meta Touch Pro Controller Input' and 'Left Hand Meta Touch Pro Controller Input'
2025-01-24 12:52:08.946 22040-22115 AppLoadTim...etryCommon com.oculus.sdk.helloxr.vulkan        I  App load time recorded [packageName=com.oculus.sdk.helloxr.vulkan, time=74.928468, method="Input", launchType="Launch", launchId=""]
2025-01-24 12:52:09.005 22040-22116 VrApi                   com.oculus.sdk.helloxr.vulkan        I  FPS=73/72,Prd=20ms,Tear=0,Early=0,Stale=0,Stale2/5/10/max=0/0/0/0,VSnc=1,Lat=-1,Fov=0D,CPU4/GPU=2/2,1382/456MHz,OC=3F,TA=0/0/0,SP=N/N/N,Mem=1555MHz,Free=4322MB,PLS=0,Temp=43.0C/0.0C,TW=0.67ms,App=0.42ms,GD=0.00ms,CPU&GPU=1.35ms,LCnt=1(DR72,LM0),GPU%=0.10,CPU%=0.05(W0.09),DSF=1.05,CFL=9.47/14.12,ICFLp95=12.77,LD=0,SF=1.00,LP=0,DVFS=0
2025-01-24 12:52:10.005 22040-22116 VrApi                   com.oculus.sdk.helloxr.vulkan        I  FPS=72/72,Prd=20ms,Tear=0,Early=0,Stale=0,Stale2/5/10/max=0/0/0/0,VSnc=1,Lat=-1,Fov=0D,CPU4/GPU=2/2,1382/456MHz,OC=3F,TA=0/0/0,SP=N/N/N,Mem=547MHz,Free=4322MB,PLS=0,Temp=43.0C/0.0C,TW=0.69ms,App=0.56ms,GD=0.00ms,CPU&GPU=1.42ms,LCnt=1(DR73,LM0),GPU%=0.10,CPU%=0.02(W0.05),DSF=1.05,CFL=9.48/14.09,ICFLp95=12.82,LD=0,SF=1.00,LP=0,DVFS=0
2025-01-24 12:52:10.099 22040-22075 TREX                    com.oculus.sdk.helloxr.vulkan        E  Interface 'WristbandClientInterface', version 7 was not found. Check debug build for more information.
2025-01-24 12:52:11.005 22040-22116 VrApi                   com.oculus.sdk.helloxr.vulkan        I  FPS=73/72,Prd=20ms,Tear=0,Early=0,Stale=0,Stale2/5/10/max=0/0/0/0,VSnc=1,Lat=-1,Fov=0D,CPU4/GPU=2/2,1382/456MHz,OC=3F,TA=0/0/0,SP=N/N/N,Mem=768MHz,Free=4322MB,PLS=0,Temp=43.0C/0.0C,TW=0.59ms,App=0.59ms,GD=0.00ms,CPU&GPU=1.47ms,LCnt=1(DR73,LM0),GPU%=0.10,CPU%=0.03(W0.05),DSF=1.05,CFL=9.41/14.32,ICFLp95=12.76,LD=0,SF=1.00,LP=0,DVFS=0
2025-01-24 12:52:12.005 22040-22116 VrApi                   com.oculus.sdk.helloxr.vulkan        I  FPS=72/72,Prd=20ms,Tear=0,Early=0,Stale=0,Stale2/5/10/max=0/0/0/0,VSnc=1,Lat=-1,Fov=0D,CPU4/GPU=2/2,1382/456MHz,OC=3F,TA=0/0/0,SP=N/N/N,Mem=1555MHz,Free=4322MB,PLS=0,Temp=43.0C/0.0C,TW=0.70ms,App=0.54ms,GD=0.00ms,CPU&GPU=1.44ms,LCnt=1(DR72,LM0),GPU%=0.11,CPU%=0.05(W0.09),DSF=1.05,CFL=9.41/14.26,ICFLp95=12.79,LD=0,SF=1.00,LP=0,DVFS=0
2025-01-24 12:52:13.005 22040-22116 VrApi                   com.oculus.sdk.helloxr.vulkan        I  FPS=72/72,Prd=20ms,Tear=0,Early=0,Stale=0,Stale2/5/10/max=0/0/0/0,VSnc=1,Lat=-1,Fov=0D,CPU4/GPU=2/2,1382/456MHz,OC=3F,TA=0/0/0,SP=N/N/N,Mem=1555MHz,Free=4322MB,PLS=0,Temp=43.0C/0.0C,TW=0.67ms,App=0.52ms,GD=0.00ms,CPU&GPU=1.50ms,LCnt=1(DR73,LM0),GPU%=0.10,CPU%=0.03(W0.10),DSF=1.05,CFL=9.43/14.37,ICFLp95=12.75,LD=0,SF=1.00,LP=0,DVFS=0
2025-01-24 12:52:14.005 22040-22116 VrApi                   com.oculus.sdk.helloxr.vulkan        I  FPS=73/72,Prd=20ms,Tear=0,Early=0,Stale=0,Stale2/5/10/max=0/0/0/0,VSnc=1,Lat=-1,Fov=0D,CPU4/GPU=2/2,1382/456MHz,OC=3F,TA=0/0/0,SP=N/N/N,Mem=1555MHz,Free=4322MB,PLS=0,Temp=43.0C/0.0C,TW=0.62ms,App=0.48ms,GD=0.00ms,CPU&GPU=1.44ms,LCnt=1(DR73,LM0),GPU%=0.10,CPU%=0.03(W0.05),DSF=1.05,CFL=9.40/14.24,ICFLp95=12.83,LD=0,SF=1.00,LP=0,DVFS=0
2025-01-24 12:52:15.005 22040-22116 VrApi                   com.oculus.sdk.helloxr.vulkan        I  FPS=73/72,Prd=20ms,Tear=0,Early=0,Stale=0,Stale2/5/10/max=0/0/0/0,VSnc=1,Lat=-1,Fov=0D,CPU4/GPU=2/2,1382/456MHz,OC=3F,TA=0/0/0,SP=N/N/N,Mem=1555MHz,Free=4322MB,PLS=0,Temp=43.0C/0.0C,TW=0.69ms,App=0.49ms,GD=0.00ms,CPU&GPU=1.44ms,LCnt=1(DR73,LM0),GPU%=0.10,CPU%=0.00(W0.00),DSF=1.05,CFL=9.43/14.73,ICFLp95=12.86,LD=0,SF=1.00,LP=0,DVFS=0
2025-01-24 12:52:16.005 22040-22116 VrApi                   com.oculus.sdk.helloxr.vulkan        I  FPS=73/72,Prd=20ms,Tear=0,Early=0,Stale=0,Stale2/5/10/max=0/0/0/0,VSnc=1,Lat=-1,Fov=0D,CPU4/GPU=2/2,1382/456MHz,OC=3F,TA=0/0/0,SP=N/N/N,Mem=681MHz,Free=4322MB,PLS=0,Temp=43.0C/0.0C,TW=0.69ms,App=0.53ms,GD=0.00ms,CPU&GPU=1.44ms,LCnt=1(DR73,LM0),GPU%=0.10,CPU%=0.06(W0.10),DSF=1.05,CFL=9.44/14.31,ICFLp95=12.84,LD=0,SF=1.00,LP=0,DVFS=0
2025-01-24 12:52:17.012 22040-22116 ClientShar...metryStats com.oculus.sdk.helloxr.vulkan        I  App memory usage: PSS=61 MiB, PrivateDirty=48 MiB, PrivateClean=0 MiB, GPU=24.8/24.8 MiB (100% allocated)
2025-01-24 12:52:17.012 22040-22116 VrApi                   com.oculus.sdk.helloxr.vulkan        I  FPS=73/72,Prd=20ms,Tear=0,Early=0,Stale=0,Stale2/5/10/max=0/0/0/0,VSnc=1,Lat=-1,Fov=0D,CPU4/GPU=2/2,1382/456MHz,OC=3F,TA=0/0/0,SP=N/N/N,Mem=547MHz,Free=4281MB,PLS=0,Temp=43.0C/0.0C,TW=0.67ms,App=0.50ms,GD=0.00ms,CPU&GPU=1.49ms,LCnt=1(DR73,LM0),GPU%=0.10,CPU%=0.08(W0.10),DSF=1.05,CFL=9.41/14.44,ICFLp95=12.79,LD=0,SF=1.00,LP=0,DVFS=0
2025-01-24 12:52:18.006 22040-22116 VrApi                   com.oculus.sdk.helloxr.vulkan        I  FPS=73/72,Prd=20ms,Tear=0,Early=0,Stale=0,Stale2/5/10/max=0/0/0/0,VSnc=1,Lat=-1,Fov=0D,CPU4/GPU=2/2,1382/456MHz,OC=3F,TA=0/0/0,SP=N/N/N,Mem=1555MHz,Free=4281MB,PLS=0,Temp=43.0C/0.0C,TW=0.66ms,App=0.44ms,GD=0.00ms,CPU&GPU=1.37ms,LCnt=1(DR73,LM0),GPU%=0.09,CPU%=0.09(W0.10),DSF=1.05,CFL=9.55/14.16,ICFLp95=12.83,LD=0,SF=1.00,LP=0,DVFS=0
2025-01-24 12:52:19.006 22040-22116 VrApi                   com.oculus.sdk.helloxr.vulkan        I  FPS=72/72,Prd=20ms,Tear=0,Early=0,Stale=0,Stale2/5/10/max=0/0/0/0,VSnc=1,Lat=-1,Fov=0D,CPU4/GPU=2/2,1382/456MHz,OC=3F,TA=0/0/0,SP=N/N/N,Mem=768MHz,Free=4281MB,PLS=0,Temp=43.0C/0.0C,TW=0.68ms,App=0.51ms,GD=0.00ms,CPU&GPU=1.38ms,LCnt=1(DR72,LM0),GPU%=0.10,CPU%=0.03(W0.10),DSF=1.05,CFL=9.46/14.35,ICFLp95=12.85,LD=0,SF=1.00,LP=0,DVFS=0
2025-01-24 12:52:20.006 22040-22116 VrApi                   com.oculus.sdk.helloxr.vulkan        I  FPS=73/72,Prd=20ms,Tear=0,Early=0,Stale=0,Stale2/5/10/max=0/0/0/0,VSnc=1,Lat=-1,Fov=0D,CPU4/GPU=2/2,1382/456MHz,OC=3F,TA=0/0/0,SP=N/N/N,Mem=1555MHz,Free=4281MB,PLS=0,Temp=43.0C/0.0C,TW=0.68ms,App=0.55ms,GD=0.00ms,CPU&GPU=1.50ms,LCnt=1(DR73,LM0),GPU%=0.10,CPU%=0.06(W0.09),DSF=1.05,CFL=9.41/14.46,ICFLp95=12.82,LD=0,SF=1.00,LP=0,DVFS=0
2025-01-24 12:52:21.006 22040-22116 VrApi                   com.oculus.sdk.helloxr.vulkan        I  FPS=72/72,Prd=20ms,Tear=0,Early=0,Stale=0,Stale2/5/10/max=0/0/0/0,VSnc=1,Lat=-1,Fov=0D,CPU4/GPU=2/2,1382/456MHz,OC=3F,TA=0/0/0,SP=N/N/N,Mem=768MHz,Free=4281MB,PLS=0,Temp=43.0C/0.0C,TW=0.66ms,App=0.43ms,GD=0.00ms,CPU&GPU=1.47ms,LCnt=1(DR73,LM0),GPU%=0.10,CPU%=0.09(W0.17),DSF=1.05,CFL=9.40/14.21,ICFLp95=12.81,LD=0,SF=1.00,LP=0,DVFS=0
2025-01-24 12:52:22.006 22040-22116 VrApi                   com.oculus.sdk.helloxr.vulkan        I  FPS=73/72,Prd=20ms,Tear=0,Early=0,Stale=0,Stale2/5/10/max=0/0/0/0,VSnc=1,Lat=-1,Fov=0D,CPU4/GPU=2/2,1382/456MHz,OC=3F,TA=0/0/0,SP=N/N/N,Mem=547MHz,Free=4281MB,PLS=0,Temp=43.0C/0.0C,TW=0.71ms,App=0.59ms,GD=0.00ms,CPU&GPU=1.41ms,LCnt=1(DR73,LM0),GPU%=0.11,CPU%=0.05(W0.10),DSF=1.05,CFL=9.40/14.14,ICFLp95=12.79,LD=0,SF=1.00,LP=0,DVFS=0
2025-01-24 12:52:22.778 22040-22075 TREX                    com.oculus.sdk.helloxr.vulkan        E  Interface 'WristbandClientInterface', version 7 was not found. Check debug build for more information.
2025-01-24 12:52:23.006 22040-22116 VrApi                   com.oculus.sdk.helloxr.vulkan        I  FPS=73/72,Prd=21ms,Tear=0,Early=0,Stale=0,Stale2/5/10/max=0/0/0/0,VSnc=1,Lat=-1,Fov=0D,CPU4/GPU=2/2,1382/456MHz,OC=3F,TA=0/0/0,SP=N/N/N,Mem=681MHz,Free=4281MB,PLS=0,Temp=43.0C/0.0C,TW=0.67ms,App=0.53ms,GD=0.00ms,CPU&GPU=1.55ms,LCnt=1(DR73,LM0),GPU%=0.11,CPU%=0.24(W0.27),DSF=1.05,CFL=9.41/14.15,ICFLp95=12.79,LD=0,SF=1.00,LP=0,DVFS=0
