2025-02-01 22:56:59.001 13672-13708 OpenXR                  com.oculus.sdk.helloxr.vulkan        I  ------------ xrCreateSession [start] -----------
2025-02-01 22:56:59.001 13672-13708 VrRuntimeClient         com.oculus.sdk.helloxr.vulkan        I  VrRuntimeClient(): 0xb400007e3e81d240
2025-02-01 22:56:59.004 13672-13708 VrRuntimeClient         com.oculus.sdk.helloxr.vulkan        I  s->gRuntimeServiceSDKClient.InitClient
2025-02-01 22:56:59.005 13672-13708 ThreadHelp...UNTIMEIPC] com.oculus.sdk.helloxr.vulkan        I  RuntimeIPC::ThreadHelpers::SetState: threadName: JobPoolWorker, currentState: STATE_STOPPED, newState: STATE_STARTING
2025-02-01 22:56:59.006 13672-13749 ThreadHelp...UNTIMEIPC] com.oculus.sdk.helloxr.vulkan        I  RuntimeIPC::ThreadHelpers::SetState: threadName: JobPoolWorker, currentState: STATE_STARTING, newState: STATE_RUNNING
2025-02-01 22:56:59.006 13672-13708 RuntimeIPC...UNTIMEIPC] com.oculus.sdk.helloxr.vulkan        I  Event buffer size (client): 8192
2025-02-01 22:56:59.006 13672-13708 RuntimeIPC...UNTIMEIPC] com.oculus.sdk.helloxr.vulkan        I  TryToGetIPCResourcesFromServer: RPC_CONNECTOR_CONNECT_TO_SERVER SUCCESS: Client: com.oculus.sdk.helloxr.vulkan:com.oculus.sdk.helloxr.vulkan:13672, Server: com.oculus.systemdriver:com.oculus.vrruntimeservice (RuntimeServiceServer)
2025-02-01 22:56:59.006 13672-13708 RuntimeIPC...UNTIMEIPC] com.oculus.sdk.helloxr.vulkan        I  EnsureServerConnection: SUCCESS. Client: com.oculus.sdk.helloxr.vulkan:com.oculus.sdk.helloxr.vulkan:13672, Server: com.oculus.systemdriver:com.oculus.vrruntimeservice (RuntimeServiceServer)
2025-02-01 22:56:59.006 13672-13708 RuntimeIPC...UNTIMEIPC] com.oculus.sdk.helloxr.vulkan        I  ConnectToServer: SUCCESS: Client: com.oculus.sdk.helloxr.vulkan:com.oculus.sdk.helloxr.vulkan:13672, Server: com.oculus.systemdriver:com.oculus.vrruntimeservice (RuntimeServiceServer)
2025-02-01 22:56:59.006 13672-13749 VrRuntimeClient         com.oculus.sdk.helloxr.vulkan        I  s->gRuntimeServiceSDKClient.Connected: com.oculus.systemdriver:com.oculus.vrruntimeservice
2025-02-01 22:56:59.006 13672-13749 VrRuntimeClient         com.oculus.sdk.helloxr.vulkan        I  RegisterClient RequestDescriptor com.oculus.sdk.helloxr.vulkan:13672 clientType 0 clientFlags 0 clientSessionPlacement 0 clientLaunchId
2025-02-01 22:56:59.010 13672-13749 VrRuntimeClient         com.oculus.sdk.helloxr.vulkan        I  RegisterClient success
2025-02-01 22:56:59.010 13672-13749 VrRuntimeClient         com.oculus.sdk.helloxr.vulkan        I  RuntimeIPC: ServiceConnected: SharedMemoryDebug: publicReadOnly SharedMemorySize=192 (com.oculus.sdk.helloxr.vulkan) sizeof(s->sharedMemoryPublicReadOnly)=216
2025-02-01 22:56:59.010 13672-13749 VrRuntimeClient         com.oculus.sdk.helloxr.vulkan        I  RuntimeIPC: ServiceConnected: SharedMemoryDebug: privateReadWrite SharedMemorySize=115912 (com.oculus.sdk.helloxr.vulkan) sizeof(privateSharedMemorySize)=8
2025-02-01 22:56:59.010 13672-13749 VrRuntimeClient         com.oculus.sdk.helloxr.vulkan        I  nativeRuntimeServiceConnected: SharedMemoryDebug: publicReadOnlyFd=171, privateReadWriteFd=172 (com.oculus.sdk.helloxr.vulkan)
2025-02-01 22:56:59.013 13672-13708 ThreadHelp...UNTIMEIPC] com.oculus.sdk.helloxr.vulkan        I  RuntimeIPC::ThreadHelpers::SetState: threadName: JobPoolWorker, currentState: STATE_STOPPED, newState: STATE_STARTING
2025-02-01 22:56:59.013 13672-13751 ThreadHelp...UNTIMEIPC] com.oculus.sdk.helloxr.vulkan        I  RuntimeIPC::ThreadHelpers::SetState: threadName: JobPoolWorker, currentState: STATE_STARTING, newState: STATE_RUNNING
2025-02-01 22:56:59.013 13672-13708 ThreadHelp...UNTIMEIPC] com.oculus.sdk.helloxr.vulkan        I  RuntimeIPC::ThreadHelpers::SetState: threadName: RIPCNotifThread, currentState: STATE_STOPPED, newState: STATE_STARTING
2025-02-01 22:56:59.013 13672-13752 ThreadHelp...UNTIMEIPC] com.oculus.sdk.helloxr.vulkan        I  RuntimeIPC::ThreadHelpers::SetState: threadName: RIPCNotifThread, currentState: STATE_STARTING, newState: STATE_RUNNING
2025-02-01 22:56:59.013 13672-13708 VrRuntimeClient         com.oculus.sdk.helloxr.vulkan        I  s->gRuntimeServiceSDKClient.InitClient SUCCESS. Version: 5.0, Custom: 1.0
2025-02-01 22:56:59.013 13672-13708 RuntimeIPC...UNTIMEIPC] com.oculus.sdk.helloxr.vulkan        I  GetClientOptions
2025-02-01 22:56:59.013 13672-13708 VrRuntimeClient         com.oculus.sdk.helloxr.vulkan        I  Connected to VrRuntimeService on attempt 0
2025-02-01 22:56:59.013 13672-13708 OpenXR                  com.oculus.sdk.helloxr.vulkan        I  xrCreateSession: Connected to VrRuntimeService after 0.011773s
2025-02-01 22:56:59.014 13672-13708 AdrenoGLES-0            com.oculus.sdk.helloxr.vulkan        I  QUALCOMM build                   : 5c44054b8b, I064dd7d485
                                                                                                    Build Date                       : 09/12/24
                                                                                                    OpenGL ES Shader Compiler Version: E031.47.14.01
                                                                                                    Local Branch                     :
                                                                                                    Remote Branch                    : refs/tags/AU_LINUX_ANDROID_LA.VENDOR.12.3.11.00.00.934.442
                                                                                                    Remote Branch                    : NONE
                                                                                                    Reconstruct Branch               : NOTHING
2025-02-01 22:56:59.014 13672-13708 AdrenoGLES-0            com.oculus.sdk.helloxr.vulkan        I  Build Config                     : S P 12.1.6 AArch64
2025-02-01 22:56:59.014 13672-13708 AdrenoGLES-0            com.oculus.sdk.helloxr.vulkan        I  Driver Path                      : /vendor/lib64/egl/libGLESv2_adreno.so
2025-02-01 22:56:59.014 13672-13708 AdrenoGLES-0            com.oculus.sdk.helloxr.vulkan        I  Driver Version                   : 0797.0
2025-02-01 22:56:59.014 13672-13708 AdrenoGLES-0            com.oculus.sdk.helloxr.vulkan        I  Process Name                     : com.oculus.sdk.helloxr.vulkan
2025-02-01 22:56:59.015 13672-13708 AdrenoGLES-0            com.oculus.sdk.helloxr.vulkan        I  PFP: 0x01511175, ME: 0x00000000
2025-02-01 22:56:59.017 13672-13708 Adreno-AppProfiles      com.oculus.sdk.helloxr.vulkan        W  Could not find QSPM HAL service. Skipping adreno profile processing.
2025-02-01 22:56:59.018 13672-13708 AdrenoUtils             com.oculus.sdk.helloxr.vulkan        I  <ReadGpuID:366>: Reading chip ID through GSL
2025-02-01 22:56:59.022 13672-13708 VrRuntimeClient         com.oculus.sdk.helloxr.vulkan        I  SetPhaseSyncMode 1
2025-02-01 22:56:59.022 13672-13708 VrRuntimeClient         com.oculus.sdk.helloxr.vulkan        I  SetPhaseSyncMode 1
2025-02-01 22:56:59.022 13672-13708 OpenXR                  com.oculus.sdk.helloxr.vulkan        I  PhaseSync Mode: PHASE_SYNC
2025-02-01 22:56:59.022 13672-13708 VrRuntimeClient         com.oculus.sdk.helloxr.vulkan        I  VrRuntimeClient: Init
2025-02-01 22:56:59.022 13672-13708 PTKService              com.oculus.sdk.helloxr.vulkan        I  PTKServiceClient Init
2025-02-01 22:56:59.023 13672-13708 ThreadHelp...UNTIMEIPC] com.oculus.sdk.helloxr.vulkan        I  RuntimeIPC::ThreadHelpers::SetState: threadName: JobPoolWorker, currentState: STATE_STOPPED, newState: STATE_STARTING
2025-02-01 22:56:59.023 13672-13753 ThreadHelp...UNTIMEIPC] com.oculus.sdk.helloxr.vulkan        I  RuntimeIPC::ThreadHelpers::SetState: threadName: JobPoolWorker, currentState: STATE_STARTING, newState: STATE_RUNNING
2025-02-01 22:56:59.024 13672-13708 ClientProc...UNTIMEIPC] com.oculus.sdk.helloxr.vulkan        I  GetProcessConnection: com.oculus.vrshell:com.oculus.vrshell
2025-02-01 22:56:59.025 13672-13708 RuntimeIPC...UNTIMEIPC] com.oculus.sdk.helloxr.vulkan        I  Event buffer size (client): 8192
2025-02-01 22:56:59.025 13672-13708 RuntimeIPC...UNTIMEIPC] com.oculus.sdk.helloxr.vulkan        I  TryToGetIPCResourcesFromServer: RPC_CONNECTOR_CONNECT_TO_SERVER SUCCESS: Client: com.oculus.sdk.helloxr.vulkan:com.oculus.sdk.helloxr.vulkan:13672, Server: com.oculus.vrshell:com.oculus.vrshell (ptkserviceserver)
2025-02-01 22:56:59.025 13672-13708 RuntimeIPC...UNTIMEIPC] com.oculus.sdk.helloxr.vulkan        I  EnsureServerConnection: SUCCESS. Client: com.oculus.sdk.helloxr.vulkan:com.oculus.sdk.helloxr.vulkan:13672, Server: com.oculus.vrshell:com.oculus.vrshell (ptkserviceserver)
2025-02-01 22:56:59.025 13672-13708 RuntimeIPC...UNTIMEIPC] com.oculus.sdk.helloxr.vulkan        I  ConnectToServer: SUCCESS: Client: com.oculus.sdk.helloxr.vulkan:com.oculus.sdk.helloxr.vulkan:13672, Server: com.oculus.vrshell:com.oculus.vrshell (ptkserviceserver)
2025-02-01 22:56:59.027 13672-13708 RuntimeIPC...UNTIMEIPC] com.oculus.sdk.helloxr.vulkan        I  InitServerStateBuffer: SUCCESS. 0, Client: com.oculus.sdk.helloxr.vulkan:com.oculus.sdk.helloxr.vulkan:13672, Server: com.oculus.vrshell:com.oculus.vrshell (ptkserviceserver)
2025-02-01 22:56:59.027 13672-13708 ServerStat...UNTIMEIPC] com.oculus.sdk.helloxr.vulkan        W  IPCService: GetDataBegin: entryIndex < 0 || entryIndex >= numEntries_ || entryIndex >= trustedMaxEntries: 1, 3, 0
2025-02-01 22:56:59.027 13672-13708 ServerStat...UNTIMEIPC] com.oculus.sdk.helloxr.vulkan        W  IPCService: GetDataBegin: entryIndex < 0 || entryIndex >= numEntries_ || entryIndex >= trustedMaxEntries: 2, 3, 0
2025-02-01 22:56:59.027 13672-13708 OVR::Capture            com.oculus.sdk.helloxr.vulkan        V  Failed to open trace_marker ATrace file!
2025-02-01 22:56:59.027 13672-13708 RuntimeIPC...UNTIMEIPC] com.oculus.sdk.helloxr.vulkan        I  InitServerStateBuffer: SUCCESS. 0, Client: com.oculus.sdk.helloxr.vulkan:com.oculus.sdk.helloxr.vulkan:13672, Server: com.oculus.systemdriver:com.oculus.vrruntimeservice (RuntimeServiceServer)
2025-02-01 22:56:59.028 13672-13708 AudioCapture            com.oculus.sdk.helloxr.vulkan        I  AudioCapture::Init
2025-02-01 22:56:59.028 13672-13708 AudioCapture            com.oculus.sdk.helloxr.vulkan        I  AudioCapture::Init -> Initializing audio capture using direct OS Callbacks
2025-02-01 22:56:59.028 13672-13708 AudioCapture            com.oculus.sdk.helloxr.vulkan        I  AudioCapture::Init COMPLETE
2025-02-01 22:56:59.028 13672-13708 Foveation               com.oculus.sdk.helloxr.vulkan        W  Forcing on dynamic foveation
2025-02-01 22:56:59.028 13672-13708 Foveation               com.oculus.sdk.helloxr.vulkan        I  Vulkan foveation tile offset enabled: 0
2025-02-01 22:56:59.028 13672-13708 Foveation               com.oculus.sdk.helloxr.vulkan        I  Vulkan foveation tile turn off enabled: 1
2025-02-01 22:56:59.031 13672-13708 ThreadHelp...UNTIMEIPC] com.oculus.sdk.helloxr.vulkan        I  RuntimeIPC::ThreadHelpers::SetState: threadName: JobPoolWorker, currentState: STATE_STOPPED, newState: STATE_STARTING
2025-02-01 22:56:59.031 13672-13756 ThreadHelp...UNTIMEIPC] com.oculus.sdk.helloxr.vulkan        I  RuntimeIPC::ThreadHelpers::SetState: threadName: JobPoolWorker, currentState: STATE_STARTING, newState: STATE_RUNNING
2025-02-01 22:56:59.031 13672-13708 ClientProc...UNTIMEIPC] com.oculus.sdk.helloxr.vulkan        I  GetProcessConnection: com.oculus.guardian:com.oculus.vrguardianservice
2025-02-01 22:56:59.032 13672-13708 RuntimeIPC...UNTIMEIPC] com.oculus.sdk.helloxr.vulkan        I  Event buffer size (client): 8192
2025-02-01 22:56:59.032 13672-13708 RuntimeIPC...UNTIMEIPC] com.oculus.sdk.helloxr.vulkan        I  TryToGetIPCResourcesFromServer: RPC_CONNECTOR_CONNECT_TO_SERVER SUCCESS: Client: com.oculus.sdk.helloxr.vulkan:com.oculus.sdk.helloxr.vulkan:13672, Server: com.oculus.guardian:com.oculus.vrguardianservice (guardianserver)
2025-02-01 22:56:59.032 13672-13708 RuntimeIPC...UNTIMEIPC] com.oculus.sdk.helloxr.vulkan        I  EnsureServerConnection: SUCCESS. Client: com.oculus.sdk.helloxr.vulkan:com.oculus.sdk.helloxr.vulkan:13672, Server: com.oculus.guardian:com.oculus.vrguardianservice (guardianserver)
2025-02-01 22:56:59.032 13672-13708 RuntimeIPC...UNTIMEIPC] com.oculus.sdk.helloxr.vulkan        I  ConnectToServer: SUCCESS: Client: com.oculus.sdk.helloxr.vulkan:com.oculus.sdk.helloxr.vulkan:13672, Server: com.oculus.guardian:com.oculus.vrguardianservice (guardianserver)
2025-02-01 22:56:59.036 13672-13708 VrGuardianClient        com.oculus.sdk.helloxr.vulkan        I  guardianSDKClient_ connected.
2025-02-01 22:56:59.036 13672-13708 GkCacheQuerierClient    com.oculus.sdk.helloxr.vulkan        W  getGkValue: Query result for 'oculus_xrruntime:horizon_phasesync_disabled' not successful: 4
2025-02-01 22:56:59.036 13672-13708 GkHelper                com.oculus.sdk.helloxr.vulkan        W  GkHelper: query failed, result code = 4
2025-02-01 22:56:59.040 13672-13708 VrRuntimeClient         com.oculus.sdk.helloxr.vulkan        I  Is120HzSupported: 1
2025-02-01 22:56:59.040 13672-13708 FaceEyeTra...entManager com.oculus.sdk.helloxr.vulkan        I  [FaceEyeTrackingManager] Initializing FaceEyeTrackingClientManager...
2025-02-01 22:56:59.045 13672-13708 LogTimer                com.oculus.sdk.helloxr.vulkan        I  CPUTIME: VrRuntimeClient_Init took 22.2845 ms
2025-02-01 22:56:59.045 13672-13708 VulkanLoader            com.oculus.sdk.helloxr.vulkan        I  ovrVulkanLoader::Load
2025-02-01 22:56:59.045 13672-13708 VulkanLoader            com.oculus.sdk.helloxr.vulkan        W  VulkanLoader::LoadDeviceFunctions: Failed to load vkCmdDebugMarkerInsertEXT, likely vkDevice created without xrGetVulkanDeviceExtensionsKHR/vrapi_GetDeviceExtensionsVulkan
2025-02-01 22:56:59.045 13672-13708 VulkanLoader            com.oculus.sdk.helloxr.vulkan        W  VulkanLoader::LoadDeviceFunctions: Failed to load vkCmdSetCullModeEXT, likely vkDevice created without xrGetVulkanDeviceExtensionsKHR/vrapi_GetDeviceExtensionsVulkan
2025-02-01 22:56:59.045 13672-13708 VulkanLoader            com.oculus.sdk.helloxr.vulkan        W  VulkanLoader::LoadDeviceFunctions: Failed to load vkCmdSetDepthCompareOpEXT, likely vkDevice created without xrGetVulkanDeviceExtensionsKHR/vrapi_GetDeviceExtensionsVulkan
2025-02-01 22:56:59.045 13672-13708 VulkanLoader            com.oculus.sdk.helloxr.vulkan        W  VulkanLoader::LoadDeviceFunctions: Failed to load vkCmdSetDepthTestEnableEXT, likely vkDevice created without xrGetVulkanDeviceExtensionsKHR/vrapi_GetDeviceExtensionsVulkan
2025-02-01 22:56:59.045 13672-13708 VulkanLoader            com.oculus.sdk.helloxr.vulkan        W  VulkanLoader::LoadDeviceFunctions: Failed to load vkCmdSetDepthWriteEnableEXT, likely vkDevice created without xrGetVulkanDeviceExtensionsKHR/vrapi_GetDeviceExtensionsVulkan
2025-02-01 22:56:59.045 13672-13708 VulkanLoader            com.oculus.sdk.helloxr.vulkan        W  VulkanLoader::LoadDeviceFunctions: Failed to load vkDebugMarkerSetObjectTagEXT, likely vkDevice created without xrGetVulkanDeviceExtensionsKHR/vrapi_GetDeviceExtensionsVulkan
2025-02-01 22:56:59.045 13672-13708 VulkanLoader            com.oculus.sdk.helloxr.vulkan        W  VulkanLoader::LoadDeviceFunctions: Failed to load vkGetMemoryFdKHR, likely vkDevice created without xrGetVulkanDeviceExtensionsKHR/vrapi_GetDeviceExtensionsVulkan
2025-02-01 22:56:59.045 13672-13708 Foveation               com.oculus.sdk.helloxr.vulkan        I  Vulkan FFR is supported, with density map size 32x32
2025-02-01 22:56:59.045 13672-13708 Distortion              com.oculus.sdk.helloxr.vulkan        I  Initializing Mesh Decenter Correction
2025-02-01 22:56:59.045 13672-13708 libosutils              com.oculus.sdk.helloxr.vulkan        E  Failed to get real path of file '/sys/devices/soc0/platform_subtype_id', err: Permission denied
2025-02-01 22:56:59.045 13672-13708 libosutils              com.oculus.sdk.helloxr.vulkan        E  Failed to get real path of file '/sys/devices/soc0/platform_version', err: Permission denied
2025-02-01 22:56:59.045 13672-13708 libdeviceid             com.oculus.sdk.helloxr.vulkan        W  DeviceId unknown with subtype FFFFFFFF and version: 0xFFFFFFFF
2025-02-01 22:56:59.046 13672-13708 Distortion              com.oculus.sdk.helloxr.vulkan        I  Decenter tester version = 200
2025-02-01 22:56:59.046 13672-13708 Distortion              com.oculus.sdk.helloxr.vulkan        I  SetLensPositions - iad=0.0635, left offset=-0.0030803,-3.05452e-05, right offset=0.00332641,1.07915e-05
2025-02-01 22:56:59.046 13672-13708 Distortion              com.oculus.sdk.helloxr.vulkan        I  Initializing Mesh Decenter Correction
2025-02-01 22:56:59.046 13672-13708 libosutils              com.oculus.sdk.helloxr.vulkan        E  Failed to get real path of file '/sys/devices/soc0/platform_subtype_id', err: Permission denied
2025-02-01 22:56:59.046 13672-13708 libosutils              com.oculus.sdk.helloxr.vulkan        E  Failed to get real path of file '/sys/devices/soc0/platform_version', err: Permission denied
2025-02-01 22:56:59.046 13672-13708 libdeviceid             com.oculus.sdk.helloxr.vulkan        W  DeviceId unknown with subtype FFFFFFFF and version: 0xFFFFFFFF
2025-02-01 22:56:59.046 13672-13708 Distortion              com.oculus.sdk.helloxr.vulkan        I  Decenter tester version = 200
2025-02-01 22:56:59.046 13672-13708 Distortion              com.oculus.sdk.helloxr.vulkan        I  SetLensPositions - iad=0.0635, left offset=-0.0030803,-3.05452e-05, right offset=0.00332641,1.07915e-05
2025-02-01 22:56:59.046 13672-13708 GkHelper                com.oculus.sdk.helloxr.vulkan        I  Checking gk 'oculus_quest3_high_res_eye_buffer', default = false
2025-02-01 22:56:59.046 13672-13708 GkHelper                com.oculus.sdk.helloxr.vulkan        I  Checking gk 'oculus_quest3_super_high_res_eye_buffer', default = false
2025-02-01 22:56:59.048 13672-13708 ClientInputSettings     com.oculus.sdk.helloxr.vulkan        I  SYSTEMBUTTONSPACE GKS freeze '1'
2025-02-01 22:56:59.048 13672-13708 ClientInputSettings     com.oculus.sdk.helloxr.vulkan        I  SYSTEMBUTTONSPACE 'com.oculus.sdk.helloxr.vulkan' Freeze input '1' on home button down
2025-02-01 22:56:59.048 13672-13708 ClientInputSettings     com.oculus.sdk.helloxr.vulkan        I  HANDTRACKING: Hands V2.0 enforced.
2025-02-01 22:56:59.048 13672-13708 ClientInputSettings     com.oculus.sdk.helloxr.vulkan        I  HANDTRACKING: YES, in the GK oculus_mobile_enable_hand_tracking_frequency_inter
2025-02-01 22:56:59.048 13672-13708 ClientInputInterface    com.oculus.sdk.helloxr.vulkan        I  HANDTRACKING sethandtrackingfrequency 1
2025-02-01 22:56:59.048 13672-13708 ClientInputSettings     com.oculus.sdk.helloxr.vulkan        I  HANDTRACKING: YES, in the GK oculus_mobile_30hz_handtracking_downclocking
2025-02-01 22:56:59.048 13672-13708 ClientInputInterface    com.oculus.sdk.helloxr.vulkan        I  Set30HzHandtrackingDownclockingGKFlag 1
2025-02-01 22:56:59.048 13672-13708 ClientInputSettings     com.oculus.sdk.helloxr.vulkan        I  HANDTRACKING: NO, not in the GK oculus_mobile_enable_hand_emulation_of_controllers
2025-02-01 22:56:59.048 13672-13708 ClientInputInterface    com.oculus.sdk.helloxr.vulkan        I  HANDTRACKING SetHandTrackingControllerEmulationGkFlag 0
2025-02-01 22:56:59.048 13672-13708 InputHooks              com.oculus.sdk.helloxr.vulkan        I  InitializeInputHooks
2025-02-01 22:56:59.048 13672-13708 InputHooks              com.oculus.sdk.helloxr.vulkan        I  InitializeInputHooks create
2025-02-01 22:56:59.048 13672-13708 OpenXR                  com.oculus.sdk.helloxr.vulkan        I  Disable SwapchainCreateInfo next pointer on com.oculus.sdk.helloxr.vulkan.
2025-02-01 22:56:59.048 13672-13708 OpenXR                  com.oculus.sdk.helloxr.vulkan        I  Disable flipY for projection layers on com.oculus.sdk.helloxr.vulkan.
2025-02-01 22:56:59.048 13672-13708 OpenXR                  com.oculus.sdk.helloxr.vulkan        I  Disable HandJointRotationFix on com.oculus.sdk.helloxr.vulkan.
2025-02-01 22:56:59.048 13672-13708 OpenXR                  com.oculus.sdk.helloxr.vulkan        I  Disable Stage space with stationary guardian on com.oculus.sdk.helloxr.vulkan.
2025-02-01 22:56:59.048 13672-13708 OpenXR                  com.oculus.sdk.helloxr.vulkan        I  Disable hands power simple interaction profile on com.oculus.sdk.helloxr.vulkan.
2025-02-01 22:56:59.048 13672-13708 OpenXR                  com.oculus.sdk.helloxr.vulkan        I  Disable output struct type validation on com.oculus.sdk.helloxr.vulkan.
2025-02-01 22:56:59.048 13672-13708 OpenXR                  com.oculus.sdk.helloxr.vulkan        I  Disable GetFaceExpressionWeights return code fix on com.oculus.sdk.helloxr.vulkan.
2025-02-01 22:56:59.048 13672-13708 OpenXR                  com.oculus.sdk.helloxr.vulkan        I  Disable HandJointPalmFix on com.oculus.sdk.helloxr.vulkan.
2025-02-01 22:56:59.048 13672-13708 OpenXR                  com.oculus.sdk.helloxr.vulkan        I  Disable query on enumrated subaction paths fix on com.oculus.sdk.helloxr.vulkan.
2025-02-01 22:56:59.048 13672-13708 OpenXR                  com.oculus.sdk.helloxr.vulkan        I  Disable xrQuerySpacesFB to return multiple rooms on com.oculus.sdk.helloxr.vulkan.
2025-02-01 22:56:59.048 13672-13708 OpenXR                  com.oculus.sdk.helloxr.vulkan        I  Disable xrGetVisibilityMaskKHR on com.oculus.sdk.helloxr.vulkan.
2025-02-01 22:56:59.048 13672-13708 OpenXR                  com.oculus.sdk.helloxr.vulkan        I  Disable shareable component on Room from xrSetSpaceComponentStatusFB on com.oculus.sdk.helloxr.vulkan.
2025-02-01 22:56:59.049 13672-13708 .helloxr.vulka          com.oculus.sdk.helloxr.vulkan        W  Accessing hidden method Landroid/app/Activity;->isResumed()Z (unsupported, reflection, allowed)
2025-02-01 22:56:59.049 13672-13708 OpenXR                  com.oculus.sdk.helloxr.vulkan        I  xrCreateSession: Activity is not yet in the ready state.
2025-02-01 22:56:59.049 13672-13708 OpenXR_Aperture         com.oculus.sdk.helloxr.vulkan        I  ------------ ovrCreateApertureMETAX1 -----------
2025-02-01 22:56:59.049 13672-13708 OpenXR                  com.oculus.sdk.helloxr.vulkan        I  ------------ xrCreateSession [end] -----------
2025-02-01 22:56:59.050 13672-13708 helloxr                 com.oculus.sdk.helloxr.vulkan        V  [22:56:59.049][Info   ] Available reference spaces: 3
2025-02-01 22:56:59.050 13672-13708 helloxr                 com.oculus.sdk.helloxr.vulkan        V  [22:56:59.050][Verbose]   Name: XR_REFERENCE_SPACE_TYPE_LOCAL
2025-02-01 22:56:59.050 13672-13708 helloxr                 com.oculus.sdk.helloxr.vulkan        V  [22:56:59.050][Verbose]   Name: XR_REFERENCE_SPACE_TYPE_VIEW
2025-02-01 22:56:59.050 13672-13708 helloxr                 com.oculus.sdk.helloxr.vulkan        V  [22:56:59.050][Verbose]   Name: XR_REFERENCE_SPACE_TYPE_STAGE
2025-02-01 22:56:59.050 13672-13708 OpenXR_Actions          com.oculus.sdk.helloxr.vulkan        V  -- xrSuggestInteractionProfileBindings -
2025-02-01 22:56:59.050 13672-13708 OpenXR_Actions          com.oculus.sdk.helloxr.vulkan        V  -- xrSuggestInteractionProfileBindings -
2025-02-01 22:56:59.050 13672-13708 OpenXR_Actions          com.oculus.sdk.helloxr.vulkan        V  -- xrSuggestInteractionProfileBindings -
2025-02-01 22:56:59.050 13672-13708 OpenXR_Actions          com.oculus.sdk.helloxr.vulkan        V  -- xrSuggestInteractionProfileBindings -
2025-02-01 22:56:59.050 13672-13708 OpenXR_Actions          com.oculus.sdk.helloxr.vulkan        V  -- xrSuggestInteractionProfileBindings -
2025-02-01 22:56:59.050 13672-13708 OpenXR_Space            com.oculus.sdk.helloxr.vulkan        I  xrCreateReferenceSpace: Spaces info
2025-02-01 22:56:59.050 13672-13708 OpenXR_Space            com.oculus.sdk.helloxr.vulkan        I  xrCreateReferenceSpace: Local version=76
2025-02-01 22:56:59.050 13672-13708 OpenXR_Space            com.oculus.sdk.helloxr.vulkan        I  xrCreateReferenceSpace: RawFromLocal       = (-0.000, -0.102, -0.000, 0.995), (0.06, 0.02, 0.07)
2025-02-01 22:56:59.050 13672-13708 OpenXR_Space            com.oculus.sdk.helloxr.vulkan        I  xrCreateReferenceSpace: RawFromLocalTilted = (0.091, -0.102, 0.005, 0.991), (0.06, 0.02, 0.07)
2025-02-01 22:56:59.050 13672-13708 OpenXR_Space            com.oculus.sdk.helloxr.vulkan        I  xrCreateReferenceSpace: Stage IsValid=true
2025-02-01 22:56:59.050 13672-13708 OpenXR_Space            com.oculus.sdk.helloxr.vulkan        I  xrCreateReferenceSpace: Stage HasActiveGuardian=true
2025-02-01 22:56:59.050 13672-13708 OpenXR_Space            com.oculus.sdk.helloxr.vulkan        I  xrCreateReferenceSpace: Stage Width=3.453004, Depth=2.755047
2025-02-01 22:56:59.050 13672-13708 OpenXR_Space            com.oculus.sdk.helloxr.vulkan        I  xrCreateReferenceSpace: RawFromStage       = (-0.000, -0.982, -0.000, 0.188), (0.60, -0.98, 0.85)
2025-02-01 22:56:59.050 13672-13708 OpenXR_Space            com.oculus.sdk.helloxr.vulkan        I  xrCreateReferenceSpace: Spaces info
2025-02-01 22:56:59.050 13672-13708 OpenXR_Space            com.oculus.sdk.helloxr.vulkan        I  xrCreateReferenceSpace: Local version=76
2025-02-01 22:56:59.050 13672-13708 OpenXR_Space            com.oculus.sdk.helloxr.vulkan        I  xrCreateReferenceSpace: RawFromLocal       = (-0.000, -0.102, -0.000, 0.995), (0.06, 0.02, 0.07)
2025-02-01 22:56:59.050 13672-13708 OpenXR_Space            com.oculus.sdk.helloxr.vulkan        I  xrCreateReferenceSpace: RawFromLocalTilted = (0.091, -0.102, 0.005, 0.991), (0.06, 0.02, 0.07)
2025-02-01 22:56:59.050 13672-13708 OpenXR_Space            com.oculus.sdk.helloxr.vulkan        I  xrCreateReferenceSpace: Stage IsValid=true
2025-02-01 22:56:59.050 13672-13708 OpenXR_Space            com.oculus.sdk.helloxr.vulkan        I  xrCreateReferenceSpace: Stage HasActiveGuardian=true
2025-02-01 22:56:59.050 13672-13708 OpenXR_Space            com.oculus.sdk.helloxr.vulkan        I  xrCreateReferenceSpace: Stage Width=3.453004, Depth=2.755047
2025-02-01 22:56:59.050 13672-13708 OpenXR_Space            com.oculus.sdk.helloxr.vulkan        I  xrCreateReferenceSpace: RawFromStage       = (-0.000, -0.982, -0.000, 0.188), (0.60, -0.98, 0.85)
2025-02-01 22:56:59.050 13672-13708 OpenXR_Space            com.oculus.sdk.helloxr.vulkan        I  xrCreateReferenceSpace: Spaces info
2025-02-01 22:56:59.050 13672-13708 OpenXR_Space            com.oculus.sdk.helloxr.vulkan        I  xrCreateReferenceSpace: Local version=76
2025-02-01 22:56:59.050 13672-13708 OpenXR_Space            com.oculus.sdk.helloxr.vulkan        I  xrCreateReferenceSpace: RawFromLocal       = (-0.000, -0.102, -0.000, 0.995), (0.06, 0.02, 0.07)
2025-02-01 22:56:59.050 13672-13708 OpenXR_Space            com.oculus.sdk.helloxr.vulkan        I  xrCreateReferenceSpace: RawFromLocalTilted = (0.091, -0.102, 0.005, 0.991), (0.06, 0.02, 0.07)
2025-02-01 22:56:59.050 13672-13708 OpenXR_Space            com.oculus.sdk.helloxr.vulkan        I  xrCreateReferenceSpace: Stage IsValid=true
2025-02-01 22:56:59.050 13672-13708 OpenXR_Space            com.oculus.sdk.helloxr.vulkan        I  xrCreateReferenceSpace: Stage HasActiveGuardian=true
2025-02-01 22:56:59.050 13672-13708 OpenXR_Space            com.oculus.sdk.helloxr.vulkan        I  xrCreateReferenceSpace: Stage Width=3.453004, Depth=2.755047
2025-02-01 22:56:59.050 13672-13708 OpenXR_Space            com.oculus.sdk.helloxr.vulkan        I  xrCreateReferenceSpace: RawFromStage       = (-0.000, -0.982, -0.000, 0.188), (0.60, -0.98, 0.85)
2025-02-01 22:56:59.050 13672-13708 OpenXR_Space            com.oculus.sdk.helloxr.vulkan        I  xrCreateReferenceSpace: Spaces info
2025-02-01 22:56:59.050 13672-13708 OpenXR_Space            com.oculus.sdk.helloxr.vulkan        I  xrCreateReferenceSpace: Local version=76
2025-02-01 22:56:59.050 13672-13708 OpenXR_Space            com.oculus.sdk.helloxr.vulkan        I  xrCreateReferenceSpace: RawFromLocal       = (-0.000, -0.102, -0.000, 0.995), (0.06, 0.02, 0.07)
2025-02-01 22:56:59.050 13672-13708 OpenXR_Space            com.oculus.sdk.helloxr.vulkan        I  xrCreateReferenceSpace: RawFromLocalTilted = (0.091, -0.102, 0.005, 0.991), (0.06, 0.02, 0.07)
2025-02-01 22:56:59.050 13672-13708 OpenXR_Space            com.oculus.sdk.helloxr.vulkan        I  xrCreateReferenceSpace: Stage IsValid=true
2025-02-01 22:56:59.050 13672-13708 OpenXR_Space            com.oculus.sdk.helloxr.vulkan        I  xrCreateReferenceSpace: Stage HasActiveGuardian=true
2025-02-01 22:56:59.050 13672-13708 OpenXR_Space            com.oculus.sdk.helloxr.vulkan        I  xrCreateReferenceSpace: Stage Width=3.453004, Depth=2.755047
2025-02-01 22:56:59.050 13672-13708 OpenXR_Space            com.oculus.sdk.helloxr.vulkan        I  xrCreateReferenceSpace: RawFromStage       = (-0.000, -0.982, -0.000, 0.188), (0.60, -0.98, 0.85)
2025-02-01 22:56:59.050 13672-13708 OpenXR_Space            com.oculus.sdk.helloxr.vulkan        I  xrCreateReferenceSpace: Spaces info
2025-02-01 22:56:59.050 13672-13708 OpenXR_Space            com.oculus.sdk.helloxr.vulkan        I  xrCreateReferenceSpace: Local version=76
2025-02-01 22:56:59.050 13672-13708 OpenXR_Space            com.oculus.sdk.helloxr.vulkan        I  xrCreateReferenceSpace: RawFromLocal       = (-0.000, -0.102, -0.000, 0.995), (0.06, 0.02, 0.07)
2025-02-01 22:56:59.050 13672-13708 OpenXR_Space            com.oculus.sdk.helloxr.vulkan        I  xrCreateReferenceSpace: RawFromLocalTilted = (0.091, -0.102, 0.005, 0.991), (0.06, 0.02, 0.07)
2025-02-01 22:56:59.050 13672-13708 OpenXR_Space            com.oculus.sdk.helloxr.vulkan        I  xrCreateReferenceSpace: Stage IsValid=true
2025-02-01 22:56:59.050 13672-13708 OpenXR_Space            com.oculus.sdk.helloxr.vulkan        I  xrCreateReferenceSpace: Stage HasActiveGuardian=true
2025-02-01 22:56:59.050 13672-13708 OpenXR_Space            com.oculus.sdk.helloxr.vulkan        I  xrCreateReferenceSpace: Stage Width=3.453004, Depth=2.755047
2025-02-01 22:56:59.050 13672-13708 OpenXR_Space            com.oculus.sdk.helloxr.vulkan        I  xrCreateReferenceSpace: RawFromStage       = (-0.000, -0.982, -0.000, 0.188), (0.60, -0.98, 0.85)
2025-02-01 22:56:59.050 13672-13708 helloxr                 com.oculus.sdk.helloxr.vulkan        V  [22:56:59.050][Info   ] System Properties: Name=Oculus Quest VendorId=10291
2025-02-01 22:56:59.050 13672-13708 helloxr                 com.oculus.sdk.helloxr.vulkan        V  [22:56:59.050][Info   ] System Graphics Properties: MaxWidth=8192 MaxHeight=8192 MaxLayers=32
2025-02-01 22:56:59.050 13672-13708 helloxr                 com.oculus.sdk.helloxr.vulkan        V  [22:56:59.050][Info   ] System Tracking Properties: OrientationTracking=True PositionTracking=True
2025-02-01 22:56:59.050 13672-13708 helloxr                 com.oculus.sdk.helloxr.vulkan        V  [22:56:59.050][Verbose] Swapchain Formats:  22 29 [43] 9 16 37 10 17 38 15 70 77 91 71 78 92 74 81 95 75 82 96 76 83 97 100 2 8 147 149 151 148 150 152 153 155 154 156 157 159 161 163 165 167 169 171 173 175 177 179 181 183 158 160 162 164 166 168 170 172 174 176 178 180 182 184 124 125 126 129
2025-02-01 22:56:59.050 13672-13708 helloxr                 com.oculus.sdk.helloxr.vulkan        V  [22:56:59.050][Info   ] Creating swapchain for view 0 with dimensions Width=1680 Height=1760 SampleCount=1
2025-02-01 22:56:59.052 13672-13708 SwapChain_...ory_Export com.oculus.sdk.helloxr.vulkan        I  Imported texture has requirements 3, ends up index 0
2025-02-01 22:56:59.052 13672-13708 SwapChain_...ory_Export com.oculus.sdk.helloxr.vulkan        I  Imported texture has requirements 3, ends up index 0
2025-02-01 22:56:59.052 13672-13708 SwapChain_...ory_Export com.oculus.sdk.helloxr.vulkan        I  Imported texture has requirements 3, ends up index 0
2025-02-01 22:56:59.053 13672-13708 OpenXR_GPUMemTrace      com.oculus.sdk.helloxr.vulkan        I  OpenXR GPU memory tracing is enabled on heap(oculus.OpenXR) with id(2)
2025-02-01 22:56:59.053 13672-13708 OpenXR_GPUMemTrace      com.oculus.sdk.helloxr.vulkan        I  Swapchain creation, id=612, idx=0, MemoryAllocationSize: 11941 KB
2025-02-01 22:56:59.053 13672-13708 OpenXR_GPUMemTrace      com.oculus.sdk.helloxr.vulkan        I  Swapchain creation, id=612, idx=1, MemoryAllocationSize: 11941 KB
2025-02-01 22:56:59.053 13672-13708 OpenXR_GPUMemTrace      com.oculus.sdk.helloxr.vulkan        I  Swapchain creation, id=612, idx=2, MemoryAllocationSize: 11941 KB
2025-02-01 22:56:59.067 13672-13708 helloxr                 com.oculus.sdk.helloxr.vulkan        V  [22:56:59.067][Info   ] Creating swapchain for view 1 with dimensions Width=1680 Height=1760 SampleCount=1
2025-02-01 22:56:59.069 13672-13708 SwapChain_...ory_Export com.oculus.sdk.helloxr.vulkan        I  Imported texture has requirements 3, ends up index 0
2025-02-01 22:56:59.070 13672-13708 SwapChain_...ory_Export com.oculus.sdk.helloxr.vulkan        I  Imported texture has requirements 3, ends up index 0
2025-02-01 22:56:59.070 13672-13708 SwapChain_...ory_Export com.oculus.sdk.helloxr.vulkan        I  Imported texture has requirements 3, ends up index 0
2025-02-01 22:56:59.070 13672-13708 OpenXR_GPUMemTrace      com.oculus.sdk.helloxr.vulkan        I  Swapchain creation, id=613, idx=0, MemoryAllocationSize: 11941 KB
2025-02-01 22:56:59.070 13672-13708 OpenXR_GPUMemTrace      com.oculus.sdk.helloxr.vulkan        I  Swapchain creation, id=613, idx=1, MemoryAllocationSize: 11941 KB
2025-02-01 22:56:59.070 13672-13708 OpenXR_GPUMemTrace      com.oculus.sdk.helloxr.vulkan        I  Swapchain creation, id=613, idx=2, MemoryAllocationSize: 11941 KB
2025-02-01 22:56:59.077 13672-13708 threaded_app            com.oculus.sdk.helloxr.vulkan        V  activityState 10
2025-02-01 22:56:59.077 13672-13708 helloxr                 com.oculus.sdk.helloxr.vulkan        V  [22:56:59.077][Info   ] APP_CMD_START
2025-02-01 22:56:59.077 13672-13708 helloxr                 com.oculus.sdk.helloxr.vulkan        V  [22:56:59.077][Info   ] anagOnStart()
2025-02-01 22:56:59.079 13672-13672 threaded_app            com.oculus.sdk.helloxr.vulkan        V  Resume: 0xb400007e52529900
2025-02-01 22:56:59.079 13672-13708 threaded_app            com.oculus.sdk.helloxr.vulkan        V  activityState 11
2025-02-01 22:56:59.079 13672-13708 helloxr                 com.oculus.sdk.helloxr.vulkan        V  [22:56:59.079][Info   ] anagOnResume()
2025-02-01 22:56:59.079 13672-13708 helloxr                 com.oculus.sdk.helloxr.vulkan        V  [22:56:59.079][Info   ] APP_CMD_RESUME
2025-02-01 22:56:59.080 13672-13708 VrRuntimeClient         com.oculus.sdk.helloxr.vulkan        I  UpdateEvents: Detected LOCAL_FLOOR reference space update. Sending reference space update event
2025-02-01 22:56:59.080 13672-13708 VrRuntimeClient         com.oculus.sdk.helloxr.vulkan        I  UpdateEvents: Detected STAGE reference space update. Sending reference space update event
2025-02-01 22:56:59.080 13672-13708 Deque                   com.oculus.sdk.helloxr.vulkan        I  AddEventToQueue called. eventInfo.type: 40, eventInfo.next: 1
2025-02-01 22:56:59.080 13672-13708 OpenXR                  com.oculus.sdk.helloxr.vulkan        I  PostSessionStateChange:[pid: 13672] XR_SESSION_STATE_UNKNOWN -> XR_SESSION_STATE_IDLE
2025-02-01 22:56:59.080 13672-13672 VrosSpatialAudio        com.oculus.sdk.helloxr.vulkan        I  init with android.view.ViewRootImpl$W@2633446
2025-02-01 22:56:59.081 13672-13708 Deque                   com.oculus.sdk.helloxr.vulkan        I  AddEventToQueue called. eventInfo.type: 18, eventInfo.next: 1
2025-02-01 22:56:59.081 13672-13708 helloxr                 com.oculus.sdk.helloxr.vulkan        V  [22:56:59.081][Verbose] Ignoring event type 40
2025-02-01 22:56:59.081 13672-13708 helloxr                 com.oculus.sdk.helloxr.vulkan        V  [22:56:59.081][Info   ] XrEventDataSessionStateChanged: state XR_SESSION_STATE_UNKNOWN->XR_SESSION_STATE_IDLE session=144115188075855875 time=86281837046003
2025-02-01 22:56:59.081 13672-13672 Compatibil...geReporter com.oculus.sdk.helloxr.vulkan        D  Compat change id reported: 175409955; UID 10736; state: DISABLED
2025-02-01 22:56:59.081 13672-13672 Compatibil...geReporter com.oculus.sdk.helloxr.vulkan        D  Compat change id reported: 175409954; UID 10736; state: DISABLED
2025-02-01 22:56:59.085 13672-13672 threaded_app            com.oculus.sdk.helloxr.vulkan        V  InputQueueCreated: 0xb400007e52529900 -- 0xb400007f02b27200
2025-02-01 22:56:59.331 13672-13708 threaded_app            com.oculus.sdk.helloxr.vulkan        V  APP_CMD_INPUT_CHANGED
2025-02-01 22:56:59.331 13672-13708 threaded_app            com.oculus.sdk.helloxr.vulkan        V  Attaching input queue to looper
2025-02-01 22:56:59.338 13672-13672 threaded_app            com.oculus.sdk.helloxr.vulkan        V  NativeWindowCreated: 0xb400007e52529900 -- 0xb400007dd8b46810
2025-02-01 22:56:59.343 13672-13759 OpenXR                  com.oculus.sdk.helloxr.vulkan        I  nativeOnActivityReady: com.oculus.sdk.helloxr.vulkan/android.app.NativeActivity
2025-02-01 22:56:59.343 13672-13759 .helloxr.vulka          com.oculus.sdk.helloxr.vulkan        W  Attempt to remove non-JNI local reference, dumping thread
2025-02-01 22:56:59.581 13672-13708 threaded_app            com.oculus.sdk.helloxr.vulkan        V  APP_CMD_INIT_WINDOW
2025-02-01 22:56:59.581 13672-13708 helloxr                 com.oculus.sdk.helloxr.vulkan        V  [22:56:59.581][Info   ] surfaceCreated()
2025-02-01 22:56:59.581 13672-13708 helloxr                 com.oculus.sdk.helloxr.vulkan        V  [22:56:59.581][Info   ] APP_CMD_INIT_WINDOW
2025-02-01 22:56:59.581 13672-13672 threaded_app            com.oculus.sdk.helloxr.vulkan        V  NativeWindowResized: 0xb400007e52529900 -- 0xb400007dd8b46810
2025-02-01 22:56:59.581 13672-13708 OpenXR                  com.oculus.sdk.helloxr.vulkan        I  PostSessionStateChange:[pid: 13672] XR_SESSION_STATE_IDLE -> XR_SESSION_STATE_READY
2025-02-01 22:56:59.582 13672-13708 Deque                   com.oculus.sdk.helloxr.vulkan        I  AddEventToQueue called. eventInfo.type: 18, eventInfo.next: 1
2025-02-01 22:56:59.582 13672-13708 helloxr                 com.oculus.sdk.helloxr.vulkan        V  [22:56:59.582][Info   ] XrEventDataSessionStateChanged: state XR_SESSION_STATE_IDLE->XR_SESSION_STATE_READY session=144115188075855875 time=86282337986053
2025-02-01 22:56:59.582 13672-13708 OpenXR                  com.oculus.sdk.helloxr.vulkan        I  ------------ xrBeginSession [start] -----------
2025-02-01 22:56:59.582 13672-13708 DRR                     com.oculus.sdk.helloxr.vulkan        I  DRR is supported: 1
2025-02-01 22:56:59.582 13672-13708 DRR                     com.oculus.sdk.helloxr.vulkan        I  DRR is enabled: 0
2025-02-01 22:56:59.582 13672-13708 OsSdkLoader             com.oculus.sdk.helloxr.vulkan        D  OSSDK loading module 'libheadtracker.oculus.so'
2025-02-01 22:56:59.582 13672-13708 Sensor                  com.oculus.sdk.helloxr.vulkan        I  OSSDKTRACKING Initializing controller tracking
2025-02-01 22:56:59.582 13672-13708 Sensor                  com.oculus.sdk.helloxr.vulkan        I  OSSDKTRACKING Controller tracker != nullpointer 0xb400007e3e826be0, 1
2025-02-01 22:56:59.586 13672-13708 DeviceStatus            com.oculus.sdk.helloxr.vulkan        I  nativeHeadsetEvent(0)
2025-02-01 22:56:59.587 13672-13672 threaded_app            com.oculus.sdk.helloxr.vulkan        V  ContentRectChanged: l=0,t=0,r=4128,b=2208
2025-02-01 22:56:59.587 13672-13708 VrRuntimeClient         com.oculus.sdk.helloxr.vulkan        I  SetCompositorClientFeatureFlag ClientFeatureFlag 2
2025-02-01 22:56:59.587 13672-13672 threaded_app            com.oculus.sdk.helloxr.vulkan        V  NativeWindowRedrawNeeded: 0xb400007e52529900 -- 0xb400007dd8b46810
2025-02-01 22:56:59.587 13672-13708 RuntimeIPC...UNTIMEIPC] com.oculus.sdk.helloxr.vulkan        I  InitServerStateBuffer: SUCCESS. 0, Client: com.oculus.sdk.helloxr.vulkan:com.oculus.sdk.helloxr.vulkan:13672, Server: com.oculus.guardian:com.oculus.vrguardianservice (guardianserver)
2025-02-01 22:56:59.587 13672-13708 VrRuntimeClient         com.oculus.sdk.helloxr.vulkan        I  Mounted state at BeginSession: True
2025-02-01 22:56:59.587 13672-13708 AppLoadTim...etryCommon com.oculus.sdk.helloxr.vulkan        I  App load time recorded [packageName=com.oculus.sdk.helloxr.vulkan, time=1.276315, method="BeginSession", launchType="Launch", launchId=""]
2025-02-01 22:56:59.588 13672-13708 LogTimer                com.oculus.sdk.helloxr.vulkan        I  CPUTIME: VrRuntimeClient_BeginSession took 5.7976 ms
2025-02-01 22:56:59.588 13672-13708 ClientInputSettings     com.oculus.sdk.helloxr.vulkan        I  HANDTRACKING: enabled input settings, setting hand mode control settings to ControllersOnly
2025-02-01 22:56:59.588 13672-13708 ClientInputSettings     com.oculus.sdk.helloxr.vulkan        I  HANDTRACKING package name is com.oculus.sdk.helloxr.vulkan
2025-02-01 22:56:59.589 13672-13708 ClientInputSettings     com.oculus.sdk.helloxr.vulkan        I  HANDTRACKING: feature flag set to 0
2025-02-01 22:56:59.589 13672-13708 ClientInputInterface    com.oculus.sdk.helloxr.vulkan        I  HANDTRACKING sethandmanifest 0
2025-02-01 22:56:59.589 13672-13708 InputHooks_Internal     com.oculus.sdk.helloxr.vulkan        I  Enabling Native Input Hooks
2025-02-01 22:56:59.589 13672-13672 threaded_app            com.oculus.sdk.helloxr.vulkan        V  WindowFocusChanged: 0xb400007e52529900 -- 1
2025-02-01 22:56:59.592 13672-13708 .helloxr.vulka          com.oculus.sdk.helloxr.vulkan        W  Accessing hidden method Landroid/content/Context;->startServiceAsUser(Landroid/content/Intent;Landroid/os/UserHandle;)Landroid/content/ComponentName; (unsupported, reflection, allowed)
2025-02-01 22:56:59.593 13672-13708 .helloxr.vulka          com.oculus.sdk.helloxr.vulkan        W  Accessing hidden method Landroid/content/Context;->registerReceiverAsUser(Landroid/content/BroadcastReceiver;Landroid/os/UserHandle;Landroid/content/IntentFilter;Ljava/lang/String;Landroid/os/Handler;)Landroid/content/Intent; (unsupported, reflection, allowed)
2025-02-01 22:56:59.593 13672-13708 InputDeviceManager      com.oculus.sdk.helloxr.vulkan        I  ovrInputDeviceManager::Initialize
2025-02-01 22:56:59.593 13672-13708 [CT]                    com.oculus.sdk.helloxr.vulkan        I  HandPosePrediction: Set sampler config enum for v59 30 Hz
2025-02-01 22:56:59.593 13672-13708 [CT]                    com.oculus.sdk.helloxr.vulkan        I  HandPosePrediction: Set sampler config enum for v59 30 Hz
2025-02-01 22:56:59.593 13672-13708 InputDevice_Hand        com.oculus.sdk.helloxr.vulkan        I  BodyPoweredHands checkSysPropForBodyAPIOverride 0
2025-02-01 22:56:59.593 13672-13708 InputDevice_Hand        com.oculus.sdk.helloxr.vulkan        I  BodyPoweredHands checkSysPropForBodyAPIOverride 0
2025-02-01 22:56:59.593 13672-13708 InputDevic...ckedRemote com.oculus.sdk.helloxr.vulkan        W  Did not pass RIPC GK, fetching controller input data from shared memory
2025-02-01 22:56:59.593 13672-13708 InputDevic...ckedRemote com.oculus.sdk.helloxr.vulkan        I  Using old float conversion.
2025-02-01 22:56:59.597 13672-13708 InputDevic...ckedRemote com.oculus.sdk.helloxr.vulkan        I  REMOTE: Hand=2 IndexAnalog=0.00 GripAnalog=0.00 Buttons=0x00000000
2025-02-01 22:56:59.597 13672-13708 InputDeviceManager      com.oculus.sdk.helloxr.vulkan        I  HANDTRACKING Root pose filter profile changed for freq to 20 from 0  inf: 1
2025-02-01 22:56:59.597 13672-13708 GkHelper                com.oculus.sdk.helloxr.vulkan        I  Checking gk 'horizon_phasesync_auto_disabled', default = false
2025-02-01 22:56:59.597 13672-13708 GkCacheQuerierClient    com.oculus.sdk.helloxr.vulkan        W  getGkValue: Query result for 'oculus_xrruntime:horizon_phasesync_auto_disabled' not successful: 4
2025-02-01 22:56:59.597 13672-13708 GkHelper                com.oculus.sdk.helloxr.vulkan        W  GkHelper: query failed, result code: 4
2025-02-01 22:56:59.597 13672-13708 PhaseSync               com.oculus.sdk.helloxr.vulkan        I  PhaseSync::PhaseSync PaddingLowerLimit 0.350000 StandardDeviations 2.000000 PaddingUpperLimit 0.750000 on instance 0
2025-02-01 22:56:59.597 13672-13708 FrameSync               com.oculus.sdk.helloxr.vulkan        I  FrameSync Initialized Instance 1
2025-02-01 22:56:59.597 13672-13708 VrRuntimeClient         com.oculus.sdk.helloxr.vulkan        I  PhaseSync Instance created
2025-02-01 22:56:59.603 13672-13708 Compatibil...geReporter com.oculus.sdk.helloxr.vulkan        D  Compat change id reported: 160794467; UID 10736; state: ENABLED
2025-02-01 22:56:59.603 13672-13708 ServerStat...UNTIMEIPC] com.oculus.sdk.helloxr.vulkan        W  IPCService: GetDataBegin: entryIndex < 0 || entryIndex >= numEntries_ || entryIndex >= trustedMaxEntries: 5, 19, 0
2025-02-01 22:56:59.603 13672-13708 VrRuntimeC...rexContext com.oculus.sdk.helloxr.vulkan        I  BeginSession
2025-02-01 22:56:59.603 13672-13708 [CT]                    com.oculus.sdk.helloxr.vulkan        I  BodyApiPlugin: BeginSession called for BodyApi Plugin
2025-02-01 22:56:59.604 13672-13708 OpenXR                  com.oculus.sdk.helloxr.vulkan        I  usesManifestForCpuBoost:0
2025-02-01 22:56:59.604 13672-13708 OpenXR                  com.oculus.sdk.helloxr.vulkan        I  ------------ xrBeginSession [end] -----------
2025-02-01 22:56:59.608 13672-13781 JniUtils                com.oculus.sdk.helloxr.vulkan        I  ovr_GetCurrentPackageSignature
2025-02-01 22:56:59.608 13672-13781 Metrics                 com.oculus.sdk.helloxr.vulkan        I  device model = Quest 3
2025-02-01 22:56:59.608 13672-13781 Telemetry               com.oculus.sdk.helloxr.vulkan        I  Aligning telemetry thread time, will wait for: 392 ms...
2025-02-01 22:56:59.609 13672-13708 ServerStat...UNTIMEIPC] com.oculus.sdk.helloxr.vulkan        W  IPCService: GetDataBegin: entryIndex < 0 || entryIndex >= numEntries_ || entryIndex >= trustedMaxEntries: 16, 19, 0
2025-02-01 22:56:59.611 13672-13708 ServerStat...UNTIMEIPC] com.oculus.sdk.helloxr.vulkan        W  IPCService: GetDataBegin: entryIndex < 0 || entryIndex >= numEntries_ || entryIndex >= trustedMaxEntries: 14, 19, 0
2025-02-01 22:56:59.611 13672-13708 AudioCapture            com.oculus.sdk.helloxr.vulkan        I  AudioCapture::PauseAudioCapture
2025-02-01 22:56:59.612 13672-13785 FenceChecker            com.oculus.sdk.helloxr.vulkan        I  FenceChecker::MainLoop - started
2025-02-01 22:56:59.614 13672-13708 VrRuntimeClient         com.oculus.sdk.helloxr.vulkan        I  SetClientAppColorspace: P3
2025-02-01 22:56:59.614 13672-13708 ServerStat...UNTIMEIPC] com.oculus.sdk.helloxr.vulkan        W  IPCService: GetDataBegin: entryIndex < 0 || entryIndex >= numEntries_ || entryIndex >= trustedMaxEntries: 4, 19, 0
2025-02-01 22:56:59.614 13672-13708 helloxr                 com.oculus.sdk.helloxr.vulkan        V  [22:56:59.614][Info   ] obtained the function pointer for xrCreatePassthroughFB
2025-02-01 22:56:59.614 13672-13708 OpenXR_Passthrough      com.oculus.sdk.helloxr.vulkan        I  ------------ xrCreatePassthroughFB -----------
2025-02-01 22:56:59.614 13672-13708 ipcLoader [RUNTIMEIPC]  com.oculus.sdk.helloxr.vulkan        I  RuntimeIPC: Loader: IPC Service API Loader Version: 70 Sep 12 2024 01:25:19
2025-02-01 22:56:59.614 13672-13708 ipcLoader [RUNTIMEIPC]  com.oculus.sdk.helloxr.vulkan        I  RuntimeIPC: Using android_dlopen_ext: libripcclient.oculus.so
2025-02-01 22:56:59.615 13672-13708 ipcLoader [RUNTIMEIPC]  com.oculus.sdk.helloxr.vulkan        I  RuntimeIPC: android_dlopen_ext SUCCESS: libripcclient.oculus.so
2025-02-01 22:56:59.615 13672-13708 libc                    com.oculus.sdk.helloxr.vulkan        W  Access denied finding property "ro.vendor.hw.device_config"
2025-02-01 22:56:59.617 13672-13708 ThreadHelp...UNTIMEIPC] com.oculus.sdk.helloxr.vulkan        I  RuntimeIPC::ThreadHelpers::SetState: threadName: JobPoolWorker, currentState: STATE_STOPPED, newState: STATE_STARTING
2025-02-01 22:56:59.617 13672-13786 ThreadHelp...UNTIMEIPC] com.oculus.sdk.helloxr.vulkan        I  RuntimeIPC::ThreadHelpers::SetState: threadName: JobPoolWorker, currentState: STATE_STARTING, newState: STATE_RUNNING
2025-02-01 22:56:59.617 13672-13708 ClientProc...UNTIMEIPC] com.oculus.sdk.helloxr.vulkan        I  GetProcessConnection: :
2025-02-01 22:56:59.618 13672-13708 RuntimeIPC...UNTIMEIPC] com.oculus.sdk.helloxr.vulkan        I  Event buffer size (client): 8192
2025-02-01 22:56:59.618 13672-13708 RuntimeIPC...UNTIMEIPC] com.oculus.sdk.helloxr.vulkan        I  TryToGetIPCResourcesFromServer: RPC_CONNECTOR_CONNECT_TO_SERVER SUCCESS: Client: com.oculus.sdk.helloxr.vulkan:com.oculus.sdk.helloxr.vulkan:13672, Server: : (MrServiceIPCServer)
2025-02-01 22:56:59.618 13672-13708 ThreadHelp...UNTIMEIPC] com.oculus.sdk.helloxr.vulkan        I  RuntimeIPC::ThreadHelpers::SetState: threadName: RIPCNotifThread, currentState: STATE_STOPPED, newState: STATE_STARTING
2025-02-01 22:56:59.618 13672-13788 ThreadHelp...UNTIMEIPC] com.oculus.sdk.helloxr.vulkan        I  RuntimeIPC::ThreadHelpers::SetState: threadName: RIPCNotifThread, currentState: STATE_STARTING, newState: STATE_RUNNING
2025-02-01 22:56:59.618 13672-13708 RuntimeIPC...UNTIMEIPC] com.oculus.sdk.helloxr.vulkan        I  EnsureServerConnection: SUCCESS. Client: com.oculus.sdk.helloxr.vulkan:com.oculus.sdk.helloxr.vulkan:13672, Server: : (MrServiceIPCServer)
