---------------------------- PROCESS STARTED (8192) for package com.oculus.sdk.helloxr.vulkan ----------------------------
2025-01-27 20:13:52.939  8192-8192  Compatibil...geReporter com.oculus.sdk.helloxr.vulkan        D  Compat change id reported: 171979766; UID 10735; state: ENABLED
2025-01-27 20:13:52.953  8192-8192  System                  com.oculus.sdk.helloxr.vulkan        W  ClassLoader referenced unknown path:
2025-01-27 20:13:52.954  8192-8192  linker                  com.oculus.sdk.helloxr.vulkan        W  Warning: unable to resolve "/apex/com.meta.xr/priv-app/VrDriver/VrDriver.apk": No such file or directory (ignoring)
2025-01-27 20:13:52.961  8192-8192  GraphicsEnvironment     com.oculus.sdk.helloxr.vulkan        V  ANGLE Developer option for 'com.oculus.sdk.helloxr.vulkan' set to: 'default'
2025-01-27 20:13:52.961  8192-8192  GraphicsEnvironment     com.oculus.sdk.helloxr.vulkan        V  ANGLE GameManagerService for com.oculus.sdk.helloxr.vulkan: false
2025-01-27 20:13:52.961  8192-8192  GraphicsEnvironment     com.oculus.sdk.helloxr.vulkan        V  Neither updatable production driver nor prerelease driver is supported.
2025-01-27 20:13:52.962  8192-8192  Compatibil...geReporter com.oculus.sdk.helloxr.vulkan        D  Compat change id reported: 175409949; UID 10735; state: DISABLED
2025-01-27 20:13:52.962  8192-8192  Compatibil...geReporter com.oculus.sdk.helloxr.vulkan        D  Compat change id reported: 175409951; UID 10735; state: DISABLED
2025-01-27 20:13:52.962  8192-8192  Compatibil...geReporter com.oculus.sdk.helloxr.vulkan        D  Compat change id reported: 175409956; UID 10735; state: DISABLED
2025-01-27 20:13:52.964  8192-8192  Compatibil...geReporter com.oculus.sdk.helloxr.vulkan        D  Compat change id reported: 175409950; UID 10735; state: DISABLED
2025-01-27 20:13:52.964  8192-8192  NetworkSecurityConfig   com.oculus.sdk.helloxr.vulkan        D  No Network Security Config specified, using platform default
2025-01-27 20:13:52.965  8192-8192  Compatibil...geReporter com.oculus.sdk.helloxr.vulkan        D  Compat change id reported: 175409952; UID 10735; state: DISABLED
2025-01-27 20:13:52.965  8192-8192  NetworkSecurityConfig   com.oculus.sdk.helloxr.vulkan        D  No Network Security Config specified, using platform default
2025-01-27 20:13:52.985  8192-8192  threaded_app            com.oculus.sdk.helloxr.vulkan        V  Creating: 0xb40000718ea35900
2025-01-27 20:13:52.985  8192-8221  threaded_app            com.oculus.sdk.helloxr.vulkan        V  Config: mcc=0 mnc=0 lang=en cnt=US orien=2 touch=1 dens=200 keys=1 nav=1 keysHid=3 navHid=0 sdk=32 size=4 long=2 modetype=1 modenight=2
2025-01-27 20:13:52.986  8192-8192  threaded_app            com.oculus.sdk.helloxr.vulkan        V  Start: 0xb40000718ea35900
2025-01-27 20:13:52.987  8192-8221  OpenXR-Loader           com.oculus.sdk.helloxr.vulkan        V  Verbose [GENERAL | xrInitializeLoaderKHR | OpenXR-Loader] : Entering loader trampoline
2025-01-27 20:13:52.988  8192-8221  OpenXR-Loader           com.oculus.sdk.helloxr.vulkan        V  Verbose [GENERAL | xrEnumerateInstanceExtensionProperties | OpenXR-Loader] : Entering loader trampoline
2025-01-27 20:13:52.989  8192-8221  OpenXR-Loader           com.oculus.sdk.helloxr.vulkan        I  getActiveRuntimeCursor: Querying URI: content://org.khronos.openxr.runtime_broker/openxr/1/abi/arm64-v8a/runtimes/active
2025-01-27 20:13:52.995  8192-8221  OpenXR-Loader           com.oculus.sdk.helloxr.vulkan        W  Null cursor when querying installable content resolver.
2025-01-27 20:13:52.995  8192-8221  OpenXR-Loader           com.oculus.sdk.helloxr.vulkan        I  getActiveRuntimeCursor: Querying URI: content://org.khronos.openxr.system_runtime_broker/openxr/1/abi/arm64-v8a/runtimes/active
2025-01-27 20:13:52.996  8192-8221  OpenXR-Loader           com.oculus.sdk.helloxr.vulkan        W  Null cursor when querying system content resolver.
2025-01-27 20:13:52.996  8192-8221  OpenXR-Loader           com.oculus.sdk.helloxr.vulkan        E  Could access neither the installable nor system runtime broker.
2025-01-27 20:13:52.996  8192-8221  OpenXR-Loader           com.oculus.sdk.helloxr.vulkan        I  Info [GENERAL | xrEnumerateInstanceExtensionProperties | OpenXR-Loader] : RuntimeManifestFile::FindManifestFiles - using global runtime file /system/etc/openxr/1/active_runtime.aarch64.json
2025-01-27 20:13:52.996  8192-8221  OpenXR-Loader           com.oculus.sdk.helloxr.vulkan        I  Info [GENERAL |  | OpenXR-Loader] : RuntimeManifestFile::CreateIfValid - attempting to load /system/etc/openxr/1/active_runtime.aarch64.json
2025-01-27 20:13:52.999  8192-8221  OpenXR-Loader           com.oculus.sdk.helloxr.vulkan        I  Info [GENERAL | xrEnumerateInstanceExtensionProperties | OpenXR-Loader] : RuntimeInterface::LoadRuntime forwarding xrInitializeLoaderKHR call to runtime before calling xrNegotiateLoaderRuntimeInterface.
2025-01-27 20:13:52.999  8192-8221  OpenXR                  com.oculus.sdk.helloxr.vulkan        V  OpenXRForwardLoader::xrInitializeLoaderKHR [start]
2025-01-27 20:13:53.002  8192-8221  ApplicationLoaders      com.oculus.sdk.helloxr.vulkan        D  Returning zygote-cached class loader: /system/framework/android.test.base.jar
2025-01-27 20:13:53.002  8192-8221  ApplicationLoaders      com.oculus.sdk.helloxr.vulkan        D  Returning zygote-cached class loader: /system/framework/android.hidl.manager-V1.0-java.jar
2025-01-27 20:13:53.002  8192-8221  ApplicationLoaders      com.oculus.sdk.helloxr.vulkan        D  Returning zygote-cached class loader: /system/framework/android.hidl.base-V1.0-java.jar
2025-01-27 20:13:53.005  8192-8221  linker                  com.oculus.sdk.helloxr.vulkan        W  Warning: unable to resolve "/apex/com.meta.xr/priv-app/VrDriver/VrDriver.apk": No such file or directory (ignoring)
2025-01-27 20:13:53.008  8192-8221  linker                  com.oculus.sdk.helloxr.vulkan        W  Warning: unable to resolve "/apex/com.meta.xr/priv-app/VrDriver/VrDriver.apk": No such file or directory (ignoring)
2025-01-27 20:13:53.010  8192-8221  OpenXR                  com.oculus.sdk.helloxr.vulkan        I  Loading 64-bit Runtime.
2025-01-27 20:13:53.012  8192-8221  VrRuntimeClient         com.oculus.sdk.helloxr.vulkan        I  VrRuntimeClient(): 0x706bd18830
2025-01-27 20:13:53.012  8192-8221  OsSdkLoader             com.oculus.sdk.helloxr.vulkan        D  OSSDK loading module 'libossdk.oculus.so'
2025-01-27 20:13:53.027  8192-8221  vulkan                  com.oculus.sdk.helloxr.vulkan        D  searching for layers in '/data/app/~~aFAJhUVeGWn_4Sm9-GXHpA==/com.oculus.sdk.helloxr.vulkan-1TmIYigNtvlK5ox81fO0Xw==/lib/arm64'
2025-01-27 20:13:53.027  8192-8221  vulkan                  com.oculus.sdk.helloxr.vulkan        D  searching for layers in '/data/app/~~aFAJhUVeGWn_4Sm9-GXHpA==/com.oculus.sdk.helloxr.vulkan-1TmIYigNtvlK5ox81fO0Xw==/base.apk!/lib/arm64-v8a'
2025-01-27 20:13:53.027  8192-8221  ziparchive              com.oculus.sdk.helloxr.vulkan        W  Unable to open '/apex/com.meta.xr/priv-app/VrDriver/VrDriver.apk': No such file or directory
2025-01-27 20:13:53.027  8192-8221  vulkan                  com.oculus.sdk.helloxr.vulkan        E  failed to open apk '/apex/com.meta.xr/priv-app/VrDriver/VrDriver.apk': -11
2025-01-27 20:13:53.027  8192-8221  vulkan                  com.oculus.sdk.helloxr.vulkan        D  searching for layers in '/system/priv-app/VrDriver/VrDriver.apk!/lib/arm64-v8a'
2025-01-27 20:13:53.030  8192-8221  DriverLoader            com.oculus.sdk.helloxr.vulkan        I  Calling into SetLegacyVrApiEntryPointOverride
2025-01-27 20:13:53.030  8192-8221  VrApi_DriverLoader      com.oculus.sdk.helloxr.vulkan        I  SetLegacyVrApiEntryPointOverride: calling sprintf
2025-01-27 20:13:53.030  8192-8221  VrApi_DriverLoader      com.oculus.sdk.helloxr.vulkan        I  SetLegacyVrApiEntryPointOverride: env buffer is '0x706bc78478'
2025-01-27 20:13:53.030  8192-8221  VrApi_DriverLoader      com.oculus.sdk.helloxr.vulkan        I  SetLegacyVrApiEntryPointOverride: calling setenv
2025-01-27 20:13:53.030  8192-8221  DriverLoader            com.oculus.sdk.helloxr.vulkan        I  Creating Temp JNIEnv
2025-01-27 20:13:53.030  8192-8221  DriverLoader            com.oculus.sdk.helloxr.vulkan        I  Calling FindClass
2025-01-27 20:13:53.030  8192-8221  DriverLoader            com.oculus.sdk.helloxr.vulkan        I  Calling RegisterNativeVrApiLoaderMethods
2025-01-27 20:13:53.030  8192-8221  VrApi_DriverLoader      com.oculus.sdk.helloxr.vulkan        I  RegisterNativeVrApiLoaderMethods: calling RegisterNatives
2025-01-27 20:13:53.030  8192-8221  DriverLoader            com.oculus.sdk.helloxr.vulkan        I  Calling RegisterNativeXrLoaderMethods
2025-01-27 20:13:53.030  8192-8221  OpenXR_DriverLoader     com.oculus.sdk.helloxr.vulkan        I  RegisterNativeVrApiLoaderMethods: calling RegisterNatives
2025-01-27 20:13:53.030  8192-8221  DriverLoader            com.oculus.sdk.helloxr.vulkan        I  Exiting JNI_OnLoad
2025-01-27 20:13:53.031  8192-8221  OpenXR_ClientState      com.oculus.sdk.helloxr.vulkan        I  OpenXRClientState::create - from xrInitializeLoaderKHR
2025-01-27 20:13:53.031  8192-8221  XrRuntimeS...lientState com.oculus.sdk.helloxr.vulkan        I  SharedClientState::create called from 'OpenXRClientState::init'
2025-01-27 20:13:53.031  8192-8221  ipcLoader [RUNTIMEIPC]  com.oculus.sdk.helloxr.vulkan        I  RuntimeIPC: Loader: IPC Service API Loader Version: 70 Nov 14 2024 11:51:34
2025-01-27 20:13:53.031  8192-8221  ipcLoader [RUNTIMEIPC]  com.oculus.sdk.helloxr.vulkan        I  RuntimeIPC: Using android_dlopen_ext: libripcclient.oculus.so
2025-01-27 20:13:53.032  8192-8221  ipcLoader [RUNTIMEIPC]  com.oculus.sdk.helloxr.vulkan        I  RuntimeIPC: android_dlopen_ext SUCCESS: libripcclient.oculus.so
2025-01-27 20:13:53.033  8192-8221  MultiInsta...UNTIMEIPC] com.oculus.sdk.helloxr.vulkan        I  Multiple instances check passed. Socket name: INSTANCE_DETECTOR:8192
2025-01-27 20:13:53.033  8192-8221  OsSdkLoader             com.oculus.sdk.helloxr.vulkan        D  OSSDK loading module 'libossdk.oculus.so'
2025-01-27 20:13:53.034  8192-8221  ThreadHelp...UNTIMEIPC] com.oculus.sdk.helloxr.vulkan        I  RuntimeIPC::ThreadHelpers::SetState: threadName: DLObserver, currentState: STATE_STOPPED, newState: STATE_STARTING
2025-01-27 20:13:53.034  8192-8226  ThreadHelp...UNTIMEIPC] com.oculus.sdk.helloxr.vulkan        I  RuntimeIPC::ThreadHelpers::SetState: threadName: DLObserver, currentState: STATE_STARTING, newState: STATE_RUNNING
2025-01-27 20:13:53.034  8192-8226  DeadlockOb...UNTIMEIPC] com.oculus.sdk.helloxr.vulkan        I  MainLoop starting
2025-01-27 20:13:53.034  8192-8221  DeadlockOb...UNTIMEIPC] com.oculus.sdk.helloxr.vulkan        I  DeadlockObserver Init SUCCESS with defaultKillThreshold: 30.000000
2025-01-27 20:13:53.034  8192-8221  RuntimeIPC...UNTIMEIPC] com.oculus.sdk.helloxr.vulkan        W  Init: Java VM is null
2025-01-27 20:13:53.038  8192-8221  ThreadHelp...UNTIMEIPC] com.oculus.sdk.helloxr.vulkan        I  RuntimeIPC::ThreadHelpers::SetState: threadName: IpcDCReqHandler, currentState: STATE_STOPPED, newState: STATE_STARTING
2025-01-27 20:13:53.038  8192-8229  ThreadHelp...UNTIMEIPC] com.oculus.sdk.helloxr.vulkan        I  RuntimeIPC::ThreadHelpers::SetState: threadName: IpcDCReqHandler, currentState: STATE_STARTING, newState: STATE_RUNNING
2025-01-27 20:13:53.038  8192-8229  IPCDataCha...UNTIMEIPC] com.oculus.sdk.helloxr.vulkan        D  Connected: 1, broker_package:broker_process:0
2025-01-27 20:13:53.038  8192-8221  BrokerRPC [RUNTIMEIPC]  com.oculus.sdk.helloxr.vulkan        I  InitRPCToServiceInternal: Success
2025-01-27 20:13:53.038  8192-8221  ThreadHelp...UNTIMEIPC] com.oculus.sdk.helloxr.vulkan        I  RuntimeIPC::ThreadHelpers::SetState: threadName: RIPCSystem, currentState: STATE_STOPPED, newState: STATE_STARTING
2025-01-27 20:13:53.038  8192-8230  ThreadHelp...UNTIMEIPC] com.oculus.sdk.helloxr.vulkan        I  RuntimeIPC::ThreadHelpers::SetState: threadName: RIPCSystem, currentState: STATE_STARTING, newState: STATE_RUNNING
2025-01-27 20:13:53.038  8192-8221  RuntimeIPC...UNTIMEIPC] com.oculus.sdk.helloxr.vulkan        I  RuntimeIPCSystem: Init SUCCESS
2025-01-27 20:13:53.039  8192-8221  ThreadHelp...UNTIMEIPC] com.oculus.sdk.helloxr.vulkan        I  RuntimeIPC::ThreadHelpers::SetState: threadName: JobPoolWorker, currentState: STATE_STOPPED, newState: STATE_STARTING
2025-01-27 20:13:53.039  8192-8231  ThreadHelp...UNTIMEIPC] com.oculus.sdk.helloxr.vulkan        I  RuntimeIPC::ThreadHelpers::SetState: threadName: JobPoolWorker, currentState: STATE_STARTING, newState: STATE_RUNNING
2025-01-27 20:13:53.039  8192-8221  ClientProc...UNTIMEIPC] com.oculus.sdk.helloxr.vulkan        I  GetProcessConnection: com.oculus.systemdriver:com.oculus.vrruntimeservice
2025-01-27 20:13:53.040  8192-8221  RuntimeIPC...UNTIMEIPC] com.oculus.sdk.helloxr.vulkan        I  Event buffer size (client): 8192
2025-01-27 20:13:53.040  8192-8221  RuntimeIPC...UNTIMEIPC] com.oculus.sdk.helloxr.vulkan        I  TryToGetIPCResourcesFromServer: RPC_CONNECTOR_CONNECT_TO_SERVER SUCCESS: Client: com.oculus.sdk.helloxr.vulkan:com.oculus.sdk.helloxr.vulkan:8192, Server: com.oculus.systemdriver:com.oculus.vrruntimeservice (gkcache)
2025-01-27 20:13:53.040  8192-8221  RuntimeIPC...UNTIMEIPC] com.oculus.sdk.helloxr.vulkan        I  EnsureServerConnection: SUCCESS. Client: com.oculus.sdk.helloxr.vulkan:com.oculus.sdk.helloxr.vulkan:8192, Server: com.oculus.systemdriver:com.oculus.vrruntimeservice (gkcache)
2025-01-27 20:13:53.040  8192-8221  RuntimeIPC...UNTIMEIPC] com.oculus.sdk.helloxr.vulkan        I  ConnectToServer: SUCCESS: Client: com.oculus.sdk.helloxr.vulkan:com.oculus.sdk.helloxr.vulkan:8192, Server: com.oculus.systemdriver:com.oculus.vrruntimeservice (gkcache)
2025-01-27 20:13:53.041  8192-8221  RuntimeIPC...UNTIMEIPC] com.oculus.sdk.helloxr.vulkan        I  InitServerStateBuffer: SUCCESS. 0, Client: com.oculus.sdk.helloxr.vulkan:com.oculus.sdk.helloxr.vulkan:8192, Server: com.oculus.systemdriver:com.oculus.vrruntimeservice (gkcache)
2025-01-27 20:13:53.041  8192-8221  ThreadHelp...UNTIMEIPC] com.oculus.sdk.helloxr.vulkan        I  RuntimeIPC::ThreadHelpers::SetState: threadName: RIPCNotifThread, currentState: STATE_STOPPED, newState: STATE_STARTING
2025-01-27 20:13:53.041  8192-8233  ThreadHelp...UNTIMEIPC] com.oculus.sdk.helloxr.vulkan        I  RuntimeIPC::ThreadHelpers::SetState: threadName: RIPCNotifThread, currentState: STATE_STARTING, newState: STATE_RUNNING
2025-01-27 20:13:53.041  8192-8221  OpenXR_ClientState      com.oculus.sdk.helloxr.vulkan        I  Client state creation succeeded.
2025-01-27 20:13:53.041  8192-8221  OpenXR                  com.oculus.sdk.helloxr.vulkan        V  OpenXRForwardLoader::xrInitializeLoaderKHR [end]
2025-01-27 20:13:53.041  8192-8221  OpenXR                  com.oculus.sdk.helloxr.vulkan        V  OpenXRForwardLoader::xrNegotiateLoaderRuntimeInterface [start]
2025-01-27 20:13:53.042  8192-8221  OpenXR                  com.oculus.sdk.helloxr.vulkan        V  OpenXRForwardLoader::xrNegotiateLoaderRuntimeInterface [end]
2025-01-27 20:13:53.042  8192-8221  OpenXR-Loader           com.oculus.sdk.helloxr.vulkan        I  Info [GENERAL | xrEnumerateInstanceExtensionProperties | OpenXR-Loader] : RuntimeInterface::LoadRuntime succeeded loading runtime defined in manifest file /system/etc/openxr/1/active_runtime.aarch64.json using interface version 1 and OpenXR API version 1.0
2025-01-27 20:13:53.043  8192-8221  OpenXR                  com.oculus.sdk.helloxr.vulkan        I  IsFirstParty 0
2025-01-27 20:13:53.044  8192-8221  .helloxr.vulka          com.oculus.sdk.helloxr.vulkan        W  Accessing hidden method Landroid/content/pm/ApplicationInfo;->isPrivilegedApp()Z (blocked,test-api, reflection, denied)
2025-01-27 20:13:53.044  8192-8221  .helloxr.vulka          com.oculus.sdk.helloxr.vulkan        W  If this is a platform test consider enabling VMRuntime.ALLOW_TEST_API_ACCESS change id for this package.
2025-01-27 20:13:53.044  8192-8221  OpenXR                  com.oculus.sdk.helloxr.vulkan        I  IsPrivileged 0
2025-01-27 20:13:53.044  8192-8221  OpenXR                  com.oculus.sdk.helloxr.vulkan        I  Is_X_PartnerGateKeeper
2025-01-27 20:13:53.044  8192-8221  OpenXR                  com.oculus.sdk.helloxr.vulkan        I  PGK Status: exp = 0, dc = false
2025-01-27 20:13:53.044  8192-8221  OpenXR                  com.oculus.sdk.helloxr.vulkan        I  oculus_first_access = false
2025-01-27 20:13:53.044  8192-8221  OpenXR                  com.oculus.sdk.helloxr.vulkan        I  Extension status: P
2025-01-27 20:13:53.044  8192-8221  OpenXR                  com.oculus.sdk.helloxr.vulkan        I  IsFirstParty 0
2025-01-27 20:13:53.045  8192-8221  OpenXR                  com.oculus.sdk.helloxr.vulkan        I  IsSystem 0
2025-01-27 20:13:53.046  8192-8221  libosutils              com.oculus.sdk.helloxr.vulkan        E  Failed to get real path of file '/sys/devices/soc0/platform_subtype_id', err: Permission denied
2025-01-27 20:13:53.042  8192-8192  Thread-1                com.oculus.sdk.helloxr.vulkan        W  type=1400 audit(0.0:123592): avc: denied { search } for name="soc0" dev="sysfs" ino=66965 scontext=u:r:untrusted_app:s0:c223,c258,c512,c768 tcontext=u:object_r:vendor_sysfs_soc:s0 tclass=dir permissive=0 app=com.oculus.sdk.helloxr.vulkan
2025-01-27 20:13:53.042  8192-8192  Thread-1                com.oculus.sdk.helloxr.vulkan        W  type=1400 audit(0.0:123593): avc: denied { search } for name="soc0" dev="sysfs" ino=66965 scontext=u:r:untrusted_app:s0:c223,c258,c512,c768 tcontext=u:object_r:vendor_sysfs_soc:s0 tclass=dir permissive=0 app=com.oculus.sdk.helloxr.vulkan
2025-01-27 20:13:53.046  8192-8221  libosutils              com.oculus.sdk.helloxr.vulkan        E  Failed to get real path of file '/sys/devices/soc0/platform_version', err: Permission denied
2025-01-27 20:13:53.046  8192-8221  libdeviceid             com.oculus.sdk.helloxr.vulkan        W  DeviceId unknown with subtype FFFFFFFF and version: 0xFFFFFFFF
2025-01-27 20:13:53.045  8192-8192  Thread-1                com.oculus.sdk.helloxr.vulkan        W  type=1400 audit(0.0:123594): avc: denied { search } for name="soc0" dev="sysfs" ino=66965 scontext=u:r:untrusted_app:s0:c223,c258,c512,c768 tcontext=u:object_r:vendor_sysfs_soc:s0 tclass=dir permissive=0 app=com.oculus.sdk.helloxr.vulkan
2025-01-27 20:13:53.045  8192-8192  Thread-1                com.oculus.sdk.helloxr.vulkan        W  type=1400 audit(0.0:123595): avc: denied { search } for name="soc0" dev="sysfs" ino=66965 scontext=u:r:untrusted_app:s0:c223,c258,c512,c768 tcontext=u:object_r:vendor_sysfs_soc:s0 tclass=dir permissive=0 app=com.oculus.sdk.helloxr.vulkan
2025-01-27 20:13:53.048  8192-8221  libosutils              com.oculus.sdk.helloxr.vulkan        E  Failed to get real path of file '/sys/devices/soc0/platform_subtype_id', err: Permission denied
2025-01-27 20:13:53.048  8192-8221  libosutils              com.oculus.sdk.helloxr.vulkan        E  Failed to get real path of file '/sys/devices/soc0/platform_version', err: Permission denied
2025-01-27 20:13:53.048  8192-8221  libdeviceid             com.oculus.sdk.helloxr.vulkan        W  DeviceId unknown with subtype FFFFFFFF and version: 0xFFFFFFFF
2025-01-27 20:13:53.051  8192-8221  libc                    com.oculus.sdk.helloxr.vulkan        W  Access denied finding property "ro.vendor.product.model_extended"
2025-01-27 20:13:53.051  8192-8221  OpenXR                  com.oculus.sdk.helloxr.vulkan        I  xrEnumerateInstanceExtensionProperties: skipping extension=`XR_META_body_tracking_full_body` due to: missing uses-feature string `com.oculus.software.body_tracking` from AndroidManifest
2025-01-27 20:13:53.051  8192-8221  OpenXR                  com.oculus.sdk.helloxr.vulkan        I  xrEnumerateInstanceExtensionProperties: skipping extension=`XR_FB_body_tracking` due to: missing uses-feature string `com.oculus.software.body_tracking` from AndroidManifest
2025-01-27 20:13:53.051  8192-8221  OpenXR                  com.oculus.sdk.helloxr.vulkan        I  xrEnumerateInstanceExtensionProperties: skipping extension=`XR_FB_keyboard_tracking` due to: missing uses-feature string `oculus.software.trackedkeyboard` from AndroidManifest
2025-01-27 20:13:53.051  8192-8221  OpenXR                  com.oculus.sdk.helloxr.vulkan        I  xrEnumerateInstanceExtensionProperties: skipping extension=`XR_FBX1_spatial_entity` due to: Tier=40 extState=P deviceIsExpEnabled=false expManifestSet=false isFirstPartyApp=false isSystemApp=false
2025-01-27 20:13:53.051  8192-8221  OpenXR                  com.oculus.sdk.helloxr.vulkan        I  xrEnumerateInstanceExtensionProperties: skipping extension=`XR_FBX2_spatial_entity` due to: Tier=40 extState=P deviceIsExpEnabled=false expManifestSet=false isFirstPartyApp=false isSystemApp=false
2025-01-27 20:13:53.052  8192-8221  OpenXR                  com.oculus.sdk.helloxr.vulkan        I  xrEnumerateInstanceExtensionProperties: skipping extension=`XR_FB_spatial_entity` due to: missing uses-permission string `com.oculus.permission.USE_ANCHOR_API` from AndroidManifest in package `com.oculus.sdk.helloxr.vulkan`
2025-01-27 20:13:53.052  8192-8221  OpenXR                  com.oculus.sdk.helloxr.vulkan        I  xrEnumerateInstanceExtensionProperties: skipping extension=`XR_FB_triangle_mesh` due to: missing uses-feature string `com.oculus.feature.PASSTHROUGH` from AndroidManifest
2025-01-27 20:13:53.052  8192-8221  OpenXR                  com.oculus.sdk.helloxr.vulkan        I  xrEnumerateInstanceExtensionProperties: skipping extension=`XR_FB_passthrough` due to: missing uses-feature string `com.oculus.feature.PASSTHROUGH` from AndroidManifest
2025-01-27 20:13:53.052  8192-8221  OpenXR                  com.oculus.sdk.helloxr.vulkan        I  xrEnumerateInstanceExtensionProperties: skipping extension=`XR_METAX1_passthrough_color_lut` due to: Tier=40 extState=P deviceIsExpEnabled=false expManifestSet=false isFirstPartyApp=false isSystemApp=false
2025-01-27 20:13:53.052  8192-8221  OpenXR                  com.oculus.sdk.helloxr.vulkan        I  xrEnumerateInstanceExtensionProperties: skipping extension=`XR_META_passthrough_color_lut` due to: missing uses-feature string `com.oculus.feature.PASSTHROUGH` from AndroidManifest
2025-01-27 20:13:53.052  8192-8221  OpenXR                  com.oculus.sdk.helloxr.vulkan        I  xrEnumerateInstanceExtensionProperties: skipping extension=`XR_META_passthrough_layer_resumed_event` due to: missing uses-feature string `com.oculus.feature.PASSTHROUGH` from AndroidManifest
2025-01-27 20:13:53.052  8192-8221  OpenXR                  com.oculus.sdk.helloxr.vulkan        I  xrEnumerateInstanceExtensionProperties: skipping extension=`XR_FB_render_model` due to: missing uses-feature string `com.oculus.feature.RENDER_MODEL` from AndroidManifest
2025-01-27 20:13:53.052  8192-8221  OpenXR                  com.oculus.sdk.helloxr.vulkan        I  xrEnumerateInstanceExtensionProperties: skipping extension=`XR_FBX1_spatial_entity_query` due to: Tier=40 extState=P deviceIsExpEnabled=false expManifestSet=false isFirstPartyApp=false isSystemApp=false
2025-01-27 20:13:53.052  8192-8221  OpenXR                  com.oculus.sdk.helloxr.vulkan        I  xrEnumerateInstanceExtensionProperties: skipping extension=`XR_FBX2_spatial_entity_query` due to: Tier=40 extState=P deviceIsExpEnabled=false expManifestSet=false isFirstPartyApp=false isSystemApp=false
2025-01-27 20:13:53.052  8192-8221  OpenXR                  com.oculus.sdk.helloxr.vulkan        I  xrEnumerateInstanceExtensionProperties: skipping extension=`XR_FB_spatial_entity_query` due to: missing uses-permission string `com.oculus.permission.USE_ANCHOR_API` from AndroidManifest in package `com.oculus.sdk.helloxr.vulkan`
2025-01-27 20:13:53.052  8192-8221  OpenXR                  com.oculus.sdk.helloxr.vulkan        I  xrEnumerateInstanceExtensionProperties: skipping extension=`XR_META_spatial_entity_persistence` due to: missing uses-permission string `com.oculus.permission.USE_ANCHOR_API` from AndroidManifest in package `com.oculus.sdk.helloxr.vulkan`
2025-01-27 20:13:53.052  8192-8221  OpenXR                  com.oculus.sdk.helloxr.vulkan        I  xrEnumerateInstanceExtensionProperties: skipping extension=`XR_META_spatial_entity_discovery` due to: missing uses-permission string `com.oculus.permission.USE_ANCHOR_API` from AndroidManifest in package `com.oculus.sdk.helloxr.vulkan`
2025-01-27 20:13:53.052  8192-8221  OpenXR                  com.oculus.sdk.helloxr.vulkan        I  xrEnumerateInstanceExtensionProperties: skipping extension=`XR_FBX1_touch_controller_extras` due to: Tier=40 extState=P deviceIsExpEnabled=false expManifestSet=false isFirstPartyApp=false isSystemApp=false
2025-01-27 20:13:53.052  8192-8221  OpenXR                  com.oculus.sdk.helloxr.vulkan        I  xrEnumerateInstanceExtensionProperties: skipping extension=`XR_FBX1_spatial_entity_storage` due to: Tier=40 extState=P deviceIsExpEnabled=false expManifestSet=false isFirstPartyApp=false isSystemApp=false
2025-01-27 20:13:53.052  8192-8221  OpenXR                  com.oculus.sdk.helloxr.vulkan        I  xrEnumerateInstanceExtensionProperties: skipping extension=`XR_FBX2_spatial_entity_storage` due to: Tier=40 extState=P deviceIsExpEnabled=false expManifestSet=false isFirstPartyApp=false isSystemApp=false
2025-01-27 20:13:53.052  8192-8221  OpenXR                  com.oculus.sdk.helloxr.vulkan        I  xrEnumerateInstanceExtensionProperties: skipping extension=`XR_FB_spatial_entity_storage` due to: missing uses-permission string `com.oculus.permission.USE_ANCHOR_API` from AndroidManifest in package `com.oculus.sdk.helloxr.vulkan`
2025-01-27 20:13:53.052  8192-8221  OpenXR                  com.oculus.sdk.helloxr.vulkan        I  xrEnumerateInstanceExtensionProperties: skipping extension=`XR_FB_spatial_entity_storage_batch` due to: missing uses-permission string `com.oculus.permission.USE_ANCHOR_API` from AndroidManifest in package `com.oculus.sdk.helloxr.vulkan`
2025-01-27 20:13:53.052  8192-8221  OpenXR                  com.oculus.sdk.helloxr.vulkan        I  xrEnumerateInstanceExtensionProperties: skipping extension=`XR_FB_spatial_entity_sharing` due to: missing uses-permission string `com.oculus.permission.IMPORT_EXPORT_IOT_MAP_DATA` from AndroidManifest in package `com.oculus.sdk.helloxr.vulkan`
2025-01-27 20:13:53.052  8192-8221  OpenXR                  com.oculus.sdk.helloxr.vulkan        I  xrEnumerateInstanceExtensionProperties: skipping extension=`XR_META_spatial_entity_sharing` due to: missing uses-permission string `com.oculus.permission.IMPORT_EXPORT_IOT_MAP_DATA` from AndroidManifest in package `com.oculus.sdk.helloxr.vulkan`
2025-01-27 20:13:53.052  8192-8221  OpenXR                  com.oculus.sdk.helloxr.vulkan        I  xrEnumerateInstanceExtensionProperties: skipping extension=`XR_META_spatial_entity_group_sharing` due to: missing uses-permission string `com.oculus.permission.IMPORT_EXPORT_IOT_MAP_DATA` from AndroidManifest in package `com.oculus.sdk.helloxr.vulkan`
2025-01-27 20:13:53.052  8192-8221  OpenXR                  com.oculus.sdk.helloxr.vulkan        I  xrEnumerateInstanceExtensionProperties: skipping extension=`XR_FB_spatial_entity_container` due to: missing uses-permission string `com.oculus.permission.USE_ANCHOR_API` from AndroidManifest in package `com.oculus.sdk.helloxr.vulkan`
2025-01-27 20:13:53.052  8192-8221  OpenXR                  com.oculus.sdk.helloxr.vulkan        I  xrEnumerateInstanceExtensionProperties: skipping extension=`XR_META_colocation_discovery` due to: missing uses-permission string `com.oculus.permission.USE_COLOCATION_DISCOVERY_API` from AndroidManifest in package `com.oculus.sdk.helloxr.vulkan`
2025-01-27 20:13:53.052  8192-8221  OpenXR                  com.oculus.sdk.helloxr.vulkan        I  xrEnumerateInstanceExtensionProperties: skipping extension=`XR_FB_scene` due to: missing uses-permission string `com.oculus.permission.USE_ANCHOR_API` from AndroidManifest in package `com.oculus.sdk.helloxr.vulkan`
2025-01-27 20:13:53.052  8192-8221  OpenXR                  com.oculus.sdk.helloxr.vulkan        I  xrEnumerateInstanceExtensionProperties: skipping extension=`XR_FB_scene_capture` due to: missing uses-permission string `com.oculus.permission.USE_ANCHOR_API` from AndroidManifest in package `com.oculus.sdk.helloxr.vulkan`
2025-01-27 20:13:53.052  8192-8221  OpenXR                  com.oculus.sdk.helloxr.vulkan        I  xrEnumerateInstanceExtensionProperties: skipping extension=`XR_META_spatial_entity_mesh` due to: missing uses-permission string `com.oculus.permission.USE_SCENE` from AndroidManifest in package `com.oculus.sdk.helloxr.vulkan`
2025-01-27 20:13:53.052  8192-8221  OpenXR                  com.oculus.sdk.helloxr.vulkan        I  xrEnumerateInstanceExtensionProperties: skipping extension=`XR_FB_face_tracking` due to: missing uses-feature string `oculus.software.face_tracking` from AndroidManifest
2025-01-27 20:13:53.052  8192-8221  OpenXR                  com.oculus.sdk.helloxr.vulkan        I  xrEnumerateInstanceExtensionProperties: skipping extension=`XR_FB_face_tracking2` due to: missing uses-feature string `oculus.software.face_tracking` from AndroidManifest
2025-01-27 20:13:53.052  8192-8221  OpenXR                  com.oculus.sdk.helloxr.vulkan        I  xrEnumerateInstanceExtensionProperties: skipping extension 'XR_META_local_dimming' as device requirements requirements (16) are not met.
2025-01-27 20:13:53.052  8192-8221  OpenXR                  com.oculus.sdk.helloxr.vulkan        I  xrEnumerateInstanceExtensionProperties: skipping extension=`XR_META_foveation_eye_tracked` due to: missing uses-feature string `oculus.software.eye_tracking` from AndroidManifest
2025-01-27 20:13:53.052  8192-8221  OpenXR                  com.oculus.sdk.helloxr.vulkan        I  xrEnumerateInstanceExtensionProperties: skipping extension=`XR_FB_eye_tracking_social` due to: missing uses-feature string `oculus.software.eye_tracking` from AndroidManifest
2025-01-27 20:13:53.052  8192-8221  OpenXR                  com.oculus.sdk.helloxr.vulkan        I  xrEnumerateInstanceExtensionProperties: skipping extension=`XR_FB_passthrough_keyboard_hands` due to: missing uses-feature string `com.oculus.feature.PASSTHROUGH` from AndroidManifest
2025-01-27 20:13:53.052  8192-8221  OpenXR                  com.oculus.sdk.helloxr.vulkan        I  xrEnumerateInstanceExtensionProperties: skipping extension=`XR_FBX1_composition_layer_settings` due to: Tier=40 extState=P deviceIsExpEnabled=false expManifestSet=false isFirstPartyApp=false isSystemApp=false
2025-01-27 20:13:53.052  8192-8221  OpenXR                  com.oculus.sdk.helloxr.vulkan        I  xrEnumerateInstanceExtensionProperties: skipping extension=`XR_FBX1_composition_layer_depth_test` due to: Tier=40 extState=P deviceIsExpEnabled=false expManifestSet=false isFirstPartyApp=false isSystemApp=false
2025-01-27 20:13:53.052  8192-8221  OpenXR                  com.oculus.sdk.helloxr.vulkan        I  xrEnumerateInstanceExtensionProperties: skipping extension=`XR_EXT_eye_gaze_interaction` due to: missing uses-permission string `com.oculus.permission.EYE_TRACKING` from AndroidManifest in package `com.oculus.sdk.helloxr.vulkan`
2025-01-27 20:13:53.052  8192-8221  OpenXR                  com.oculus.sdk.helloxr.vulkan        I  xrEnumerateInstanceExtensionProperties: skipping extension=`XR_META_hand_tracking_wide_motion_mode` due to: missing uses-feature string `com.oculus.software.body_tracking` from AndroidManifest
2025-01-27 20:13:53.052  8192-8221  OpenXR                  com.oculus.sdk.helloxr.vulkan        I  xrEnumerateInstanceExtensionProperties: skipping extension=`XR_EXTX1_hand_tracking_data_source` due to: Tier=40 extState=P deviceIsExpEnabled=false expManifestSet=false isFirstPartyApp=false isSystemApp=false
2025-01-27 20:13:53.052  8192-8221  OpenXR                  com.oculus.sdk.helloxr.vulkan        I  xrEnumerateInstanceExtensionProperties: skipping extension=`XR_METAX1_performance_metrics` due to: Tier=40 extState=P deviceIsExpEnabled=false expManifestSet=false isFirstPartyApp=false isSystemApp=false
2025-01-27 20:13:53.052  8192-8221  OpenXR                  com.oculus.sdk.helloxr.vulkan        I  xrEnumerateInstanceExtensionProperties: skipping extension=`XR_METAX1_virtual_keyboard` due to: Tier=40 extState=P deviceIsExpEnabled=false expManifestSet=false isFirstPartyApp=false isSystemApp=false
2025-01-27 20:13:53.052  8192-8221  OpenXR                  com.oculus.sdk.helloxr.vulkan        I  xrEnumerateInstanceExtensionProperties: skipping extension=`XR_METAX2_virtual_keyboard` due to: Tier=40 extState=P deviceIsExpEnabled=false expManifestSet=false isFirstPartyApp=false isSystemApp=false
2025-01-27 20:13:53.052  8192-8221  OpenXR                  com.oculus.sdk.helloxr.vulkan        I  xrEnumerateInstanceExtensionProperties: skipping extension=`XR_EXTX1_event_channel` due to: Tier=40 extState=P deviceIsExpEnabled=false expManifestSet=false isFirstPartyApp=false isSystemApp=false
2025-01-27 20:13:53.052  8192-8221  OpenXR                  com.oculus.sdk.helloxr.vulkan        I  xrEnumerateInstanceExtensionProperties: skipping extension=`XR_METAX1_environment_depth` due to: Tier=40 extState=P deviceIsExpEnabled=false expManifestSet=false isFirstPartyApp=false isSystemApp=false
2025-01-27 20:13:53.052  8192-8221  OpenXR                  com.oculus.sdk.helloxr.vulkan        I  xrEnumerateInstanceExtensionProperties: skipping extension=`XR_METAX2_environment_depth` due to: Tier=40 extState=P deviceIsExpEnabled=false expManifestSet=false isFirstPartyApp=false isSystemApp=false
2025-01-27 20:13:53.052  8192-8221  OpenXR                  com.oculus.sdk.helloxr.vulkan        I  xrEnumerateInstanceExtensionProperties: skipping extension=`XR_META_environment_depth` due to: missing uses-permission string `com.oculus.permission.USE_SCENE` from AndroidManifest in package `com.oculus.sdk.helloxr.vulkan`
2025-01-27 20:13:53.052  8192-8221  OpenXR                  com.oculus.sdk.helloxr.vulkan        I  xrEnumerateInstanceExtensionProperties: skipping extension=`XR_EXT_palm_pose` due to: Tier=40 extState=P deviceIsExpEnabled=false expManifestSet=false isFirstPartyApp=false isSystemApp=false
2025-01-27 20:13:53.052  8192-8221  OpenXR                  com.oculus.sdk.helloxr.vulkan        I  xrEnumerateInstanceExtensionProperties: skipping extension=`XR_META_body_tracking_fidelity` due to: missing uses-feature string `com.oculus.software.body_tracking` from AndroidManifest
2025-01-27 20:13:53.052  8192-8221  OpenXR                  com.oculus.sdk.helloxr.vulkan        I  xrEnumerateInstanceExtensionProperties: skipping extension=`XR_META_body_tracking_calibration` due to: missing uses-feature string `com.oculus.software.body_tracking` from AndroidManifest
2025-01-27 20:13:53.052  8192-8221  OpenXR                  com.oculus.sdk.helloxr.vulkan        I  xrEnumerateInstanceExtensionProperties: skipping extension=`XR_META_boundary_visibility` due to: missing uses-permission string `com.oculus.permission.BOUNDARY_VISIBILITY` from AndroidManifest in package `com.oculus.sdk.helloxr.vulkan`
2025-01-27 20:13:53.052  8192-8221  OpenXR                  com.oculus.sdk.helloxr.vulkan        I  xrEnumerateInstanceExtensionProperties: skipping extension=`XR_METAX1_dynamic_object_tracker` due to: Tier=40 extState=P deviceIsExpEnabled=false expManifestSet=false isFirstPartyApp=false isSystemApp=false
2025-01-27 20:13:53.053  8192-8221  OpenXR-Loader           com.oculus.sdk.helloxr.vulkan        V  Verbose [GENERAL | xrEnumerateInstanceExtensionProperties | OpenXR-Loader] : Completed loader trampoline
2025-01-27 20:13:53.053  8192-8221  OpenXR-Loader           com.oculus.sdk.helloxr.vulkan        V  Verbose [GENERAL | xrEnumerateInstanceExtensionProperties | OpenXR-Loader] : Entering loader trampoline
2025-01-27 20:13:53.053  8192-8221  OpenXR-Loader           com.oculus.sdk.helloxr.vulkan        V  Verbose [GENERAL | xrEnumerateInstanceExtensionProperties | OpenXR-Loader] : Completed loader trampoline
2025-01-27 20:13:53.053  8192-8221  OpenXR-Loader           com.oculus.sdk.helloxr.vulkan        V  Verbose [GENERAL | xrEnumerateApiLayerProperties | OpenXR-Loader] : Entering loader trampoline
2025-01-27 20:13:53.053  8192-8221  OpenXR-Loader           com.oculus.sdk.helloxr.vulkan        V  Verbose [GENERAL | xrEnumerateApiLayerProperties | OpenXR-Loader] : Entering loader trampoline
2025-01-27 20:13:53.054  8192-8221  helloxr                 com.oculus.sdk.helloxr.vulkan        V  [20:13:53.053][Info   ] Available Layers: (0)
2025-01-27 20:13:53.054  8192-8221  OpenXR-Loader           com.oculus.sdk.helloxr.vulkan        V  Verbose [GENERAL | xrCreateInstance | OpenXR-Loader] : Entering loader trampoline
2025-01-27 20:13:53.054  8192-8221  OpenXR-Loader           com.oculus.sdk.helloxr.vulkan        V  Verbose [GENERAL | xrCreateInstance | OpenXR-Loader] : Entering LoaderInstance::CreateInstance
2025-01-27 20:13:53.054  8192-8221  OpenXR-Loader           com.oculus.sdk.helloxr.vulkan        V  Verbose [GENERAL | xrCreateInstance | OpenXR-Loader] : Entering loader terminator
2025-01-27 20:13:53.054  8192-8221  OpenXR                  com.oculus.sdk.helloxr.vulkan        I  ----------- xrCreateInstance [start] ----------
2025-01-27 20:13:53.054  8192-8221  OpenXR_ClientState      com.oculus.sdk.helloxr.vulkan        I  OpenXRClientState::create - from xrCreateInstance
2025-01-27 20:13:53.054  8192-8221  VersionGater            com.oculus.sdk.helloxr.vulkan        I  App OpenXR version is 1.0.43
2025-01-27 20:13:53.054  8192-8221  VersionGater            com.oculus.sdk.helloxr.vulkan        I  Version gate state: 1111 1111 1111 111
2025-01-27 20:13:53.054  8192-8221  OpenXR                  com.oculus.sdk.helloxr.vulkan        I  [OATS] Creating OATS instance
2025-01-27 20:13:53.055  8192-8221  OpenXR                  com.oculus.sdk.helloxr.vulkan        I  [OATS] Successfully created OATS instance
2025-01-27 20:13:53.056  8192-8221  TREX                    com.oculus.sdk.helloxr.vulkan        I  Initializing TREX for client 3397bc5f175e95d3...
2025-01-27 20:13:53.056  8192-8221  TREX                    com.oculus.sdk.helloxr.vulkan        I  Initializing system...
2025-01-27 20:13:53.056  8192-8221  XrRuntimeSystem_Client  com.oculus.sdk.helloxr.vulkan        I  BodyPoweredHands checkSysPropForBodyAPIOverride 0
2025-01-27 20:13:53.056  8192-8221  TREXLoadPolicy          com.oculus.sdk.helloxr.vulkan        I  Plugin 'com.oculus.mrservice:': GK killswitch is enabled! Plugin will be skipped!
2025-01-27 20:13:53.057  8192-8221  TREX                    com.oculus.sdk.helloxr.vulkan        I  Created plugin package context for com.oculus.systemdriver
2025-01-27 20:13:53.058  8192-8221  ThreadHelp...UNTIMEIPC] com.oculus.sdk.helloxr.vulkan        I  RuntimeIPC::ThreadHelpers::SetState: threadName: JobPoolWorker, currentState: STATE_STOPPED, newState: STATE_STARTING
2025-01-27 20:13:53.059  8192-8235  ThreadHelp...UNTIMEIPC] com.oculus.sdk.helloxr.vulkan        I  RuntimeIPC::ThreadHelpers::SetState: threadName: JobPoolWorker, currentState: STATE_STARTING, newState: STATE_RUNNING
2025-01-27 20:13:53.059  8192-8221  RuntimeIPC...UNTIMEIPC] com.oculus.sdk.helloxr.vulkan        I  Event buffer size (client): 8192
2025-01-27 20:13:53.060  8192-8221  RuntimeIPC...UNTIMEIPC] com.oculus.sdk.helloxr.vulkan        I  TryToGetIPCResourcesFromServer: RPC_CONNECTOR_CONNECT_TO_SERVER SUCCESS: Client: com.oculus.sdk.helloxr.vulkan:com.oculus.sdk.helloxr.vulkan:8192, Server: com.oculus.systemdriver:com.oculus.vrruntimeservice (HapticsServer)
2025-01-27 20:13:53.060  8192-8221  RuntimeIPC...UNTIMEIPC] com.oculus.sdk.helloxr.vulkan        I  EnsureServerConnection: SUCCESS. Client: com.oculus.sdk.helloxr.vulkan:com.oculus.sdk.helloxr.vulkan:8192, Server: com.oculus.systemdriver:com.oculus.vrruntimeservice (HapticsServer)
2025-01-27 20:13:53.060  8192-8221  RuntimeIPC...UNTIMEIPC] com.oculus.sdk.helloxr.vulkan        I  ConnectToServer: SUCCESS: Client: com.oculus.sdk.helloxr.vulkan:com.oculus.sdk.helloxr.vulkan:8192, Server: com.oculus.systemdriver:com.oculus.vrruntimeservice (HapticsServer)
2025-01-27 20:13:53.060  8192-8221  TREX                    com.oculus.sdk.helloxr.vulkan        I  Loading EMGSDK Client Plugin
2025-01-27 20:13:53.060  8192-8221  TREX                    com.oculus.sdk.helloxr.vulkan        I  Created plugin package context for com.oculus.systemdriver
2025-01-27 20:13:53.062  8192-8221  ThreadHelp...UNTIMEIPC] com.oculus.sdk.helloxr.vulkan        I  RuntimeIPC::ThreadHelpers::SetState: threadName: JobPoolWorker, currentState: STATE_STOPPED, newState: STATE_STARTING
2025-01-27 20:13:53.062  8192-8237  ThreadHelp...UNTIMEIPC] com.oculus.sdk.helloxr.vulkan        I  RuntimeIPC::ThreadHelpers::SetState: threadName: JobPoolWorker, currentState: STATE_STARTING, newState: STATE_RUNNING
2025-01-27 20:13:53.063  8192-8221  RuntimeIPC...UNTIMEIPC] com.oculus.sdk.helloxr.vulkan        I  Event buffer size (client): 8192
2025-01-27 20:13:53.063  8192-8221  RuntimeIPC...UNTIMEIPC] com.oculus.sdk.helloxr.vulkan        I  TryToGetIPCResourcesFromServer: RPC_CONNECTOR_CONNECT_TO_SERVER SUCCESS: Client: com.oculus.sdk.helloxr.vulkan:com.oculus.sdk.helloxr.vulkan:8192, Server: com.oculus.systemdriver:com.oculus.vrruntimeservice (HandInputDataServer)
2025-01-27 20:13:53.063  8192-8221  RuntimeIPC...UNTIMEIPC] com.oculus.sdk.helloxr.vulkan        I  EnsureServerConnection: SUCCESS. Client: com.oculus.sdk.helloxr.vulkan:com.oculus.sdk.helloxr.vulkan:8192, Server: com.oculus.systemdriver:com.oculus.vrruntimeservice (HandInputDataServer)
2025-01-27 20:13:53.063  8192-8221  RuntimeIPC...UNTIMEIPC] com.oculus.sdk.helloxr.vulkan        I  ConnectToServer: SUCCESS: Client: com.oculus.sdk.helloxr.vulkan:com.oculus.sdk.helloxr.vulkan:8192, Server: com.oculus.systemdriver:com.oculus.vrruntimeservice (HandInputDataServer)
2025-01-27 20:13:53.064  8192-8221  TREX                    com.oculus.sdk.helloxr.vulkan        E  Loaded HandInputDataClientPlugin
2025-01-27 20:13:53.065  8192-8221  TREX                    com.oculus.sdk.helloxr.vulkan        I  Created plugin package context for com.oculus.systemdriver
2025-01-27 20:13:53.066  8192-8221  ThreadHelp...UNTIMEIPC] com.oculus.sdk.helloxr.vulkan        I  RuntimeIPC::ThreadHelpers::SetState: threadName: JobPoolWorker, currentState: STATE_STOPPED, newState: STATE_STARTING
2025-01-27 20:13:53.066  8192-8239  ThreadHelp...UNTIMEIPC] com.oculus.sdk.helloxr.vulkan        I  RuntimeIPC::ThreadHelpers::SetState: threadName: JobPoolWorker, currentState: STATE_STARTING, newState: STATE_RUNNING
2025-01-27 20:13:53.067  8192-8221  RuntimeIPC...UNTIMEIPC] com.oculus.sdk.helloxr.vulkan        I  Event buffer size (client): 8192
2025-01-27 20:13:53.067  8192-8221  RuntimeIPC...UNTIMEIPC] com.oculus.sdk.helloxr.vulkan        I  TryToGetIPCResourcesFromServer: RPC_CONNECTOR_CONNECT_TO_SERVER SUCCESS: Client: com.oculus.sdk.helloxr.vulkan:com.oculus.sdk.helloxr.vulkan:8192, Server: com.oculus.systemdriver:com.oculus.vrruntimeservice (ControllerIPCServer)
2025-01-27 20:13:53.067  8192-8221  RuntimeIPC...UNTIMEIPC] com.oculus.sdk.helloxr.vulkan        I  EnsureServerConnection: SUCCESS. Client: com.oculus.sdk.helloxr.vulkan:com.oculus.sdk.helloxr.vulkan:8192, Server: com.oculus.systemdriver:com.oculus.vrruntimeservice (ControllerIPCServer)
2025-01-27 20:13:53.067  8192-8221  RuntimeIPC...UNTIMEIPC] com.oculus.sdk.helloxr.vulkan        I  ConnectToServer: SUCCESS: Client: com.oculus.sdk.helloxr.vulkan:com.oculus.sdk.helloxr.vulkan:8192, Server: com.oculus.systemdriver:com.oculus.vrruntimeservice (ControllerIPCServer)
2025-01-27 20:13:53.069  8192-8221  TrexContro...ientPlugin com.oculus.sdk.helloxr.vulkan        I  ControllerClientBase::Initialize success
2025-01-27 20:13:53.070  8192-8221  TREX                    com.oculus.sdk.helloxr.vulkan        I  Loading plugin com.oculus.wearableinputservice:libtrex_emgwristband_client_plugin.so
2025-01-27 20:13:53.070  8192-8221  TREX                    com.oculus.sdk.helloxr.vulkan        I  package 'com.oculus.wearableinputservice' not found, skipping
2025-01-27 20:13:53.070  8192-8221  TREX                    com.oculus.sdk.helloxr.vulkan        I  Plugin 'com.oculus.wearableinputservice:libtrex_emgwristband_client_plugin.so' not loaded.
2025-01-27 20:13:53.070  8192-8221  TREX                    com.oculus.sdk.helloxr.vulkan        I  Loading plugin com.oculus.ovrmonitormetricsservice:libovrmetricstool_client_api.so
2025-01-27 20:13:53.073  8192-8221  TREXLoadPolicy          com.oculus.sdk.helloxr.vulkan        E  Package com.oculus.ovrmonitormetricsservice has an invalid signature! (Debugging)
2025-01-27 20:13:53.073  8192-8221  TREXLoadPolicy          com.oculus.sdk.helloxr.vulkan        E  Skipping load of package com.oculus.ovrmonitormetricsservice due to an invalid signature!
2025-01-27 20:13:53.073  8192-8221  TREX                    com.oculus.sdk.helloxr.vulkan        E  package 'com.oculus.ovrmonitormetricsservice' not allowed by policy
2025-01-27 20:13:53.073  8192-8221  TREX                    com.oculus.sdk.helloxr.vulkan        I  Plugin 'com.oculus.ovrmonitormetricsservice:libovrmetricstool_client_api.so' not loaded.
2025-01-27 20:13:53.073  8192-8221  TREX                    com.oculus.sdk.helloxr.vulkan        E  Interface 'WristbandClientInterface', version 6 was not found. Check debug build for more information.
2025-01-27 20:13:53.074  8192-8221  ThreadHelp...UNTIMEIPC] com.oculus.sdk.helloxr.vulkan        I  RuntimeIPC::ThreadHelpers::SetState: threadName: JobPoolWorker, currentState: STATE_STOPPED, newState: STATE_STARTING
2025-01-27 20:13:53.074  8192-8241  ThreadHelp...UNTIMEIPC] com.oculus.sdk.helloxr.vulkan        I  RuntimeIPC::ThreadHelpers::SetState: threadName: JobPoolWorker, currentState: STATE_STARTING, newState: STATE_RUNNING
2025-01-27 20:13:53.077  8192-8221  RuntimeIPC...UNTIMEIPC] com.oculus.sdk.helloxr.vulkan        I  Event buffer size (client): 8192
2025-01-27 20:13:53.077  8192-8221  RuntimeIPC...UNTIMEIPC] com.oculus.sdk.helloxr.vulkan        I  TryToGetIPCResourcesFromServer: RPC_CONNECTOR_CONNECT_TO_SERVER SUCCESS: Client: com.oculus.sdk.helloxr.vulkan:com.oculus.sdk.helloxr.vulkan:8192, Server: com.oculus.systemdriver:com.oculus.vrruntimeservice (RuntimeServiceDevice)
2025-01-27 20:13:53.077  8192-8221  RuntimeIPC...UNTIMEIPC] com.oculus.sdk.helloxr.vulkan        I  EnsureServerConnection: SUCCESS. Client: com.oculus.sdk.helloxr.vulkan:com.oculus.sdk.helloxr.vulkan:8192, Server: com.oculus.systemdriver:com.oculus.vrruntimeservice (RuntimeServiceDevice)
2025-01-27 20:13:53.077  8192-8221  RuntimeIPC...UNTIMEIPC] com.oculus.sdk.helloxr.vulkan        I  ConnectToServer: SUCCESS: Client: com.oculus.sdk.helloxr.vulkan:com.oculus.sdk.helloxr.vulkan:8192, Server: com.oculus.systemdriver:com.oculus.vrruntimeservice (RuntimeServiceDevice)
2025-01-27 20:13:53.082  8192-8221  RuntimeIPC...UNTIMEIPC] com.oculus.sdk.helloxr.vulkan        I  Shutdown: 1, Client: com.oculus.sdk.helloxr.vulkan:com.oculus.sdk.helloxr.vulkan:8192, Server: com.oculus.systemdriver:com.oculus.vrruntimeservice (RuntimeServiceDevice)
2025-01-27 20:13:53.082  8192-8221  RuntimeIPC...UNTIMEIPC] com.oculus.sdk.helloxr.vulkan        I  ReleaseRef: Remaining refs: 0, Client: com.oculus.sdk.helloxr.vulkan:com.oculus.sdk.helloxr.vulkan:8192, Server: com.oculus.systemdriver:com.oculus.vrruntimeservice (RuntimeServiceDevice)
2025-01-27 20:13:53.082  8192-8221  RuntimeIPC...UNTIMEIPC] com.oculus.sdk.helloxr.vulkan        I  DisconnectFromServer: 0, Client: com.oculus.sdk.helloxr.vulkan:com.oculus.sdk.helloxr.vulkan:8192, Server: com.oculus.systemdriver:com.oculus.vrruntimeservice (RuntimeServiceDevice)
2025-01-27 20:13:53.082  8192-8241  ThreadHelp...UNTIMEIPC] com.oculus.sdk.helloxr.vulkan        I  RuntimeIPC::ThreadHelpers::SetState: threadName: JobPoolWorker, currentState: STATE_STOPPING, newState: STATE_STOPPED
2025-01-27 20:13:53.082  8192-8221  Distortion              com.oculus.sdk.helloxr.vulkan        I  Initializing Mesh Decenter Correction
2025-01-27 20:13:53.082  8192-8221  libosutils              com.oculus.sdk.helloxr.vulkan        E  Failed to get real path of file '/sys/devices/soc0/platform_subtype_id', err: Permission denied
2025-01-27 20:13:53.082  8192-8221  libosutils              com.oculus.sdk.helloxr.vulkan        E  Failed to get real path of file '/sys/devices/soc0/platform_version', err: Permission denied
2025-01-27 20:13:53.082  8192-8221  libdeviceid             com.oculus.sdk.helloxr.vulkan        W  DeviceId unknown with subtype FFFFFFFF and version: 0xFFFFFFFF
2025-01-27 20:13:53.078  8192-8192  Thread-1                com.oculus.sdk.helloxr.vulkan        W  type=1400 audit(0.0:123596): avc: denied { search } for name="soc0" dev="sysfs" ino=66965 scontext=u:r:untrusted_app:s0:c223,c258,c512,c768 tcontext=u:object_r:vendor_sysfs_soc:s0 tclass=dir permissive=0 app=com.oculus.sdk.helloxr.vulkan
2025-01-27 20:13:53.078  8192-8192  Thread-1                com.oculus.sdk.helloxr.vulkan        W  type=1400 audit(0.0:123597): avc: denied { search } for name="soc0" dev="sysfs" ino=66965 scontext=u:r:untrusted_app:s0:c223,c258,c512,c768 tcontext=u:object_r:vendor_sysfs_soc:s0 tclass=dir permissive=0 app=com.oculus.sdk.helloxr.vulkan
2025-01-27 20:13:53.085  8192-8221  Distortion              com.oculus.sdk.helloxr.vulkan        I  Decenter tester version = 200
