2025-01-27 12:08:20.394 32178-32216 libdeviceid             com.oculus.sdk.helloxr.vulkan        W  DeviceId unknown with subtype FFFFFFFF and version: 0xFFFFFFFF
2025-01-27 12:08:20.394 32178-32216 Distortion              com.oculus.sdk.helloxr.vulkan        I  Decenter tester version = 200
2025-01-27 12:08:20.394 32178-32216 Distortion              com.oculus.sdk.helloxr.vulkan        I  SetLensPositions - iad=0.0635, left offset=-0.0030803,-3.05452e-05, right offset=0.00332641,1.07915e-05
2025-01-27 12:08:20.394 32178-32216 GkHelper                com.oculus.sdk.helloxr.vulkan        I  Checking gk 'oculus_quest3_high_res_eye_buffer', default = false
2025-01-27 12:08:20.394 32178-32216 GkHelper                com.oculus.sdk.helloxr.vulkan        I  Checking gk 'oculus_quest3_super_high_res_eye_buffer', default = false
2025-01-27 12:08:20.394 32178-32216 OpenXR                  com.oculus.sdk.helloxr.vulkan        I  ----------- xrCreateInstance [end] ----------
2025-01-27 12:08:20.394 32178-32216 OpenXR-Loader           com.oculus.sdk.helloxr.vulkan        V  Verbose [GENERAL | xrCreateInstance | OpenXR-Loader] : Completed loader terminator
2025-01-27 12:08:20.394 32178-32216 OpenXR-Loader           com.oculus.sdk.helloxr.vulkan        I  Info [GENERAL | xrCreateInstance | OpenXR-Loader] : LoaderInstance::CreateInstance succeeded with 0 layers enabled and runtime interface - created instance = 0x0100000000000002
2025-01-27 12:08:20.394 32178-32216 OpenXR-Loader           com.oculus.sdk.helloxr.vulkan        V  Verbose [GENERAL | xrCreateInstance | OpenXR-Loader] : Completed loader trampoline
2025-01-27 12:08:20.394 32178-32216 helloxr                 com.oculus.sdk.helloxr.vulkan        V  [12:08:20.394][Info   ] Instance RuntimeName=Oculus RuntimeVersion=71.601.0
2025-01-27 12:08:20.395 32178-32216 helloxr                 com.oculus.sdk.helloxr.vulkan        V  [12:08:20.395][Info   ] Available View Configuration Types: (1)
2025-01-27 12:08:20.395 32178-32216 helloxr                 com.oculus.sdk.helloxr.vulkan        V  [12:08:20.395][Info   ] Available Environment Blend Mode count : (1)
2025-01-27 12:08:20.395 32178-32216 helloxr                 com.oculus.sdk.helloxr.vulkan        V  [12:08:20.395][Info   ] Environment Blend Mode (XR_ENVIRONMENT_BLEND_MODE_OPAQUE) : (Selected)
2025-01-27 12:08:20.395 32178-32216 helloxr                 com.oculus.sdk.helloxr.vulkan        V  [12:08:20.395][Warning] No validation layers found in the system, skipping
2025-01-27 12:08:20.397 32178-32216 Adreno-AppProfiles      com.oculus.sdk.helloxr.vulkan        W  Could not find QSPM HAL service. Skipping adreno profile processing.
2025-01-27 12:08:20.398 32178-32216 AdrenoVK-0              com.oculus.sdk.helloxr.vulkan        I  ===== BEGIN DUMP OF OVERRIDDEN SETTINGS =====
2025-01-27 12:08:20.398 32178-32216 AdrenoVK-0              com.oculus.sdk.helloxr.vulkan        I  ===== END DUMP OF OVERRIDDEN SETTINGS =====
2025-01-27 12:08:20.400 32178-32216 AdrenoVK-0              com.oculus.sdk.helloxr.vulkan        I  QUALCOMM build          : 5c44054b8b, I064dd7d485
                                                                                                    Build Date              : 09/12/24
                                                                                                    Shader Compiler Version : E031.47.14.01
                                                                                                    Local Branch            :
                                                                                                    Remote Branch           : refs/tags/AU_LINUX_ANDROID_LA.VENDOR.12.3.11.00.00.934.442
                                                                                                    Remote Branch           : NONE
                                                                                                    Reconstruct Branch      : NOTHING
2025-01-27 12:08:20.400 32178-32216 AdrenoVK-0              com.oculus.sdk.helloxr.vulkan        I  Build Config            : S P 12.1.6 AArch64
2025-01-27 12:08:20.400 32178-32216 AdrenoVK-0              com.oculus.sdk.helloxr.vulkan        I  Driver Path             : /vendor/lib64/hw/vulkan.adreno.so
2025-01-27 12:08:20.400 32178-32216 AdrenoVK-0              com.oculus.sdk.helloxr.vulkan        I  Driver Version          : 0797.0
2025-01-27 12:08:20.400 32178-32216 AdrenoVK-0              com.oculus.sdk.helloxr.vulkan        I  PFP                     : 0x01511175
2025-01-27 12:08:20.400 32178-32216 AdrenoVK-0              com.oculus.sdk.helloxr.vulkan        I  ME                      : 0x00000000
2025-01-27 12:08:20.400 32178-32216 AdrenoVK-0              com.oculus.sdk.helloxr.vulkan        I  Application Name    : helloxr
                                                                                                    Application Version : 0x00000001
                                                                                                    Engine Name         : helloxr
                                                                                                    Engine Version      : 0x00000001
                                                                                                    Api Version         : 0x00400000
2025-01-27 12:08:20.400 32178-32216 VulkanLoader            com.oculus.sdk.helloxr.vulkan        I  ovrVulkanLoader::Load
2025-01-27 12:08:20.400 32178-32216 VulkanLoader            com.oculus.sdk.helloxr.vulkan        W  VulkanLoader::LoadInstanceFunctions: Failed to load vkCreateDebugReportCallbackEXT, likely vkInstance created without xrGetVulkanInstanceExtensionsKHR/vrapi_GetInstanceExtensionsVulkan
2025-01-27 12:08:20.400 32178-32216 VulkanLoader            com.oculus.sdk.helloxr.vulkan        W  VulkanLoader::LoadInstanceFunctions: Failed to load vkDestroyDebugReportCallbackEXT, likely vkInstance created without xrGetVulkanInstanceExtensionsKHR/vrapi_GetInstanceExtensionsVulkan
2025-01-27 12:08:20.400 32178-32216 VulkanLoader            com.oculus.sdk.helloxr.vulkan        W  ovrVulkanLoader::LoadDeviceFunctions: device invalid
2025-01-27 12:08:20.400 32178-32216 VulkanLoader            com.oculus.sdk.helloxr.vulkan        W  ovrVulkanLoader::LoadExtensionList: physicalDevice invalid
2025-01-27 12:08:20.400 32178-32216 Vulkan_Utils            com.oculus.sdk.helloxr.vulkan        I  --------------------------------
2025-01-27 12:08:20.400 32178-32216 Vulkan_Utils            com.oculus.sdk.helloxr.vulkan        I  Device Name          : Adreno (TM) 740
2025-01-27 12:08:20.400 32178-32216 Vulkan_Utils            com.oculus.sdk.helloxr.vulkan        I  Device Type          : integrated GPU
2025-01-27 12:08:20.400 32178-32216 Vulkan_Utils            com.oculus.sdk.helloxr.vulkan        I  Vendor ID            : 0x5143
2025-01-27 12:08:20.400 32178-32216 Vulkan_Utils            com.oculus.sdk.helloxr.vulkan        I  Device ID            : 0x43050B00
2025-01-27 12:08:20.400 32178-32216 Vulkan_Utils            com.oculus.sdk.helloxr.vulkan        I  Driver Version       : 512.797.0
2025-01-27 12:08:20.400 32178-32216 Vulkan_Utils            com.oculus.sdk.helloxr.vulkan        I  API Version          : 1.1.284
2025-01-27 12:08:20.400 32178-32216 Vulkan_Utils            com.oculus.sdk.helloxr.vulkan        I  Queue Families       : 0 = graphics compute transfer (3 queues, 3 priorities)
2025-01-27 12:08:20.400 32178-32216 Vulkan_Utils            com.oculus.sdk.helloxr.vulkan        I                         1 = (1 queues, 3 priorities)
2025-01-27 12:08:20.400 32178-32216 Vulkan_Utils            com.oculus.sdk.helloxr.vulkan        I  Work Queue Family    : 0
2025-01-27 12:08:20.401 32178-32216 Vulkan_Utils            com.oculus.sdk.helloxr.vulkan        I  Device Extensions    : VK_KHR_swapchain (required, enabled)
2025-01-27 12:08:20.401 32178-32216 Vulkan_Utils            com.oculus.sdk.helloxr.vulkan        I                         VK_KHR_external_memory (required, enabled)
2025-01-27 12:08:20.401 32178-32216 Vulkan_Utils            com.oculus.sdk.helloxr.vulkan        I                         VK_KHR_get_memory_requirements2 (required, enabled)
2025-01-27 12:08:20.401 32178-32216 Vulkan_Utils            com.oculus.sdk.helloxr.vulkan        I  Device Extensions      VK_EXT_fragment_density_map (optional, enabled)
2025-01-27 12:08:20.401 32178-32216 Vulkan_Utils            com.oculus.sdk.helloxr.vulkan        I                         VK_EXT_fragment_density_map2 (optional, enabled)
2025-01-27 12:08:20.401 32178-32216 Vulkan_Utils            com.oculus.sdk.helloxr.vulkan        I                         VK_KHR_maintenance1 (optional, enabled)
2025-01-27 12:08:20.401 32178-32216 Vulkan_Utils            com.oculus.sdk.helloxr.vulkan        I                         VK_KHR_bind_memory2 (optional, enabled)
2025-01-27 12:08:20.401 32178-32216 Vulkan_Utils            com.oculus.sdk.helloxr.vulkan        I                         VK_KHR_sampler_ycbcr_conversion (optional, enabled)
2025-01-27 12:08:20.401 32178-32216 Vulkan_Utils            com.oculus.sdk.helloxr.vulkan        I                         VK_EXT_queue_family_foreign (optional, enabled)
2025-01-27 12:08:20.401 32178-32216 Vulkan_Utils            com.oculus.sdk.helloxr.vulkan        I                         VK_KHR_dedicated_allocation (optional, enabled)
2025-01-27 12:08:20.401 32178-32216 Vulkan_Utils            com.oculus.sdk.helloxr.vulkan        I                         VK_KHR_external_memory_fd (optional, enabled)
2025-01-27 12:08:20.401 32178-32216 Vulkan_Utils            com.oculus.sdk.helloxr.vulkan        I                         VK_ANDROID_external_memory_android_hardware_buffer (optional, enabled)
2025-01-27 12:08:20.505 32178-32216 helloxr                 com.oculus.sdk.helloxr.vulkan        V  [12:08:20.505][Info   ] Loaded vertex shader
2025-01-27 12:08:20.505 32178-32216 helloxr                 com.oculus.sdk.helloxr.vulkan        V  [12:08:20.505][Info   ] Loaded fragment shader
2025-01-27 12:08:20.506 32178-32216 OpenXR                  com.oculus.sdk.helloxr.vulkan        I  ------------ xrCreateSession [start] -----------
2025-01-27 12:08:20.506 32178-32216 VrRuntimeClient         com.oculus.sdk.helloxr.vulkan        I  VrRuntimeClient(): 0xb4000070d2a1c700
2025-01-27 12:08:20.508 32178-32216 VrRuntimeClient         com.oculus.sdk.helloxr.vulkan        I  s->gRuntimeServiceSDKClient.InitClient
2025-01-27 12:08:20.509 32178-32216 ThreadHelp...UNTIMEIPC] com.oculus.sdk.helloxr.vulkan        I  RuntimeIPC::ThreadHelpers::SetState: threadName: JobPoolWorker, currentState: STATE_STOPPED, newState: STATE_STARTING
2025-01-27 12:08:20.509 32178-32238 ThreadHelp...UNTIMEIPC] com.oculus.sdk.helloxr.vulkan        I  RuntimeIPC::ThreadHelpers::SetState: threadName: JobPoolWorker, currentState: STATE_STARTING, newState: STATE_RUNNING
2025-01-27 12:08:20.510 32178-32216 RuntimeIPC...UNTIMEIPC] com.oculus.sdk.helloxr.vulkan        I  Event buffer size (client): 8192
2025-01-27 12:08:20.510 32178-32216 RuntimeIPC...UNTIMEIPC] com.oculus.sdk.helloxr.vulkan        I  TryToGetIPCResourcesFromServer: RPC_CONNECTOR_CONNECT_TO_SERVER SUCCESS: Client: com.oculus.sdk.helloxr.vulkan:com.oculus.sdk.helloxr.vulkan:32178, Server: com.oculus.systemdriver:com.oculus.vrruntimeservice (RuntimeServiceServer)
2025-01-27 12:08:20.510 32178-32216 RuntimeIPC...UNTIMEIPC] com.oculus.sdk.helloxr.vulkan        I  EnsureServerConnection: SUCCESS. Client: com.oculus.sdk.helloxr.vulkan:com.oculus.sdk.helloxr.vulkan:32178, Server: com.oculus.systemdriver:com.oculus.vrruntimeservice (RuntimeServiceServer)
2025-01-27 12:08:20.510 32178-32216 RuntimeIPC...UNTIMEIPC] com.oculus.sdk.helloxr.vulkan        I  ConnectToServer: SUCCESS: Client: com.oculus.sdk.helloxr.vulkan:com.oculus.sdk.helloxr.vulkan:32178, Server: com.oculus.systemdriver:com.oculus.vrruntimeservice (RuntimeServiceServer)
2025-01-27 12:08:20.510 32178-32238 VrRuntimeClient         com.oculus.sdk.helloxr.vulkan        I  s->gRuntimeServiceSDKClient.Connected: com.oculus.systemdriver:com.oculus.vrruntimeservice
2025-01-27 12:08:20.510 32178-32238 VrRuntimeClient         com.oculus.sdk.helloxr.vulkan        I  RegisterClient RequestDescriptor com.oculus.sdk.helloxr.vulkan:32178 clientType 0 clientFlags 0 clientSessionPlacement 0 clientLaunchId
2025-01-27 12:08:20.513 32178-32238 VrRuntimeClient         com.oculus.sdk.helloxr.vulkan        I  RegisterClient success
2025-01-27 12:08:20.514 32178-32238 VrRuntimeClient         com.oculus.sdk.helloxr.vulkan        I  RuntimeIPC: ServiceConnected: SharedMemoryDebug: publicReadOnly SharedMemorySize=192 (com.oculus.sdk.helloxr.vulkan) sizeof(s->sharedMemoryPublicReadOnly)=216
2025-01-27 12:08:20.514 32178-32238 VrRuntimeClient         com.oculus.sdk.helloxr.vulkan        I  RuntimeIPC: ServiceConnected: SharedMemoryDebug: privateReadWrite SharedMemorySize=115912 (com.oculus.sdk.helloxr.vulkan) sizeof(privateSharedMemorySize)=8
2025-01-27 12:08:20.514 32178-32238 VrRuntimeClient         com.oculus.sdk.helloxr.vulkan        I  nativeRuntimeServiceConnected: SharedMemoryDebug: publicReadOnlyFd=124, privateReadWriteFd=125 (com.oculus.sdk.helloxr.vulkan)
2025-01-27 12:08:20.517 32178-32216 ThreadHelp...UNTIMEIPC] com.oculus.sdk.helloxr.vulkan        I  RuntimeIPC::ThreadHelpers::SetState: threadName: JobPoolWorker, currentState: STATE_STOPPED, newState: STATE_STARTING
2025-01-27 12:08:20.517 32178-32240 ThreadHelp...UNTIMEIPC] com.oculus.sdk.helloxr.vulkan        I  RuntimeIPC::ThreadHelpers::SetState: threadName: JobPoolWorker, currentState: STATE_STARTING, newState: STATE_RUNNING
2025-01-27 12:08:20.517 32178-32216 ThreadHelp...UNTIMEIPC] com.oculus.sdk.helloxr.vulkan        I  RuntimeIPC::ThreadHelpers::SetState: threadName: RIPCNotifThread, currentState: STATE_STOPPED, newState: STATE_STARTING
2025-01-27 12:08:20.517 32178-32241 ThreadHelp...UNTIMEIPC] com.oculus.sdk.helloxr.vulkan        I  RuntimeIPC::ThreadHelpers::SetState: threadName: RIPCNotifThread, currentState: STATE_STARTING, newState: STATE_RUNNING
2025-01-27 12:08:20.517 32178-32216 VrRuntimeClient         com.oculus.sdk.helloxr.vulkan        I  s->gRuntimeServiceSDKClient.InitClient SUCCESS. Version: 5.0, Custom: 1.0
2025-01-27 12:08:20.517 32178-32216 RuntimeIPC...UNTIMEIPC] com.oculus.sdk.helloxr.vulkan        I  GetClientOptions
2025-01-27 12:08:20.517 32178-32216 VrRuntimeClient         com.oculus.sdk.helloxr.vulkan        I  Connected to VrRuntimeService on attempt 0
2025-01-27 12:08:20.517 32178-32216 OpenXR                  com.oculus.sdk.helloxr.vulkan        I  xrCreateSession: Connected to VrRuntimeService after 0.011327s
2025-01-27 12:08:20.518 32178-32216 AdrenoGLES-0            com.oculus.sdk.helloxr.vulkan        I  QUALCOMM build                   : 5c44054b8b, I064dd7d485
                                                                                                    Build Date                       : 09/12/24
                                                                                                    OpenGL ES Shader Compiler Version: E031.47.14.01
                                                                                                    Local Branch                     :
                                                                                                    Remote Branch                    : refs/tags/AU_LINUX_ANDROID_LA.VENDOR.12.3.11.00.00.934.442
                                                                                                    Remote Branch                    : NONE
                                                                                                    Reconstruct Branch               : NOTHING
2025-01-27 12:08:20.518 32178-32216 AdrenoGLES-0            com.oculus.sdk.helloxr.vulkan        I  Build Config                     : S P 12.1.6 AArch64
2025-01-27 12:08:20.518 32178-32216 AdrenoGLES-0            com.oculus.sdk.helloxr.vulkan        I  Driver Path                      : /vendor/lib64/egl/libGLESv2_adreno.so
2025-01-27 12:08:20.518 32178-32216 AdrenoGLES-0            com.oculus.sdk.helloxr.vulkan        I  Driver Version                   : 0797.0
2025-01-27 12:08:20.518 32178-32216 AdrenoGLES-0            com.oculus.sdk.helloxr.vulkan        I  Process Name                     : com.oculus.sdk.helloxr.vulkan
2025-01-27 12:08:20.519 32178-32216 AdrenoGLES-0            com.oculus.sdk.helloxr.vulkan        I  PFP: 0x01511175, ME: 0x00000000
2025-01-27 12:08:20.521 32178-32216 Adreno-AppProfiles      com.oculus.sdk.helloxr.vulkan        W  Could not find QSPM HAL service. Skipping adreno profile processing.
2025-01-27 12:08:20.522 32178-32216 AdrenoUtils             com.oculus.sdk.helloxr.vulkan        I  <ReadGpuID:366>: Reading chip ID through GSL
2025-01-27 12:08:20.526 32178-32216 VrRuntimeClient         com.oculus.sdk.helloxr.vulkan        I  SetPhaseSyncMode 1
2025-01-27 12:08:20.526 32178-32216 VrRuntimeClient         com.oculus.sdk.helloxr.vulkan        I  SetPhaseSyncMode 1
2025-01-27 12:08:20.526 32178-32216 OpenXR                  com.oculus.sdk.helloxr.vulkan        I  PhaseSync Mode: PHASE_SYNC
2025-01-27 12:08:20.526 32178-32216 VrRuntimeClient         com.oculus.sdk.helloxr.vulkan        I  VrRuntimeClient: Init
2025-01-27 12:08:20.527 32178-32216 PTKService              com.oculus.sdk.helloxr.vulkan        I  PTKServiceClient Init
2025-01-27 12:08:20.527 32178-32216 ThreadHelp...UNTIMEIPC] com.oculus.sdk.helloxr.vulkan        I  RuntimeIPC::ThreadHelpers::SetState: threadName: JobPoolWorker, currentState: STATE_STOPPED, newState: STATE_STARTING
2025-01-27 12:08:20.528 32178-32242 ThreadHelp...UNTIMEIPC] com.oculus.sdk.helloxr.vulkan        I  RuntimeIPC::ThreadHelpers::SetState: threadName: JobPoolWorker, currentState: STATE_STARTING, newState: STATE_RUNNING
2025-01-27 12:08:20.528 32178-32216 ClientProc...UNTIMEIPC] com.oculus.sdk.helloxr.vulkan        I  GetProcessConnection: com.oculus.vrshell:com.oculus.vrshell
2025-01-27 12:08:20.529 32178-32216 RuntimeIPC...UNTIMEIPC] com.oculus.sdk.helloxr.vulkan        I  Event buffer size (client): 8192
2025-01-27 12:08:20.529 32178-32216 RuntimeIPC...UNTIMEIPC] com.oculus.sdk.helloxr.vulkan        I  TryToGetIPCResourcesFromServer: RPC_CONNECTOR_CONNECT_TO_SERVER SUCCESS: Client: com.oculus.sdk.helloxr.vulkan:com.oculus.sdk.helloxr.vulkan:32178, Server: com.oculus.vrshell:com.oculus.vrshell (ptkserviceserver)
2025-01-27 12:08:20.529 32178-32216 RuntimeIPC...UNTIMEIPC] com.oculus.sdk.helloxr.vulkan        I  EnsureServerConnection: SUCCESS. Client: com.oculus.sdk.helloxr.vulkan:com.oculus.sdk.helloxr.vulkan:32178, Server: com.oculus.vrshell:com.oculus.vrshell (ptkserviceserver)
2025-01-27 12:08:20.529 32178-32216 RuntimeIPC...UNTIMEIPC] com.oculus.sdk.helloxr.vulkan        I  ConnectToServer: SUCCESS: Client: com.oculus.sdk.helloxr.vulkan:com.oculus.sdk.helloxr.vulkan:32178, Server: com.oculus.vrshell:com.oculus.vrshell (ptkserviceserver)
2025-01-27 12:08:20.530 32178-32216 RuntimeIPC...UNTIMEIPC] com.oculus.sdk.helloxr.vulkan        I  InitServerStateBuffer: SUCCESS. 0, Client: com.oculus.sdk.helloxr.vulkan:com.oculus.sdk.helloxr.vulkan:32178, Server: com.oculus.vrshell:com.oculus.vrshell (ptkserviceserver)
2025-01-27 12:08:20.530 32178-32216 ServerStat...UNTIMEIPC] com.oculus.sdk.helloxr.vulkan        W  IPCService: GetDataBegin: entryIndex < 0 || entryIndex >= numEntries_ || entryIndex >= trustedMaxEntries: 1, 3, 0
2025-01-27 12:08:20.530 32178-32216 ServerStat...UNTIMEIPC] com.oculus.sdk.helloxr.vulkan        W  IPCService: GetDataBegin: entryIndex < 0 || entryIndex >= numEntries_ || entryIndex >= trustedMaxEntries: 2, 3, 0
2025-01-27 12:08:20.530 32178-32216 OVR::Capture            com.oculus.sdk.helloxr.vulkan        V  Failed to open trace_marker ATrace file!
2025-01-27 12:08:20.530 32178-32216 RuntimeIPC...UNTIMEIPC] com.oculus.sdk.helloxr.vulkan        I  InitServerStateBuffer: SUCCESS. 0, Client: com.oculus.sdk.helloxr.vulkan:com.oculus.sdk.helloxr.vulkan:32178, Server: com.oculus.systemdriver:com.oculus.vrruntimeservice (RuntimeServiceServer)
2025-01-27 12:08:20.530 32178-32216 AudioCapture            com.oculus.sdk.helloxr.vulkan        I  AudioCapture::Init
2025-01-27 12:08:20.531 32178-32216 AudioCapture            com.oculus.sdk.helloxr.vulkan        I  AudioCapture::Init -> Initializing audio capture using direct OS Callbacks
2025-01-27 12:08:20.531 32178-32216 AudioCapture            com.oculus.sdk.helloxr.vulkan        I  AudioCapture::Init COMPLETE
2025-01-27 12:08:20.531 32178-32216 Foveation               com.oculus.sdk.helloxr.vulkan        W  Forcing on dynamic foveation
2025-01-27 12:08:20.531 32178-32216 Foveation               com.oculus.sdk.helloxr.vulkan        I  Vulkan foveation tile offset enabled: 0
2025-01-27 12:08:20.531 32178-32216 Foveation               com.oculus.sdk.helloxr.vulkan        I  Vulkan foveation tile turn off enabled: 1
2025-01-27 12:08:20.531 32178-32216 ThreadHelp...UNTIMEIPC] com.oculus.sdk.helloxr.vulkan        I  RuntimeIPC::ThreadHelpers::SetState: threadName: JobPoolWorker, currentState: STATE_STOPPED, newState: STATE_STARTING
2025-01-27 12:08:20.532 32178-32245 ThreadHelp...UNTIMEIPC] com.oculus.sdk.helloxr.vulkan        I  RuntimeIPC::ThreadHelpers::SetState: threadName: JobPoolWorker, currentState: STATE_STARTING, newState: STATE_RUNNING
2025-01-27 12:08:20.532 32178-32216 ClientProc...UNTIMEIPC] com.oculus.sdk.helloxr.vulkan        I  GetProcessConnection: com.oculus.guardian:com.oculus.vrguardianservice
2025-01-27 12:08:20.532 32178-32216 RuntimeIPC...UNTIMEIPC] com.oculus.sdk.helloxr.vulkan        I  Event buffer size (client): 8192
2025-01-27 12:08:20.533 32178-32216 RuntimeIPC...UNTIMEIPC] com.oculus.sdk.helloxr.vulkan        I  TryToGetIPCResourcesFromServer: RPC_CONNECTOR_CONNECT_TO_SERVER SUCCESS: Client: com.oculus.sdk.helloxr.vulkan:com.oculus.sdk.helloxr.vulkan:32178, Server: com.oculus.guardian:com.oculus.vrguardianservice (guardianserver)
2025-01-27 12:08:20.533 32178-32216 RuntimeIPC...UNTIMEIPC] com.oculus.sdk.helloxr.vulkan        I  EnsureServerConnection: SUCCESS. Client: com.oculus.sdk.helloxr.vulkan:com.oculus.sdk.helloxr.vulkan:32178, Server: com.oculus.guardian:com.oculus.vrguardianservice (guardianserver)
2025-01-27 12:08:20.533 32178-32216 RuntimeIPC...UNTIMEIPC] com.oculus.sdk.helloxr.vulkan        I  ConnectToServer: SUCCESS: Client: com.oculus.sdk.helloxr.vulkan:com.oculus.sdk.helloxr.vulkan:32178, Server: com.oculus.guardian:com.oculus.vrguardianservice (guardianserver)
2025-01-27 12:08:20.536 32178-32216 VrGuardianClient        com.oculus.sdk.helloxr.vulkan        I  guardianSDKClient_ connected.
2025-01-27 12:08:20.536 32178-32216 GkCacheQuerierClient    com.oculus.sdk.helloxr.vulkan        W  getGkValue: Query result for 'oculus_xrruntime:horizon_phasesync_disabled' not successful: 4
2025-01-27 12:08:20.536 32178-32216 GkHelper                com.oculus.sdk.helloxr.vulkan        W  GkHelper: query failed, result code = 4
2025-01-27 12:08:20.541 32178-32216 VrRuntimeClient         com.oculus.sdk.helloxr.vulkan        I  Is120HzSupported: 1
2025-01-27 12:08:20.541 32178-32216 FaceEyeTra...entManager com.oculus.sdk.helloxr.vulkan        I  [FaceEyeTrackingManager] Initializing FaceEyeTrackingClientManager...
2025-01-27 12:08:20.547 32178-32216 LogTimer                com.oculus.sdk.helloxr.vulkan        I  CPUTIME: VrRuntimeClient_Init took 20.2168 ms
2025-01-27 12:08:20.547 32178-32216 VulkanLoader            com.oculus.sdk.helloxr.vulkan        I  ovrVulkanLoader::Load
2025-01-27 12:08:20.547 32178-32216 VulkanLoader            com.oculus.sdk.helloxr.vulkan        W  VulkanLoader::LoadInstanceFunctions: Failed to load vkCreateDebugReportCallbackEXT, likely vkInstance created without xrGetVulkanInstanceExtensionsKHR/vrapi_GetInstanceExtensionsVulkan
2025-01-27 12:08:20.547 32178-32216 VulkanLoader            com.oculus.sdk.helloxr.vulkan        W  VulkanLoader::LoadInstanceFunctions: Failed to load vkDestroyDebugReportCallbackEXT, likely vkInstance created without xrGetVulkanInstanceExtensionsKHR/vrapi_GetInstanceExtensionsVulkan
2025-01-27 12:08:20.547 32178-32216 VulkanLoader            com.oculus.sdk.helloxr.vulkan        W  VulkanLoader::LoadDeviceFunctions: Failed to load vkCmdDebugMarkerInsertEXT, likely vkDevice created without xrGetVulkanDeviceExtensionsKHR/vrapi_GetDeviceExtensionsVulkan
2025-01-27 12:08:20.547 32178-32216 VulkanLoader            com.oculus.sdk.helloxr.vulkan        W  VulkanLoader::LoadDeviceFunctions: Failed to load vkCmdSetCullModeEXT, likely vkDevice created without xrGetVulkanDeviceExtensionsKHR/vrapi_GetDeviceExtensionsVulkan
2025-01-27 12:08:20.547 32178-32216 VulkanLoader            com.oculus.sdk.helloxr.vulkan        W  VulkanLoader::LoadDeviceFunctions: Failed to load vkCmdSetDepthCompareOpEXT, likely vkDevice created without xrGetVulkanDeviceExtensionsKHR/vrapi_GetDeviceExtensionsVulkan
2025-01-27 12:08:20.547 32178-32216 VulkanLoader            com.oculus.sdk.helloxr.vulkan        W  VulkanLoader::LoadDeviceFunctions: Failed to load vkCmdSetDepthTestEnableEXT, likely vkDevice created without xrGetVulkanDeviceExtensionsKHR/vrapi_GetDeviceExtensionsVulkan
2025-01-27 12:08:20.547 32178-32216 VulkanLoader            com.oculus.sdk.helloxr.vulkan        W  VulkanLoader::LoadDeviceFunctions: Failed to load vkCmdSetDepthWriteEnableEXT, likely vkDevice created without xrGetVulkanDeviceExtensionsKHR/vrapi_GetDeviceExtensionsVulkan
2025-01-27 12:08:20.547 32178-32216 VulkanLoader            com.oculus.sdk.helloxr.vulkan        W  VulkanLoader::LoadDeviceFunctions: Failed to load vkDebugMarkerSetObjectTagEXT, likely vkDevice created without xrGetVulkanDeviceExtensionsKHR/vrapi_GetDeviceExtensionsVulkan
2025-01-27 12:08:20.547 32178-32216 VulkanLoader            com.oculus.sdk.helloxr.vulkan        W  VulkanLoader::LoadDeviceFunctions: Failed to load vkGetMemoryFdKHR, likely vkDevice created without xrGetVulkanDeviceExtensionsKHR/vrapi_GetDeviceExtensionsVulkan
2025-01-27 12:08:20.547 32178-32216 Foveation               com.oculus.sdk.helloxr.vulkan        I  Vulkan FFR is supported, with density map size 32x32
2025-01-27 12:08:20.547 32178-32216 Distortion              com.oculus.sdk.helloxr.vulkan        I  Initializing Mesh Decenter Correction
2025-01-27 12:08:20.547 32178-32216 libosutils              com.oculus.sdk.helloxr.vulkan        E  Failed to get real path of file '/sys/devices/soc0/platform_subtype_id', err: Permission denied
2025-01-27 12:08:20.547 32178-32216 libosutils              com.oculus.sdk.helloxr.vulkan        E  Failed to get real path of file '/sys/devices/soc0/platform_version', err: Permission denied
2025-01-27 12:08:20.547 32178-32216 libdeviceid             com.oculus.sdk.helloxr.vulkan        W  DeviceId unknown with subtype FFFFFFFF and version: 0xFFFFFFFF
2025-01-27 12:08:20.548 32178-32216 Distortion              com.oculus.sdk.helloxr.vulkan        I  Decenter tester version = 200
2025-01-27 12:08:20.548 32178-32216 Distortion              com.oculus.sdk.helloxr.vulkan        I  SetLensPositions - iad=0.0635, left offset=-0.0030803,-3.05452e-05, right offset=0.00332641,1.07915e-05
2025-01-27 12:08:20.548 32178-32216 Distortion              com.oculus.sdk.helloxr.vulkan        I  Initializing Mesh Decenter Correction
2025-01-27 12:08:20.548 32178-32216 libosutils              com.oculus.sdk.helloxr.vulkan        E  Failed to get real path of file '/sys/devices/soc0/platform_subtype_id', err: Permission denied
2025-01-27 12:08:20.548 32178-32216 libosutils              com.oculus.sdk.helloxr.vulkan        E  Failed to get real path of file '/sys/devices/soc0/platform_version', err: Permission denied
2025-01-27 12:08:20.548 32178-32216 libdeviceid             com.oculus.sdk.helloxr.vulkan        W  DeviceId unknown with subtype FFFFFFFF and version: 0xFFFFFFFF
2025-01-27 12:08:20.549 32178-32216 Distortion              com.oculus.sdk.helloxr.vulkan        I  Decenter tester version = 200
2025-01-27 12:08:20.549 32178-32216 Distortion              com.oculus.sdk.helloxr.vulkan        I  SetLensPositions - iad=0.0635, left offset=-0.0030803,-3.05452e-05, right offset=0.00332641,1.07915e-05
2025-01-27 12:08:20.549 32178-32216 GkHelper                com.oculus.sdk.helloxr.vulkan        I  Checking gk 'oculus_quest3_high_res_eye_buffer', default = false
2025-01-27 12:08:20.549 32178-32216 GkHelper                com.oculus.sdk.helloxr.vulkan        I  Checking gk 'oculus_quest3_super_high_res_eye_buffer', default = false
2025-01-27 12:08:20.550 32178-32216 ClientInputSettings     com.oculus.sdk.helloxr.vulkan        I  SYSTEMBUTTONSPACE GKS freeze '1'
2025-01-27 12:08:20.550 32178-32216 ClientInputSettings     com.oculus.sdk.helloxr.vulkan        I  SYSTEMBUTTONSPACE 'com.oculus.sdk.helloxr.vulkan' Freeze input '1' on home button down
2025-01-27 12:08:20.550 32178-32216 ClientInputSettings     com.oculus.sdk.helloxr.vulkan        I  HANDTRACKING: Hands V2.0 enforced.
2025-01-27 12:08:20.550 32178-32216 ClientInputSettings     com.oculus.sdk.helloxr.vulkan        I  HANDTRACKING: YES, in the GK oculus_mobile_enable_hand_tracking_frequency_inter
2025-01-27 12:08:20.550 32178-32216 ClientInputInterface    com.oculus.sdk.helloxr.vulkan        I  HANDTRACKING sethandtrackingfrequency 1
2025-01-27 12:08:20.550 32178-32216 ClientInputSettings     com.oculus.sdk.helloxr.vulkan        I  HANDTRACKING: YES, in the GK oculus_mobile_30hz_handtracking_downclocking
2025-01-27 12:08:20.550 32178-32216 ClientInputInterface    com.oculus.sdk.helloxr.vulkan        I  Set30HzHandtrackingDownclockingGKFlag 1
2025-01-27 12:08:20.550 32178-32216 ClientInputSettings     com.oculus.sdk.helloxr.vulkan        I  HANDTRACKING: NO, not in the GK oculus_mobile_enable_hand_emulation_of_controllers
2025-01-27 12:08:20.550 32178-32216 ClientInputInterface    com.oculus.sdk.helloxr.vulkan        I  HANDTRACKING SetHandTrackingControllerEmulationGkFlag 0
2025-01-27 12:08:20.550 32178-32216 InputHooks              com.oculus.sdk.helloxr.vulkan        I  InitializeInputHooks
2025-01-27 12:08:20.550 32178-32216 InputHooks              com.oculus.sdk.helloxr.vulkan        I  InitializeInputHooks create
2025-01-27 12:08:20.551 32178-32216 .helloxr.vulka          com.oculus.sdk.helloxr.vulkan        W  Accessing hidden method Landroid/app/Activity;->isResumed()Z (unsupported, reflection, allowed)
2025-01-27 12:08:20.551 32178-32216 OpenXR                  com.oculus.sdk.helloxr.vulkan        I  xrCreateSession: Activity is not yet in the ready state.
2025-01-27 12:08:20.551 32178-32216 OpenXR_Aperture         com.oculus.sdk.helloxr.vulkan        I  ------------ ovrCreateApertureMETAX1 -----------
2025-01-27 12:08:20.552 32178-32216 OpenXR                  com.oculus.sdk.helloxr.vulkan        I  ------------ xrCreateSession [end] -----------
2025-01-27 12:08:20.552 32178-32216 helloxr                 com.oculus.sdk.helloxr.vulkan        V  [12:08:20.552][Info   ] Available reference spaces: 3
2025-01-27 12:08:20.552 32178-32216 OpenXR_Actions          com.oculus.sdk.helloxr.vulkan        V  -- xrSuggestInteractionProfileBindings -
2025-01-27 12:08:20.552 32178-32216 OpenXR_Actions          com.oculus.sdk.helloxr.vulkan        V  -- xrSuggestInteractionProfileBindings -
2025-01-27 12:08:20.552 32178-32216 OpenXR_Actions          com.oculus.sdk.helloxr.vulkan        V  -- xrSuggestInteractionProfileBindings -
2025-01-27 12:08:20.552 32178-32216 OpenXR_Actions          com.oculus.sdk.helloxr.vulkan        V  -- xrSuggestInteractionProfileBindings -
2025-01-27 12:08:20.552 32178-32216 OpenXR_Actions          com.oculus.sdk.helloxr.vulkan        V  -- xrSuggestInteractionProfileBindings -
2025-01-27 12:08:20.552 32178-32216 OpenXR_Space            com.oculus.sdk.helloxr.vulkan        I  xrCreateReferenceSpace: Spaces info
2025-01-27 12:08:20.552 32178-32216 OpenXR_Space            com.oculus.sdk.helloxr.vulkan        I  xrCreateReferenceSpace: Local version=97
2025-01-27 12:08:20.552 32178-32216 OpenXR_Space            com.oculus.sdk.helloxr.vulkan        I  xrCreateReferenceSpace: RawFromLocal       = (0.000, 0.919, 0.000, 0.395), (-0.15, -0.37, 0.99)
2025-01-27 12:08:20.552 32178-32216 OpenXR_Space            com.oculus.sdk.helloxr.vulkan        I  xrCreateReferenceSpace: RawFromLocalTilted = (-0.004, 0.918, 0.036, 0.394), (-0.15, -0.37, 0.99)
2025-01-27 12:08:20.552 32178-32216 OpenXR_Space            com.oculus.sdk.helloxr.vulkan        I  xrCreateReferenceSpace: Stage IsValid=true
2025-01-27 12:08:20.552 32178-32216 OpenXR_Space            com.oculus.sdk.helloxr.vulkan        I  xrCreateReferenceSpace: Stage HasActiveGuardian=true
2025-01-27 12:08:20.552 32178-32216 OpenXR_Space            com.oculus.sdk.helloxr.vulkan        I  xrCreateReferenceSpace: Stage Width=9.275005, Depth=9.817506
2025-01-27 12:08:20.552 32178-32216 OpenXR_Space            com.oculus.sdk.helloxr.vulkan        I  xrCreateReferenceSpace: RawFromStage       = (-0.000, -0.960, -0.000, 0.281), (2.72, -1.30, -1.71)
2025-01-27 12:08:20.552 32178-32216 OpenXR_Space            com.oculus.sdk.helloxr.vulkan        I  xrCreateReferenceSpace: Spaces info
2025-01-27 12:08:20.552 32178-32216 OpenXR_Space            com.oculus.sdk.helloxr.vulkan        I  xrCreateReferenceSpace: Local version=97
2025-01-27 12:08:20.552 32178-32216 OpenXR_Space            com.oculus.sdk.helloxr.vulkan        I  xrCreateReferenceSpace: RawFromLocal       = (0.000, 0.919, 0.000, 0.395), (-0.15, -0.37, 0.99)
2025-01-27 12:08:20.552 32178-32216 OpenXR_Space            com.oculus.sdk.helloxr.vulkan        I  xrCreateReferenceSpace: RawFromLocalTilted = (-0.004, 0.918, 0.036, 0.394), (-0.15, -0.37, 0.99)
2025-01-27 12:08:20.552 32178-32216 OpenXR_Space            com.oculus.sdk.helloxr.vulkan        I  xrCreateReferenceSpace: Stage IsValid=true
2025-01-27 12:08:20.552 32178-32216 OpenXR_Space            com.oculus.sdk.helloxr.vulkan        I  xrCreateReferenceSpace: Stage HasActiveGuardian=true
2025-01-27 12:08:20.552 32178-32216 OpenXR_Space            com.oculus.sdk.helloxr.vulkan        I  xrCreateReferenceSpace: Stage Width=9.275005, Depth=9.817506
2025-01-27 12:08:20.552 32178-32216 OpenXR_Space            com.oculus.sdk.helloxr.vulkan        I  xrCreateReferenceSpace: RawFromStage       = (-0.000, -0.960, -0.000, 0.281), (2.72, -1.30, -1.71)
2025-01-27 12:08:20.552 32178-32216 OpenXR_Space            com.oculus.sdk.helloxr.vulkan        I  xrCreateReferenceSpace: Spaces info
2025-01-27 12:08:20.552 32178-32216 OpenXR_Space            com.oculus.sdk.helloxr.vulkan        I  xrCreateReferenceSpace: Local version=97
2025-01-27 12:08:20.552 32178-32216 OpenXR_Space            com.oculus.sdk.helloxr.vulkan        I  xrCreateReferenceSpace: RawFromLocal       = (0.000, 0.919, 0.000, 0.395), (-0.15, -0.37, 0.99)
2025-01-27 12:08:20.552 32178-32216 OpenXR_Space            com.oculus.sdk.helloxr.vulkan        I  xrCreateReferenceSpace: RawFromLocalTilted = (-0.004, 0.918, 0.036, 0.394), (-0.15, -0.37, 0.99)
2025-01-27 12:08:20.552 32178-32216 OpenXR_Space            com.oculus.sdk.helloxr.vulkan        I  xrCreateReferenceSpace: Stage IsValid=true
2025-01-27 12:08:20.552 32178-32216 OpenXR_Space            com.oculus.sdk.helloxr.vulkan        I  xrCreateReferenceSpace: Stage HasActiveGuardian=true
2025-01-27 12:08:20.552 32178-32216 OpenXR_Space            com.oculus.sdk.helloxr.vulkan        I  xrCreateReferenceSpace: Stage Width=9.275005, Depth=9.817506
2025-01-27 12:08:20.552 32178-32216 OpenXR_Space            com.oculus.sdk.helloxr.vulkan        I  xrCreateReferenceSpace: RawFromStage       = (-0.000, -0.960, -0.000, 0.281), (2.72, -1.30, -1.71)
2025-01-27 12:08:20.552 32178-32216 OpenXR_Space            com.oculus.sdk.helloxr.vulkan        I  xrCreateReferenceSpace: Spaces info
2025-01-27 12:08:20.552 32178-32216 OpenXR_Space            com.oculus.sdk.helloxr.vulkan        I  xrCreateReferenceSpace: Local version=97
2025-01-27 12:08:20.552 32178-32216 OpenXR_Space            com.oculus.sdk.helloxr.vulkan        I  xrCreateReferenceSpace: RawFromLocal       = (0.000, 0.919, 0.000, 0.395), (-0.15, -0.37, 0.99)
2025-01-27 12:08:20.552 32178-32216 OpenXR_Space            com.oculus.sdk.helloxr.vulkan        I  xrCreateReferenceSpace: RawFromLocalTilted = (-0.004, 0.918, 0.036, 0.394), (-0.15, -0.37, 0.99)
2025-01-27 12:08:20.552 32178-32216 OpenXR_Space            com.oculus.sdk.helloxr.vulkan        I  xrCreateReferenceSpace: Stage IsValid=true
2025-01-27 12:08:20.552 32178-32216 OpenXR_Space            com.oculus.sdk.helloxr.vulkan        I  xrCreateReferenceSpace: Stage HasActiveGuardian=true
2025-01-27 12:08:20.552 32178-32216 OpenXR_Space            com.oculus.sdk.helloxr.vulkan        I  xrCreateReferenceSpace: Stage Width=9.275005, Depth=9.817506
2025-01-27 12:08:20.552 32178-32216 OpenXR_Space            com.oculus.sdk.helloxr.vulkan        I  xrCreateReferenceSpace: RawFromStage       = (-0.000, -0.960, -0.000, 0.281), (2.72, -1.30, -1.71)
2025-01-27 12:08:20.552 32178-32216 OpenXR_Space            com.oculus.sdk.helloxr.vulkan        I  xrCreateReferenceSpace: Spaces info
2025-01-27 12:08:20.552 32178-32216 OpenXR_Space            com.oculus.sdk.helloxr.vulkan        I  xrCreateReferenceSpace: Local version=97
2025-01-27 12:08:20.552 32178-32216 OpenXR_Space            com.oculus.sdk.helloxr.vulkan        I  xrCreateReferenceSpace: RawFromLocal       = (0.000, 0.919, 0.000, 0.395), (-0.15, -0.37, 0.99)
2025-01-27 12:08:20.552 32178-32216 OpenXR_Space            com.oculus.sdk.helloxr.vulkan        I  xrCreateReferenceSpace: RawFromLocalTilted = (-0.004, 0.918, 0.036, 0.394), (-0.15, -0.37, 0.99)
2025-01-27 12:08:20.552 32178-32216 OpenXR_Space            com.oculus.sdk.helloxr.vulkan        I  xrCreateReferenceSpace: Stage IsValid=true
2025-01-27 12:08:20.552 32178-32216 OpenXR_Space            com.oculus.sdk.helloxr.vulkan        I  xrCreateReferenceSpace: Stage HasActiveGuardian=true
2025-01-27 12:08:20.552 32178-32216 OpenXR_Space            com.oculus.sdk.helloxr.vulkan        I  xrCreateReferenceSpace: Stage Width=9.275005, Depth=9.817506
2025-01-27 12:08:20.552 32178-32216 OpenXR_Space            com.oculus.sdk.helloxr.vulkan        I  xrCreateReferenceSpace: RawFromStage       = (-0.000, -0.960, -0.000, 0.281), (2.72, -1.30, -1.71)
2025-01-27 12:08:20.552 32178-32216 helloxr                 com.oculus.sdk.helloxr.vulkan        V  [12:08:20.552][Info   ] System Properties: Name=Oculus Quest VendorId=10291
2025-01-27 12:08:20.552 32178-32216 helloxr                 com.oculus.sdk.helloxr.vulkan        V  [12:08:20.552][Info   ] System Graphics Properties: MaxWidth=8192 MaxHeight=8192 MaxLayers=32
2025-01-27 12:08:20.552 32178-32216 helloxr                 com.oculus.sdk.helloxr.vulkan        V  [12:08:20.552][Info   ] System Tracking Properties: OrientationTracking=True PositionTracking=True
2025-01-27 12:08:20.552 32178-32216 helloxr                 com.oculus.sdk.helloxr.vulkan        V  [12:08:20.552][Info   ] Creating swapchain for view 0 with dimensions Width=1680 Height=1760 SampleCount=1
2025-01-27 12:08:20.555 32178-32216 SwapChain_...ory_Export com.oculus.sdk.helloxr.vulkan        I  Imported texture has requirements 3, ends up index 0
2025-01-27 12:08:20.555 32178-32216 SwapChain_...ory_Export com.oculus.sdk.helloxr.vulkan        I  Imported texture has requirements 3, ends up index 0
2025-01-27 12:08:20.555 32178-32216 SwapChain_...ory_Export com.oculus.sdk.helloxr.vulkan        I  Imported texture has requirements 3, ends up index 0
2025-01-27 12:08:20.556 32178-32216 OpenXR_GPUMemTrace      com.oculus.sdk.helloxr.vulkan        I  OpenXR GPU memory tracing is enabled on heap(oculus.OpenXR) with id(2)
2025-01-27 12:08:20.556 32178-32216 OpenXR_GPUMemTrace      com.oculus.sdk.helloxr.vulkan        I  Swapchain creation, id=854, idx=0, MemoryAllocationSize: 11941 KB
2025-01-27 12:08:20.556 32178-32216 OpenXR_GPUMemTrace      com.oculus.sdk.helloxr.vulkan        I  Swapchain creation, id=854, idx=1, MemoryAllocationSize: 11941 KB
2025-01-27 12:08:20.556 32178-32216 OpenXR_GPUMemTrace      com.oculus.sdk.helloxr.vulkan        I  Swapchain creation, id=854, idx=2, MemoryAllocationSize: 11941 KB
2025-01-27 12:08:20.569 32178-32216 helloxr                 com.oculus.sdk.helloxr.vulkan        V  [12:08:20.569][Info   ] Creating swapchain for view 1 with dimensions Width=1680 Height=1760 SampleCount=1
2025-01-27 12:08:20.572 32178-32216 SwapChain_...ory_Export com.oculus.sdk.helloxr.vulkan        I  Imported texture has requirements 3, ends up index 0
2025-01-27 12:08:20.572 32178-32216 SwapChain_...ory_Export com.oculus.sdk.helloxr.vulkan        I  Imported texture has requirements 3, ends up index 0
2025-01-27 12:08:20.572 32178-32216 SwapChain_...ory_Export com.oculus.sdk.helloxr.vulkan        I  Imported texture has requirements 3, ends up index 0
2025-01-27 12:08:20.572 32178-32216 OpenXR_GPUMemTrace      com.oculus.sdk.helloxr.vulkan        I  Swapchain creation, id=855, idx=0, MemoryAllocationSize: 11941 KB
2025-01-27 12:08:20.572 32178-32216 OpenXR_GPUMemTrace      com.oculus.sdk.helloxr.vulkan        I  Swapchain creation, id=855, idx=1, MemoryAllocationSize: 11941 KB
2025-01-27 12:08:20.572 32178-32216 OpenXR_GPUMemTrace      com.oculus.sdk.helloxr.vulkan        I  Swapchain creation, id=855, idx=2, MemoryAllocationSize: 11941 KB
2025-01-27 12:08:20.579 32178-32216 threaded_app            com.oculus.sdk.helloxr.vulkan        V  activityState 10
2025-01-27 12:08:20.579 32178-32216 helloxr                 com.oculus.sdk.helloxr.vulkan        V  [12:08:20.579][Info   ] APP_CMD_START
2025-01-27 12:08:20.579 32178-32216 helloxr                 com.oculus.sdk.helloxr.vulkan        V  [12:08:20.579][Info   ] onStart()
2025-01-27 12:08:20.581 32178-32178 threaded_app            com.oculus.sdk.helloxr.vulkan        V  Resume: 0xb40000718ea35400
2025-01-27 12:08:20.581 32178-32216 threaded_app            com.oculus.sdk.helloxr.vulkan        V  activityState 11
2025-01-27 12:08:20.581 32178-32216 helloxr                 com.oculus.sdk.helloxr.vulkan        V  [12:08:20.581][Info   ] onResume()
2025-01-27 12:08:20.581 32178-32216 helloxr                 com.oculus.sdk.helloxr.vulkan        V  [12:08:20.581][Info   ] APP_CMD_RESUME
2025-01-27 12:08:20.582 32178-32216 VrRuntimeClient         com.oculus.sdk.helloxr.vulkan        I  UpdateEvents: Detected LOCAL_FLOOR reference space update. Sending reference space update event
2025-01-27 12:08:20.582 32178-32216 VrRuntimeClient         com.oculus.sdk.helloxr.vulkan        I  UpdateEvents: Detected STAGE reference space update. Sending reference space update event
2025-01-27 12:08:20.582 32178-32216 Deque                   com.oculus.sdk.helloxr.vulkan        I  AddEventToQueue called. eventInfo.type: 40, eventInfo.next: 1
2025-01-27 12:08:20.582 32178-32216 OpenXR                  com.oculus.sdk.helloxr.vulkan        I  PostSessionStateChange:[pid: 32178] XR_SESSION_STATE_UNKNOWN -> XR_SESSION_STATE_IDLE
2025-01-27 12:08:20.582 32178-32216 Deque                   com.oculus.sdk.helloxr.vulkan        I  AddEventToQueue called. eventInfo.type: 18, eventInfo.next: 1
2025-01-27 12:08:20.582 32178-32216 helloxr                 com.oculus.sdk.helloxr.vulkan        V  [12:08:20.582][Info   ] XrEventDataSessionStateChanged: state XR_SESSION_STATE_UNKNOWN->XR_SESSION_STATE_IDLE session=144115188075855875 time=263011081921769
2025-01-27 12:08:20.583 32178-32178 VrosSpatialAudio        com.oculus.sdk.helloxr.vulkan        I  init with android.view.ViewRootImpl$W@26f768c
2025-01-27 12:08:20.583 32178-32178 Compatibil...geReporter com.oculus.sdk.helloxr.vulkan        D  Compat change id reported: 175409955; UID 10735; state: DISABLED
2025-01-27 12:08:20.584 32178-32178 Compatibil...geReporter com.oculus.sdk.helloxr.vulkan        D  Compat change id reported: 175409954; UID 10735; state: DISABLED
2025-01-27 12:08:20.588 32178-32178 threaded_app            com.oculus.sdk.helloxr.vulkan        V  InputQueueCreated: 0xb40000718ea35400 -- 0xb40000718ea73200
2025-01-27 12:08:20.832 32178-32216 threaded_app            com.oculus.sdk.helloxr.vulkan        V  APP_CMD_INPUT_CHANGED
2025-01-27 12:08:20.833 32178-32216 threaded_app            com.oculus.sdk.helloxr.vulkan        V  Attaching input queue to looper
2025-01-27 12:08:20.835 32178-32247 OpenXR                  com.oculus.sdk.helloxr.vulkan        I  nativeOnActivityReady: com.oculus.sdk.helloxr.vulkan/android.app.NativeActivity
2025-01-27 12:08:20.835 32178-32247 .helloxr.vulka          com.oculus.sdk.helloxr.vulkan        W  Attempt to remove non-JNI local reference, dumping thread
2025-01-27 12:08:20.840 32178-32178 threaded_app            com.oculus.sdk.helloxr.vulkan        V  NativeWindowCreated: 0xb40000718ea35400 -- 0xb40000707492b810
2025-01-27 12:08:21.083 32178-32216 threaded_app            com.oculus.sdk.helloxr.vulkan        V  APP_CMD_INIT_WINDOW
2025-01-27 12:08:21.083 32178-32216 helloxr                 com.oculus.sdk.helloxr.vulkan        V  [12:08:21.083][Info   ] surfaceCreated()
2025-01-27 12:08:21.083 32178-32216 helloxr                 com.oculus.sdk.helloxr.vulkan        V  [12:08:21.083][Info   ] APP_CMD_INIT_WINDOW
2025-01-27 12:08:21.083 32178-32216 OpenXR                  com.oculus.sdk.helloxr.vulkan        I  PostSessionStateChange:[pid: 32178] XR_SESSION_STATE_IDLE -> XR_SESSION_STATE_READY
2025-01-27 12:08:21.083 32178-32216 Deque                   com.oculus.sdk.helloxr.vulkan        I  AddEventToQueue called. eventInfo.type: 18, eventInfo.next: 1
2025-01-27 12:08:21.083 32178-32216 helloxr                 com.oculus.sdk.helloxr.vulkan        V  [12:08:21.083][Info   ] XrEventDataSessionStateChanged: state XR_SESSION_STATE_IDLE->XR_SESSION_STATE_READY session=144115188075855875 time=263011582769319
2025-01-27 12:08:21.083 32178-32216 OpenXR                  com.oculus.sdk.helloxr.vulkan        I  ------------ xrBeginSession [start] -----------
2025-01-27 12:08:21.083 32178-32216 DRR                     com.oculus.sdk.helloxr.vulkan        I  DRR is supported: 1
2025-01-27 12:08:21.083 32178-32216 DRR                     com.oculus.sdk.helloxr.vulkan        I  DRR is enabled: 0
2025-01-27 12:08:21.083 32178-32216 OsSdkLoader             com.oculus.sdk.helloxr.vulkan        D  OSSDK loading module 'libheadtracker.oculus.so'
2025-01-27 12:08:21.085 32178-32216 MemoryBrokerClient      com.oculus.sdk.helloxr.vulkan        D  memorybroker::ClientConnection ctor
2025-01-27 12:08:21.085 32178-32216 Sensor                  com.oculus.sdk.helloxr.vulkan        I  OSSDKTRACKING Initializing controller tracking
2025-01-27 12:08:21.085 32178-32216 Sensor                  com.oculus.sdk.helloxr.vulkan        I  OSSDKTRACKING Controller tracker != nullpointer 0xb4000070d2a24bf0, 1
2025-01-27 12:08:21.086 32178-32178 threaded_app            com.oculus.sdk.helloxr.vulkan        V  WindowFocusChanged: 0xb40000718ea35400 -- 1
2025-01-27 12:08:21.088 32178-32216 DeviceStatus            com.oculus.sdk.helloxr.vulkan        I  nativeHeadsetEvent(0)
2025-01-27 12:08:21.089 32178-32216 VrRuntimeClient         com.oculus.sdk.helloxr.vulkan        I  SetCompositorClientFeatureFlag ClientFeatureFlag 2
2025-01-27 12:08:21.089 32178-32216 RuntimeIPC...UNTIMEIPC] com.oculus.sdk.helloxr.vulkan        I  InitServerStateBuffer: SUCCESS. 0, Client: com.oculus.sdk.helloxr.vulkan:com.oculus.sdk.helloxr.vulkan:32178, Server: com.oculus.guardian:com.oculus.vrguardianservice (guardianserver)
2025-01-27 12:08:21.089 32178-32216 VrRuntimeClient         com.oculus.sdk.helloxr.vulkan        I  Mounted state at BeginSession: True
2025-01-27 12:08:21.089 32178-32216 AppLoadTim...etryCommon com.oculus.sdk.helloxr.vulkan        I  App load time recorded [packageName=com.oculus.sdk.helloxr.vulkan, time=1.214292, method="BeginSession", launchType="Launch", launchId=""]
2025-01-27 12:08:21.089 32178-32216 LogTimer                com.oculus.sdk.helloxr.vulkan        I  CPUTIME: VrRuntimeClient_BeginSession took 6.1368 ms
2025-01-27 12:08:21.090 32178-32216 ClientInputSettings     com.oculus.sdk.helloxr.vulkan        I  HANDTRACKING: enabled input settings, setting hand mode control settings to ControllersOnly
2025-01-27 12:08:21.090 32178-32216 ClientInputSettings     com.oculus.sdk.helloxr.vulkan        I  HANDTRACKING package name is com.oculus.sdk.helloxr.vulkan
2025-01-27 12:08:21.090 32178-32216 ClientInputSettings     com.oculus.sdk.helloxr.vulkan        I  HANDTRACKING: feature flag set to 0
2025-01-27 12:08:21.090 32178-32216 ClientInputInterface    com.oculus.sdk.helloxr.vulkan        I  HANDTRACKING sethandmanifest 0
2025-01-27 12:08:21.091 32178-32216 InputHooks_Internal     com.oculus.sdk.helloxr.vulkan        I  Enabling Native Input Hooks
2025-01-27 12:08:21.094 32178-32216 .helloxr.vulka          com.oculus.sdk.helloxr.vulkan        W  Accessing hidden method Landroid/content/Context;->startServiceAsUser(Landroid/content/Intent;Landroid/os/UserHandle;)Landroid/content/ComponentName; (unsupported, reflection, allowed)
2025-01-27 12:08:21.094 32178-32216 .helloxr.vulka          com.oculus.sdk.helloxr.vulkan        W  Accessing hidden method Landroid/content/Context;->registerReceiverAsUser(Landroid/content/BroadcastReceiver;Landroid/os/UserHandle;Landroid/content/IntentFilter;Ljava/lang/String;Landroid/os/Handler;)Landroid/content/Intent; (unsupported, reflection, allowed)
2025-01-27 12:08:21.094 32178-32216 InputDeviceManager      com.oculus.sdk.helloxr.vulkan        I  ovrInputDeviceManager::Initialize
2025-01-27 12:08:21.094 32178-32216 [CT]                    com.oculus.sdk.helloxr.vulkan        I  HandPosePrediction: Set sampler config enum for v59 30 Hz
