2025-01-27 20:13:53.787  8192-8221  ClientInputSettings     com.oculus.sdk.helloxr.vulkan        I  HANDTRACKING: enabled input settings, setting hand mode control settings to ControllersOnly
2025-01-27 20:13:53.787  8192-8221  ClientInputSettings     com.oculus.sdk.helloxr.vulkan        I  HANDTRACKING package name is com.oculus.sdk.helloxr.vulkan
2025-01-27 20:13:53.787  8192-8221  ClientInputSettings     com.oculus.sdk.helloxr.vulkan        I  HANDTRACKING: feature flag set to 0
2025-01-27 20:13:53.787  8192-8221  ClientInputInterface    com.oculus.sdk.helloxr.vulkan        I  HANDTRACKING sethandmanifest 0
2025-01-27 20:13:53.787  8192-8221  InputHooks_Internal     com.oculus.sdk.helloxr.vulkan        I  Enabling Native Input Hooks
2025-01-27 20:13:53.790  8192-8221  .helloxr.vulka          com.oculus.sdk.helloxr.vulkan        W  Accessing hidden method Landroid/content/Context;->startServiceAsUser(Landroid/content/Intent;Landroid/os/UserHandle;)Landroid/content/ComponentName; (unsupported, reflection, allowed)
2025-01-27 20:13:53.790  8192-8221  .helloxr.vulka          com.oculus.sdk.helloxr.vulkan        W  Accessing hidden method Landroid/content/Context;->registerReceiverAsUser(Landroid/content/BroadcastReceiver;Landroid/os/UserHandle;Landroid/content/IntentFilter;Ljava/lang/String;Landroid/os/Handler;)Landroid/content/Intent; (unsupported, reflection, allowed)
2025-01-27 20:13:53.790  8192-8221  InputDeviceManager      com.oculus.sdk.helloxr.vulkan        I  ovrInputDeviceManager::Initialize
2025-01-27 20:13:53.790  8192-8221  [CT]                    com.oculus.sdk.helloxr.vulkan        I  HandPosePrediction: Set sampler config enum for v59 30 Hz
2025-01-27 20:13:53.790  8192-8221  [CT]                    com.oculus.sdk.helloxr.vulkan        I  HandPosePrediction: Set sampler config enum for v59 30 Hz
2025-01-27 20:13:53.791  8192-8221  InputDevice_Hand        com.oculus.sdk.helloxr.vulkan        I  BodyPoweredHands checkSysPropForBodyAPIOverride 0
2025-01-27 20:13:53.791  8192-8221  InputDevice_Hand        com.oculus.sdk.helloxr.vulkan        I  BodyPoweredHands checkSysPropForBodyAPIOverride 0
2025-01-27 20:13:53.791  8192-8221  InputDevic...ckedRemote com.oculus.sdk.helloxr.vulkan        W  Did not pass RIPC GK, fetching controller input data from shared memory
2025-01-27 20:13:53.791  8192-8221  InputDeviceManager      com.oculus.sdk.helloxr.vulkan        I  HANDTRACKING Root pose filter profile changed for freq to 20 from 0  inf: 1
2025-01-27 20:13:53.791  8192-8221  GkHelper                com.oculus.sdk.helloxr.vulkan        I  Checking gk 'horizon_phasesync_auto_disabled', default = false
2025-01-27 20:13:53.791  8192-8221  GkCacheQuerierClient    com.oculus.sdk.helloxr.vulkan        W  getGkValue: Query result for 'oculus_xrruntime:horizon_phasesync_auto_disabled' not successful: 4
2025-01-27 20:13:53.791  8192-8221  GkHelper                com.oculus.sdk.helloxr.vulkan        W  GkHelper: query failed, result code: 4
2025-01-27 20:13:53.791  8192-8221  PhaseSync               com.oculus.sdk.helloxr.vulkan        I  PhaseSync::PhaseSync PaddingLowerLimit 0.350000 StandardDeviations 2.000000 PaddingUpperLimit 0.750000 on instance 0
2025-01-27 20:13:53.791  8192-8221  FrameSync               com.oculus.sdk.helloxr.vulkan        I  FrameSync Initialized Instance 1
2025-01-27 20:13:53.791  8192-8221  VrRuntimeClient         com.oculus.sdk.helloxr.vulkan        I  PhaseSync Instance created
2025-01-27 20:13:53.795  8192-8221  Compatibil...geReporter com.oculus.sdk.helloxr.vulkan        D  Compat change id reported: 160794467; UID 10735; state: ENABLED
2025-01-27 20:13:53.796  8192-8221  ServerStat...UNTIMEIPC] com.oculus.sdk.helloxr.vulkan        W  IPCService: GetDataBegin: entryIndex < 0 || entryIndex >= numEntries_ || entryIndex >= trustedMaxEntries: 5, 19, 0
2025-01-27 20:13:53.796  8192-8221  VrRuntimeC...rexContext com.oculus.sdk.helloxr.vulkan        I  BeginSession
2025-01-27 20:13:53.796  8192-8221  OpenXR                  com.oculus.sdk.helloxr.vulkan        I  usesManifestForCpuBoost:0
2025-01-27 20:13:53.796  8192-8221  OpenXR                  com.oculus.sdk.helloxr.vulkan        I  ------------ xrBeginSession [end] -----------
2025-01-27 20:13:53.800  8192-8263  JniUtils                com.oculus.sdk.helloxr.vulkan        I  ovr_GetCurrentPackageSignature
2025-01-27 20:13:53.801  8192-8263  Metrics                 com.oculus.sdk.helloxr.vulkan        I  device model = Quest 3
2025-01-27 20:13:53.801  8192-8263  Telemetry               com.oculus.sdk.helloxr.vulkan        I  Aligning telemetry thread time, will wait for: 199 ms...
2025-01-27 20:13:53.807  8192-8221  ServerStat...UNTIMEIPC] com.oculus.sdk.helloxr.vulkan        W  IPCService: GetDataBegin: entryIndex < 0 || entryIndex >= numEntries_ || entryIndex >= trustedMaxEntries: 16, 19, 0
2025-01-27 20:13:53.810  8192-8221  ServerStat...UNTIMEIPC] com.oculus.sdk.helloxr.vulkan        W  IPCService: GetDataBegin: entryIndex < 0 || entryIndex >= numEntries_ || entryIndex >= trustedMaxEntries: 14, 19, 0
2025-01-27 20:13:53.810  8192-8221  AudioCapture            com.oculus.sdk.helloxr.vulkan        I  AudioCapture::PauseAudioCapture
2025-01-27 20:13:53.811  8192-8267  FenceChecker            com.oculus.sdk.helloxr.vulkan        I  FenceChecker::MainLoop - started
2025-01-27 20:13:53.813  8192-8221  VrRuntimeClient         com.oculus.sdk.helloxr.vulkan        I  SetClientAppColorspace: P3
2025-01-27 20:13:53.813  8192-8221  ServerStat...UNTIMEIPC] com.oculus.sdk.helloxr.vulkan        W  IPCService: GetDataBegin: entryIndex < 0 || entryIndex >= numEntries_ || entryIndex >= trustedMaxEntries: 4, 19, 0
2025-01-27 20:13:53.813  8192-8221  OpenXR                  com.oculus.sdk.helloxr.vulkan        I  PostSessionStateChange:[pid: 8192] XR_SESSION_STATE_READY -> XR_SESSION_STATE_SYNCHRONIZED
2025-01-27 20:13:53.813  8192-8221  Deque                   com.oculus.sdk.helloxr.vulkan        I  AddEventToQueue called. eventInfo.type: 18, eventInfo.next: 1
2025-01-27 20:13:53.813  8192-8221  helloxr                 com.oculus.sdk.helloxr.vulkan        V  [20:13:53.813][Info   ] XrEventDataSessionStateChanged: state XR_SESSION_STATE_READY->XR_SESSION_STATE_SYNCHRONIZED session=144115188075855875 time=292146336148002
2025-01-27 20:13:53.813  8192-8221  OpenXR                  com.oculus.sdk.helloxr.vulkan        I  PostSessionStateChange:[pid: 8192] XR_SESSION_STATE_SYNCHRONIZED -> XR_SESSION_STATE_VISIBLE
2025-01-27 20:13:53.815  8192-8221  Deque                   com.oculus.sdk.helloxr.vulkan        I  AddEventToQueue called. eventInfo.type: 18, eventInfo.next: 1
2025-01-27 20:13:53.815  8192-8221  OpenXR                  com.oculus.sdk.helloxr.vulkan        I  PostSessionStateChange:[pid: 8192] XR_SESSION_STATE_VISIBLE -> XR_SESSION_STATE_FOCUSED
2025-01-27 20:13:53.815  8192-8221  Deque                   com.oculus.sdk.helloxr.vulkan        I  AddEventToQueue called. eventInfo.type: 18, eventInfo.next: 1
2025-01-27 20:13:53.815  8192-8221  helloxr                 com.oculus.sdk.helloxr.vulkan        V  [20:13:53.815][Info   ] XrEventDataSessionStateChanged: state XR_SESSION_STATE_SYNCHRONIZED->XR_SESSION_STATE_VISIBLE session=144115188075855875 time=292146336364877
2025-01-27 20:13:53.815  8192-8221  helloxr                 com.oculus.sdk.helloxr.vulkan        V  [20:13:53.815][Info   ] XrEventDataSessionStateChanged: state XR_SESSION_STATE_VISIBLE->XR_SESSION_STATE_FOCUSED session=144115188075855875 time=292146337529148
2025-01-27 20:13:53.816  8192-8221  AppLoadTim...etryCommon com.oculus.sdk.helloxr.vulkan        I  App load time recorded [packageName=com.oculus.sdk.helloxr.vulkan, time=0.908915, method="BeginFrame (1)", launchType="Launch", launchId=""]
2025-01-27 20:13:54.000  8192-8263  Telemetry               com.oculus.sdk.helloxr.vulkan        I  Time aligned, interrupted: 0
2025-01-27 20:13:54.236  8192-8262  InputDeviceManager      com.oculus.sdk.helloxr.vulkan        I  HANDTRACKING Root pose filter profile changed for freq to 17 from 20  inf: 1
2025-01-27 20:13:54.895  8192-8206  System                  com.oculus.sdk.helloxr.vulkan        W  A resource failed to call close.
2025-01-27 20:13:55.012  8192-8263  ClientShar...metryStats com.oculus.sdk.helloxr.vulkan        I  App memory usage: PSS=77 MiB, PrivateDirty=47 MiB, PrivateClean=0 MiB, GPU=24.6/24.6 MiB (100% allocated)
2025-01-27 20:13:55.013  8192-8263  VrApi                   com.oculus.sdk.helloxr.vulkan        I  FPS=1/72,Prd=0ms,Tear=0,Early=0,Stale=2,Stale2/5/10/max=0/0/1/13,VSnc=1,Lat=-1,Fov=0D,CPU4/GPU=3/2,1651/456MHz,OC=3F,TA=0/0/0,SP=N/N/N,Mem=1555MHz,Free=3773MB,PLS=0,Temp=43.0C/0.0C,TW=0.80ms,App=0.00ms,GD=0.00ms,CPU&GPU=0.00ms,LCnt=2(DR71,LM2),GPU%=0.10,CPU%=0.20(W0.22),DSF=1.31,CFL=10.64/15.79,ICFLp95=14.62,LD=0,SF=0.00,LP=0,DVFS=0
2025-01-27 20:13:56.000  8192-8263  VrApi                   com.oculus.sdk.helloxr.vulkan        I  FPS=73/72,Prd=20ms,Tear=0,Early=0,Stale=0,Stale2/5/10/max=0/0/0/0,VSnc=1,Lat=-1,Fov=0D,CPU4/GPU=2/2,1382/456MHz,OC=3F,TA=0/0/0,SP=N/N/N,Mem=3196MHz,Free=3773MB,PLS=0,Temp=43.0C/0.0C,TW=0.56ms,App=0.19ms,GD=0.00ms,CPU&GPU=1.02ms,LCnt=1(DR72,LM0),GPU%=0.08,CPU%=0.08(W0.10),DSF=1.31,CFL=9.67/14.88,ICFLp95=13.59,LD=0,SF=1.00,LP=0,DVFS=0
2025-01-27 20:13:57.000  8192-8263  VrApi                   com.oculus.sdk.helloxr.vulkan        I  FPS=72/72,Prd=20ms,Tear=0,Early=0,Stale=0,Stale2/5/10/max=0/0/0/0,VSnc=1,Lat=-1,Fov=0D,CPU4/GPU=2/2,1382/456MHz,OC=3F,TA=0/0/0,SP=N/N/N,Mem=1555MHz,Free=3773MB,PLS=0,Temp=43.0C/0.0C,TW=0.64ms,App=0.26ms,GD=0.00ms,CPU&GPU=1.09ms,LCnt=1(DR73,LM0),GPU%=0.08,CPU%=0.05(W0.10),DSF=1.31,CFL=9.74/14.59,ICFLp95=13.06,LD=0,SF=1.00,LP=0,DVFS=0
2025-01-27 20:13:58.000  8192-8263  VrApi                   com.oculus.sdk.helloxr.vulkan        I  FPS=72/72,Prd=20ms,Tear=0,Early=0,Stale=0,Stale2/5/10/max=0/0/0/0,VSnc=1,Lat=-1,Fov=0D,CPU4/GPU=2/2,1382/456MHz,OC=3F,TA=0/0/0,SP=N/N/N,Mem=1555MHz,Free=3773MB,PLS=0,Temp=43.0C/0.0C,TW=0.64ms,App=0.26ms,GD=0.00ms,CPU&GPU=1.06ms,LCnt=1(DR73,LM0),GPU%=0.08,CPU%=0.06(W0.14),DSF=1.31,CFL=9.72/29.39,ICFLp95=16.15,LD=0,SF=1.00,LP=0,DVFS=0
2025-01-27 20:13:59.000  8192-8263  VrApi                   com.oculus.sdk.helloxr.vulkan        I  FPS=73/72,Prd=20ms,Tear=0,Early=0,Stale=0,Stale2/5/10/max=0/0/0/0,VSnc=1,Lat=-1,Fov=0D,CPU4/GPU=2/2,1382/456MHz,OC=3F,TA=0/0/0,SP=N/N/N,Mem=547MHz,Free=3773MB,PLS=0,Temp=43.0C/0.0C,TW=0.64ms,App=0.32ms,GD=0.00ms,CPU&GPU=1.01ms,LCnt=1(DR73,LM0),GPU%=0.08,CPU%=0.03(W0.05),DSF=1.31,CFL=9.67/14.24,ICFLp95=12.96,LD=0,SF=1.00,LP=0,DVFS=0
2025-01-27 20:14:00.001  8192-8263  VrApi                   com.oculus.sdk.helloxr.vulkan        I  FPS=72/72,Prd=20ms,Tear=0,Early=0,Stale=0,Stale2/5/10/max=0/0/0/0,VSnc=1,Lat=-1,Fov=0D,CPU4/GPU=2/2,1382/456MHz,OC=3F,TA=0/0/0,SP=N/N/N,Mem=1555MHz,Free=3773MB,PLS=0,Temp=43.0C/0.0C,TW=0.66ms,App=0.28ms,GD=0.00ms,CPU&GPU=1.13ms,LCnt=1(DR72,LM0),GPU%=0.08,CPU%=0.06(W0.10),DSF=1.31,CFL=9.66/14.34,ICFLp95=12.99,LD=0,SF=1.00,LP=0,DVFS=0
2025-01-27 20:14:00.746  8192-8221  AppLoadTim...etryCommon com.oculus.sdk.helloxr.vulkan        I  App load time recorded [packageName=com.oculus.sdk.helloxr.vulkan, time=7.839053, method="BeginFrame (500)", launchType="Launch", launchId=""]
2025-01-27 20:14:01.001  8192-8263  VrApi                   com.oculus.sdk.helloxr.vulkan        I  FPS=73/72,Prd=20ms,Tear=0,Early=0,Stale=0,Stale2/5/10/max=0/0/0/0,VSnc=1,Lat=-1,Fov=0D,CPU4/GPU=2/2,1382/456MHz,OC=3F,TA=0/0/0,SP=N/N/N,Mem=1555MHz,Free=3773MB,PLS=0,Temp=43.0C/0.0C,TW=0.67ms,App=0.30ms,GD=0.00ms,CPU&GPU=1.12ms,LCnt=1(DR73,LM0),GPU%=0.08,CPU%=0.10(W0.10),DSF=1.31,CFL=9.66/14.43,ICFLp95=13.07,LD=0,SF=1.00,LP=0,DVFS=0
2025-01-27 20:14:02.001  8192-8263  VrApi                   com.oculus.sdk.helloxr.vulkan        I  FPS=73/72,Prd=20ms,Tear=0,Early=0,Stale=0,Stale2/5/10/max=0/0/0/0,VSnc=1,Lat=-1,Fov=0D,CPU4/GPU=2/2,1382/456MHz,OC=3F,TA=0/0/0,SP=N/N/N,Mem=1555MHz,Free=3773MB,PLS=0,Temp=43.0C/0.0C,TW=0.65ms,App=0.27ms,GD=0.00ms,CPU&GPU=1.12ms,LCnt=1(DR73,LM0),GPU%=0.08,CPU%=0.05(W0.14),DSF=1.31,CFL=9.61/14.49,ICFLp95=13.04,LD=0,SF=1.00,LP=0,DVFS=0
2025-01-27 20:14:03.001  8192-8263  VrApi                   com.oculus.sdk.helloxr.vulkan        I  FPS=73/72,Prd=20ms,Tear=0,Early=0,Stale=0,Stale2/5/10/max=0/0/0/0,VSnc=1,Lat=-1,Fov=0D,CPU4/GPU=2/2,1382/456MHz,OC=3F,TA=0/0/0,SP=N/N/N,Mem=547MHz,Free=3773MB,PLS=0,Temp=43.0C/0.0C,TW=0.65ms,App=0.27ms,GD=0.00ms,CPU&GPU=1.09ms,LCnt=1(DR73,LM0),GPU%=0.08,CPU%=0.02(W0.05),DSF=1.31,CFL=9.64/14.54,ICFLp95=13.06,LD=0,SF=1.00,LP=0,DVFS=0
2025-01-27 20:14:04.001  8192-8263  VrApi                   com.oculus.sdk.helloxr.vulkan        I  FPS=73/72,Prd=20ms,Tear=0,Early=0,Stale=0,Stale2/5/10/max=0/0/0/0,VSnc=1,Lat=-1,Fov=0D,CPU4/GPU=2/2,1382/456MHz,OC=3F,TA=0/0/0,SP=N/N/N,Mem=547MHz,Free=3773MB,PLS=0,Temp=43.0C/0.0C,TW=0.67ms,App=0.28ms,GD=0.00ms,CPU&GPU=1.08ms,LCnt=1(DR73,LM0),GPU%=0.08,CPU%=0.02(W0.05),DSF=1.31,CFL=9.62/14.53,ICFLp95=13.01,LD=0,SF=1.00,LP=0,DVFS=0
2025-01-27 20:14:05.001  8192-8263  VrApi                   com.oculus.sdk.helloxr.vulkan        I  FPS=73/72,Prd=20ms,Tear=0,Early=0,Stale=0,Stale2/5/10/max=0/0/0/0,VSnc=1,Lat=-1,Fov=0D,CPU4/GPU=2/2,1382/456MHz,OC=3F,TA=0/0/0,SP=N/N/N,Mem=547MHz,Free=3773MB,PLS=0,Temp=43.0C/0.0C,TW=0.66ms,App=0.29ms,GD=0.00ms,CPU&GPU=1.10ms,LCnt=1(DR73,LM0),GPU%=0.08,CPU%=0.04(W0.06),DSF=1.31,CFL=9.67/14.44,ICFLp95=13.00,LD=0,SF=1.00,LP=0,DVFS=0
2025-01-27 20:14:06.001  8192-8263  VrApi                   com.oculus.sdk.helloxr.vulkan        I  FPS=73/72,Prd=20ms,Tear=0,Early=0,Stale=0,Stale2/5/10/max=0/0/0/0,VSnc=1,Lat=-1,Fov=0D,CPU4/GPU=2/2,1382/456MHz,OC=3F,TA=0/0/0,SP=N/N/N,Mem=547MHz,Free=3773MB,PLS=0,Temp=43.0C/0.0C,TW=0.66ms,App=0.28ms,GD=0.00ms,CPU&GPU=1.11ms,LCnt=1(DR73,LM0),GPU%=0.08,CPU%=0.05(W0.10),DSF=1.31,CFL=9.65/14.43,ICFLp95=12.99,LD=0,SF=1.00,LP=0,DVFS=0
2025-01-27 20:14:07.001  8192-8263  VrApi                   com.oculus.sdk.helloxr.vulkan        I  FPS=72/72,Prd=20ms,Tear=0,Early=0,Stale=0,Stale2/5/10/max=0/0/0/0,VSnc=1,Lat=-1,Fov=0D,CPU4/GPU=2/2,1382/456MHz,OC=3F,TA=0/0/0,SP=N/N/N,Mem=768MHz,Free=3773MB,PLS=0,Temp=43.0C/0.0C,TW=0.66ms,App=0.29ms,GD=0.00ms,CPU&GPU=1.08ms,LCnt=1(DR73,LM0),GPU%=0.08,CPU%=0.05(W0.05),DSF=1.31,CFL=9.66/14.35,ICFLp95=13.00,LD=0,SF=1.00,LP=0,DVFS=0
2025-01-27 20:14:07.690  8192-8221  AppLoadTim...etryCommon com.oculus.sdk.helloxr.vulkan        I  App load time recorded [packageName=com.oculus.sdk.helloxr.vulkan, time=14.782442, method="BeginFrame (1000)", launchType="Launch", launchId=""]
2025-01-27 20:14:08.001  8192-8263  VrApi                   com.oculus.sdk.helloxr.vulkan        I  FPS=73/72,Prd=20ms,Tear=0,Early=0,Stale=0,Stale2/5/10/max=0/0/0/0,VSnc=1,Lat=-1,Fov=0D,CPU4/GPU=2/2,1382/456MHz,OC=3F,TA=0/0/0,SP=N/N/N,Mem=1555MHz,Free=3773MB,PLS=0,Temp=43.0C/0.0C,TW=0.69ms,App=0.48ms,GD=0.00ms,CPU&GPU=1.37ms,LCnt=1(DR73,LM0),GPU%=0.11,CPU%=0.03(W0.09),DSF=1.31,CFL=9.67/26.52,ICFLp95=15.02,LD=0,SF=1.00,LP=0,DVFS=0
2025-01-27 20:14:09.001  8192-8263  VrApi                   com.oculus.sdk.helloxr.vulkan        I  FPS=73/72,Prd=20ms,Tear=0,Early=0,Stale=0,Stale2/5/10/max=0/0/0/0,VSnc=1,Lat=-1,Fov=0D,CPU4/GPU=2/2,1382/456MHz,OC=3F,TA=0/0/0,SP=N/N/N,Mem=1555MHz,Free=3773MB,PLS=0,Temp=43.0C/0.0C,TW=0.75ms,App=0.85ms,GD=0.00ms,CPU&GPU=1.71ms,LCnt=1(DR73,LM0),GPU%=0.13,CPU%=0.05(W0.05),DSF=1.31,CFL=9.70/14.46,ICFLp95=13.05,LD=0,SF=1.00,LP=0,DVFS=0
2025-01-27 20:14:10.001  8192-8263  VrApi                   com.oculus.sdk.helloxr.vulkan        I  FPS=73/72,Prd=21ms,Tear=0,Early=0,Stale=0,Stale2/5/10/max=0/0/0/0,VSnc=1,Lat=-1,Fov=0D,CPU4/GPU=2/2,1382/456MHz,OC=3F,TA=0/0/0,SP=N/N/N,Mem=768MHz,Free=3773MB,PLS=0,Temp=43.0C/0.0C,TW=0.69ms,App=0.62ms,GD=0.00ms,CPU&GPU=1.62ms,LCnt=1(DR73,LM0),GPU%=0.11,CPU%=0.08(W0.14),DSF=1.31,CFL=9.76/14.46,ICFLp95=13.09,LD=0,SF=1.00,LP=0,DVFS=0
2025-01-27 20:14:11.001  8192-8263  VrApi                   com.oculus.sdk.helloxr.vulkan        I  FPS=72/72,Prd=20ms,Tear=0,Early=0,Stale=0,Stale2/5/10/max=0/0/0/0,VSnc=1,Lat=-1,Fov=0D,CPU4/GPU=2/2,1382/456MHz,OC=3F,TA=0/0/0,SP=N/N/N,Mem=547MHz,Free=3773MB,PLS=0,Temp=43.0C/0.0C,TW=0.67ms,App=0.28ms,GD=0.00ms,CPU&GPU=1.45ms,LCnt=1(DR72,LM0),GPU%=0.09,CPU%=0.02(W0.05),DSF=1.31,CFL=9.74/14.42,ICFLp95=13.06,LD=0,SF=1.00,LP=0,DVFS=0
2025-01-27 20:14:12.001  8192-8263  VrApi                   com.oculus.sdk.helloxr.vulkan        I  FPS=72/72,Prd=20ms,Tear=0,Early=0,Stale=0,Stale2/5/10/max=0/0/0/0,VSnc=1,Lat=-1,Fov=0D,CPU4/GPU=2/2,1382/456MHz,OC=3F,TA=0/0/0,SP=N/N/N,Mem=547MHz,Free=3773MB,PLS=0,Temp=43.0C/0.0C,TW=0.65ms,App=0.27ms,GD=0.00ms,CPU&GPU=1.08ms,LCnt=1(DR73,LM0),GPU%=0.08,CPU%=0.02(W0.05),DSF=1.31,CFL=9.68/14.52,ICFLp95=13.05,LD=0,SF=1.00,LP=0,DVFS=0
2025-01-27 20:14:13.001  8192-8263  VrApi                   com.oculus.sdk.helloxr.vulkan        I  FPS=73/72,Prd=20ms,Tear=0,Early=0,Stale=0,Stale2/5/10/max=0/0/0/0,VSnc=1,Lat=-1,Fov=0D,CPU4/GPU=2/2,1382/456MHz,OC=3F,TA=0/0/0,SP=N/N/N,Mem=547MHz,Free=3773MB,PLS=0,Temp=43.0C/0.0C,TW=0.62ms,App=0.23ms,GD=0.00ms,CPU&GPU=1.11ms,LCnt=1(DR73,LM0),GPU%=0.08,CPU%=0.13(W0.15),DSF=1.31,CFL=9.67/14.53,ICFLp95=13.06,LD=0,SF=1.00,LP=0,DVFS=0
2025-01-27 20:14:14.001  8192-8263  VrApi                   com.oculus.sdk.helloxr.vulkan        I  FPS=72/72,Prd=20ms,Tear=0,Early=0,Stale=0,Stale2/5/10/max=0/0/0/0,VSnc=1,Lat=-1,Fov=0D,CPU4/GPU=2/2,1382/456MHz,OC=3F,TA=0/0/0,SP=N/N/N,Mem=768MHz,Free=3773MB,PLS=0,Temp=43.0C/0.0C,TW=0.66ms,App=0.27ms,GD=0.00ms,CPU&GPU=1.12ms,LCnt=1(DR73,LM0),GPU%=0.08,CPU%=0.03(W0.05),DSF=1.31,CFL=9.65/14.46,ICFLp95=13.05,LD=0,SF=1.00,LP=0,DVFS=0
2025-01-27 20:14:15.012  8192-8263  ClientShar...metryStats com.oculus.sdk.helloxr.vulkan        I  App memory usage: PSS=77 MiB, PrivateDirty=47 MiB, PrivateClean=0 MiB, GPU=24.6/24.6 MiB (100% allocated)
2025-01-27 20:14:15.012  8192-8263  VrApi                   com.oculus.sdk.helloxr.vulkan        I  FPS=73/72,Prd=20ms,Tear=0,Early=0,Stale=0,Stale2/5/10/max=0/0/0/0,VSnc=1,Lat=-1,Fov=0D,CPU4/GPU=2/2,1382/456MHz,OC=3F,TA=0/0/0,SP=N/N/N,Mem=547MHz,Free=4047MB,PLS=0,Temp=43.0C/0.0C,TW=0.65ms,App=0.27ms,GD=0.00ms,CPU&GPU=1.09ms,LCnt=1(DR73,LM0),GPU%=0.08,CPU%=0.13(W0.16),DSF=1.31,CFL=9.65/14.46,ICFLp95=13.05,LD=0,SF=1.00,LP=0,DVFS=0
2025-01-27 20:14:16.002  8192-8263  VrApi                   com.oculus.sdk.helloxr.vulkan        I  FPS=73/72,Prd=20ms,Tear=0,Early=0,Stale=0,Stale2/5/10/max=0/0/0/0,VSnc=1,Lat=-1,Fov=0D,CPU4/GPU=2/2,1382/456MHz,OC=3F,TA=0/0/0,SP=N/N/N,Mem=547MHz,Free=4047MB,PLS=0,Temp=43.0C/0.0C,TW=0.63ms,App=0.25ms,GD=0.00ms,CPU&GPU=1.09ms,LCnt=1(DR73,LM0),GPU%=0.08,CPU%=0.06(W0.10),DSF=1.31,CFL=9.64/14.41,ICFLp95=13.02,LD=0,SF=1.00,LP=0,DVFS=0
2025-01-27 20:14:17.002  8192-8263  VrApi                   com.oculus.sdk.helloxr.vulkan        I  FPS=73/72,Prd=20ms,Tear=0,Early=0,Stale=0,Stale2/5/10/max=0/0/0/0,VSnc=1,Lat=-1,Fov=0D,CPU4/GPU=2/2,2361/456MHz,OC=3F,TA=0/0/0,SP=N/N/N,Mem=1555MHz,Free=4047MB,PLS=0,Temp=43.0C/0.0C,TW=0.65ms,App=0.29ms,GD=0.00ms,CPU&GPU=1.10ms,LCnt=1(DR73,LM0),GPU%=0.08,CPU%=0.11(W0.14),DSF=1.31,CFL=9.65/14.47,ICFLp95=13.05,LD=0,SF=1.00,LP=0,DVFS=0
2025-01-27 20:14:18.002  8192-8263  VrApi                   com.oculus.sdk.helloxr.vulkan        I  FPS=73/72,Prd=20ms,Tear=0,Early=0,Stale=0,Stale2/5/10/max=0/0/0/0,VSnc=1,Lat=-1,Fov=0D,CPU4/GPU=2/2,1382/456MHz,OC=3F,TA=0/0/0,SP=N/N/N,Mem=768MHz,Free=4047MB,PLS=0,Temp=43.0C/0.0C,TW=0.66ms,App=0.28ms,GD=0.00ms,CPU&GPU=1.14ms,LCnt=1(DR73,LM0),GPU%=0.08,CPU%=0.06(W0.10),DSF=1.31,CFL=9.64/20.72,ICFLp95=14.35,LD=0,SF=1.00,LP=0,DVFS=0
2025-01-27 20:14:19.002  8192-8263  VrApi                   com.oculus.sdk.helloxr.vulkan        I  FPS=73/72,Prd=20ms,Tear=0,Early=0,Stale=0,Stale2/5/10/max=0/0/0/0,VSnc=1,Lat=-1,Fov=0D,CPU4/GPU=2/2,1382/456MHz,OC=3F,TA=0/0/0,SP=N/N/N,Mem=1555MHz,Free=4047MB,PLS=0,Temp=43.0C/0.0C,TW=0.65ms,App=0.25ms,GD=0.00ms,CPU&GPU=1.10ms,LCnt=1(DR73,LM0),GPU%=0.08,CPU%=0.07(W0.10),DSF=1.31,CFL=9.72/14.63,ICFLp95=13.09,LD=0,SF=1.00,LP=0,DVFS=0
2025-01-27 20:14:20.002  8192-8263  VrApi                   com.oculus.sdk.helloxr.vulkan        I  FPS=73/72,Prd=20ms,Tear=0,Early=0,Stale=0,Stale2/5/10/max=0/0/0/0,VSnc=1,Lat=-1,Fov=0D,CPU4/GPU=2/2,1382/456MHz,OC=3F,TA=0/0/0,SP=N/N/N,Mem=768MHz,Free=4047MB,PLS=0,Temp=43.0C/0.0C,TW=0.65ms,App=0.30ms,GD=0.00ms,CPU&GPU=1.11ms,LCnt=1(DR73,LM0),GPU%=0.08,CPU%=0.05(W0.05),DSF=1.31,CFL=9.71/14.75,ICFLp95=13.07,LD=0,SF=1.00,LP=0,DVFS=0
2025-01-27 20:14:21.002  8192-8263  VrApi                   com.oculus.sdk.helloxr.vulkan        I  FPS=73/72,Prd=20ms,Tear=0,Early=0,Stale=0,Stale2/5/10/max=0/0/0/0,VSnc=1,Lat=-1,Fov=0D,CPU4/GPU=2/2,1382/456MHz,OC=3F,TA=0/0/0,SP=N/N/N,Mem=1555MHz,Free=4047MB,PLS=0,Temp=43.0C/0.0C,TW=0.66ms,App=0.28ms,GD=0.00ms,CPU&GPU=1.11ms,LCnt=1(DR73,LM0),GPU%=0.08,CPU%=0.13(W0.16),DSF=1.31,CFL=9.74/14.48,ICFLp95=13.06,LD=0,SF=1.00,LP=0,DVFS=0
2025-01-27 20:14:21.578  8192-8221  AppLoadTim...etryCommon com.oculus.sdk.helloxr.vulkan        I  App load time recorded [packageName=com.oculus.sdk.helloxr.vulkan, time=28.670657, method="BeginFrame (2000)", launchType="Launch", launchId=""]
2025-01-27 20:14:22.002  8192-8263  VrApi                   com.oculus.sdk.helloxr.vulkan        I  FPS=73/72,Prd=20ms,Tear=0,Early=0,Stale=0,Stale2/5/10/max=0/0/0/0,VSnc=1,Lat=-1,Fov=0D,CPU4/GPU=2/2,1382/456MHz,OC=3F,TA=0/0/0,SP=N/N/N,Mem=547MHz,Free=4047MB,PLS=0,Temp=43.0C/0.0C,TW=0.66ms,App=0.28ms,GD=0.00ms,CPU&GPU=1.10ms,LCnt=1(DR73,LM0),GPU%=0.08,CPU%=0.05(W0.05),DSF=1.31,CFL=9.75/14.65,ICFLp95=13.07,LD=0,SF=1.00,LP=0,DVFS=0
2025-01-27 20:14:23.002  8192-8263  VrApi                   com.oculus.sdk.helloxr.vulkan        I  FPS=73/72,Prd=20ms,Tear=0,Early=0,Stale=0,Stale2/5/10/max=0/0/0/0,VSnc=1,Lat=-1,Fov=0D,CPU4/GPU=2/2,1382/456MHz,OC=3F,TA=0/0/0,SP=N/N/N,Mem=768MHz,Free=4047MB,PLS=0,Temp=43.0C/0.0C,TW=0.66ms,App=0.29ms,GD=0.00ms,CPU&GPU=1.12ms,LCnt=1(DR72,LM0),GPU%=0.08,CPU%=0.08(W0.14),DSF=1.31,CFL=9.78/21.50,ICFLp95=14.56,LD=0,SF=1.00,LP=0,DVFS=0
2025-01-27 20:14:24.002  8192-8263  VrApi                   com.oculus.sdk.helloxr.vulkan        I  FPS=73/72,Prd=20ms,Tear=0,Early=0,Stale=0,Stale2/5/10/max=0/0/0/0,VSnc=1,Lat=-1,Fov=0D,CPU4/GPU=2/2,1382/456MHz,OC=3F,TA=0/0/0,SP=N/N/N,Mem=547MHz,Free=4047MB,PLS=0,Temp=43.0C/0.0C,TW=0.66ms,App=0.28ms,GD=0.00ms,CPU&GPU=1.15ms,LCnt=1(DR73,LM0),GPU%=0.08,CPU%=0.03(W0.05),DSF=1.31,CFL=9.75/14.56,ICFLp95=13.13,LD=0,SF=1.00,LP=0,DVFS=0
---------------------------- PROCESS ENDED (8192) for package com.oculus.sdk.helloxr.vulkan ----------------------------
