2025-01-24 11:06:02.550  7432-7467  Distortion              com.oculus.sdk.helloxr.vulkan        I  SetLensPositions - iad=0.0635, left offset=-0.0030803,-3.05452e-05, right offset=0.00332641,1.07915e-05
2025-01-24 11:06:02.551  7432-7467  VrRuntimeCompatHelper   com.oculus.sdk.helloxr.vulkan        I  DevicesSupported : 1 devices, quest
2025-01-24 11:06:02.551  7432-7467  OpenXR                  com.oculus.sdk.helloxr.vulkan        I  IsSystem 0
2025-01-24 11:06:02.551  7432-7467  Distortion              com.oculus.sdk.helloxr.vulkan        I  Initializing Mesh Decenter Correction
2025-01-24 11:06:02.551  7432-7467  libosutils              com.oculus.sdk.helloxr.vulkan        E  Failed to get real path of file '/sys/devices/soc0/platform_subtype_id', err: Permission denied
2025-01-24 11:06:02.551  7432-7467  libosutils              com.oculus.sdk.helloxr.vulkan        E  Failed to get real path of file '/sys/devices/soc0/platform_version', err: Permission denied
2025-01-24 11:06:02.551  7432-7467  libdeviceid             com.oculus.sdk.helloxr.vulkan        W  DeviceId unknown with subtype FFFFFFFF and version: 0xFFFFFFFF
2025-01-24 11:06:02.548  7432-7432  Thread-1                com.oculus.sdk.helloxr.vulkan        W  type=1400 audit(0.0:147): avc: denied { search } for name="soc0" dev="sysfs" ino=66965 scontext=u:r:untrusted_app:s0:c223,c258,c512,c768 tcontext=u:object_r:vendor_sysfs_soc:s0 tclass=dir permissive=0 app=com.oculus.sdk.helloxr.vulkan
2025-01-24 11:06:02.552  7432-7467  Distortion              com.oculus.sdk.helloxr.vulkan        I  Decenter tester version = 200
2025-01-24 11:06:02.552  7432-7467  Distortion              com.oculus.sdk.helloxr.vulkan        I  SetLensPositions - iad=0.0635, left offset=-0.0030803,-3.05452e-05, right offset=0.00332641,1.07915e-05
2025-01-24 11:06:02.552  7432-7467  GkHelper                com.oculus.sdk.helloxr.vulkan        I  Checking gk 'oculus_quest3_high_res_eye_buffer', default = false
2025-01-24 11:06:02.552  7432-7467  GkHelper                com.oculus.sdk.helloxr.vulkan        I  Checking gk 'oculus_quest3_super_high_res_eye_buffer', default = false
2025-01-24 11:06:02.552  7432-7467  OpenXR                  com.oculus.sdk.helloxr.vulkan        I  ----------- xrCreateInstance [end] ----------
2025-01-24 11:06:02.552  7432-7467  OpenXR-Loader           com.oculus.sdk.helloxr.vulkan        V  Verbose [GENERAL | xrCreateInstance | OpenXR-Loader] : Completed loader terminator
2025-01-24 11:06:02.552  7432-7467  OpenXR-Loader           com.oculus.sdk.helloxr.vulkan        I  Info [GENERAL | xrCreateInstance | OpenXR-Loader] : LoaderInstance::CreateInstance succeeded with 0 layers enabled and runtime interface - created instance = 0x0100000000000002
2025-01-24 11:06:02.552  7432-7467  OpenXR-Loader           com.oculus.sdk.helloxr.vulkan        V  Verbose [GENERAL | xrCreateInstance | OpenXR-Loader] : Completed loader trampoline
2025-01-24 11:06:02.552  7432-7467  helloxr                 com.oculus.sdk.helloxr.vulkan        V  [11:06:02.552][Info   ] Instance RuntimeName=Oculus RuntimeVersion=71.601.0
2025-01-24 11:06:02.552  7432-7467  helloxr                 com.oculus.sdk.helloxr.vulkan        V  [11:06:02.552][Info   ] Available View Configuration Types: (1)
2025-01-24 11:06:02.552  7432-7467  helloxr                 com.oculus.sdk.helloxr.vulkan        V  [11:06:02.552][Info   ] Available Environment Blend Mode count : (1)
2025-01-24 11:06:02.552  7432-7467  helloxr                 com.oculus.sdk.helloxr.vulkan        V  [11:06:02.552][Info   ] Environment Blend Mode (XR_ENVIRONMENT_BLEND_MODE_OPAQUE) : (Selected)
2025-01-24 11:06:02.552  7432-7467  helloxr                 com.oculus.sdk.helloxr.vulkan        V  [11:06:02.552][Warning] No validation layers found in the system, skipping
2025-01-24 11:06:02.555  7432-7467  Adreno-AppProfiles      com.oculus.sdk.helloxr.vulkan        W  Could not find QSPM HAL service. Skipping adreno profile processing.
2025-01-24 11:06:02.555  7432-7467  AdrenoVK-0              com.oculus.sdk.helloxr.vulkan        I  ===== BEGIN DUMP OF OVERRIDDEN SETTINGS =====
2025-01-24 11:06:02.555  7432-7467  AdrenoVK-0              com.oculus.sdk.helloxr.vulkan        I  ===== END DUMP OF OVERRIDDEN SETTINGS =====
2025-01-24 11:06:02.558  7432-7467  AdrenoVK-0              com.oculus.sdk.helloxr.vulkan        I  QUALCOMM build          : 5c44054b8b, I064dd7d485
                                                                                                    Build Date              : 09/12/24
                                                                                                    Shader Compiler Version : E031.47.14.01
                                                                                                    Local Branch            :
                                                                                                    Remote Branch           : refs/tags/AU_LINUX_ANDROID_LA.VENDOR.12.3.11.00.00.934.442
                                                                                                    Remote Branch           : NONE
                                                                                                    Reconstruct Branch      : NOTHING
2025-01-24 11:06:02.558  7432-7467  AdrenoVK-0              com.oculus.sdk.helloxr.vulkan        I  Build Config            : S P 12.1.6 AArch64
2025-01-24 11:06:02.558  7432-7467  AdrenoVK-0              com.oculus.sdk.helloxr.vulkan        I  Driver Path             : /vendor/lib64/hw/vulkan.adreno.so
2025-01-24 11:06:02.558  7432-7467  AdrenoVK-0              com.oculus.sdk.helloxr.vulkan        I  Driver Version          : 0797.0
2025-01-24 11:06:02.558  7432-7467  AdrenoVK-0              com.oculus.sdk.helloxr.vulkan        I  PFP                     : 0x01511175
2025-01-24 11:06:02.558  7432-7467  AdrenoVK-0              com.oculus.sdk.helloxr.vulkan        I  ME                      : 0x00000000
2025-01-24 11:06:02.558  7432-7467  AdrenoVK-0              com.oculus.sdk.helloxr.vulkan        I  Application Name    : helloxr
                                                                                                    Application Version : 0x00000001
                                                                                                    Engine Name         : helloxr
                                                                                                    Engine Version      : 0x00000001
                                                                                                    Api Version         : 0x00400000
2025-01-24 11:06:02.558  7432-7467  VulkanLoader            com.oculus.sdk.helloxr.vulkan        I  ovrVulkanLoader::Load
2025-01-24 11:06:02.558  7432-7467  VulkanLoader            com.oculus.sdk.helloxr.vulkan        W  VulkanLoader::LoadInstanceFunctions: Failed to load vkCreateDebugReportCallbackEXT, likely vkInstance created without xrGetVulkanInstanceExtensionsKHR/vrapi_GetInstanceExtensionsVulkan
2025-01-24 11:06:02.558  7432-7467  VulkanLoader            com.oculus.sdk.helloxr.vulkan        W  VulkanLoader::LoadInstanceFunctions: Failed to load vkDestroyDebugReportCallbackEXT, likely vkInstance created without xrGetVulkanInstanceExtensionsKHR/vrapi_GetInstanceExtensionsVulkan
2025-01-24 11:06:02.558  7432-7467  VulkanLoader            com.oculus.sdk.helloxr.vulkan        W  ovrVulkanLoader::LoadDeviceFunctions: device invalid
2025-01-24 11:06:02.558  7432-7467  VulkanLoader            com.oculus.sdk.helloxr.vulkan        W  ovrVulkanLoader::LoadExtensionList: physicalDevice invalid
2025-01-24 11:06:02.558  7432-7467  Vulkan_Utils            com.oculus.sdk.helloxr.vulkan        I  --------------------------------
2025-01-24 11:06:02.558  7432-7467  Vulkan_Utils            com.oculus.sdk.helloxr.vulkan        I  Device Name          : Adreno (TM) 740
2025-01-24 11:06:02.558  7432-7467  Vulkan_Utils            com.oculus.sdk.helloxr.vulkan        I  Device Type          : integrated GPU
2025-01-24 11:06:02.558  7432-7467  Vulkan_Utils            com.oculus.sdk.helloxr.vulkan        I  Vendor ID            : 0x5143
2025-01-24 11:06:02.558  7432-7467  Vulkan_Utils            com.oculus.sdk.helloxr.vulkan        I  Device ID            : 0x43050B00
2025-01-24 11:06:02.558  7432-7467  Vulkan_Utils            com.oculus.sdk.helloxr.vulkan        I  Driver Version       : 512.797.0
2025-01-24 11:06:02.558  7432-7467  Vulkan_Utils            com.oculus.sdk.helloxr.vulkan        I  API Version          : 1.1.284
2025-01-24 11:06:02.558  7432-7467  Vulkan_Utils            com.oculus.sdk.helloxr.vulkan        I  Queue Families       : 0 = graphics compute transfer (3 queues, 3 priorities)
2025-01-24 11:06:02.558  7432-7467  Vulkan_Utils            com.oculus.sdk.helloxr.vulkan        I                         1 = (1 queues, 3 priorities)
2025-01-24 11:06:02.558  7432-7467  Vulkan_Utils            com.oculus.sdk.helloxr.vulkan        I  Work Queue Family    : 0
2025-01-24 11:06:02.559  7432-7467  Vulkan_Utils            com.oculus.sdk.helloxr.vulkan        I  Device Extensions    : VK_KHR_swapchain (required, enabled)
2025-01-24 11:06:02.559  7432-7467  Vulkan_Utils            com.oculus.sdk.helloxr.vulkan        I                         VK_KHR_external_memory (required, enabled)
2025-01-24 11:06:02.559  7432-7467  Vulkan_Utils            com.oculus.sdk.helloxr.vulkan        I                         VK_KHR_get_memory_requirements2 (required, enabled)
2025-01-24 11:06:02.559  7432-7467  Vulkan_Utils            com.oculus.sdk.helloxr.vulkan        I  Device Extensions      VK_EXT_fragment_density_map (optional, enabled)
2025-01-24 11:06:02.559  7432-7467  Vulkan_Utils            com.oculus.sdk.helloxr.vulkan        I                         VK_EXT_fragment_density_map2 (optional, enabled)
2025-01-24 11:06:02.559  7432-7467  Vulkan_Utils            com.oculus.sdk.helloxr.vulkan        I                         VK_KHR_maintenance1 (optional, enabled)
2025-01-24 11:06:02.559  7432-7467  Vulkan_Utils            com.oculus.sdk.helloxr.vulkan        I                         VK_KHR_bind_memory2 (optional, enabled)
2025-01-24 11:06:02.559  7432-7467  Vulkan_Utils            com.oculus.sdk.helloxr.vulkan        I                         VK_KHR_sampler_ycbcr_conversion (optional, enabled)
2025-01-24 11:06:02.559  7432-7467  Vulkan_Utils            com.oculus.sdk.helloxr.vulkan        I                         VK_EXT_queue_family_foreign (optional, enabled)
2025-01-24 11:06:02.559  7432-7467  Vulkan_Utils            com.oculus.sdk.helloxr.vulkan        I                         VK_KHR_dedicated_allocation (optional, enabled)
2025-01-24 11:06:02.559  7432-7467  Vulkan_Utils            com.oculus.sdk.helloxr.vulkan        I                         VK_KHR_external_memory_fd (optional, enabled)
2025-01-24 11:06:02.559  7432-7467  Vulkan_Utils            com.oculus.sdk.helloxr.vulkan        I                         VK_ANDROID_external_memory_android_hardware_buffer (optional, enabled)
2025-01-24 11:06:02.560  7432-7467  helloxr                 com.oculus.sdk.helloxr.vulkan        V  [11:06:02.560][Info   ] Loaded vertex shader
2025-01-24 11:06:02.560  7432-7467  helloxr                 com.oculus.sdk.helloxr.vulkan        V  [11:06:02.560][Info   ] Loaded fragment shader
2025-01-24 11:06:02.560  7432-7467  OpenXR                  com.oculus.sdk.helloxr.vulkan        I  ------------ xrCreateSession [start] -----------
2025-01-24 11:06:02.560  7432-7467  VrRuntimeClient         com.oculus.sdk.helloxr.vulkan        I  VrRuntimeClient(): 0xb4000070d2a1cc00
2025-01-24 11:06:02.564  7432-7467  VrRuntimeClient         com.oculus.sdk.helloxr.vulkan        I  s->gRuntimeServiceSDKClient.InitClient
2025-01-24 11:06:02.567  7432-7467  ThreadHelp...UNTIMEIPC] com.oculus.sdk.helloxr.vulkan        I  RuntimeIPC::ThreadHelpers::SetState: threadName: JobPoolWorker, currentState: STATE_STOPPED, newState: STATE_STARTING
2025-01-24 11:06:02.567  7432-7504  ThreadHelp...UNTIMEIPC] com.oculus.sdk.helloxr.vulkan        I  RuntimeIPC::ThreadHelpers::SetState: threadName: JobPoolWorker, currentState: STATE_STARTING, newState: STATE_RUNNING
2025-01-24 11:06:02.569  7432-7467  RuntimeIPC...UNTIMEIPC] com.oculus.sdk.helloxr.vulkan        I  Event buffer size (client): 8192
2025-01-24 11:06:02.569  7432-7467  RuntimeIPC...UNTIMEIPC] com.oculus.sdk.helloxr.vulkan        I  TryToGetIPCResourcesFromServer: RPC_CONNECTOR_CONNECT_TO_SERVER SUCCESS: Client: com.oculus.sdk.helloxr.vulkan:com.oculus.sdk.helloxr.vulkan:7432, Server: com.oculus.systemdriver:com.oculus.vrruntimeservice (RuntimeServiceServer)
2025-01-24 11:06:02.569  7432-7467  RuntimeIPC...UNTIMEIPC] com.oculus.sdk.helloxr.vulkan        I  EnsureServerConnection: SUCCESS. Client: com.oculus.sdk.helloxr.vulkan:com.oculus.sdk.helloxr.vulkan:7432, Server: com.oculus.systemdriver:com.oculus.vrruntimeservice (RuntimeServiceServer)
2025-01-24 11:06:02.569  7432-7467  RuntimeIPC...UNTIMEIPC] com.oculus.sdk.helloxr.vulkan        I  ConnectToServer: SUCCESS: Client: com.oculus.sdk.helloxr.vulkan:com.oculus.sdk.helloxr.vulkan:7432, Server: com.oculus.systemdriver:com.oculus.vrruntimeservice (RuntimeServiceServer)
2025-01-24 11:06:02.569  7432-7504  VrRuntimeClient         com.oculus.sdk.helloxr.vulkan        I  s->gRuntimeServiceSDKClient.Connected: com.oculus.systemdriver:com.oculus.vrruntimeservice
2025-01-24 11:06:02.569  7432-7504  VrRuntimeClient         com.oculus.sdk.helloxr.vulkan        I  RegisterClient RequestDescriptor com.oculus.sdk.helloxr.vulkan:7432 clientType 0 clientFlags 0 clientSessionPlacement 0 clientLaunchId
2025-01-24 11:06:02.579  7432-7504  VrRuntimeClient         com.oculus.sdk.helloxr.vulkan        I  RegisterClient success
2025-01-24 11:06:02.580  7432-7504  VrRuntimeClient         com.oculus.sdk.helloxr.vulkan        I  RuntimeIPC: ServiceConnected: SharedMemoryDebug: publicReadOnly SharedMemorySize=192 (com.oculus.sdk.helloxr.vulkan) sizeof(s->sharedMemoryPublicReadOnly)=216
2025-01-24 11:06:02.581  7432-7504  VrRuntimeClient         com.oculus.sdk.helloxr.vulkan        I  RuntimeIPC: ServiceConnected: SharedMemoryDebug: privateReadWrite SharedMemorySize=115912 (com.oculus.sdk.helloxr.vulkan) sizeof(privateSharedMemorySize)=8
2025-01-24 11:06:02.581  7432-7504  VrRuntimeClient         com.oculus.sdk.helloxr.vulkan        I  nativeRuntimeServiceConnected: SharedMemoryDebug: publicReadOnlyFd=122, privateReadWriteFd=123 (com.oculus.sdk.helloxr.vulkan)
2025-01-24 11:06:02.588  7432-7467  ThreadHelp...UNTIMEIPC] com.oculus.sdk.helloxr.vulkan        I  RuntimeIPC::ThreadHelpers::SetState: threadName: JobPoolWorker, currentState: STATE_STOPPED, newState: STATE_STARTING
2025-01-24 11:06:02.588  7432-7506  ThreadHelp...UNTIMEIPC] com.oculus.sdk.helloxr.vulkan        I  RuntimeIPC::ThreadHelpers::SetState: threadName: JobPoolWorker, currentState: STATE_STARTING, newState: STATE_RUNNING
2025-01-24 11:06:02.588  7432-7467  ThreadHelp...UNTIMEIPC] com.oculus.sdk.helloxr.vulkan        I  RuntimeIPC::ThreadHelpers::SetState: threadName: RIPCNotifThread, currentState: STATE_STOPPED, newState: STATE_STARTING
2025-01-24 11:06:02.588  7432-7507  ThreadHelp...UNTIMEIPC] com.oculus.sdk.helloxr.vulkan        I  RuntimeIPC::ThreadHelpers::SetState: threadName: RIPCNotifThread, currentState: STATE_STARTING, newState: STATE_RUNNING
2025-01-24 11:06:02.588  7432-7467  VrRuntimeClient         com.oculus.sdk.helloxr.vulkan        I  s->gRuntimeServiceSDKClient.InitClient SUCCESS. Version: 5.0, Custom: 1.0
2025-01-24 11:06:02.588  7432-7467  RuntimeIPC...UNTIMEIPC] com.oculus.sdk.helloxr.vulkan        I  GetClientOptions
2025-01-24 11:06:02.589  7432-7467  VrRuntimeClient         com.oculus.sdk.helloxr.vulkan        I  Connected to VrRuntimeService on attempt 0
2025-01-24 11:06:02.589  7432-7467  OpenXR                  com.oculus.sdk.helloxr.vulkan        I  xrCreateSession: Connected to VrRuntimeService after 0.027788s
2025-01-24 11:06:02.589  7432-7467  AdrenoGLES-0            com.oculus.sdk.helloxr.vulkan        I  QUALCOMM build                   : 5c44054b8b, I064dd7d485
                                                                                                    Build Date                       : 09/12/24
                                                                                                    OpenGL ES Shader Compiler Version: E031.47.14.01
                                                                                                    Local Branch                     :
                                                                                                    Remote Branch                    : refs/tags/AU_LINUX_ANDROID_LA.VENDOR.12.3.11.00.00.934.442
                                                                                                    Remote Branch                    : NONE
                                                                                                    Reconstruct Branch               : NOTHING
2025-01-24 11:06:02.589  7432-7467  AdrenoGLES-0            com.oculus.sdk.helloxr.vulkan        I  Build Config                     : S P 12.1.6 AArch64
2025-01-24 11:06:02.589  7432-7467  AdrenoGLES-0            com.oculus.sdk.helloxr.vulkan        I  Driver Path                      : /vendor/lib64/egl/libGLESv2_adreno.so
2025-01-24 11:06:02.589  7432-7467  AdrenoGLES-0            com.oculus.sdk.helloxr.vulkan        I  Driver Version                   : 0797.0
2025-01-24 11:06:02.589  7432-7467  AdrenoGLES-0            com.oculus.sdk.helloxr.vulkan        I  Process Name                     : com.oculus.sdk.helloxr.vulkan
2025-01-24 11:06:02.595  7432-7467  AdrenoGLES-0            com.oculus.sdk.helloxr.vulkan        I  PFP: 0x01511175, ME: 0x00000000
2025-01-24 11:06:02.597  7432-7467  Adreno-AppProfiles      com.oculus.sdk.helloxr.vulkan        W  Could not find QSPM HAL service. Skipping adreno profile processing.
2025-01-24 11:06:02.599  7432-7467  AdrenoUtils             com.oculus.sdk.helloxr.vulkan        I  <ReadGpuID:366>: Reading chip ID through GSL
2025-01-24 11:06:02.605  7432-7467  VrRuntimeClient         com.oculus.sdk.helloxr.vulkan        I  SetPhaseSyncMode 1
2025-01-24 11:06:02.605  7432-7467  VrRuntimeClient         com.oculus.sdk.helloxr.vulkan        I  SetPhaseSyncMode 1
2025-01-24 11:06:02.605  7432-7467  OpenXR                  com.oculus.sdk.helloxr.vulkan        I  PhaseSync Mode: PHASE_SYNC
2025-01-24 11:06:02.605  7432-7467  VrRuntimeClient         com.oculus.sdk.helloxr.vulkan        I  VrRuntimeClient: Init
2025-01-24 11:06:02.605  7432-7467  PTKService              com.oculus.sdk.helloxr.vulkan        I  PTKServiceClient Init
2025-01-24 11:06:02.607  7432-7467  ThreadHelp...UNTIMEIPC] com.oculus.sdk.helloxr.vulkan        I  RuntimeIPC::ThreadHelpers::SetState: threadName: JobPoolWorker, currentState: STATE_STOPPED, newState: STATE_STARTING
2025-01-24 11:06:02.607  7432-7509  ThreadHelp...UNTIMEIPC] com.oculus.sdk.helloxr.vulkan        I  RuntimeIPC::ThreadHelpers::SetState: threadName: JobPoolWorker, currentState: STATE_STARTING, newState: STATE_RUNNING
2025-01-24 11:06:02.608  7432-7467  ClientProc...UNTIMEIPC] com.oculus.sdk.helloxr.vulkan        I  GetProcessConnection: com.oculus.vrshell:com.oculus.vrshell
2025-01-24 11:06:02.609  7432-7467  RuntimeIPC...UNTIMEIPC] com.oculus.sdk.helloxr.vulkan        I  Event buffer size (client): 8192
2025-01-24 11:06:02.609  7432-7467  RuntimeIPC...UNTIMEIPC] com.oculus.sdk.helloxr.vulkan        I  TryToGetIPCResourcesFromServer: RPC_CONNECTOR_CONNECT_TO_SERVER SUCCESS: Client: com.oculus.sdk.helloxr.vulkan:com.oculus.sdk.helloxr.vulkan:7432, Server: com.oculus.vrshell:com.oculus.vrshell (ptkserviceserver)
2025-01-24 11:06:02.609  7432-7467  RuntimeIPC...UNTIMEIPC] com.oculus.sdk.helloxr.vulkan        I  EnsureServerConnection: SUCCESS. Client: com.oculus.sdk.helloxr.vulkan:com.oculus.sdk.helloxr.vulkan:7432, Server: com.oculus.vrshell:com.oculus.vrshell (ptkserviceserver)
2025-01-24 11:06:02.609  7432-7467  RuntimeIPC...UNTIMEIPC] com.oculus.sdk.helloxr.vulkan        I  ConnectToServer: SUCCESS: Client: com.oculus.sdk.helloxr.vulkan:com.oculus.sdk.helloxr.vulkan:7432, Server: com.oculus.vrshell:com.oculus.vrshell (ptkserviceserver)
2025-01-24 11:06:02.615  7432-7467  RuntimeIPC...UNTIMEIPC] com.oculus.sdk.helloxr.vulkan        I  InitServerStateBuffer: SUCCESS. 0, Client: com.oculus.sdk.helloxr.vulkan:com.oculus.sdk.helloxr.vulkan:7432, Server: com.oculus.vrshell:com.oculus.vrshell (ptkserviceserver)
2025-01-24 11:06:02.615  7432-7467  ServerStat...UNTIMEIPC] com.oculus.sdk.helloxr.vulkan        W  IPCService: GetDataBegin: entryIndex < 0 || entryIndex >= numEntries_ || entryIndex >= trustedMaxEntries: 1, 3, 0
2025-01-24 11:06:02.615  7432-7467  ServerStat...UNTIMEIPC] com.oculus.sdk.helloxr.vulkan        W  IPCService: GetDataBegin: entryIndex < 0 || entryIndex >= numEntries_ || entryIndex >= trustedMaxEntries: 2, 3, 0
2025-01-24 11:06:02.615  7432-7467  OVR::Capture            com.oculus.sdk.helloxr.vulkan        V  Failed to open trace_marker ATrace file!
2025-01-24 11:06:02.616  7432-7467  RuntimeIPC...UNTIMEIPC] com.oculus.sdk.helloxr.vulkan        I  InitServerStateBuffer: SUCCESS. 0, Client: com.oculus.sdk.helloxr.vulkan:com.oculus.sdk.helloxr.vulkan:7432, Server: com.oculus.systemdriver:com.oculus.vrruntimeservice (RuntimeServiceServer)
2025-01-24 11:06:02.616  7432-7467  AudioCapture            com.oculus.sdk.helloxr.vulkan        I  AudioCapture::Init
2025-01-24 11:06:02.616  7432-7467  AudioCapture            com.oculus.sdk.helloxr.vulkan        I  AudioCapture::Init -> Initializing audio capture using direct OS Callbacks
2025-01-24 11:06:02.616  7432-7467  AudioCapture            com.oculus.sdk.helloxr.vulkan        I  AudioCapture::Init COMPLETE
2025-01-24 11:06:02.616  7432-7467  Foveation               com.oculus.sdk.helloxr.vulkan        W  Forcing on dynamic foveation
2025-01-24 11:06:02.616  7432-7467  Foveation               com.oculus.sdk.helloxr.vulkan        I  Vulkan foveation tile offset enabled: 0
2025-01-24 11:06:02.616  7432-7467  Foveation               com.oculus.sdk.helloxr.vulkan        I  Vulkan foveation tile turn off enabled: 1
2025-01-24 11:06:02.620  7432-7467  ThreadHelp...UNTIMEIPC] com.oculus.sdk.helloxr.vulkan        I  RuntimeIPC::ThreadHelpers::SetState: threadName: JobPoolWorker, currentState: STATE_STOPPED, newState: STATE_STARTING
2025-01-24 11:06:02.620  7432-7513  ThreadHelp...UNTIMEIPC] com.oculus.sdk.helloxr.vulkan        I  RuntimeIPC::ThreadHelpers::SetState: threadName: JobPoolWorker, currentState: STATE_STARTING, newState: STATE_RUNNING
2025-01-24 11:06:02.622  7432-7467  ClientProc...UNTIMEIPC] com.oculus.sdk.helloxr.vulkan        I  GetProcessConnection: com.oculus.guardian:com.oculus.vrguardianservice
2025-01-24 11:06:02.623  7432-7467  RuntimeIPC...UNTIMEIPC] com.oculus.sdk.helloxr.vulkan        I  Event buffer size (client): 8192
2025-01-24 11:06:02.623  7432-7467  RuntimeIPC...UNTIMEIPC] com.oculus.sdk.helloxr.vulkan        I  TryToGetIPCResourcesFromServer: RPC_CONNECTOR_CONNECT_TO_SERVER SUCCESS: Client: com.oculus.sdk.helloxr.vulkan:com.oculus.sdk.helloxr.vulkan:7432, Server: com.oculus.guardian:com.oculus.vrguardianservice (guardianserver)
2025-01-24 11:06:02.623  7432-7467  RuntimeIPC...UNTIMEIPC] com.oculus.sdk.helloxr.vulkan        I  EnsureServerConnection: SUCCESS. Client: com.oculus.sdk.helloxr.vulkan:com.oculus.sdk.helloxr.vulkan:7432, Server: com.oculus.guardian:com.oculus.vrguardianservice (guardianserver)
2025-01-24 11:06:02.623  7432-7467  RuntimeIPC...UNTIMEIPC] com.oculus.sdk.helloxr.vulkan        I  ConnectToServer: SUCCESS: Client: com.oculus.sdk.helloxr.vulkan:com.oculus.sdk.helloxr.vulkan:7432, Server: com.oculus.guardian:com.oculus.vrguardianservice (guardianserver)
2025-01-24 11:06:02.629  7432-7467  VrGuardianClient        com.oculus.sdk.helloxr.vulkan        I  guardianSDKClient_ connected.
2025-01-24 11:06:02.629  7432-7467  GkCacheQuerierClient    com.oculus.sdk.helloxr.vulkan        W  getGkValue: Query result for 'oculus_xrruntime:horizon_phasesync_disabled' not successful: 4
2025-01-24 11:06:02.629  7432-7467  GkHelper                com.oculus.sdk.helloxr.vulkan        W  GkHelper: query failed, result code = 4
2025-01-24 11:06:02.640  7432-7467  VrRuntimeClient         com.oculus.sdk.helloxr.vulkan        I  Is120HzSupported: 1
2025-01-24 11:06:02.640  7432-7467  FaceEyeTra...entManager com.oculus.sdk.helloxr.vulkan        I  [FaceEyeTrackingManager] Initializing FaceEyeTrackingClientManager...
2025-01-24 11:06:02.649  7432-7467  LogTimer                com.oculus.sdk.helloxr.vulkan        I  CPUTIME: VrRuntimeClient_Init took 44.0548 ms
2025-01-24 11:06:02.649  7432-7467  VulkanLoader            com.oculus.sdk.helloxr.vulkan        I  ovrVulkanLoader::Load
2025-01-24 11:06:02.649  7432-7467  VulkanLoader            com.oculus.sdk.helloxr.vulkan        W  VulkanLoader::LoadInstanceFunctions: Failed to load vkCreateDebugReportCallbackEXT, likely vkInstance created without xrGetVulkanInstanceExtensionsKHR/vrapi_GetInstanceExtensionsVulkan
2025-01-24 11:06:02.649  7432-7467  VulkanLoader            com.oculus.sdk.helloxr.vulkan        W  VulkanLoader::LoadInstanceFunctions: Failed to load vkDestroyDebugReportCallbackEXT, likely vkInstance created without xrGetVulkanInstanceExtensionsKHR/vrapi_GetInstanceExtensionsVulkan
2025-01-24 11:06:02.649  7432-7467  VulkanLoader            com.oculus.sdk.helloxr.vulkan        W  VulkanLoader::LoadDeviceFunctions: Failed to load vkCmdDebugMarkerInsertEXT, likely vkDevice created without xrGetVulkanDeviceExtensionsKHR/vrapi_GetDeviceExtensionsVulkan
2025-01-24 11:06:02.649  7432-7467  VulkanLoader            com.oculus.sdk.helloxr.vulkan        W  VulkanLoader::LoadDeviceFunctions: Failed to load vkCmdSetCullModeEXT, likely vkDevice created without xrGetVulkanDeviceExtensionsKHR/vrapi_GetDeviceExtensionsVulkan
2025-01-24 11:06:02.649  7432-7467  VulkanLoader            com.oculus.sdk.helloxr.vulkan        W  VulkanLoader::LoadDeviceFunctions: Failed to load vkCmdSetDepthCompareOpEXT, likely vkDevice created without xrGetVulkanDeviceExtensionsKHR/vrapi_GetDeviceExtensionsVulkan
2025-01-24 11:06:02.649  7432-7467  VulkanLoader            com.oculus.sdk.helloxr.vulkan        W  VulkanLoader::LoadDeviceFunctions: Failed to load vkCmdSetDepthTestEnableEXT, likely vkDevice created without xrGetVulkanDeviceExtensionsKHR/vrapi_GetDeviceExtensionsVulkan
2025-01-24 11:06:02.649  7432-7467  VulkanLoader            com.oculus.sdk.helloxr.vulkan        W  VulkanLoader::LoadDeviceFunctions: Failed to load vkCmdSetDepthWriteEnableEXT, likely vkDevice created without xrGetVulkanDeviceExtensionsKHR/vrapi_GetDeviceExtensionsVulkan
2025-01-24 11:06:02.649  7432-7467  VulkanLoader            com.oculus.sdk.helloxr.vulkan        W  VulkanLoader::LoadDeviceFunctions: Failed to load vkDebugMarkerSetObjectTagEXT, likely vkDevice created without xrGetVulkanDeviceExtensionsKHR/vrapi_GetDeviceExtensionsVulkan
2025-01-24 11:06:02.649  7432-7467  VulkanLoader            com.oculus.sdk.helloxr.vulkan        W  VulkanLoader::LoadDeviceFunctions: Failed to load vkGetMemoryFdKHR, likely vkDevice created without xrGetVulkanDeviceExtensionsKHR/vrapi_GetDeviceExtensionsVulkan
2025-01-24 11:06:02.650  7432-7467  Foveation               com.oculus.sdk.helloxr.vulkan        I  Vulkan FFR is supported, with density map size 32x32
2025-01-24 11:06:02.650  7432-7467  Distortion              com.oculus.sdk.helloxr.vulkan        I  Initializing Mesh Decenter Correction
2025-01-24 11:06:02.650  7432-7467  libosutils              com.oculus.sdk.helloxr.vulkan        E  Failed to get real path of file '/sys/devices/soc0/platform_subtype_id', err: Permission denied
2025-01-24 11:06:02.650  7432-7467  libosutils              com.oculus.sdk.helloxr.vulkan        E  Failed to get real path of file '/sys/devices/soc0/platform_version', err: Permission denied
2025-01-24 11:06:02.650  7432-7467  libdeviceid             com.oculus.sdk.helloxr.vulkan        W  DeviceId unknown with subtype FFFFFFFF and version: 0xFFFFFFFF
2025-01-24 11:06:02.652  7432-7467  Distortion              com.oculus.sdk.helloxr.vulkan        I  Decenter tester version = 200
2025-01-24 11:06:02.652  7432-7467  Distortion              com.oculus.sdk.helloxr.vulkan        I  SetLensPositions - iad=0.0635, left offset=-0.0030803,-3.05452e-05, right offset=0.00332641,1.07915e-05
2025-01-24 11:06:02.652  7432-7467  Distortion              com.oculus.sdk.helloxr.vulkan        I  Initializing Mesh Decenter Correction
2025-01-24 11:06:02.652  7432-7467  libosutils              com.oculus.sdk.helloxr.vulkan        E  Failed to get real path of file '/sys/devices/soc0/platform_subtype_id', err: Permission denied
2025-01-24 11:06:02.652  7432-7467  libosutils              com.oculus.sdk.helloxr.vulkan        E  Failed to get real path of file '/sys/devices/soc0/platform_version', err: Permission denied
2025-01-24 11:06:02.652  7432-7467  libdeviceid             com.oculus.sdk.helloxr.vulkan        W  DeviceId unknown with subtype FFFFFFFF and version: 0xFFFFFFFF
2025-01-24 11:06:02.653  7432-7467  Distortion              com.oculus.sdk.helloxr.vulkan        I  Decenter tester version = 200
2025-01-24 11:06:02.653  7432-7467  Distortion              com.oculus.sdk.helloxr.vulkan        I  SetLensPositions - iad=0.0635, left offset=-0.0030803,-3.05452e-05, right offset=0.00332641,1.07915e-05
2025-01-24 11:06:02.653  7432-7467  GkHelper                com.oculus.sdk.helloxr.vulkan        I  Checking gk 'oculus_quest3_high_res_eye_buffer', default = false
2025-01-24 11:06:02.653  7432-7467  GkHelper                com.oculus.sdk.helloxr.vulkan        I  Checking gk 'oculus_quest3_super_high_res_eye_buffer', default = false
2025-01-24 11:06:02.655  7432-7467  ClientInputSettings     com.oculus.sdk.helloxr.vulkan        I  SYSTEMBUTTONSPACE GKS freeze '1'
2025-01-24 11:06:02.655  7432-7467  ClientInputSettings     com.oculus.sdk.helloxr.vulkan        I  SYSTEMBUTTONSPACE 'com.oculus.sdk.helloxr.vulkan' Freeze input '1' on home button down
2025-01-24 11:06:02.655  7432-7467  ClientInputSettings     com.oculus.sdk.helloxr.vulkan        I  HANDTRACKING: Hands V2.0 enforced.
2025-01-24 11:06:02.655  7432-7467  ClientInputSettings     com.oculus.sdk.helloxr.vulkan        I  HANDTRACKING: YES, in the GK oculus_mobile_enable_hand_tracking_frequency_inter
2025-01-24 11:06:02.655  7432-7467  ClientInputInterface    com.oculus.sdk.helloxr.vulkan        I  HANDTRACKING sethandtrackingfrequency 1
2025-01-24 11:06:02.655  7432-7467  ClientInputSettings     com.oculus.sdk.helloxr.vulkan        I  HANDTRACKING: YES, in the GK oculus_mobile_30hz_handtracking_downclocking
2025-01-24 11:06:02.655  7432-7467  ClientInputInterface    com.oculus.sdk.helloxr.vulkan        I  Set30HzHandtrackingDownclockingGKFlag 1
2025-01-24 11:06:02.655  7432-7467  ClientInputSettings     com.oculus.sdk.helloxr.vulkan        I  HANDTRACKING: NO, not in the GK oculus_mobile_enable_hand_emulation_of_controllers
2025-01-24 11:06:02.655  7432-7467  ClientInputInterface    com.oculus.sdk.helloxr.vulkan        I  HANDTRACKING SetHandTrackingControllerEmulationGkFlag 0
2025-01-24 11:06:02.655  7432-7467  InputHooks              com.oculus.sdk.helloxr.vulkan        I  InitializeInputHooks
2025-01-24 11:06:02.655  7432-7467  InputHooks              com.oculus.sdk.helloxr.vulkan        I  InitializeInputHooks create
2025-01-24 11:06:02.655  7432-7467  .helloxr.vulka          com.oculus.sdk.helloxr.vulkan        W  Accessing hidden method Landroid/app/Activity;->isResumed()Z (unsupported, reflection, allowed)
2025-01-24 11:06:02.655  7432-7467  OpenXR                  com.oculus.sdk.helloxr.vulkan        I  xrCreateSession: Activity is not yet in the ready state.
2025-01-24 11:06:02.655  7432-7467  OpenXR_Aperture         com.oculus.sdk.helloxr.vulkan        I  ------------ ovrCreateApertureMETAX1 -----------
2025-01-24 11:06:02.656  7432-7467  OpenXR                  com.oculus.sdk.helloxr.vulkan        I  ------------ xrCreateSession [end] -----------
2025-01-24 11:06:02.657  7432-7467  helloxr                 com.oculus.sdk.helloxr.vulkan        V  [11:06:02.657][Info   ] Available reference spaces: 3
2025-01-24 11:06:02.657  7432-7467  OpenXR_Actions          com.oculus.sdk.helloxr.vulkan        V  -- xrSuggestInteractionProfileBindings -
2025-01-24 11:06:02.657  7432-7467  OpenXR_Actions          com.oculus.sdk.helloxr.vulkan        V  -- xrSuggestInteractionProfileBindings -
2025-01-24 11:06:02.657  7432-7467  OpenXR_Actions          com.oculus.sdk.helloxr.vulkan        V  -- xrSuggestInteractionProfileBindings -
2025-01-24 11:06:02.657  7432-7467  OpenXR_Actions          com.oculus.sdk.helloxr.vulkan        V  -- xrSuggestInteractionProfileBindings -
2025-01-24 11:06:02.657  7432-7467  OpenXR_Actions          com.oculus.sdk.helloxr.vulkan        V  -- xrSuggestInteractionProfileBindings -
2025-01-24 11:06:02.657  7432-7467  OpenXR_Space            com.oculus.sdk.helloxr.vulkan        I  xrCreateReferenceSpace: Spaces info
2025-01-24 11:06:02.657  7432-7467  OpenXR_Space            com.oculus.sdk.helloxr.vulkan        I  xrCreateReferenceSpace: Local version=4
2025-01-24 11:06:02.657  7432-7467  OpenXR_Space            com.oculus.sdk.helloxr.vulkan        I  xrCreateReferenceSpace: RawFromLocal       = (0.000, 0.872, 0.000, 0.490), (0.25, -0.26, 0.71)
2025-01-24 11:06:02.657  7432-7467  OpenXR_Space            com.oculus.sdk.helloxr.vulkan        I  xrCreateReferenceSpace: RawFromLocalTilted = (0.000, 0.872, 0.000, 0.490), (0.25, -0.26, 0.71)
2025-01-24 11:06:02.657  7432-7467  OpenXR_Space            com.oculus.sdk.helloxr.vulkan        I  xrCreateReferenceSpace: Stage IsValid=true
2025-01-24 11:06:02.657  7432-7467  OpenXR_Space            com.oculus.sdk.helloxr.vulkan        I  xrCreateReferenceSpace: Stage HasActiveGuardian=true
2025-01-24 11:06:02.657  7432-7467  OpenXR_Space            com.oculus.sdk.helloxr.vulkan        I  xrCreateReferenceSpace: Stage Width=9.275005, Depth=9.817507
2025-01-24 11:06:02.657  7432-7467  OpenXR_Space            com.oculus.sdk.helloxr.vulkan        I  xrCreateReferenceSpace: RawFromStage       = (-0.000, -0.967, -0.000, 0.254), (2.91, -1.17, -1.57)
2025-01-24 11:06:02.657  7432-7467  OpenXR_Space            com.oculus.sdk.helloxr.vulkan        I  xrCreateReferenceSpace: Spaces info
2025-01-24 11:06:02.657  7432-7467  OpenXR_Space            com.oculus.sdk.helloxr.vulkan        I  xrCreateReferenceSpace: Local version=4
2025-01-24 11:06:02.657  7432-7467  OpenXR_Space            com.oculus.sdk.helloxr.vulkan        I  xrCreateReferenceSpace: RawFromLocal       = (0.000, 0.872, 0.000, 0.490), (0.25, -0.26, 0.71)
2025-01-24 11:06:02.657  7432-7467  OpenXR_Space            com.oculus.sdk.helloxr.vulkan        I  xrCreateReferenceSpace: RawFromLocalTilted = (0.000, 0.872, 0.000, 0.490), (0.25, -0.26, 0.71)
2025-01-24 11:06:02.657  7432-7467  OpenXR_Space            com.oculus.sdk.helloxr.vulkan        I  xrCreateReferenceSpace: Stage IsValid=true
2025-01-24 11:06:02.657  7432-7467  OpenXR_Space            com.oculus.sdk.helloxr.vulkan        I  xrCreateReferenceSpace: Stage HasActiveGuardian=true
2025-01-24 11:06:02.657  7432-7467  OpenXR_Space            com.oculus.sdk.helloxr.vulkan        I  xrCreateReferenceSpace: Stage Width=9.275005, Depth=9.817507
2025-01-24 11:06:02.657  7432-7467  OpenXR_Space            com.oculus.sdk.helloxr.vulkan        I  xrCreateReferenceSpace: RawFromStage       = (-0.000, -0.967, -0.000, 0.254), (2.91, -1.17, -1.57)
2025-01-24 11:06:02.657  7432-7467  OpenXR_Space            com.oculus.sdk.helloxr.vulkan        I  xrCreateReferenceSpace: Spaces info
2025-01-24 11:06:02.657  7432-7467  OpenXR_Space            com.oculus.sdk.helloxr.vulkan        I  xrCreateReferenceSpace: Local version=4
2025-01-24 11:06:02.657  7432-7467  OpenXR_Space            com.oculus.sdk.helloxr.vulkan        I  xrCreateReferenceSpace: RawFromLocal       = (0.000, 0.872, 0.000, 0.490), (0.25, -0.26, 0.71)
2025-01-24 11:06:02.657  7432-7467  OpenXR_Space            com.oculus.sdk.helloxr.vulkan        I  xrCreateReferenceSpace: RawFromLocalTilted = (0.000, 0.872, 0.000, 0.490), (0.25, -0.26, 0.71)
2025-01-24 11:06:02.657  7432-7467  OpenXR_Space            com.oculus.sdk.helloxr.vulkan        I  xrCreateReferenceSpace: Stage IsValid=true
2025-01-24 11:06:02.657  7432-7467  OpenXR_Space            com.oculus.sdk.helloxr.vulkan        I  xrCreateReferenceSpace: Stage HasActiveGuardian=true
2025-01-24 11:06:02.657  7432-7467  OpenXR_Space            com.oculus.sdk.helloxr.vulkan        I  xrCreateReferenceSpace: Stage Width=9.275005, Depth=9.817507
2025-01-24 11:06:02.657  7432-7467  OpenXR_Space            com.oculus.sdk.helloxr.vulkan        I  xrCreateReferenceSpace: RawFromStage       = (-0.000, -0.967, -0.000, 0.254), (2.91, -1.17, -1.57)
2025-01-24 11:06:02.657  7432-7467  OpenXR_Space            com.oculus.sdk.helloxr.vulkan        I  xrCreateReferenceSpace: Spaces info
2025-01-24 11:06:02.657  7432-7467  OpenXR_Space            com.oculus.sdk.helloxr.vulkan        I  xrCreateReferenceSpace: Local version=4
2025-01-24 11:06:02.657  7432-7467  OpenXR_Space            com.oculus.sdk.helloxr.vulkan        I  xrCreateReferenceSpace: RawFromLocal       = (0.000, 0.872, 0.000, 0.490), (0.25, -0.26, 0.71)
2025-01-24 11:06:02.657  7432-7467  OpenXR_Space            com.oculus.sdk.helloxr.vulkan        I  xrCreateReferenceSpace: RawFromLocalTilted = (0.000, 0.872, 0.000, 0.490), (0.25, -0.26, 0.71)
2025-01-24 11:06:02.657  7432-7467  OpenXR_Space            com.oculus.sdk.helloxr.vulkan        I  xrCreateReferenceSpace: Stage IsValid=true
2025-01-24 11:06:02.657  7432-7467  OpenXR_Space            com.oculus.sdk.helloxr.vulkan        I  xrCreateReferenceSpace: Stage HasActiveGuardian=true
2025-01-24 11:06:02.657  7432-7467  OpenXR_Space            com.oculus.sdk.helloxr.vulkan        I  xrCreateReferenceSpace: Stage Width=9.275005, Depth=9.817507
2025-01-24 11:06:02.657  7432-7467  OpenXR_Space            com.oculus.sdk.helloxr.vulkan        I  xrCreateReferenceSpace: RawFromStage       = (-0.000, -0.967, -0.000, 0.254), (2.91, -1.17, -1.57)
2025-01-24 11:06:02.657  7432-7467  OpenXR_Space            com.oculus.sdk.helloxr.vulkan        I  xrCreateReferenceSpace: Spaces info
2025-01-24 11:06:02.657  7432-7467  OpenXR_Space            com.oculus.sdk.helloxr.vulkan        I  xrCreateReferenceSpace: Local version=4
2025-01-24 11:06:02.657  7432-7467  OpenXR_Space            com.oculus.sdk.helloxr.vulkan        I  xrCreateReferenceSpace: RawFromLocal       = (0.000, 0.872, 0.000, 0.490), (0.25, -0.26, 0.71)
2025-01-24 11:06:02.657  7432-7467  OpenXR_Space            com.oculus.sdk.helloxr.vulkan        I  xrCreateReferenceSpace: RawFromLocalTilted = (0.000, 0.872, 0.000, 0.490), (0.25, -0.26, 0.71)
2025-01-24 11:06:02.657  7432-7467  OpenXR_Space            com.oculus.sdk.helloxr.vulkan        I  xrCreateReferenceSpace: Stage IsValid=true
2025-01-24 11:06:02.657  7432-7467  OpenXR_Space            com.oculus.sdk.helloxr.vulkan        I  xrCreateReferenceSpace: Stage HasActiveGuardian=true
2025-01-24 11:06:02.657  7432-7467  OpenXR_Space            com.oculus.sdk.helloxr.vulkan        I  xrCreateReferenceSpace: Stage Width=9.275005, Depth=9.817507
2025-01-24 11:06:02.657  7432-7467  OpenXR_Space            com.oculus.sdk.helloxr.vulkan        I  xrCreateReferenceSpace: RawFromStage       = (-0.000, -0.967, -0.000, 0.254), (2.91, -1.17, -1.57)
2025-01-24 11:06:02.658  7432-7467  helloxr                 com.oculus.sdk.helloxr.vulkan        V  [11:06:02.657][Info   ] System Properties: Name=Oculus Quest VendorId=10291
2025-01-24 11:06:02.658  7432-7467  helloxr                 com.oculus.sdk.helloxr.vulkan        V  [11:06:02.658][Info   ] System Graphics Properties: MaxWidth=8192 MaxHeight=8192 MaxLayers=32
2025-01-24 11:06:02.658  7432-7467  helloxr                 com.oculus.sdk.helloxr.vulkan        V  [11:06:02.658][Info   ] System Tracking Properties: OrientationTracking=True PositionTracking=True
2025-01-24 11:06:02.658  7432-7467  helloxr                 com.oculus.sdk.helloxr.vulkan        V  [11:06:02.658][Info   ] Creating swapchain for view 0 with dimensions Width=1680 Height=1760 SampleCount=1
2025-01-24 11:06:02.674  7432-7467  SwapChain_...ory_Export com.oculus.sdk.helloxr.vulkan        I  Imported texture has requirements 3, ends up index 0
2025-01-24 11:06:02.674  7432-7467  SwapChain_...ory_Export com.oculus.sdk.helloxr.vulkan        I  Imported texture has requirements 3, ends up index 0
2025-01-24 11:06:02.675  7432-7467  SwapChain_...ory_Export com.oculus.sdk.helloxr.vulkan        I  Imported texture has requirements 3, ends up index 0
2025-01-24 11:06:02.675  7432-7467  OpenXR_GPUMemTrace      com.oculus.sdk.helloxr.vulkan        I  OpenXR GPU memory tracing is enabled on heap(oculus.OpenXR) with id(2)
2025-01-24 11:06:02.675  7432-7467  OpenXR_GPUMemTrace      com.oculus.sdk.helloxr.vulkan        I  Swapchain creation, id=153, idx=0, MemoryAllocationSize: 11941 KB
2025-01-24 11:06:02.675  7432-7467  OpenXR_GPUMemTrace      com.oculus.sdk.helloxr.vulkan        I  Swapchain creation, id=153, idx=1, MemoryAllocationSize: 11941 KB
2025-01-24 11:06:02.675  7432-7467  OpenXR_GPUMemTrace      com.oculus.sdk.helloxr.vulkan        I  Swapchain creation, id=153, idx=2, MemoryAllocationSize: 11941 KB
2025-01-24 11:06:02.696  7432-7467  helloxr                 com.oculus.sdk.helloxr.vulkan        V  [11:06:02.696][Info   ] Creating swapchain for view 1 with dimensions Width=1680 Height=1760 SampleCount=1
2025-01-24 11:06:02.705  7432-7467  SwapChain_...ory_Export com.oculus.sdk.helloxr.vulkan        I  Imported texture has requirements 3, ends up index 0
2025-01-24 11:06:02.705  7432-7467  SwapChain_...ory_Export com.oculus.sdk.helloxr.vulkan        I  Imported texture has requirements 3, ends up index 0
2025-01-24 11:06:02.705  7432-7467  SwapChain_...ory_Export com.oculus.sdk.helloxr.vulkan        I  Imported texture has requirements 3, ends up index 0
2025-01-24 11:06:02.706  7432-7467  OpenXR_GPUMemTrace      com.oculus.sdk.helloxr.vulkan        I  Swapchain creation, id=155, idx=0, MemoryAllocationSize: 11941 KB
2025-01-24 11:06:02.706  7432-7467  OpenXR_GPUMemTrace      com.oculus.sdk.helloxr.vulkan        I  Swapchain creation, id=155, idx=1, MemoryAllocationSize: 11941 KB
2025-01-24 11:06:02.706  7432-7467  OpenXR_GPUMemTrace      com.oculus.sdk.helloxr.vulkan        I  Swapchain creation, id=155, idx=2, MemoryAllocationSize: 11941 KB
2025-01-24 11:06:02.721  7432-7467  threaded_app            com.oculus.sdk.helloxr.vulkan        V  activityState=10
2025-01-24 11:06:02.721  7432-7467  helloxr                 com.oculus.sdk.helloxr.vulkan        V  [11:06:02.721][Info   ]     APP_CMD_START
2025-01-24 11:06:02.721  7432-7467  helloxr                 com.oculus.sdk.helloxr.vulkan        V  [11:06:02.721][Info   ] onStart()
2025-01-24 11:06:02.723  7432-7432  threaded_app            com.oculus.sdk.helloxr.vulkan        V  Resume: 0xb4000070de1b37c0
2025-01-24 11:06:02.723  7432-7467  threaded_app            com.oculus.sdk.helloxr.vulkan        V  activityState=11
2025-01-24 11:06:02.723  7432-7467  helloxr                 com.oculus.sdk.helloxr.vulkan        V  [11:06:02.723][Info   ] onResume()
2025-01-24 11:06:02.723  7432-7467  helloxr                 com.oculus.sdk.helloxr.vulkan        V  [11:06:02.723][Info   ]     APP_CMD_RESUME
2025-01-24 11:06:02.724  7432-7467  VrRuntimeClient         com.oculus.sdk.helloxr.vulkan        I  UpdateEvents: Detected LOCAL_FLOOR reference space update. Sending reference space update event
2025-01-24 11:06:02.724  7432-7467  VrRuntimeClient         com.oculus.sdk.helloxr.vulkan        I  UpdateEvents: Detected STAGE reference space update. Sending reference space update event
2025-01-24 11:06:02.724  7432-7467  Deque                   com.oculus.sdk.helloxr.vulkan        I  AddEventToQueue called. eventInfo.type: 40, eventInfo.next: 1
2025-01-24 11:06:02.724  7432-7467  OpenXR                  com.oculus.sdk.helloxr.vulkan        I  PostSessionStateChange:[pid: 7432] XR_SESSION_STATE_UNKNOWN -> XR_SESSION_STATE_IDLE
2025-01-24 11:06:02.725  7432-7467  Deque                   com.oculus.sdk.helloxr.vulkan        I  AddEventToQueue called. eventInfo.type: 18, eventInfo.next: 1
2025-01-24 11:06:02.725  7432-7467  helloxr                 com.oculus.sdk.helloxr.vulkan        V  [11:06:02.725][Info   ] XrEventDataSessionStateChanged: state XR_SESSION_STATE_UNKNOWN->XR_SESSION_STATE_IDLE session=144115188075855875 time=67167322563
2025-01-24 11:06:02.725  7432-7432  VrosSpatialAudio        com.oculus.sdk.helloxr.vulkan        I  init with android.view.ViewRootImpl$W@931fd19
2025-01-24 11:06:02.726  7432-7432  Compatibil...geReporter com.oculus.sdk.helloxr.vulkan        D  Compat change id reported: 175409955; UID 10735; state: DISABLED
2025-01-24 11:06:02.726  7432-7432  Compatibil...geReporter com.oculus.sdk.helloxr.vulkan        D  Compat change id reported: 175409954; UID 10735; state: DISABLED
2025-01-24 11:06:02.752  7432-7432  threaded_app            com.oculus.sdk.helloxr.vulkan        V  InputQueueCreated: 0xb4000070de1b37c0 -- 0xb40000718ea73200
2025-01-24 11:06:02.975  7432-7467  threaded_app            com.oculus.sdk.helloxr.vulkan        V  APP_CMD_INPUT_CHANGED
2025-01-24 11:06:02.975  7432-7467  threaded_app            com.oculus.sdk.helloxr.vulkan        V  Attaching input queue to looper
2025-01-24 11:06:02.981  7432-7432  OpenXR                  com.oculus.sdk.helloxr.vulkan        I  nativeOnActivityPaused: com.oculus.sdk.helloxr.vulkan/android.app.NativeActivity
2025-01-24 11:06:02.981  7432-7432  .helloxr.vulka          com.oculus.sdk.helloxr.vulkan        W  Attempt to remove non-JNI local reference, dumping thread
2025-01-24 11:06:02.981  7432-7432  threaded_app            com.oculus.sdk.helloxr.vulkan        V  Pause: 0xb4000070de1b37c0
2025-01-24 11:06:02.982  7432-7534  ActivityLi...leListener com.oculus.sdk.helloxr.vulkan        W  doInBackground: Failed to check ready state:java.lang.InterruptedException
2025-01-24 11:06:03.225  7432-7467  threaded_app            com.oculus.sdk.helloxr.vulkan        V  activityState=13
2025-01-24 11:06:03.225  7432-7467  helloxr                 com.oculus.sdk.helloxr.vulkan        V  [11:06:03.225][Info   ] onPause()
2025-01-24 11:06:03.225  7432-7467  helloxr                 com.oculus.sdk.helloxr.vulkan        V  [11:06:03.225][Info   ]     APP_CMD_PAUSE
2025-01-24 11:06:03.229  7432-7432  Choreographer           com.oculus.sdk.helloxr.vulkan        I  Skipped 35 frames!  The application may be doing too much work on its main thread.
2025-01-24 11:06:03.254  7432-7432  threaded_app            com.oculus.sdk.helloxr.vulkan        V  NativeWindowCreated: 0xb4000070de1b37c0 -- 0xb4000070de3af810
2025-01-24 11:06:03.254  7432-7467  threaded_app            com.oculus.sdk.helloxr.vulkan        V  APP_CMD_INIT_WINDOW
2025-01-24 11:06:03.254  7432-7467  helloxr                 com.oculus.sdk.helloxr.vulkan        V  [11:06:03.254][Info   ] surfaceCreated()
2025-01-24 11:06:03.254  7432-7467  helloxr                 com.oculus.sdk.helloxr.vulkan        V  [11:06:03.254][Info   ]     APP_CMD_INIT_WINDOW
2025-01-24 11:06:03.637  7432-7432  threaded_app            com.oculus.sdk.helloxr.vulkan        V  NativeWindowDestroyed: 0xb4000070de1b37c0 -- 0xb4000070de3af810
2025-01-24 11:06:03.637  7432-7467  threaded_app            com.oculus.sdk.helloxr.vulkan        V  APP_CMD_TERM_WINDOW
2025-01-24 11:06:03.637  7432-7467  helloxr                 com.oculus.sdk.helloxr.vulkan        V  [11:06:03.637][Info   ] surfaceDestroyed()
2025-01-24 11:06:03.637  7432-7467  helloxr                 com.oculus.sdk.helloxr.vulkan        V  [11:06:03.637][Info   ]     APP_CMD_TERM_WINDOW
2025-01-24 11:06:03.638  7432-7467  threaded_app            com.oculus.sdk.helloxr.vulkan        V  APP_CMD_TERM_WINDOW
2025-01-24 11:06:03.638  7432-7432  threaded_app            com.oculus.sdk.helloxr.vulkan        V  Stop: 0xb4000070de1b37c0
2025-01-24 11:06:03.638  7432-7467  threaded_app            com.oculus.sdk.helloxr.vulkan        V  activityState=14
2025-01-24 11:06:03.639  7432-7467  helloxr                 com.oculus.sdk.helloxr.vulkan        V  [11:06:03.639][Info   ] onStop()
2025-01-24 11:06:03.639  7432-7467  helloxr                 com.oculus.sdk.helloxr.vulkan        V  [11:06:03.639][Info   ]     APP_CMD_STOP
2025-01-24 11:06:03.639  7432-7432  threaded_app            com.oculus.sdk.helloxr.vulkan        V  SaveInstanceState: 0xb4000070de1b37c0
2025-01-24 11:06:03.639  7432-7467  threaded_app            com.oculus.sdk.helloxr.vulkan        V  APP_CMD_SAVE_STATE
2025-01-24 11:06:05.014  7432-7432  threaded_app            com.oculus.sdk.helloxr.vulkan        V  Start: 0xb4000070de1b37c0
2025-01-24 11:06:05.014  7432-7467  threaded_app            com.oculus.sdk.helloxr.vulkan        V  activityState=10
2025-01-24 11:06:05.014  7432-7467  helloxr                 com.oculus.sdk.helloxr.vulkan        V  [11:06:05.014][Info   ]     APP_CMD_START
2025-01-24 11:06:05.014  7432-7467  helloxr                 com.oculus.sdk.helloxr.vulkan        V  [11:06:05.014][Info   ] onStart()
2025-01-24 11:06:05.015  7432-7432  threaded_app            com.oculus.sdk.helloxr.vulkan        V  Resume: 0xb4000070de1b37c0
2025-01-24 11:06:05.015  7432-7467  threaded_app            com.oculus.sdk.helloxr.vulkan        V  activityState=11
2025-01-24 11:06:05.015  7432-7467  helloxr                 com.oculus.sdk.helloxr.vulkan        V  [11:06:05.015][Info   ] onResume()
