2025-01-27 22:11:41.714 15845-15870 Distortion              com.oculus.sdk.helloxr.vulkan        I  Decenter tester version = 200
2025-01-27 22:11:41.714 15845-15870 Distortion              com.oculus.sdk.helloxr.vulkan        I  SetLensPositions - iad=0.0635, left offset=-0.0030803,-3.05452e-05, right offset=0.00332641,1.07915e-05
2025-01-27 22:11:41.715 15845-15870 VrRuntimeCompatHelper   com.oculus.sdk.helloxr.vulkan        I  DevicesSupported : 1 devices, quest
2025-01-27 22:11:41.715 15845-15870 OpenXR                  com.oculus.sdk.helloxr.vulkan        I  IsSystem 0
2025-01-27 22:11:41.715 15845-15870 Distortion              com.oculus.sdk.helloxr.vulkan        I  Initializing Mesh Decenter Correction
2025-01-27 22:11:41.715 15845-15870 libosutils              com.oculus.sdk.helloxr.vulkan        E  Failed to get real path of file '/sys/devices/soc0/platform_subtype_id', err: Permission denied
2025-01-27 22:11:41.715 15845-15870 libosutils              com.oculus.sdk.helloxr.vulkan        E  Failed to get real path of file '/sys/devices/soc0/platform_version', err: Permission denied
2025-01-27 22:11:41.715 15845-15870 libdeviceid             com.oculus.sdk.helloxr.vulkan        W  DeviceId unknown with subtype FFFFFFFF and version: 0xFFFFFFFF
2025-01-27 22:11:41.716 15845-15870 Distortion              com.oculus.sdk.helloxr.vulkan        I  Decenter tester version = 200
2025-01-27 22:11:41.716 15845-15870 Distortion              com.oculus.sdk.helloxr.vulkan        I  SetLensPositions - iad=0.0635, left offset=-0.0030803,-3.05452e-05, right offset=0.00332641,1.07915e-05
2025-01-27 22:11:41.716 15845-15870 GkHelper                com.oculus.sdk.helloxr.vulkan        I  Checking gk 'oculus_quest3_high_res_eye_buffer', default = false
2025-01-27 22:11:41.716 15845-15870 GkHelper                com.oculus.sdk.helloxr.vulkan        I  Checking gk 'oculus_quest3_super_high_res_eye_buffer', default = false
2025-01-27 22:11:41.716 15845-15870 OpenXR                  com.oculus.sdk.helloxr.vulkan        I  ----------- xrCreateInstance [end] ----------
2025-01-27 22:11:41.716 15845-15870 OpenXR-Loader           com.oculus.sdk.helloxr.vulkan        V  Verbose [GENERAL | xrCreateInstance | OpenXR-Loader] : Completed loader terminator
2025-01-27 22:11:41.716 15845-15870 OpenXR-Loader           com.oculus.sdk.helloxr.vulkan        I  Info [GENERAL | xrCreateInstance | OpenXR-Loader] : LoaderInstance::CreateInstance succeeded with 0 layers enabled and runtime interface - created instance = 0x0100000000000002
2025-01-27 22:11:41.716 15845-15870 OpenXR-Loader           com.oculus.sdk.helloxr.vulkan        V  Verbose [GENERAL | xrCreateInstance | OpenXR-Loader] : Completed loader trampoline
2025-01-27 22:11:41.716 15845-15870 helloxr                 com.oculus.sdk.helloxr.vulkan        V  [22:11:41.716][Info   ] Instance RuntimeName=Oculus RuntimeVersion=71.601.0
2025-01-27 22:11:41.716 15845-15870 helloxr                 com.oculus.sdk.helloxr.vulkan        V  [22:11:41.716][Info   ] Available View Configuration Types: (1)
2025-01-27 22:11:41.716 15845-15870 helloxr                 com.oculus.sdk.helloxr.vulkan        V  [22:11:41.716][Info   ] Available Environment Blend Mode count : (1)
2025-01-27 22:11:41.716 15845-15870 helloxr                 com.oculus.sdk.helloxr.vulkan        V  [22:11:41.716][Info   ] Environment Blend Mode (XR_ENVIRONMENT_BLEND_MODE_OPAQUE) : (Selected)
2025-01-27 22:11:41.716 15845-15870 helloxr                 com.oculus.sdk.helloxr.vulkan        V  [22:11:41.716][Warning] No validation layers found in the system, skipping
2025-01-27 22:11:41.720 15845-15870 Adreno-AppProfiles      com.oculus.sdk.helloxr.vulkan        W  Could not find QSPM HAL service. Skipping adreno profile processing.
2025-01-27 22:11:41.720 15845-15870 AdrenoVK-0              com.oculus.sdk.helloxr.vulkan        I  ===== BEGIN DUMP OF OVERRIDDEN SETTINGS =====
2025-01-27 22:11:41.720 15845-15870 AdrenoVK-0              com.oculus.sdk.helloxr.vulkan        I  ===== END DUMP OF OVERRIDDEN SETTINGS =====
2025-01-27 22:11:41.724 15845-15870 AdrenoVK-0              com.oculus.sdk.helloxr.vulkan        I  QUALCOMM build          : 5c44054b8b, I064dd7d485
                                                                                                    Build Date              : 09/12/24
                                                                                                    Shader Compiler Version : E031.47.14.01
                                                                                                    Local Branch            :
                                                                                                    Remote Branch           : refs/tags/AU_LINUX_ANDROID_LA.VENDOR.12.3.11.00.00.934.442
                                                                                                    Remote Branch           : NONE
                                                                                                    Reconstruct Branch      : NOTHING
2025-01-27 22:11:41.724 15845-15870 AdrenoVK-0              com.oculus.sdk.helloxr.vulkan        I  Build Config            : S P 12.1.6 AArch64
2025-01-27 22:11:41.724 15845-15870 AdrenoVK-0              com.oculus.sdk.helloxr.vulkan        I  Driver Path             : /vendor/lib64/hw/vulkan.adreno.so
2025-01-27 22:11:41.724 15845-15870 AdrenoVK-0              com.oculus.sdk.helloxr.vulkan        I  Driver Version          : 0797.0
2025-01-27 22:11:41.724 15845-15870 AdrenoVK-0              com.oculus.sdk.helloxr.vulkan        I  PFP                     : 0x01511175
2025-01-27 22:11:41.724 15845-15870 AdrenoVK-0              com.oculus.sdk.helloxr.vulkan        I  ME                      : 0x00000000
2025-01-27 22:11:41.724 15845-15870 AdrenoVK-0              com.oculus.sdk.helloxr.vulkan        I  Application Name    : helloxr
                                                                                                    Application Version : 0x00000001
                                                                                                    Engine Name         : helloxr
                                                                                                    Engine Version      : 0x00000001
                                                                                                    Api Version         : 0x00400000
2025-01-27 22:11:41.724 15845-15870 VulkanLoader            com.oculus.sdk.helloxr.vulkan        I  ovrVulkanLoader::Load
2025-01-27 22:11:41.724 15845-15870 VulkanLoader            com.oculus.sdk.helloxr.vulkan        W  VulkanLoader::LoadInstanceFunctions: Failed to load vkCreateDebugReportCallbackEXT, likely vkInstance created without xrGetVulkanInstanceExtensionsKHR/vrapi_GetInstanceExtensionsVulkan
2025-01-27 22:11:41.724 15845-15870 VulkanLoader            com.oculus.sdk.helloxr.vulkan        W  VulkanLoader::LoadInstanceFunctions: Failed to load vkDestroyDebugReportCallbackEXT, likely vkInstance created without xrGetVulkanInstanceExtensionsKHR/vrapi_GetInstanceExtensionsVulkan
2025-01-27 22:11:41.724 15845-15870 VulkanLoader            com.oculus.sdk.helloxr.vulkan        W  ovrVulkanLoader::LoadDeviceFunctions: device invalid
2025-01-27 22:11:41.724 15845-15870 VulkanLoader            com.oculus.sdk.helloxr.vulkan        W  ovrVulkanLoader::LoadExtensionList: physicalDevice invalid
2025-01-27 22:11:41.724 15845-15870 Vulkan_Utils            com.oculus.sdk.helloxr.vulkan        I  --------------------------------
2025-01-27 22:11:41.724 15845-15870 Vulkan_Utils            com.oculus.sdk.helloxr.vulkan        I  Device Name          : Adreno (TM) 740
2025-01-27 22:11:41.724 15845-15870 Vulkan_Utils            com.oculus.sdk.helloxr.vulkan        I  Device Type          : integrated GPU
2025-01-27 22:11:41.724 15845-15870 Vulkan_Utils            com.oculus.sdk.helloxr.vulkan        I  Vendor ID            : 0x5143
2025-01-27 22:11:41.724 15845-15870 Vulkan_Utils            com.oculus.sdk.helloxr.vulkan        I  Device ID            : 0x43050B00
2025-01-27 22:11:41.724 15845-15870 Vulkan_Utils            com.oculus.sdk.helloxr.vulkan        I  Driver Version       : 512.797.0
2025-01-27 22:11:41.724 15845-15870 Vulkan_Utils            com.oculus.sdk.helloxr.vulkan        I  API Version          : 1.1.284
2025-01-27 22:11:41.724 15845-15870 Vulkan_Utils            com.oculus.sdk.helloxr.vulkan        I  Queue Families       : 0 = graphics compute transfer (3 queues, 3 priorities)
2025-01-27 22:11:41.724 15845-15870 Vulkan_Utils            com.oculus.sdk.helloxr.vulkan        I                         1 = (1 queues, 3 priorities)
2025-01-27 22:11:41.724 15845-15870 Vulkan_Utils            com.oculus.sdk.helloxr.vulkan        I  Work Queue Family    : 0
2025-01-27 22:11:41.726 15845-15870 Vulkan_Utils            com.oculus.sdk.helloxr.vulkan        I  Device Extensions    : VK_KHR_swapchain (required, enabled)
2025-01-27 22:11:41.726 15845-15870 Vulkan_Utils            com.oculus.sdk.helloxr.vulkan        I                         VK_KHR_external_memory (required, enabled)
2025-01-27 22:11:41.726 15845-15870 Vulkan_Utils            com.oculus.sdk.helloxr.vulkan        I                         VK_KHR_get_memory_requirements2 (required, enabled)
2025-01-27 22:11:41.726 15845-15870 Vulkan_Utils            com.oculus.sdk.helloxr.vulkan        I  Device Extensions      VK_EXT_fragment_density_map (optional, enabled)
2025-01-27 22:11:41.726 15845-15870 Vulkan_Utils            com.oculus.sdk.helloxr.vulkan        I                         VK_EXT_fragment_density_map2 (optional, enabled)
2025-01-27 22:11:41.726 15845-15870 Vulkan_Utils            com.oculus.sdk.helloxr.vulkan        I                         VK_KHR_maintenance1 (optional, enabled)
2025-01-27 22:11:41.726 15845-15870 Vulkan_Utils            com.oculus.sdk.helloxr.vulkan        I                         VK_KHR_bind_memory2 (optional, enabled)
2025-01-27 22:11:41.726 15845-15870 Vulkan_Utils            com.oculus.sdk.helloxr.vulkan        I                         VK_KHR_sampler_ycbcr_conversion (optional, enabled)
2025-01-27 22:11:41.726 15845-15870 Vulkan_Utils            com.oculus.sdk.helloxr.vulkan        I                         VK_EXT_queue_family_foreign (optional, enabled)
2025-01-27 22:11:41.726 15845-15870 Vulkan_Utils            com.oculus.sdk.helloxr.vulkan        I                         VK_KHR_dedicated_allocation (optional, enabled)
2025-01-27 22:11:41.726 15845-15870 Vulkan_Utils            com.oculus.sdk.helloxr.vulkan        I                         VK_KHR_external_memory_fd (optional, enabled)
2025-01-27 22:11:41.726 15845-15870 Vulkan_Utils            com.oculus.sdk.helloxr.vulkan        I                         VK_ANDROID_external_memory_android_hardware_buffer (optional, enabled)
2025-01-27 22:11:41.822 15845-15870 helloxr                 com.oculus.sdk.helloxr.vulkan        V  [22:11:41.822][Info   ] Loaded vertex shader
2025-01-27 22:11:41.822 15845-15870 helloxr                 com.oculus.sdk.helloxr.vulkan        V  [22:11:41.822][Info   ] Loaded fragment shader
2025-01-27 22:11:41.822 15845-15870 OpenXR                  com.oculus.sdk.helloxr.vulkan        I  ------------ xrCreateSession [start] -----------
2025-01-27 22:11:41.822 15845-15870 VrRuntimeClient         com.oculus.sdk.helloxr.vulkan        I  VrRuntimeClient(): 0xb4000070d2a1d100
2025-01-27 22:11:41.825 15845-15870 VrRuntimeClient         com.oculus.sdk.helloxr.vulkan        I  s->gRuntimeServiceSDKClient.InitClient
2025-01-27 22:11:41.826 15845-15870 ThreadHelp...UNTIMEIPC] com.oculus.sdk.helloxr.vulkan        I  RuntimeIPC::ThreadHelpers::SetState: threadName: JobPoolWorker, currentState: STATE_STOPPED, newState: STATE_STARTING
2025-01-27 22:11:41.826 15845-15893 ThreadHelp...UNTIMEIPC] com.oculus.sdk.helloxr.vulkan        I  RuntimeIPC::ThreadHelpers::SetState: threadName: JobPoolWorker, currentState: STATE_STARTING, newState: STATE_RUNNING
2025-01-27 22:11:41.827 15845-15870 RuntimeIPC...UNTIMEIPC] com.oculus.sdk.helloxr.vulkan        I  Event buffer size (client): 8192
2025-01-27 22:11:41.827 15845-15870 RuntimeIPC...UNTIMEIPC] com.oculus.sdk.helloxr.vulkan        I  TryToGetIPCResourcesFromServer: RPC_CONNECTOR_CONNECT_TO_SERVER SUCCESS: Client: com.oculus.sdk.helloxr.vulkan:com.oculus.sdk.helloxr.vulkan:15845, Server: com.oculus.systemdriver:com.oculus.vrruntimeservice (RuntimeServiceServer)
2025-01-27 22:11:41.827 15845-15870 RuntimeIPC...UNTIMEIPC] com.oculus.sdk.helloxr.vulkan        I  EnsureServerConnection: SUCCESS. Client: com.oculus.sdk.helloxr.vulkan:com.oculus.sdk.helloxr.vulkan:15845, Server: com.oculus.systemdriver:com.oculus.vrruntimeservice (RuntimeServiceServer)
2025-01-27 22:11:41.827 15845-15870 RuntimeIPC...UNTIMEIPC] com.oculus.sdk.helloxr.vulkan        I  ConnectToServer: SUCCESS: Client: com.oculus.sdk.helloxr.vulkan:com.oculus.sdk.helloxr.vulkan:15845, Server: com.oculus.systemdriver:com.oculus.vrruntimeservice (RuntimeServiceServer)
2025-01-27 22:11:41.827 15845-15893 VrRuntimeClient         com.oculus.sdk.helloxr.vulkan        I  s->gRuntimeServiceSDKClient.Connected: com.oculus.systemdriver:com.oculus.vrruntimeservice
2025-01-27 22:11:41.827 15845-15893 VrRuntimeClient         com.oculus.sdk.helloxr.vulkan        I  RegisterClient RequestDescriptor com.oculus.sdk.helloxr.vulkan:15845 clientType 0 clientFlags 0 clientSessionPlacement 0 clientLaunchId
2025-01-27 22:11:41.832 15845-15893 VrRuntimeClient         com.oculus.sdk.helloxr.vulkan        I  RegisterClient success
2025-01-27 22:11:41.832 15845-15893 VrRuntimeClient         com.oculus.sdk.helloxr.vulkan        I  RuntimeIPC: ServiceConnected: SharedMemoryDebug: publicReadOnly SharedMemorySize=192 (com.oculus.sdk.helloxr.vulkan) sizeof(s->sharedMemoryPublicReadOnly)=216
2025-01-27 22:11:41.833 15845-15893 VrRuntimeClient         com.oculus.sdk.helloxr.vulkan        I  RuntimeIPC: ServiceConnected: SharedMemoryDebug: privateReadWrite SharedMemorySize=115912 (com.oculus.sdk.helloxr.vulkan) sizeof(privateSharedMemorySize)=8
2025-01-27 22:11:41.833 15845-15893 VrRuntimeClient         com.oculus.sdk.helloxr.vulkan        I  nativeRuntimeServiceConnected: SharedMemoryDebug: publicReadOnlyFd=122, privateReadWriteFd=123 (com.oculus.sdk.helloxr.vulkan)
2025-01-27 22:11:41.836 15845-15870 ThreadHelp...UNTIMEIPC] com.oculus.sdk.helloxr.vulkan        I  RuntimeIPC::ThreadHelpers::SetState: threadName: JobPoolWorker, currentState: STATE_STOPPED, newState: STATE_STARTING
2025-01-27 22:11:41.836 15845-15895 ThreadHelp...UNTIMEIPC] com.oculus.sdk.helloxr.vulkan        I  RuntimeIPC::ThreadHelpers::SetState: threadName: JobPoolWorker, currentState: STATE_STARTING, newState: STATE_RUNNING
2025-01-27 22:11:41.836 15845-15870 ThreadHelp...UNTIMEIPC] com.oculus.sdk.helloxr.vulkan        I  RuntimeIPC::ThreadHelpers::SetState: threadName: RIPCNotifThread, currentState: STATE_STOPPED, newState: STATE_STARTING
2025-01-27 22:11:41.836 15845-15896 ThreadHelp...UNTIMEIPC] com.oculus.sdk.helloxr.vulkan        I  RuntimeIPC::ThreadHelpers::SetState: threadName: RIPCNotifThread, currentState: STATE_STARTING, newState: STATE_RUNNING
2025-01-27 22:11:41.836 15845-15870 VrRuntimeClient         com.oculus.sdk.helloxr.vulkan        I  s->gRuntimeServiceSDKClient.InitClient SUCCESS. Version: 5.0, Custom: 1.0
2025-01-27 22:11:41.836 15845-15870 RuntimeIPC...UNTIMEIPC] com.oculus.sdk.helloxr.vulkan        I  GetClientOptions
2025-01-27 22:11:41.836 15845-15870 VrRuntimeClient         com.oculus.sdk.helloxr.vulkan        I  Connected to VrRuntimeService on attempt 0
2025-01-27 22:11:41.837 15845-15870 OpenXR                  com.oculus.sdk.helloxr.vulkan        I  xrCreateSession: Connected to VrRuntimeService after 0.014103s
2025-01-27 22:11:41.837 15845-15870 AdrenoGLES-0            com.oculus.sdk.helloxr.vulkan        I  QUALCOMM build                   : 5c44054b8b, I064dd7d485
                                                                                                    Build Date                       : 09/12/24
                                                                                                    OpenGL ES Shader Compiler Version: E031.47.14.01
                                                                                                    Local Branch                     :
                                                                                                    Remote Branch                    : refs/tags/AU_LINUX_ANDROID_LA.VENDOR.12.3.11.00.00.934.442
                                                                                                    Remote Branch                    : NONE
                                                                                                    Reconstruct Branch               : NOTHING
2025-01-27 22:11:41.837 15845-15870 AdrenoGLES-0            com.oculus.sdk.helloxr.vulkan        I  Build Config                     : S P 12.1.6 AArch64
2025-01-27 22:11:41.837 15845-15870 AdrenoGLES-0            com.oculus.sdk.helloxr.vulkan        I  Driver Path                      : /vendor/lib64/egl/libGLESv2_adreno.so
2025-01-27 22:11:41.837 15845-15870 AdrenoGLES-0            com.oculus.sdk.helloxr.vulkan        I  Driver Version                   : 0797.0
2025-01-27 22:11:41.837 15845-15870 AdrenoGLES-0            com.oculus.sdk.helloxr.vulkan        I  Process Name                     : com.oculus.sdk.helloxr.vulkan
2025-01-27 22:11:41.838 15845-15870 AdrenoGLES-0            com.oculus.sdk.helloxr.vulkan        I  PFP: 0x01511175, ME: 0x00000000
2025-01-27 22:11:41.840 15845-15870 Adreno-AppProfiles      com.oculus.sdk.helloxr.vulkan        W  Could not find QSPM HAL service. Skipping adreno profile processing.
2025-01-27 22:11:41.841 15845-15870 AdrenoUtils             com.oculus.sdk.helloxr.vulkan        I  <ReadGpuID:366>: Reading chip ID through GSL
2025-01-27 22:11:41.845 15845-15870 VrRuntimeClient         com.oculus.sdk.helloxr.vulkan        I  SetPhaseSyncMode 1
2025-01-27 22:11:41.845 15845-15870 VrRuntimeClient         com.oculus.sdk.helloxr.vulkan        I  SetPhaseSyncMode 1
2025-01-27 22:11:41.845 15845-15870 OpenXR                  com.oculus.sdk.helloxr.vulkan        I  PhaseSync Mode: PHASE_SYNC
2025-01-27 22:11:41.845 15845-15870 VrRuntimeClient         com.oculus.sdk.helloxr.vulkan        I  VrRuntimeClient: Init
2025-01-27 22:11:41.846 15845-15870 PTKService              com.oculus.sdk.helloxr.vulkan        I  PTKServiceClient Init
2025-01-27 22:11:41.846 15845-15870 ThreadHelp...UNTIMEIPC] com.oculus.sdk.helloxr.vulkan        I  RuntimeIPC::ThreadHelpers::SetState: threadName: JobPoolWorker, currentState: STATE_STOPPED, newState: STATE_STARTING
2025-01-27 22:11:41.846 15845-15897 ThreadHelp...UNTIMEIPC] com.oculus.sdk.helloxr.vulkan        I  RuntimeIPC::ThreadHelpers::SetState: threadName: JobPoolWorker, currentState: STATE_STARTING, newState: STATE_RUNNING
2025-01-27 22:11:41.847 15845-15870 ClientProc...UNTIMEIPC] com.oculus.sdk.helloxr.vulkan        I  GetProcessConnection: com.oculus.vrshell:com.oculus.vrshell
2025-01-27 22:11:41.848 15845-15870 RuntimeIPC...UNTIMEIPC] com.oculus.sdk.helloxr.vulkan        I  Event buffer size (client): 8192
2025-01-27 22:11:41.848 15845-15870 RuntimeIPC...UNTIMEIPC] com.oculus.sdk.helloxr.vulkan        I  TryToGetIPCResourcesFromServer: RPC_CONNECTOR_CONNECT_TO_SERVER SUCCESS: Client: com.oculus.sdk.helloxr.vulkan:com.oculus.sdk.helloxr.vulkan:15845, Server: com.oculus.vrshell:com.oculus.vrshell (ptkserviceserver)
2025-01-27 22:11:41.848 15845-15870 RuntimeIPC...UNTIMEIPC] com.oculus.sdk.helloxr.vulkan        I  EnsureServerConnection: SUCCESS. Client: com.oculus.sdk.helloxr.vulkan:com.oculus.sdk.helloxr.vulkan:15845, Server: com.oculus.vrshell:com.oculus.vrshell (ptkserviceserver)
2025-01-27 22:11:41.848 15845-15870 RuntimeIPC...UNTIMEIPC] com.oculus.sdk.helloxr.vulkan        I  ConnectToServer: SUCCESS: Client: com.oculus.sdk.helloxr.vulkan:com.oculus.sdk.helloxr.vulkan:15845, Server: com.oculus.vrshell:com.oculus.vrshell (ptkserviceserver)
2025-01-27 22:11:41.849 15845-15870 RuntimeIPC...UNTIMEIPC] com.oculus.sdk.helloxr.vulkan        I  InitServerStateBuffer: SUCCESS. 0, Client: com.oculus.sdk.helloxr.vulkan:com.oculus.sdk.helloxr.vulkan:15845, Server: com.oculus.vrshell:com.oculus.vrshell (ptkserviceserver)
2025-01-27 22:11:41.849 15845-15870 ServerStat...UNTIMEIPC] com.oculus.sdk.helloxr.vulkan        W  IPCService: GetDataBegin: entryIndex < 0 || entryIndex >= numEntries_ || entryIndex >= trustedMaxEntries: 1, 3, 0
2025-01-27 22:11:41.849 15845-15870 ServerStat...UNTIMEIPC] com.oculus.sdk.helloxr.vulkan        W  IPCService: GetDataBegin: entryIndex < 0 || entryIndex >= numEntries_ || entryIndex >= trustedMaxEntries: 2, 3, 0
2025-01-27 22:11:41.849 15845-15870 OVR::Capture            com.oculus.sdk.helloxr.vulkan        V  Failed to open trace_marker ATrace file!
2025-01-27 22:11:41.850 15845-15870 RuntimeIPC...UNTIMEIPC] com.oculus.sdk.helloxr.vulkan        I  InitServerStateBuffer: SUCCESS. 0, Client: com.oculus.sdk.helloxr.vulkan:com.oculus.sdk.helloxr.vulkan:15845, Server: com.oculus.systemdriver:com.oculus.vrruntimeservice (RuntimeServiceServer)
2025-01-27 22:11:41.850 15845-15870 AudioCapture            com.oculus.sdk.helloxr.vulkan        I  AudioCapture::Init
2025-01-27 22:11:41.850 15845-15870 AudioCapture            com.oculus.sdk.helloxr.vulkan        I  AudioCapture::Init -> Initializing audio capture using direct OS Callbacks
2025-01-27 22:11:41.850 15845-15870 AudioCapture            com.oculus.sdk.helloxr.vulkan        I  AudioCapture::Init COMPLETE
2025-01-27 22:11:41.850 15845-15870 Foveation               com.oculus.sdk.helloxr.vulkan        W  Forcing on dynamic foveation
2025-01-27 22:11:41.850 15845-15870 Foveation               com.oculus.sdk.helloxr.vulkan        I  Vulkan foveation tile offset enabled: 0
2025-01-27 22:11:41.850 15845-15870 Foveation               com.oculus.sdk.helloxr.vulkan        I  Vulkan foveation tile turn off enabled: 1
2025-01-27 22:11:41.851 15845-15870 ThreadHelp...UNTIMEIPC] com.oculus.sdk.helloxr.vulkan        I  RuntimeIPC::ThreadHelpers::SetState: threadName: JobPoolWorker, currentState: STATE_STOPPED, newState: STATE_STARTING
2025-01-27 22:11:41.851 15845-15900 ThreadHelp...UNTIMEIPC] com.oculus.sdk.helloxr.vulkan        I  RuntimeIPC::ThreadHelpers::SetState: threadName: JobPoolWorker, currentState: STATE_STARTING, newState: STATE_RUNNING
2025-01-27 22:11:41.852 15845-15870 ClientProc...UNTIMEIPC] com.oculus.sdk.helloxr.vulkan        I  GetProcessConnection: com.oculus.guardian:com.oculus.vrguardianservice
2025-01-27 22:11:41.852 15845-15870 RuntimeIPC...UNTIMEIPC] com.oculus.sdk.helloxr.vulkan        I  Event buffer size (client): 8192
2025-01-27 22:11:41.852 15845-15870 RuntimeIPC...UNTIMEIPC] com.oculus.sdk.helloxr.vulkan        I  TryToGetIPCResourcesFromServer: RPC_CONNECTOR_CONNECT_TO_SERVER SUCCESS: Client: com.oculus.sdk.helloxr.vulkan:com.oculus.sdk.helloxr.vulkan:15845, Server: com.oculus.guardian:com.oculus.vrguardianservice (guardianserver)
2025-01-27 22:11:41.852 15845-15870 RuntimeIPC...UNTIMEIPC] com.oculus.sdk.helloxr.vulkan        I  EnsureServerConnection: SUCCESS. Client: com.oculus.sdk.helloxr.vulkan:com.oculus.sdk.helloxr.vulkan:15845, Server: com.oculus.guardian:com.oculus.vrguardianservice (guardianserver)
2025-01-27 22:11:41.852 15845-15870 RuntimeIPC...UNTIMEIPC] com.oculus.sdk.helloxr.vulkan        I  ConnectToServer: SUCCESS: Client: com.oculus.sdk.helloxr.vulkan:com.oculus.sdk.helloxr.vulkan:15845, Server: com.oculus.guardian:com.oculus.vrguardianservice (guardianserver)
2025-01-27 22:11:41.856 15845-15870 VrGuardianClient        com.oculus.sdk.helloxr.vulkan        I  guardianSDKClient_ connected.
2025-01-27 22:11:41.856 15845-15870 GkCacheQuerierClient    com.oculus.sdk.helloxr.vulkan        W  getGkValue: Query result for 'oculus_xrruntime:horizon_phasesync_disabled' not successful: 4
2025-01-27 22:11:41.856 15845-15870 GkHelper                com.oculus.sdk.helloxr.vulkan        W  GkHelper: query failed, result code = 4
2025-01-27 22:11:41.862 15845-15870 VrRuntimeClient         com.oculus.sdk.helloxr.vulkan        I  Is120HzSupported: 1
2025-01-27 22:11:41.862 15845-15870 FaceEyeTra...entManager com.oculus.sdk.helloxr.vulkan        I  [FaceEyeTrackingManager] Initializing FaceEyeTrackingClientManager...
2025-01-27 22:11:41.867 15845-15870 LogTimer                com.oculus.sdk.helloxr.vulkan        I  CPUTIME: VrRuntimeClient_Init took 21.4300 ms
2025-01-27 22:11:41.867 15845-15870 VulkanLoader            com.oculus.sdk.helloxr.vulkan        I  ovrVulkanLoader::Load
2025-01-27 22:11:41.867 15845-15870 VulkanLoader            com.oculus.sdk.helloxr.vulkan        W  VulkanLoader::LoadInstanceFunctions: Failed to load vkCreateDebugReportCallbackEXT, likely vkInstance created without xrGetVulkanInstanceExtensionsKHR/vrapi_GetInstanceExtensionsVulkan
2025-01-27 22:11:41.867 15845-15870 VulkanLoader            com.oculus.sdk.helloxr.vulkan        W  VulkanLoader::LoadInstanceFunctions: Failed to load vkDestroyDebugReportCallbackEXT, likely vkInstance created without xrGetVulkanInstanceExtensionsKHR/vrapi_GetInstanceExtensionsVulkan
2025-01-27 22:11:41.867 15845-15870 VulkanLoader            com.oculus.sdk.helloxr.vulkan        W  VulkanLoader::LoadDeviceFunctions: Failed to load vkCmdDebugMarkerInsertEXT, likely vkDevice created without xrGetVulkanDeviceExtensionsKHR/vrapi_GetDeviceExtensionsVulkan
2025-01-27 22:11:41.867 15845-15870 VulkanLoader            com.oculus.sdk.helloxr.vulkan        W  VulkanLoader::LoadDeviceFunctions: Failed to load vkCmdSetCullModeEXT, likely vkDevice created without xrGetVulkanDeviceExtensionsKHR/vrapi_GetDeviceExtensionsVulkan
2025-01-27 22:11:41.867 15845-15870 VulkanLoader            com.oculus.sdk.helloxr.vulkan        W  VulkanLoader::LoadDeviceFunctions: Failed to load vkCmdSetDepthCompareOpEXT, likely vkDevice created without xrGetVulkanDeviceExtensionsKHR/vrapi_GetDeviceExtensionsVulkan
2025-01-27 22:11:41.867 15845-15870 VulkanLoader            com.oculus.sdk.helloxr.vulkan        W  VulkanLoader::LoadDeviceFunctions: Failed to load vkCmdSetDepthTestEnableEXT, likely vkDevice created without xrGetVulkanDeviceExtensionsKHR/vrapi_GetDeviceExtensionsVulkan
2025-01-27 22:11:41.867 15845-15870 VulkanLoader            com.oculus.sdk.helloxr.vulkan        W  VulkanLoader::LoadDeviceFunctions: Failed to load vkCmdSetDepthWriteEnableEXT, likely vkDevice created without xrGetVulkanDeviceExtensionsKHR/vrapi_GetDeviceExtensionsVulkan
2025-01-27 22:11:41.867 15845-15870 VulkanLoader            com.oculus.sdk.helloxr.vulkan        W  VulkanLoader::LoadDeviceFunctions: Failed to load vkDebugMarkerSetObjectTagEXT, likely vkDevice created without xrGetVulkanDeviceExtensionsKHR/vrapi_GetDeviceExtensionsVulkan
2025-01-27 22:11:41.867 15845-15870 VulkanLoader            com.oculus.sdk.helloxr.vulkan        W  VulkanLoader::LoadDeviceFunctions: Failed to load vkGetMemoryFdKHR, likely vkDevice created without xrGetVulkanDeviceExtensionsKHR/vrapi_GetDeviceExtensionsVulkan
2025-01-27 22:11:41.867 15845-15870 Foveation               com.oculus.sdk.helloxr.vulkan        I  Vulkan FFR is supported, with density map size 32x32
2025-01-27 22:11:41.867 15845-15870 Distortion              com.oculus.sdk.helloxr.vulkan        I  Initializing Mesh Decenter Correction
2025-01-27 22:11:41.867 15845-15870 libosutils              com.oculus.sdk.helloxr.vulkan        E  Failed to get real path of file '/sys/devices/soc0/platform_subtype_id', err: Permission denied
2025-01-27 22:11:41.867 15845-15870 libosutils              com.oculus.sdk.helloxr.vulkan        E  Failed to get real path of file '/sys/devices/soc0/platform_version', err: Permission denied
2025-01-27 22:11:41.867 15845-15870 libdeviceid             com.oculus.sdk.helloxr.vulkan        W  DeviceId unknown with subtype FFFFFFFF and version: 0xFFFFFFFF
2025-01-27 22:11:41.868 15845-15870 Distortion              com.oculus.sdk.helloxr.vulkan        I  Decenter tester version = 200
2025-01-27 22:11:41.868 15845-15870 Distortion              com.oculus.sdk.helloxr.vulkan        I  SetLensPositions - iad=0.0635, left offset=-0.0030803,-3.05452e-05, right offset=0.00332641,1.07915e-05
2025-01-27 22:11:41.868 15845-15870 Distortion              com.oculus.sdk.helloxr.vulkan        I  Initializing Mesh Decenter Correction
2025-01-27 22:11:41.868 15845-15870 libosutils              com.oculus.sdk.helloxr.vulkan        E  Failed to get real path of file '/sys/devices/soc0/platform_subtype_id', err: Permission denied
2025-01-27 22:11:41.868 15845-15870 libosutils              com.oculus.sdk.helloxr.vulkan        E  Failed to get real path of file '/sys/devices/soc0/platform_version', err: Permission denied
2025-01-27 22:11:41.868 15845-15870 libdeviceid             com.oculus.sdk.helloxr.vulkan        W  DeviceId unknown with subtype FFFFFFFF and version: 0xFFFFFFFF
2025-01-27 22:11:41.869 15845-15870 Distortion              com.oculus.sdk.helloxr.vulkan        I  Decenter tester version = 200
2025-01-27 22:11:41.869 15845-15870 Distortion              com.oculus.sdk.helloxr.vulkan        I  SetLensPositions - iad=0.0635, left offset=-0.0030803,-3.05452e-05, right offset=0.00332641,1.07915e-05
2025-01-27 22:11:41.869 15845-15870 GkHelper                com.oculus.sdk.helloxr.vulkan        I  Checking gk 'oculus_quest3_high_res_eye_buffer', default = false
2025-01-27 22:11:41.869 15845-15870 GkHelper                com.oculus.sdk.helloxr.vulkan        I  Checking gk 'oculus_quest3_super_high_res_eye_buffer', default = false
2025-01-27 22:11:41.870 15845-15870 ClientInputSettings     com.oculus.sdk.helloxr.vulkan        I  SYSTEMBUTTONSPACE GKS freeze '1'
2025-01-27 22:11:41.870 15845-15870 ClientInputSettings     com.oculus.sdk.helloxr.vulkan        I  SYSTEMBUTTONSPACE 'com.oculus.sdk.helloxr.vulkan' Freeze input '1' on home button down
2025-01-27 22:11:41.870 15845-15870 ClientInputSettings     com.oculus.sdk.helloxr.vulkan        I  HANDTRACKING: Hands V2.0 enforced.
2025-01-27 22:11:41.870 15845-15870 ClientInputSettings     com.oculus.sdk.helloxr.vulkan        I  HANDTRACKING: YES, in the GK oculus_mobile_enable_hand_tracking_frequency_inter
2025-01-27 22:11:41.870 15845-15870 ClientInputInterface    com.oculus.sdk.helloxr.vulkan        I  HANDTRACKING sethandtrackingfrequency 1
2025-01-27 22:11:41.870 15845-15870 ClientInputSettings     com.oculus.sdk.helloxr.vulkan        I  HANDTRACKING: YES, in the GK oculus_mobile_30hz_handtracking_downclocking
2025-01-27 22:11:41.870 15845-15870 ClientInputInterface    com.oculus.sdk.helloxr.vulkan        I  Set30HzHandtrackingDownclockingGKFlag 1
2025-01-27 22:11:41.870 15845-15870 ClientInputSettings     com.oculus.sdk.helloxr.vulkan        I  HANDTRACKING: NO, not in the GK oculus_mobile_enable_hand_emulation_of_controllers
2025-01-27 22:11:41.870 15845-15870 ClientInputInterface    com.oculus.sdk.helloxr.vulkan        I  HANDTRACKING SetHandTrackingControllerEmulationGkFlag 0
2025-01-27 22:11:41.870 15845-15870 InputHooks              com.oculus.sdk.helloxr.vulkan        I  InitializeInputHooks
2025-01-27 22:11:41.870 15845-15870 InputHooks              com.oculus.sdk.helloxr.vulkan        I  InitializeInputHooks create
2025-01-27 22:11:41.871 15845-15870 .helloxr.vulka          com.oculus.sdk.helloxr.vulkan        W  Accessing hidden method Landroid/app/Activity;->isResumed()Z (unsupported, reflection, allowed)
2025-01-27 22:11:41.871 15845-15870 OpenXR                  com.oculus.sdk.helloxr.vulkan        I  xrCreateSession: Activity is not yet in the ready state.
2025-01-27 22:11:41.871 15845-15870 OpenXR_Aperture         com.oculus.sdk.helloxr.vulkan        I  ------------ ovrCreateApertureMETAX1 -----------
2025-01-27 22:11:41.871 15845-15870 OpenXR                  com.oculus.sdk.helloxr.vulkan        I  ------------ xrCreateSession [end] -----------
2025-01-27 22:11:41.872 15845-15870 helloxr                 com.oculus.sdk.helloxr.vulkan        V  [22:11:41.871][Info   ] Available reference spaces: 3
2025-01-27 22:11:41.872 15845-15870 OpenXR_Actions          com.oculus.sdk.helloxr.vulkan        V  -- xrSuggestInteractionProfileBindings -
2025-01-27 22:11:41.872 15845-15870 OpenXR_Actions          com.oculus.sdk.helloxr.vulkan        V  -- xrSuggestInteractionProfileBindings -
2025-01-27 22:11:41.872 15845-15870 OpenXR_Actions          com.oculus.sdk.helloxr.vulkan        V  -- xrSuggestInteractionProfileBindings -
2025-01-27 22:11:41.872 15845-15870 OpenXR_Actions          com.oculus.sdk.helloxr.vulkan        V  -- xrSuggestInteractionProfileBindings -
2025-01-27 22:11:41.872 15845-15870 OpenXR_Actions          com.oculus.sdk.helloxr.vulkan        V  -- xrSuggestInteractionProfileBindings -
2025-01-27 22:11:41.872 15845-15870 OpenXR_Space            com.oculus.sdk.helloxr.vulkan        I  xrCreateReferenceSpace: Spaces info
2025-01-27 22:11:41.872 15845-15870 OpenXR_Space            com.oculus.sdk.helloxr.vulkan        I  xrCreateReferenceSpace: Local version=126
2025-01-27 22:11:41.872 15845-15870 OpenXR_Space            com.oculus.sdk.helloxr.vulkan        I  xrCreateReferenceSpace: RawFromLocal       = (-0.000, -0.361, -0.000, 0.933), (0.08, -0.42, -0.92)
2025-01-27 22:11:41.872 15845-15870 OpenXR_Space            com.oculus.sdk.helloxr.vulkan        I  xrCreateReferenceSpace: RawFromLocalTilted = (-0.009, -0.361, 0.003, 0.933), (0.08, -0.42, -0.92)
2025-01-27 22:11:41.872 15845-15870 OpenXR_Space            com.oculus.sdk.helloxr.vulkan        I  xrCreateReferenceSpace: Stage IsValid=true
2025-01-27 22:11:41.872 15845-15870 OpenXR_Space            com.oculus.sdk.helloxr.vulkan        I  xrCreateReferenceSpace: Stage HasActiveGuardian=true
2025-01-27 22:11:41.872 15845-15870 OpenXR_Space            com.oculus.sdk.helloxr.vulkan        I  xrCreateReferenceSpace: Stage Width=9.275004, Depth=9.817506
2025-01-27 22:11:41.872 15845-15870 OpenXR_Space            com.oculus.sdk.helloxr.vulkan        I  xrCreateReferenceSpace: RawFromStage       = (-0.000, -0.980, -0.000, 0.201), (3.27, -1.16, -1.28)
2025-01-27 22:11:41.872 15845-15870 OpenXR_Space            com.oculus.sdk.helloxr.vulkan        I  xrCreateReferenceSpace: Spaces info
2025-01-27 22:11:41.872 15845-15870 OpenXR_Space            com.oculus.sdk.helloxr.vulkan        I  xrCreateReferenceSpace: Local version=126
2025-01-27 22:11:41.872 15845-15870 OpenXR_Space            com.oculus.sdk.helloxr.vulkan        I  xrCreateReferenceSpace: RawFromLocal       = (-0.000, -0.361, -0.000, 0.933), (0.08, -0.42, -0.92)
2025-01-27 22:11:41.872 15845-15870 OpenXR_Space            com.oculus.sdk.helloxr.vulkan        I  xrCreateReferenceSpace: RawFromLocalTilted = (-0.009, -0.361, 0.003, 0.933), (0.08, -0.42, -0.92)
2025-01-27 22:11:41.872 15845-15870 OpenXR_Space            com.oculus.sdk.helloxr.vulkan        I  xrCreateReferenceSpace: Stage IsValid=true
2025-01-27 22:11:41.872 15845-15870 OpenXR_Space            com.oculus.sdk.helloxr.vulkan        I  xrCreateReferenceSpace: Stage HasActiveGuardian=true
2025-01-27 22:11:41.872 15845-15870 OpenXR_Space            com.oculus.sdk.helloxr.vulkan        I  xrCreateReferenceSpace: Stage Width=9.275004, Depth=9.817506
2025-01-27 22:11:41.872 15845-15870 OpenXR_Space            com.oculus.sdk.helloxr.vulkan        I  xrCreateReferenceSpace: RawFromStage       = (-0.000, -0.980, -0.000, 0.201), (3.27, -1.16, -1.28)
2025-01-27 22:11:41.872 15845-15870 OpenXR_Space            com.oculus.sdk.helloxr.vulkan        I  xrCreateReferenceSpace: Spaces info
2025-01-27 22:11:41.872 15845-15870 OpenXR_Space            com.oculus.sdk.helloxr.vulkan        I  xrCreateReferenceSpace: Local version=126
2025-01-27 22:11:41.872 15845-15870 OpenXR_Space            com.oculus.sdk.helloxr.vulkan        I  xrCreateReferenceSpace: RawFromLocal       = (-0.000, -0.361, -0.000, 0.933), (0.08, -0.42, -0.92)
2025-01-27 22:11:41.872 15845-15870 OpenXR_Space            com.oculus.sdk.helloxr.vulkan        I  xrCreateReferenceSpace: RawFromLocalTilted = (-0.009, -0.361, 0.003, 0.933), (0.08, -0.42, -0.92)
2025-01-27 22:11:41.872 15845-15870 OpenXR_Space            com.oculus.sdk.helloxr.vulkan        I  xrCreateReferenceSpace: Stage IsValid=true
2025-01-27 22:11:41.872 15845-15870 OpenXR_Space            com.oculus.sdk.helloxr.vulkan        I  xrCreateReferenceSpace: Stage HasActiveGuardian=true
2025-01-27 22:11:41.872 15845-15870 OpenXR_Space            com.oculus.sdk.helloxr.vulkan        I  xrCreateReferenceSpace: Stage Width=9.275004, Depth=9.817506
2025-01-27 22:11:41.872 15845-15870 OpenXR_Space            com.oculus.sdk.helloxr.vulkan        I  xrCreateReferenceSpace: RawFromStage       = (-0.000, -0.980, -0.000, 0.201), (3.27, -1.16, -1.28)
2025-01-27 22:11:41.872 15845-15870 OpenXR_Space            com.oculus.sdk.helloxr.vulkan        I  xrCreateReferenceSpace: Spaces info
2025-01-27 22:11:41.872 15845-15870 OpenXR_Space            com.oculus.sdk.helloxr.vulkan        I  xrCreateReferenceSpace: Local version=126
2025-01-27 22:11:41.872 15845-15870 OpenXR_Space            com.oculus.sdk.helloxr.vulkan        I  xrCreateReferenceSpace: RawFromLocal       = (-0.000, -0.361, -0.000, 0.933), (0.08, -0.42, -0.92)
2025-01-27 22:11:41.872 15845-15870 OpenXR_Space            com.oculus.sdk.helloxr.vulkan        I  xrCreateReferenceSpace: RawFromLocalTilted = (-0.009, -0.361, 0.003, 0.933), (0.08, -0.42, -0.92)
2025-01-27 22:11:41.872 15845-15870 OpenXR_Space            com.oculus.sdk.helloxr.vulkan        I  xrCreateReferenceSpace: Stage IsValid=true
2025-01-27 22:11:41.872 15845-15870 OpenXR_Space            com.oculus.sdk.helloxr.vulkan        I  xrCreateReferenceSpace: Stage HasActiveGuardian=true
2025-01-27 22:11:41.872 15845-15870 OpenXR_Space            com.oculus.sdk.helloxr.vulkan        I  xrCreateReferenceSpace: Stage Width=9.275004, Depth=9.817506
2025-01-27 22:11:41.872 15845-15870 OpenXR_Space            com.oculus.sdk.helloxr.vulkan        I  xrCreateReferenceSpace: RawFromStage       = (-0.000, -0.980, -0.000, 0.201), (3.27, -1.16, -1.28)
2025-01-27 22:11:41.872 15845-15870 OpenXR_Space            com.oculus.sdk.helloxr.vulkan        I  xrCreateReferenceSpace: Spaces info
2025-01-27 22:11:41.872 15845-15870 OpenXR_Space            com.oculus.sdk.helloxr.vulkan        I  xrCreateReferenceSpace: Local version=126
2025-01-27 22:11:41.872 15845-15870 OpenXR_Space            com.oculus.sdk.helloxr.vulkan        I  xrCreateReferenceSpace: RawFromLocal       = (-0.000, -0.361, -0.000, 0.933), (0.08, -0.42, -0.92)
2025-01-27 22:11:41.872 15845-15870 OpenXR_Space            com.oculus.sdk.helloxr.vulkan        I  xrCreateReferenceSpace: RawFromLocalTilted = (-0.009, -0.361, 0.003, 0.933), (0.08, -0.42, -0.92)
2025-01-27 22:11:41.872 15845-15870 OpenXR_Space            com.oculus.sdk.helloxr.vulkan        I  xrCreateReferenceSpace: Stage IsValid=true
2025-01-27 22:11:41.872 15845-15870 OpenXR_Space            com.oculus.sdk.helloxr.vulkan        I  xrCreateReferenceSpace: Stage HasActiveGuardian=true
2025-01-27 22:11:41.872 15845-15870 OpenXR_Space            com.oculus.sdk.helloxr.vulkan        I  xrCreateReferenceSpace: Stage Width=9.275004, Depth=9.817506
2025-01-27 22:11:41.872 15845-15870 OpenXR_Space            com.oculus.sdk.helloxr.vulkan        I  xrCreateReferenceSpace: RawFromStage       = (-0.000, -0.980, -0.000, 0.201), (3.27, -1.16, -1.28)
2025-01-27 22:11:41.872 15845-15870 helloxr                 com.oculus.sdk.helloxr.vulkan        V  [22:11:41.872][Info   ] System Properties: Name=Oculus Quest VendorId=10291
2025-01-27 22:11:41.872 15845-15870 helloxr                 com.oculus.sdk.helloxr.vulkan        V  [22:11:41.872][Info   ] System Graphics Properties: MaxWidth=8192 MaxHeight=8192 MaxLayers=32
2025-01-27 22:11:41.872 15845-15870 helloxr                 com.oculus.sdk.helloxr.vulkan        V  [22:11:41.872][Info   ] System Tracking Properties: OrientationTracking=True PositionTracking=True
2025-01-27 22:11:41.872 15845-15870 helloxr                 com.oculus.sdk.helloxr.vulkan        V  [22:11:41.872][Info   ] Creating swapchain for view 0 with dimensions Width=1680 Height=1760 SampleCount=1
2025-01-27 22:11:41.874 15845-15870 SwapChain_...ory_Export com.oculus.sdk.helloxr.vulkan        I  Imported texture has requirements 3, ends up index 0
2025-01-27 22:11:41.874 15845-15870 SwapChain_...ory_Export com.oculus.sdk.helloxr.vulkan        I  Imported texture has requirements 3, ends up index 0
2025-01-27 22:11:41.874 15845-15870 SwapChain_...ory_Export com.oculus.sdk.helloxr.vulkan        I  Imported texture has requirements 3, ends up index 0
2025-01-27 22:11:41.875 15845-15870 OpenXR_GPUMemTrace      com.oculus.sdk.helloxr.vulkan        I  OpenXR GPU memory tracing is enabled on heap(oculus.OpenXR) with id(2)
2025-01-27 22:11:41.875 15845-15870 OpenXR_GPUMemTrace      com.oculus.sdk.helloxr.vulkan        I  Swapchain creation, id=1015, idx=0, MemoryAllocationSize: 11941 KB
2025-01-27 22:11:41.875 15845-15870 OpenXR_GPUMemTrace      com.oculus.sdk.helloxr.vulkan        I  Swapchain creation, id=1015, idx=1, MemoryAllocationSize: 11941 KB
2025-01-27 22:11:41.875 15845-15870 OpenXR_GPUMemTrace      com.oculus.sdk.helloxr.vulkan        I  Swapchain creation, id=1015, idx=2, MemoryAllocationSize: 11941 KB
2025-01-27 22:11:41.889 15845-15870 helloxr                 com.oculus.sdk.helloxr.vulkan        V  [22:11:41.889][Info   ] Creating swapchain for view 1 with dimensions Width=1680 Height=1760 SampleCount=1
2025-01-27 22:11:41.890 15845-15870 SwapChain_...ory_Export com.oculus.sdk.helloxr.vulkan        I  Imported texture has requirements 3, ends up index 0
2025-01-27 22:11:41.890 15845-15870 SwapChain_...ory_Export com.oculus.sdk.helloxr.vulkan        I  Imported texture has requirements 3, ends up index 0
2025-01-27 22:11:41.891 15845-15870 SwapChain_...ory_Export com.oculus.sdk.helloxr.vulkan        I  Imported texture has requirements 3, ends up index 0
2025-01-27 22:11:41.891 15845-15870 OpenXR_GPUMemTrace      com.oculus.sdk.helloxr.vulkan        I  Swapchain creation, id=1016, idx=0, MemoryAllocationSize: 11941 KB
2025-01-27 22:11:41.891 15845-15870 OpenXR_GPUMemTrace      com.oculus.sdk.helloxr.vulkan        I  Swapchain creation, id=1016, idx=1, MemoryAllocationSize: 11941 KB
2025-01-27 22:11:41.891 15845-15870 OpenXR_GPUMemTrace      com.oculus.sdk.helloxr.vulkan        I  Swapchain creation, id=1016, idx=2, MemoryAllocationSize: 11941 KB
2025-01-27 22:11:41.900 15845-15870 threaded_app            com.oculus.sdk.helloxr.vulkan        V  activityState=10
2025-01-27 22:11:41.900 15845-15870 helloxr                 com.oculus.sdk.helloxr.vulkan        V  [22:11:41.900][Info   ] APP_CMD_START
2025-01-27 22:11:41.900 15845-15870 helloxr                 com.oculus.sdk.helloxr.vulkan        V  [22:11:41.900][Info   ] onStart()
2025-01-27 22:11:41.901 15845-15845 threaded_app            com.oculus.sdk.helloxr.vulkan        V  Resume: 0xb40000718ea352c0
2025-01-27 22:11:41.902 15845-15870 threaded_app            com.oculus.sdk.helloxr.vulkan        V  activityState=11
2025-01-27 22:11:41.902 15845-15870 helloxr                 com.oculus.sdk.helloxr.vulkan        V  [22:11:41.902][Info   ] onResume()
2025-01-27 22:11:41.902 15845-15870 helloxr                 com.oculus.sdk.helloxr.vulkan        V  [22:11:41.902][Info   ] APP_CMD_RESUME
2025-01-27 22:11:41.902 15845-15870 VrRuntimeClient         com.oculus.sdk.helloxr.vulkan        I  UpdateEvents: Detected LOCAL_FLOOR reference space update. Sending reference space update event
2025-01-27 22:11:41.902 15845-15870 VrRuntimeClient         com.oculus.sdk.helloxr.vulkan        I  UpdateEvents: Detected STAGE reference space update. Sending reference space update event
2025-01-27 22:11:41.902 15845-15870 Deque                   com.oculus.sdk.helloxr.vulkan        I  AddEventToQueue called. eventInfo.type: 40, eventInfo.next: 1
2025-01-27 22:11:41.902 15845-15870 OpenXR                  com.oculus.sdk.helloxr.vulkan        I  PostSessionStateChange:[pid: 15845] XR_SESSION_STATE_UNKNOWN -> XR_SESSION_STATE_IDLE
2025-01-27 22:11:41.903 15845-15870 Deque                   com.oculus.sdk.helloxr.vulkan        I  AddEventToQueue called. eventInfo.type: 18, eventInfo.next: 1
2025-01-27 22:11:41.903 15845-15870 helloxr                 com.oculus.sdk.helloxr.vulkan        V  [22:11:41.903][Info   ] XrEventDataSessionStateChanged: state XR_SESSION_STATE_UNKNOWN->XR_SESSION_STATE_IDLE session=144115188075855875 time=299214425457219
2025-01-27 22:11:41.903 15845-15845 VrosSpatialAudio        com.oculus.sdk.helloxr.vulkan        I  init with android.view.ViewRootImpl$W@931fd19
2025-01-27 22:11:41.904 15845-15845 Compatibil...geReporter com.oculus.sdk.helloxr.vulkan        D  Compat change id reported: 175409955; UID 10735; state: DISABLED
2025-01-27 22:11:41.904 15845-15845 Compatibil...geReporter com.oculus.sdk.helloxr.vulkan        D  Compat change id reported: 175409954; UID 10735; state: DISABLED
2025-01-27 22:11:41.907 15845-15845 threaded_app            com.oculus.sdk.helloxr.vulkan        V  InputQueueCreated: 0xb40000718ea352c0 -- 0xb40000718ea73200
2025-01-27 22:11:42.153 15845-15870 threaded_app            com.oculus.sdk.helloxr.vulkan        V  APP_CMD_INPUT_CHANGED
2025-01-27 22:11:42.153 15845-15870 threaded_app            com.oculus.sdk.helloxr.vulkan        V  Attaching input queue to looper
2025-01-27 22:11:42.157 15845-15904 OpenXR                  com.oculus.sdk.helloxr.vulkan        I  nativeOnActivityReady: com.oculus.sdk.helloxr.vulkan/android.app.NativeActivity
2025-01-27 22:11:42.157 15845-15904 .helloxr.vulka          com.oculus.sdk.helloxr.vulkan        W  Attempt to remove non-JNI local reference, dumping thread
2025-01-27 22:11:42.158 15845-15845 threaded_app            com.oculus.sdk.helloxr.vulkan        V  NativeWindowCreated: 0xb40000718ea352c0 -- 0xb4000070de393810
2025-01-27 22:11:42.403 15845-15870 threaded_app            com.oculus.sdk.helloxr.vulkan        V  APP_CMD_INIT_WINDOW
2025-01-27 22:11:42.403 15845-15870 helloxr                 com.oculus.sdk.helloxr.vulkan        V  [22:11:42.403][Info   ] surfaceCreated()
2025-01-27 22:11:42.403 15845-15870 helloxr                 com.oculus.sdk.helloxr.vulkan        V  [22:11:42.403][Info   ] APP_CMD_INIT_WINDOW
2025-01-27 22:11:42.403 15845-15845 threaded_app            com.oculus.sdk.helloxr.vulkan        V  NativeWindowResized: 0xb40000718ea352c0 -- 0xb4000070de393810
2025-01-27 22:11:42.403 15845-15870 OpenXR                  com.oculus.sdk.helloxr.vulkan        I  PostSessionStateChange:[pid: 15845] XR_SESSION_STATE_IDLE -> XR_SESSION_STATE_READY
2025-01-27 22:11:42.404 15845-15870 Deque                   com.oculus.sdk.helloxr.vulkan        I  AddEventToQueue called. eventInfo.type: 18, eventInfo.next: 1
2025-01-27 22:11:42.404 15845-15870 helloxr                 com.oculus.sdk.helloxr.vulkan        V  [22:11:42.404][Info   ] XrEventDataSessionStateChanged: state XR_SESSION_STATE_IDLE->XR_SESSION_STATE_READY session=144115188075855875 time=299214926192217
2025-01-27 22:11:42.404 15845-15870 OpenXR                  com.oculus.sdk.helloxr.vulkan        I  ------------ xrBeginSession [start] -----------
2025-01-27 22:11:42.404 15845-15870 DRR                     com.oculus.sdk.helloxr.vulkan        I  DRR is supported: 1
2025-01-27 22:11:42.404 15845-15870 DRR                     com.oculus.sdk.helloxr.vulkan        I  DRR is enabled: 0
2025-01-27 22:11:42.404 15845-15870 OsSdkLoader             com.oculus.sdk.helloxr.vulkan        D  OSSDK loading module 'libheadtracker.oculus.so'
2025-01-27 22:11:42.404 15845-15845 threaded_app            com.oculus.sdk.helloxr.vulkan        V  ContentRectChanged: l=0,t=0,r=4128,b=2208
2025-01-27 22:11:42.405 15845-15845 threaded_app            com.oculus.sdk.helloxr.vulkan        V  NativeWindowRedrawNeeded: 0xb40000718ea352c0 -- 0xb4000070de393810
2025-01-27 22:11:42.405 15845-15870 MemoryBrokerClient      com.oculus.sdk.helloxr.vulkan        D  memorybroker::ClientConnection ctor
2025-01-27 22:11:42.405 15845-15870 Sensor                  com.oculus.sdk.helloxr.vulkan        I  OSSDKTRACKING Initializing controller tracking
2025-01-27 22:11:42.405 15845-15870 Sensor                  com.oculus.sdk.helloxr.vulkan        I  OSSDKTRACKING Controller tracker != nullpointer 0xb4000070d2a24bf0, 1
2025-01-27 22:11:42.406 15845-15845 threaded_app            com.oculus.sdk.helloxr.vulkan        V  WindowFocusChanged: 0xb40000718ea352c0 -- 1
2025-01-27 22:11:42.408 15845-15870 DeviceStatus            com.oculus.sdk.helloxr.vulkan        I  nativeHeadsetEvent(0)
2025-01-27 22:11:42.408 15845-15870 VrRuntimeClient         com.oculus.sdk.helloxr.vulkan        I  SetCompositorClientFeatureFlag ClientFeatureFlag 2
2025-01-27 22:11:42.409 15845-15870 RuntimeIPC...UNTIMEIPC] com.oculus.sdk.helloxr.vulkan        I  InitServerStateBuffer: SUCCESS. 0, Client: com.oculus.sdk.helloxr.vulkan:com.oculus.sdk.helloxr.vulkan:15845, Server: com.oculus.guardian:com.oculus.vrguardianservice (guardianserver)
2025-01-27 22:11:42.409 15845-15870 VrRuntimeClient         com.oculus.sdk.helloxr.vulkan        I  Mounted state at BeginSession: True
2025-01-27 22:11:42.409 15845-15870 AppLoadTim...etryCommon com.oculus.sdk.helloxr.vulkan        I  App load time recorded [packageName=com.oculus.sdk.helloxr.vulkan, time=0.871346, method="BeginSession", launchType="Launch", launchId=""]
2025-01-27 22:11:42.409 15845-15870 LogTimer                com.oculus.sdk.helloxr.vulkan        I  CPUTIME: VrRuntimeClient_BeginSession took 5.3834 ms
