---------------------------- PROCESS STARTED (15858) for package com.oculus.sdk.helloxr.vulkan ----------------------------
2025-01-26 22:58:52.698 15858-15858 .helloxr.vulka          com.oculus.sdk.helloxr.vulkan        W  DexFile /data/data/com.oculus.sdk.helloxr.vulkan/code_cache/.studio/instruments-234ebcbd.jar is in boot class path but is not in a known location
2025-01-26 22:58:52.700 15858-15858 studio.deploy           com.oculus.sdk.helloxr.vulkan        V  Applying transforms with cached classes
2025-01-26 22:58:52.707 15858-15858 .helloxr.vulka          com.oculus.sdk.helloxr.vulkan        W  Redefining intrinsic method java.lang.Thread java.lang.Thread.currentThread(). This may cause the unexpected use of the original definition of java.lang.Thread java.lang.Thread.currentThread()in methods that have already been compiled.
2025-01-26 22:58:52.707 15858-15858 .helloxr.vulka          com.oculus.sdk.helloxr.vulkan        W  Redefining intrinsic method boolean java.lang.Thread.interrupted(). This may cause the unexpected use of the original definition of boolean java.lang.Thread.interrupted()in methods that have already been compiled.
2025-01-26 22:58:52.709 15858-15858 Compatibil...geReporter com.oculus.sdk.helloxr.vulkan        D  Compat change id reported: 171979766; UID 10735; state: ENABLED
2025-01-26 22:58:52.720 15858-15858 System                  com.oculus.sdk.helloxr.vulkan        W  ClassLoader referenced unknown path:
2025-01-26 22:58:52.721 15858-15858 linker                  com.oculus.sdk.helloxr.vulkan        W  Warning: unable to resolve "/apex/com.meta.xr/priv-app/VrDriver/VrDriver.apk": No such file or directory (ignoring)
2025-01-26 22:58:52.727 15858-15858 GraphicsEnvironment     com.oculus.sdk.helloxr.vulkan        V  ANGLE Developer option for 'com.oculus.sdk.helloxr.vulkan' set to: 'default'
2025-01-26 22:58:52.727 15858-15858 GraphicsEnvironment     com.oculus.sdk.helloxr.vulkan        V  ANGLE GameManagerService for com.oculus.sdk.helloxr.vulkan: false
2025-01-26 22:58:52.727 15858-15858 GraphicsEnvironment     com.oculus.sdk.helloxr.vulkan        V  Neither updatable production driver nor prerelease driver is supported.
2025-01-26 22:58:52.728 15858-15858 Compatibil...geReporter com.oculus.sdk.helloxr.vulkan        D  Compat change id reported: 175409949; UID 10735; state: DISABLED
2025-01-26 22:58:52.728 15858-15858 Compatibil...geReporter com.oculus.sdk.helloxr.vulkan        D  Compat change id reported: 175409951; UID 10735; state: DISABLED
2025-01-26 22:58:52.728 15858-15858 Compatibil...geReporter com.oculus.sdk.helloxr.vulkan        D  Compat change id reported: 175409956; UID 10735; state: DISABLED
2025-01-26 22:58:52.730 15858-15858 Compatibil...geReporter com.oculus.sdk.helloxr.vulkan        D  Compat change id reported: 175409950; UID 10735; state: DISABLED
2025-01-26 22:58:52.730 15858-15858 NetworkSecurityConfig   com.oculus.sdk.helloxr.vulkan        D  No Network Security Config specified, using platform default
2025-01-26 22:58:52.730 15858-15858 Compatibil...geReporter com.oculus.sdk.helloxr.vulkan        D  Compat change id reported: 175409952; UID 10735; state: DISABLED
2025-01-26 22:58:52.730 15858-15858 NetworkSecurityConfig   com.oculus.sdk.helloxr.vulkan        D  No Network Security Config specified, using platform default
2025-01-26 22:58:52.748 15858-15858 threaded_app            com.oculus.sdk.helloxr.vulkan        V  Creating: 0xb40000718ea35400
2025-01-26 22:58:52.749 15858-15884 threaded_app            com.oculus.sdk.helloxr.vulkan        V  Config: mcc=0 mnc=0 lang=en cnt=US orien=2 touch=1 dens=200 keys=1 nav=1 keysHid=3 navHid=0 sdk=32 size=4 long=2 modetype=1 modenight=2
2025-01-26 22:58:52.749 15858-15858 threaded_app            com.oculus.sdk.helloxr.vulkan        V  Start: 0xb40000718ea35400
2025-01-26 22:58:52.750 15858-15884 OpenXR-Loader           com.oculus.sdk.helloxr.vulkan        V  Verbose [GENERAL | xrInitializeLoaderKHR | OpenXR-Loader] : Entering loader trampoline
2025-01-26 22:58:52.751 15858-15884 OpenXR-Loader           com.oculus.sdk.helloxr.vulkan        V  Verbose [GENERAL | xrEnumerateInstanceExtensionProperties | OpenXR-Loader] : Entering loader trampoline
2025-01-26 22:58:52.751 15858-15884 OpenXR-Loader           com.oculus.sdk.helloxr.vulkan        I  getActiveRuntimeCursor: Querying URI: content://org.khronos.openxr.runtime_broker/openxr/1/abi/arm64-v8a/runtimes/active
2025-01-26 22:58:52.759 15858-15884 OpenXR-Loader           com.oculus.sdk.helloxr.vulkan        W  Null cursor when querying installable content resolver.
2025-01-26 22:58:52.759 15858-15884 OpenXR-Loader           com.oculus.sdk.helloxr.vulkan        I  getActiveRuntimeCursor: Querying URI: content://org.khronos.openxr.system_runtime_broker/openxr/1/abi/arm64-v8a/runtimes/active
2025-01-26 22:58:52.760 15858-15884 OpenXR-Loader           com.oculus.sdk.helloxr.vulkan        W  Null cursor when querying system content resolver.
2025-01-26 22:58:52.760 15858-15884 OpenXR-Loader           com.oculus.sdk.helloxr.vulkan        E  Could access neither the installable nor system runtime broker.
2025-01-26 22:58:52.760 15858-15884 OpenXR-Loader           com.oculus.sdk.helloxr.vulkan        I  Info [GENERAL | xrEnumerateInstanceExtensionProperties | OpenXR-Loader] : RuntimeManifestFile::FindManifestFiles - using global runtime file /system/etc/openxr/1/active_runtime.aarch64.json
2025-01-26 22:58:52.760 15858-15884 OpenXR-Loader           com.oculus.sdk.helloxr.vulkan        I  Info [GENERAL |  | OpenXR-Loader] : RuntimeManifestFile::CreateIfValid - attempting to load /system/etc/openxr/1/active_runtime.aarch64.json
2025-01-26 22:58:52.762 15858-15884 OpenXR-Loader           com.oculus.sdk.helloxr.vulkan        I  Info [GENERAL | xrEnumerateInstanceExtensionProperties | OpenXR-Loader] : RuntimeInterface::LoadRuntime forwarding xrInitializeLoaderKHR call to runtime before calling xrNegotiateLoaderRuntimeInterface.
2025-01-26 22:58:52.762 15858-15884 OpenXR                  com.oculus.sdk.helloxr.vulkan        V  OpenXRForwardLoader::xrInitializeLoaderKHR [start]
2025-01-26 22:58:52.764 15858-15884 ApplicationLoaders      com.oculus.sdk.helloxr.vulkan        D  Returning zygote-cached class loader: /system/framework/android.test.base.jar
2025-01-26 22:58:52.764 15858-15884 ApplicationLoaders      com.oculus.sdk.helloxr.vulkan        D  Returning zygote-cached class loader: /system/framework/android.hidl.manager-V1.0-java.jar
2025-01-26 22:58:52.764 15858-15884 ApplicationLoaders      com.oculus.sdk.helloxr.vulkan        D  Returning zygote-cached class loader: /system/framework/android.hidl.base-V1.0-java.jar
2025-01-26 22:58:52.767 15858-15884 linker                  com.oculus.sdk.helloxr.vulkan        W  Warning: unable to resolve "/apex/com.meta.xr/priv-app/VrDriver/VrDriver.apk": No such file or directory (ignoring)
2025-01-26 22:58:52.771 15858-15884 linker                  com.oculus.sdk.helloxr.vulkan        W  Warning: unable to resolve "/apex/com.meta.xr/priv-app/VrDriver/VrDriver.apk": No such file or directory (ignoring)
2025-01-26 22:58:52.772 15858-15884 OpenXR                  com.oculus.sdk.helloxr.vulkan        I  Loading 64-bit Runtime.
2025-01-26 22:58:52.775 15858-15884 VrRuntimeClient         com.oculus.sdk.helloxr.vulkan        I  VrRuntimeClient(): 0x706d707830
2025-01-26 22:58:52.775 15858-15884 OsSdkLoader             com.oculus.sdk.helloxr.vulkan        D  OSSDK loading module 'libossdk.oculus.so'
2025-01-26 22:58:52.790 15858-15884 vulkan                  com.oculus.sdk.helloxr.vulkan        D  searching for layers in '/data/app/~~VbB8oItql48Lx8X1b2IkeQ==/com.oculus.sdk.helloxr.vulkan-bm7Y4Qu2sBf2wSyOwYrQvA==/lib/arm64'
2025-01-26 22:58:52.790 15858-15884 vulkan                  com.oculus.sdk.helloxr.vulkan        D  searching for layers in '/data/app/~~VbB8oItql48Lx8X1b2IkeQ==/com.oculus.sdk.helloxr.vulkan-bm7Y4Qu2sBf2wSyOwYrQvA==/base.apk!/lib/arm64-v8a'
2025-01-26 22:58:52.790 15858-15884 ziparchive              com.oculus.sdk.helloxr.vulkan        W  Unable to open '/apex/com.meta.xr/priv-app/VrDriver/VrDriver.apk': No such file or directory
2025-01-26 22:58:52.790 15858-15884 vulkan                  com.oculus.sdk.helloxr.vulkan        E  failed to open apk '/apex/com.meta.xr/priv-app/VrDriver/VrDriver.apk': -11
2025-01-26 22:58:52.790 15858-15884 vulkan                  com.oculus.sdk.helloxr.vulkan        D  searching for layers in '/system/priv-app/VrDriver/VrDriver.apk!/lib/arm64-v8a'
2025-01-26 22:58:52.793 15858-15884 DriverLoader            com.oculus.sdk.helloxr.vulkan        I  Calling into SetLegacyVrApiEntryPointOverride
2025-01-26 22:58:52.793 15858-15884 VrApi_DriverLoader      com.oculus.sdk.helloxr.vulkan        I  SetLegacyVrApiEntryPointOverride: calling sprintf
2025-01-26 22:58:52.793 15858-15884 VrApi_DriverLoader      com.oculus.sdk.helloxr.vulkan        I  SetLegacyVrApiEntryPointOverride: env buffer is '0x706d667478'
2025-01-26 22:58:52.793 15858-15884 VrApi_DriverLoader      com.oculus.sdk.helloxr.vulkan        I  SetLegacyVrApiEntryPointOverride: calling setenv
2025-01-26 22:58:52.793 15858-15884 DriverLoader            com.oculus.sdk.helloxr.vulkan        I  Creating Temp JNIEnv
2025-01-26 22:58:52.793 15858-15884 DriverLoader            com.oculus.sdk.helloxr.vulkan        I  Calling FindClass
2025-01-26 22:58:52.793 15858-15884 DriverLoader            com.oculus.sdk.helloxr.vulkan        I  Calling RegisterNativeVrApiLoaderMethods
2025-01-26 22:58:52.793 15858-15884 VrApi_DriverLoader      com.oculus.sdk.helloxr.vulkan        I  RegisterNativeVrApiLoaderMethods: calling RegisterNatives
2025-01-26 22:58:52.793 15858-15884 DriverLoader            com.oculus.sdk.helloxr.vulkan        I  Calling RegisterNativeXrLoaderMethods
2025-01-26 22:58:52.793 15858-15884 OpenXR_DriverLoader     com.oculus.sdk.helloxr.vulkan        I  RegisterNativeVrApiLoaderMethods: calling RegisterNatives
2025-01-26 22:58:52.793 15858-15884 DriverLoader            com.oculus.sdk.helloxr.vulkan        I  Exiting JNI_OnLoad
2025-01-26 22:58:52.794 15858-15884 OpenXR_ClientState      com.oculus.sdk.helloxr.vulkan        I  OpenXRClientState::create - from xrInitializeLoaderKHR
2025-01-26 22:58:52.794 15858-15884 XrRuntimeS...lientState com.oculus.sdk.helloxr.vulkan        I  SharedClientState::create called from 'OpenXRClientState::init'
2025-01-26 22:58:52.794 15858-15884 ipcLoader [RUNTIMEIPC]  com.oculus.sdk.helloxr.vulkan        I  RuntimeIPC: Loader: IPC Service API Loader Version: 70 Nov 14 2024 11:51:34
2025-01-26 22:58:52.794 15858-15884 ipcLoader [RUNTIMEIPC]  com.oculus.sdk.helloxr.vulkan        I  RuntimeIPC: Using android_dlopen_ext: libripcclient.oculus.so
2025-01-26 22:58:52.795 15858-15884 ipcLoader [RUNTIMEIPC]  com.oculus.sdk.helloxr.vulkan        I  RuntimeIPC: android_dlopen_ext SUCCESS: libripcclient.oculus.so
2025-01-26 22:58:52.796 15858-15884 MultiInsta...UNTIMEIPC] com.oculus.sdk.helloxr.vulkan        I  Multiple instances check passed. Socket name: INSTANCE_DETECTOR:15858
2025-01-26 22:58:52.796 15858-15884 OsSdkLoader             com.oculus.sdk.helloxr.vulkan        D  OSSDK loading module 'libossdk.oculus.so'
2025-01-26 22:58:52.797 15858-15884 ThreadHelp...UNTIMEIPC] com.oculus.sdk.helloxr.vulkan        I  RuntimeIPC::ThreadHelpers::SetState: threadName: DLObserver, currentState: STATE_STOPPED, newState: STATE_STARTING
2025-01-26 22:58:52.797 15858-15891 ThreadHelp...UNTIMEIPC] com.oculus.sdk.helloxr.vulkan        I  RuntimeIPC::ThreadHelpers::SetState: threadName: DLObserver, currentState: STATE_STARTING, newState: STATE_RUNNING
2025-01-26 22:58:52.797 15858-15891 DeadlockOb...UNTIMEIPC] com.oculus.sdk.helloxr.vulkan        I  MainLoop starting
2025-01-26 22:58:52.797 15858-15884 DeadlockOb...UNTIMEIPC] com.oculus.sdk.helloxr.vulkan        I  DeadlockObserver Init SUCCESS with defaultKillThreshold: 30.000000
2025-01-26 22:58:52.797 15858-15884 RuntimeIPC...UNTIMEIPC] com.oculus.sdk.helloxr.vulkan        W  Init: Java VM is null
2025-01-26 22:58:52.801 15858-15884 ThreadHelp...UNTIMEIPC] com.oculus.sdk.helloxr.vulkan        I  RuntimeIPC::ThreadHelpers::SetState: threadName: IpcDCReqHandler, currentState: STATE_STOPPED, newState: STATE_STARTING
2025-01-26 22:58:52.801 15858-15893 ThreadHelp...UNTIMEIPC] com.oculus.sdk.helloxr.vulkan        I  RuntimeIPC::ThreadHelpers::SetState: threadName: IpcDCReqHandler, currentState: STATE_STARTING, newState: STATE_RUNNING
2025-01-26 22:58:52.801 15858-15893 IPCDataCha...UNTIMEIPC] com.oculus.sdk.helloxr.vulkan        D  Connected: 1, broker_package:broker_process:0
2025-01-26 22:58:52.801 15858-15884 BrokerRPC [RUNTIMEIPC]  com.oculus.sdk.helloxr.vulkan        I  InitRPCToServiceInternal: Success
2025-01-26 22:58:52.802 15858-15884 ThreadHelp...UNTIMEIPC] com.oculus.sdk.helloxr.vulkan        I  RuntimeIPC::ThreadHelpers::SetState: threadName: RIPCSystem, currentState: STATE_STOPPED, newState: STATE_STARTING
2025-01-26 22:58:52.802 15858-15894 ThreadHelp...UNTIMEIPC] com.oculus.sdk.helloxr.vulkan        I  RuntimeIPC::ThreadHelpers::SetState: threadName: RIPCSystem, currentState: STATE_STARTING, newState: STATE_RUNNING
2025-01-26 22:58:52.802 15858-15884 RuntimeIPC...UNTIMEIPC] com.oculus.sdk.helloxr.vulkan        I  RuntimeIPCSystem: Init SUCCESS
2025-01-26 22:58:52.803 15858-15884 ThreadHelp...UNTIMEIPC] com.oculus.sdk.helloxr.vulkan        I  RuntimeIPC::ThreadHelpers::SetState: threadName: JobPoolWorker, currentState: STATE_STOPPED, newState: STATE_STARTING
2025-01-26 22:58:52.803 15858-15895 ThreadHelp...UNTIMEIPC] com.oculus.sdk.helloxr.vulkan        I  RuntimeIPC::ThreadHelpers::SetState: threadName: JobPoolWorker, currentState: STATE_STARTING, newState: STATE_RUNNING
2025-01-26 22:58:52.803 15858-15884 ClientProc...UNTIMEIPC] com.oculus.sdk.helloxr.vulkan        I  GetProcessConnection: com.oculus.systemdriver:com.oculus.vrruntimeservice
2025-01-26 22:58:52.804 15858-15884 RuntimeIPC...UNTIMEIPC] com.oculus.sdk.helloxr.vulkan        I  Event buffer size (client): 8192
2025-01-26 22:58:52.804 15858-15884 RuntimeIPC...UNTIMEIPC] com.oculus.sdk.helloxr.vulkan        I  TryToGetIPCResourcesFromServer: RPC_CONNECTOR_CONNECT_TO_SERVER SUCCESS: Client: com.oculus.sdk.helloxr.vulkan:com.oculus.sdk.helloxr.vulkan:15858, Server: com.oculus.systemdriver:com.oculus.vrruntimeservice (gkcache)
2025-01-26 22:58:52.804 15858-15884 RuntimeIPC...UNTIMEIPC] com.oculus.sdk.helloxr.vulkan        I  EnsureServerConnection: SUCCESS. Client: com.oculus.sdk.helloxr.vulkan:com.oculus.sdk.helloxr.vulkan:15858, Server: com.oculus.systemdriver:com.oculus.vrruntimeservice (gkcache)
2025-01-26 22:58:52.804 15858-15884 RuntimeIPC...UNTIMEIPC] com.oculus.sdk.helloxr.vulkan        I  ConnectToServer: SUCCESS: Client: com.oculus.sdk.helloxr.vulkan:com.oculus.sdk.helloxr.vulkan:15858, Server: com.oculus.systemdriver:com.oculus.vrruntimeservice (gkcache)
2025-01-26 22:58:52.805 15858-15884 RuntimeIPC...UNTIMEIPC] com.oculus.sdk.helloxr.vulkan        I  InitServerStateBuffer: SUCCESS. 0, Client: com.oculus.sdk.helloxr.vulkan:com.oculus.sdk.helloxr.vulkan:15858, Server: com.oculus.systemdriver:com.oculus.vrruntimeservice (gkcache)
2025-01-26 22:58:52.805 15858-15884 ThreadHelp...UNTIMEIPC] com.oculus.sdk.helloxr.vulkan        I  RuntimeIPC::ThreadHelpers::SetState: threadName: RIPCNotifThread, currentState: STATE_STOPPED, newState: STATE_STARTING
2025-01-26 22:58:52.805 15858-15897 ThreadHelp...UNTIMEIPC] com.oculus.sdk.helloxr.vulkan        I  RuntimeIPC::ThreadHelpers::SetState: threadName: RIPCNotifThread, currentState: STATE_STARTING, newState: STATE_RUNNING
2025-01-26 22:58:52.805 15858-15884 OpenXR_ClientState      com.oculus.sdk.helloxr.vulkan        I  Client state creation succeeded.
2025-01-26 22:58:52.805 15858-15884 OpenXR                  com.oculus.sdk.helloxr.vulkan        V  OpenXRForwardLoader::xrInitializeLoaderKHR [end]
2025-01-26 22:58:52.805 15858-15884 OpenXR                  com.oculus.sdk.helloxr.vulkan        V  OpenXRForwardLoader::xrNegotiateLoaderRuntimeInterface [start]
2025-01-26 22:58:52.806 15858-15884 OpenXR                  com.oculus.sdk.helloxr.vulkan        V  OpenXRForwardLoader::xrNegotiateLoaderRuntimeInterface [end]
2025-01-26 22:58:52.806 15858-15884 OpenXR-Loader           com.oculus.sdk.helloxr.vulkan        I  Info [GENERAL | xrEnumerateInstanceExtensionProperties | OpenXR-Loader] : RuntimeInterface::LoadRuntime succeeded loading runtime defined in manifest file /system/etc/openxr/1/active_runtime.aarch64.json using interface version 1 and OpenXR API version 1.0
2025-01-26 22:58:52.807 15858-15884 OpenXR                  com.oculus.sdk.helloxr.vulkan        I  IsFirstParty 0
2025-01-26 22:58:52.808 15858-15884 .helloxr.vulka          com.oculus.sdk.helloxr.vulkan        W  Accessing hidden method Landroid/content/pm/ApplicationInfo;->isPrivilegedApp()Z (blocked,test-api, reflection, denied)
2025-01-26 22:58:52.808 15858-15884 .helloxr.vulka          com.oculus.sdk.helloxr.vulkan        W  If this is a platform test consider enabling VMRuntime.ALLOW_TEST_API_ACCESS change id for this package.
2025-01-26 22:58:52.808 15858-15884 OpenXR                  com.oculus.sdk.helloxr.vulkan        I  IsPrivileged 0
2025-01-26 22:58:52.808 15858-15884 OpenXR                  com.oculus.sdk.helloxr.vulkan        I  Is_X_PartnerGateKeeper
2025-01-26 22:58:52.808 15858-15884 OpenXR                  com.oculus.sdk.helloxr.vulkan        I  PGK Status: exp = 0, dc = false
2025-01-26 22:58:52.808 15858-15884 OpenXR                  com.oculus.sdk.helloxr.vulkan        I  oculus_first_access = false
2025-01-26 22:58:52.808 15858-15884 OpenXR                  com.oculus.sdk.helloxr.vulkan        I  Extension status: P
2025-01-26 22:58:52.808 15858-15884 OpenXR                  com.oculus.sdk.helloxr.vulkan        I  IsFirstParty 0
2025-01-26 22:58:52.809 15858-15884 OpenXR                  com.oculus.sdk.helloxr.vulkan        I  IsSystem 0
2025-01-26 22:58:52.810 15858-15884 libosutils              com.oculus.sdk.helloxr.vulkan        E  Failed to get real path of file '/sys/devices/soc0/platform_subtype_id', err: Permission denied
2025-01-26 22:58:52.810 15858-15884 libosutils              com.oculus.sdk.helloxr.vulkan        E  Failed to get real path of file '/sys/devices/soc0/platform_version', err: Permission denied
2025-01-26 22:58:52.810 15858-15884 libdeviceid             com.oculus.sdk.helloxr.vulkan        W  DeviceId unknown with subtype FFFFFFFF and version: 0xFFFFFFFF
2025-01-26 22:58:52.807 15858-15858 Thread-1                com.oculus.sdk.helloxr.vulkan        W  type=1400 audit(0.0:91228): avc: denied { search } for name="soc0" dev="sysfs" ino=66965 scontext=u:r:untrusted_app:s0:c223,c258,c512,c768 tcontext=u:object_r:vendor_sysfs_soc:s0 tclass=dir permissive=0 app=com.oculus.sdk.helloxr.vulkan
2025-01-26 22:58:52.807 15858-15858 Thread-1                com.oculus.sdk.helloxr.vulkan        W  type=1400 audit(0.0:91229): avc: denied { search } for name="soc0" dev="sysfs" ino=66965 scontext=u:r:untrusted_app:s0:c223,c258,c512,c768 tcontext=u:object_r:vendor_sysfs_soc:s0 tclass=dir permissive=0 app=com.oculus.sdk.helloxr.vulkan
2025-01-26 22:58:52.812 15858-15884 libosutils              com.oculus.sdk.helloxr.vulkan        E  Failed to get real path of file '/sys/devices/soc0/platform_subtype_id', err: Permission denied
2025-01-26 22:58:52.812 15858-15884 libosutils              com.oculus.sdk.helloxr.vulkan        E  Failed to get real path of file '/sys/devices/soc0/platform_version', err: Permission denied
2025-01-26 22:58:52.812 15858-15884 libdeviceid             com.oculus.sdk.helloxr.vulkan        W  DeviceId unknown with subtype FFFFFFFF and version: 0xFFFFFFFF
2025-01-26 22:58:52.807 15858-15858 Thread-1                com.oculus.sdk.helloxr.vulkan        W  type=1400 audit(0.0:91230): avc: denied { search } for name="soc0" dev="sysfs" ino=66965 scontext=u:r:untrusted_app:s0:c223,c258,c512,c768 tcontext=u:object_r:vendor_sysfs_soc:s0 tclass=dir permissive=0 app=com.oculus.sdk.helloxr.vulkan
2025-01-26 22:58:52.807 15858-15858 Thread-1                com.oculus.sdk.helloxr.vulkan        W  type=1400 audit(0.0:91231): avc: denied { search } for name="soc0" dev="sysfs" ino=66965 scontext=u:r:untrusted_app:s0:c223,c258,c512,c768 tcontext=u:object_r:vendor_sysfs_soc:s0 tclass=dir permissive=0 app=com.oculus.sdk.helloxr.vulkan
2025-01-26 22:58:52.815 15858-15884 libc                    com.oculus.sdk.helloxr.vulkan        W  Access denied finding property "ro.vendor.product.model_extended"
2025-01-26 22:58:52.815 15858-15884 OpenXR                  com.oculus.sdk.helloxr.vulkan        I  xrEnumerateInstanceExtensionProperties: skipping extension=`XR_META_body_tracking_full_body` due to: missing uses-feature string `com.oculus.software.body_tracking` from AndroidManifest
2025-01-26 22:58:52.815 15858-15884 OpenXR                  com.oculus.sdk.helloxr.vulkan        I  xrEnumerateInstanceExtensionProperties: skipping extension=`XR_FB_body_tracking` due to: missing uses-feature string `com.oculus.software.body_tracking` from AndroidManifest
2025-01-26 22:58:52.815 15858-15884 OpenXR                  com.oculus.sdk.helloxr.vulkan        I  xrEnumerateInstanceExtensionProperties: skipping extension=`XR_FB_keyboard_tracking` due to: missing uses-feature string `oculus.software.trackedkeyboard` from AndroidManifest
2025-01-26 22:58:52.815 15858-15884 OpenXR                  com.oculus.sdk.helloxr.vulkan        I  xrEnumerateInstanceExtensionProperties: skipping extension=`XR_FBX1_spatial_entity` due to: Tier=40 extState=P deviceIsExpEnabled=false expManifestSet=false isFirstPartyApp=false isSystemApp=false
2025-01-26 22:58:52.815 15858-15884 OpenXR                  com.oculus.sdk.helloxr.vulkan        I  xrEnumerateInstanceExtensionProperties: skipping extension=`XR_FBX2_spatial_entity` due to: Tier=40 extState=P deviceIsExpEnabled=false expManifestSet=false isFirstPartyApp=false isSystemApp=false
2025-01-26 22:58:52.816 15858-15884 OpenXR                  com.oculus.sdk.helloxr.vulkan        I  xrEnumerateInstanceExtensionProperties: skipping extension=`XR_FB_spatial_entity` due to: missing uses-permission string `com.oculus.permission.USE_ANCHOR_API` from AndroidManifest in package `com.oculus.sdk.helloxr.vulkan`
2025-01-26 22:58:52.816 15858-15884 OpenXR                  com.oculus.sdk.helloxr.vulkan        I  xrEnumerateInstanceExtensionProperties: skipping extension=`XR_FB_triangle_mesh` due to: missing uses-feature string `com.oculus.feature.PASSTHROUGH` from AndroidManifest
2025-01-26 22:58:52.816 15858-15884 OpenXR                  com.oculus.sdk.helloxr.vulkan        I  xrEnumerateInstanceExtensionProperties: skipping extension=`XR_FB_passthrough` due to: missing uses-feature string `com.oculus.feature.PASSTHROUGH` from AndroidManifest
2025-01-26 22:58:52.816 15858-15884 OpenXR                  com.oculus.sdk.helloxr.vulkan        I  xrEnumerateInstanceExtensionProperties: skipping extension=`XR_METAX1_passthrough_color_lut` due to: Tier=40 extState=P deviceIsExpEnabled=false expManifestSet=false isFirstPartyApp=false isSystemApp=false
2025-01-26 22:58:52.816 15858-15884 OpenXR                  com.oculus.sdk.helloxr.vulkan        I  xrEnumerateInstanceExtensionProperties: skipping extension=`XR_META_passthrough_color_lut` due to: missing uses-feature string `com.oculus.feature.PASSTHROUGH` from AndroidManifest
2025-01-26 22:58:52.816 15858-15884 OpenXR                  com.oculus.sdk.helloxr.vulkan        I  xrEnumerateInstanceExtensionProperties: skipping extension=`XR_META_passthrough_layer_resumed_event` due to: missing uses-feature string `com.oculus.feature.PASSTHROUGH` from AndroidManifest
2025-01-26 22:58:52.816 15858-15884 OpenXR                  com.oculus.sdk.helloxr.vulkan        I  xrEnumerateInstanceExtensionProperties: skipping extension=`XR_FB_render_model` due to: missing uses-feature string `com.oculus.feature.RENDER_MODEL` from AndroidManifest
2025-01-26 22:58:52.816 15858-15884 OpenXR                  com.oculus.sdk.helloxr.vulkan        I  xrEnumerateInstanceExtensionProperties: skipping extension=`XR_FBX1_spatial_entity_query` due to: Tier=40 extState=P deviceIsExpEnabled=false expManifestSet=false isFirstPartyApp=false isSystemApp=false
2025-01-26 22:58:52.816 15858-15884 OpenXR                  com.oculus.sdk.helloxr.vulkan        I  xrEnumerateInstanceExtensionProperties: skipping extension=`XR_FBX2_spatial_entity_query` due to: Tier=40 extState=P deviceIsExpEnabled=false expManifestSet=false isFirstPartyApp=false isSystemApp=false
2025-01-26 22:58:52.816 15858-15884 OpenXR                  com.oculus.sdk.helloxr.vulkan        I  xrEnumerateInstanceExtensionProperties: skipping extension=`XR_FB_spatial_entity_query` due to: missing uses-permission string `com.oculus.permission.USE_ANCHOR_API` from AndroidManifest in package `com.oculus.sdk.helloxr.vulkan`
2025-01-26 22:58:52.816 15858-15884 OpenXR                  com.oculus.sdk.helloxr.vulkan        I  xrEnumerateInstanceExtensionProperties: skipping extension=`XR_META_spatial_entity_persistence` due to: missing uses-permission string `com.oculus.permission.USE_ANCHOR_API` from AndroidManifest in package `com.oculus.sdk.helloxr.vulkan`
2025-01-26 22:58:52.816 15858-15884 OpenXR                  com.oculus.sdk.helloxr.vulkan        I  xrEnumerateInstanceExtensionProperties: skipping extension=`XR_META_spatial_entity_discovery` due to: missing uses-permission string `com.oculus.permission.USE_ANCHOR_API` from AndroidManifest in package `com.oculus.sdk.helloxr.vulkan`
2025-01-26 22:58:52.816 15858-15884 OpenXR                  com.oculus.sdk.helloxr.vulkan        I  xrEnumerateInstanceExtensionProperties: skipping extension=`XR_FBX1_touch_controller_extras` due to: Tier=40 extState=P deviceIsExpEnabled=false expManifestSet=false isFirstPartyApp=false isSystemApp=false
2025-01-26 22:58:52.816 15858-15884 OpenXR                  com.oculus.sdk.helloxr.vulkan        I  xrEnumerateInstanceExtensionProperties: skipping extension=`XR_FBX1_spatial_entity_storage` due to: Tier=40 extState=P deviceIsExpEnabled=false expManifestSet=false isFirstPartyApp=false isSystemApp=false
2025-01-26 22:58:52.816 15858-15884 OpenXR                  com.oculus.sdk.helloxr.vulkan        I  xrEnumerateInstanceExtensionProperties: skipping extension=`XR_FBX2_spatial_entity_storage` due to: Tier=40 extState=P deviceIsExpEnabled=false expManifestSet=false isFirstPartyApp=false isSystemApp=false
2025-01-26 22:58:52.816 15858-15884 OpenXR                  com.oculus.sdk.helloxr.vulkan        I  xrEnumerateInstanceExtensionProperties: skipping extension=`XR_FB_spatial_entity_storage` due to: missing uses-permission string `com.oculus.permission.USE_ANCHOR_API` from AndroidManifest in package `com.oculus.sdk.helloxr.vulkan`
2025-01-26 22:58:52.816 15858-15884 OpenXR                  com.oculus.sdk.helloxr.vulkan        I  xrEnumerateInstanceExtensionProperties: skipping extension=`XR_FB_spatial_entity_storage_batch` due to: missing uses-permission string `com.oculus.permission.USE_ANCHOR_API` from AndroidManifest in package `com.oculus.sdk.helloxr.vulkan`
2025-01-26 22:58:52.816 15858-15884 OpenXR                  com.oculus.sdk.helloxr.vulkan        I  xrEnumerateInstanceExtensionProperties: skipping extension=`XR_FB_spatial_entity_sharing` due to: missing uses-permission string `com.oculus.permission.IMPORT_EXPORT_IOT_MAP_DATA` from AndroidManifest in package `com.oculus.sdk.helloxr.vulkan`
2025-01-26 22:58:52.816 15858-15884 OpenXR                  com.oculus.sdk.helloxr.vulkan        I  xrEnumerateInstanceExtensionProperties: skipping extension=`XR_META_spatial_entity_sharing` due to: missing uses-permission string `com.oculus.permission.IMPORT_EXPORT_IOT_MAP_DATA` from AndroidManifest in package `com.oculus.sdk.helloxr.vulkan`
2025-01-26 22:58:52.816 15858-15884 OpenXR                  com.oculus.sdk.helloxr.vulkan        I  xrEnumerateInstanceExtensionProperties: skipping extension=`XR_META_spatial_entity_group_sharing` due to: missing uses-permission string `com.oculus.permission.IMPORT_EXPORT_IOT_MAP_DATA` from AndroidManifest in package `com.oculus.sdk.helloxr.vulkan`
2025-01-26 22:58:52.816 15858-15884 OpenXR                  com.oculus.sdk.helloxr.vulkan        I  xrEnumerateInstanceExtensionProperties: skipping extension=`XR_FB_spatial_entity_container` due to: missing uses-permission string `com.oculus.permission.USE_ANCHOR_API` from AndroidManifest in package `com.oculus.sdk.helloxr.vulkan`
2025-01-26 22:58:52.816 15858-15884 OpenXR                  com.oculus.sdk.helloxr.vulkan        I  xrEnumerateInstanceExtensionProperties: skipping extension=`XR_META_colocation_discovery` due to: missing uses-permission string `com.oculus.permission.USE_COLOCATION_DISCOVERY_API` from AndroidManifest in package `com.oculus.sdk.helloxr.vulkan`
2025-01-26 22:58:52.816 15858-15884 OpenXR                  com.oculus.sdk.helloxr.vulkan        I  xrEnumerateInstanceExtensionProperties: skipping extension=`XR_FB_scene` due to: missing uses-permission string `com.oculus.permission.USE_ANCHOR_API` from AndroidManifest in package `com.oculus.sdk.helloxr.vulkan`
2025-01-26 22:58:52.816 15858-15884 OpenXR                  com.oculus.sdk.helloxr.vulkan        I  xrEnumerateInstanceExtensionProperties: skipping extension=`XR_FB_scene_capture` due to: missing uses-permission string `com.oculus.permission.USE_ANCHOR_API` from AndroidManifest in package `com.oculus.sdk.helloxr.vulkan`
2025-01-26 22:58:52.816 15858-15884 OpenXR                  com.oculus.sdk.helloxr.vulkan        I  xrEnumerateInstanceExtensionProperties: skipping extension=`XR_META_spatial_entity_mesh` due to: missing uses-permission string `com.oculus.permission.USE_SCENE` from AndroidManifest in package `com.oculus.sdk.helloxr.vulkan`
2025-01-26 22:58:52.816 15858-15884 OpenXR                  com.oculus.sdk.helloxr.vulkan        I  xrEnumerateInstanceExtensionProperties: skipping extension=`XR_FB_face_tracking` due to: missing uses-feature string `oculus.software.face_tracking` from AndroidManifest
2025-01-26 22:58:52.816 15858-15884 OpenXR                  com.oculus.sdk.helloxr.vulkan        I  xrEnumerateInstanceExtensionProperties: skipping extension=`XR_FB_face_tracking2` due to: missing uses-feature string `oculus.software.face_tracking` from AndroidManifest
2025-01-26 22:58:52.816 15858-15884 OpenXR                  com.oculus.sdk.helloxr.vulkan        I  xrEnumerateInstanceExtensionProperties: skipping extension 'XR_META_local_dimming' as device requirements requirements (16) are not met.
2025-01-26 22:58:52.816 15858-15884 OpenXR                  com.oculus.sdk.helloxr.vulkan        I  xrEnumerateInstanceExtensionProperties: skipping extension=`XR_META_foveation_eye_tracked` due to: missing uses-feature string `oculus.software.eye_tracking` from AndroidManifest
2025-01-26 22:58:52.817 15858-15884 OpenXR                  com.oculus.sdk.helloxr.vulkan        I  xrEnumerateInstanceExtensionProperties: skipping extension=`XR_FB_eye_tracking_social` due to: missing uses-feature string `oculus.software.eye_tracking` from AndroidManifest
2025-01-26 22:58:52.817 15858-15884 OpenXR                  com.oculus.sdk.helloxr.vulkan        I  xrEnumerateInstanceExtensionProperties: skipping extension=`XR_FB_passthrough_keyboard_hands` due to: missing uses-feature string `com.oculus.feature.PASSTHROUGH` from AndroidManifest
2025-01-26 22:58:52.817 15858-15884 OpenXR                  com.oculus.sdk.helloxr.vulkan        I  xrEnumerateInstanceExtensionProperties: skipping extension=`XR_FBX1_composition_layer_settings` due to: Tier=40 extState=P deviceIsExpEnabled=false expManifestSet=false isFirstPartyApp=false isSystemApp=false
2025-01-26 22:58:52.817 15858-15884 OpenXR                  com.oculus.sdk.helloxr.vulkan        I  xrEnumerateInstanceExtensionProperties: skipping extension=`XR_FBX1_composition_layer_depth_test` due to: Tier=40 extState=P deviceIsExpEnabled=false expManifestSet=false isFirstPartyApp=false isSystemApp=false
2025-01-26 22:58:52.817 15858-15884 OpenXR                  com.oculus.sdk.helloxr.vulkan        I  xrEnumerateInstanceExtensionProperties: skipping extension=`XR_EXT_eye_gaze_interaction` due to: missing uses-permission string `com.oculus.permission.EYE_TRACKING` from AndroidManifest in package `com.oculus.sdk.helloxr.vulkan`
2025-01-26 22:58:52.817 15858-15884 OpenXR                  com.oculus.sdk.helloxr.vulkan        I  xrEnumerateInstanceExtensionProperties: skipping extension=`XR_META_hand_tracking_wide_motion_mode` due to: missing uses-feature string `com.oculus.software.body_tracking` from AndroidManifest
2025-01-26 22:58:52.817 15858-15884 OpenXR                  com.oculus.sdk.helloxr.vulkan        I  xrEnumerateInstanceExtensionProperties: skipping extension=`XR_EXTX1_hand_tracking_data_source` due to: Tier=40 extState=P deviceIsExpEnabled=false expManifestSet=false isFirstPartyApp=false isSystemApp=false
2025-01-26 22:58:52.817 15858-15884 OpenXR                  com.oculus.sdk.helloxr.vulkan        I  xrEnumerateInstanceExtensionProperties: skipping extension=`XR_METAX1_performance_metrics` due to: Tier=40 extState=P deviceIsExpEnabled=false expManifestSet=false isFirstPartyApp=false isSystemApp=false
2025-01-26 22:58:52.817 15858-15884 OpenXR                  com.oculus.sdk.helloxr.vulkan        I  xrEnumerateInstanceExtensionProperties: skipping extension=`XR_METAX1_virtual_keyboard` due to: Tier=40 extState=P deviceIsExpEnabled=false expManifestSet=false isFirstPartyApp=false isSystemApp=false
2025-01-26 22:58:52.817 15858-15884 OpenXR                  com.oculus.sdk.helloxr.vulkan        I  xrEnumerateInstanceExtensionProperties: skipping extension=`XR_METAX2_virtual_keyboard` due to: Tier=40 extState=P deviceIsExpEnabled=false expManifestSet=false isFirstPartyApp=false isSystemApp=false
2025-01-26 22:58:52.817 15858-15884 OpenXR                  com.oculus.sdk.helloxr.vulkan        I  xrEnumerateInstanceExtensionProperties: skipping extension=`XR_EXTX1_event_channel` due to: Tier=40 extState=P deviceIsExpEnabled=false expManifestSet=false isFirstPartyApp=false isSystemApp=false
2025-01-26 22:58:52.817 15858-15884 OpenXR                  com.oculus.sdk.helloxr.vulkan        I  xrEnumerateInstanceExtensionProperties: skipping extension=`XR_METAX1_environment_depth` due to: Tier=40 extState=P deviceIsExpEnabled=false expManifestSet=false isFirstPartyApp=false isSystemApp=false
2025-01-26 22:58:52.817 15858-15884 OpenXR                  com.oculus.sdk.helloxr.vulkan        I  xrEnumerateInstanceExtensionProperties: skipping extension=`XR_METAX2_environment_depth` due to: Tier=40 extState=P deviceIsExpEnabled=false expManifestSet=false isFirstPartyApp=false isSystemApp=false
2025-01-26 22:58:52.817 15858-15884 OpenXR                  com.oculus.sdk.helloxr.vulkan        I  xrEnumerateInstanceExtensionProperties: skipping extension=`XR_META_environment_depth` due to: missing uses-permission string `com.oculus.permission.USE_SCENE` from AndroidManifest in package `com.oculus.sdk.helloxr.vulkan`
2025-01-26 22:58:52.817 15858-15884 OpenXR                  com.oculus.sdk.helloxr.vulkan        I  xrEnumerateInstanceExtensionProperties: skipping extension=`XR_EXT_palm_pose` due to: Tier=40 extState=P deviceIsExpEnabled=false expManifestSet=false isFirstPartyApp=false isSystemApp=false
2025-01-26 22:58:52.817 15858-15884 OpenXR                  com.oculus.sdk.helloxr.vulkan        I  xrEnumerateInstanceExtensionProperties: skipping extension=`XR_META_body_tracking_fidelity` due to: missing uses-feature string `com.oculus.software.body_tracking` from AndroidManifest
2025-01-26 22:58:52.817 15858-15884 OpenXR                  com.oculus.sdk.helloxr.vulkan        I  xrEnumerateInstanceExtensionProperties: skipping extension=`XR_META_body_tracking_calibration` due to: missing uses-feature string `com.oculus.software.body_tracking` from AndroidManifest
2025-01-26 22:58:52.817 15858-15884 OpenXR                  com.oculus.sdk.helloxr.vulkan        I  xrEnumerateInstanceExtensionProperties: skipping extension=`XR_META_boundary_visibility` due to: missing uses-permission string `com.oculus.permission.BOUNDARY_VISIBILITY` from AndroidManifest in package `com.oculus.sdk.helloxr.vulkan`
2025-01-26 22:58:52.817 15858-15884 OpenXR                  com.oculus.sdk.helloxr.vulkan        I  xrEnumerateInstanceExtensionProperties: skipping extension=`XR_METAX1_dynamic_object_tracker` due to: Tier=40 extState=P deviceIsExpEnabled=false expManifestSet=false isFirstPartyApp=false isSystemApp=false
2025-01-26 22:58:52.817 15858-15884 OpenXR-Loader           com.oculus.sdk.helloxr.vulkan        V  Verbose [GENERAL | xrEnumerateInstanceExtensionProperties | OpenXR-Loader] : Completed loader trampoline
2025-01-26 22:58:52.817 15858-15884 OpenXR-Loader           com.oculus.sdk.helloxr.vulkan        V  Verbose [GENERAL | xrEnumerateInstanceExtensionProperties | OpenXR-Loader] : Entering loader trampoline
2025-01-26 22:58:52.817 15858-15884 OpenXR-Loader           com.oculus.sdk.helloxr.vulkan        V  Verbose [GENERAL | xrEnumerateInstanceExtensionProperties | OpenXR-Loader] : Completed loader trampoline
2025-01-26 22:58:52.817 15858-15884 OpenXR-Loader           com.oculus.sdk.helloxr.vulkan        V  Verbose [GENERAL | xrEnumerateApiLayerProperties | OpenXR-Loader] : Entering loader trampoline
2025-01-26 22:58:52.818 15858-15884 OpenXR-Loader           com.oculus.sdk.helloxr.vulkan        V  Verbose [GENERAL | xrEnumerateApiLayerProperties | OpenXR-Loader] : Entering loader trampoline
2025-01-26 22:58:52.820 15858-15884 helloxr                 com.oculus.sdk.helloxr.vulkan        V  [22:58:52.818][Info   ] Available Layers: (0)
2025-01-26 22:58:52.820 15858-15884 OpenXR-Loader           com.oculus.sdk.helloxr.vulkan        V  Verbose [GENERAL | xrCreateInstance | OpenXR-Loader] : Entering loader trampoline
2025-01-26 22:58:52.820 15858-15884 OpenXR-Loader           com.oculus.sdk.helloxr.vulkan        V  Verbose [GENERAL | xrCreateInstance | OpenXR-Loader] : Entering LoaderInstance::CreateInstance
2025-01-26 22:58:52.820 15858-15884 OpenXR-Loader           com.oculus.sdk.helloxr.vulkan        V  Verbose [GENERAL | xrCreateInstance | OpenXR-Loader] : Entering loader terminator
2025-01-26 22:58:52.820 15858-15884 OpenXR                  com.oculus.sdk.helloxr.vulkan        I  ----------- xrCreateInstance [start] ----------
2025-01-26 22:58:52.820 15858-15884 OpenXR_ClientState      com.oculus.sdk.helloxr.vulkan        I  OpenXRClientState::create - from xrCreateInstance
2025-01-26 22:58:52.820 15858-15884 VersionGater            com.oculus.sdk.helloxr.vulkan        I  App OpenXR version is 1.0.43
2025-01-26 22:58:52.820 15858-15884 VersionGater            com.oculus.sdk.helloxr.vulkan        I  Version gate state: 1111 1111 1111 111
2025-01-26 22:58:52.820 15858-15884 OpenXR                  com.oculus.sdk.helloxr.vulkan        I  [OATS] Creating OATS instance
2025-01-26 22:58:52.821 15858-15884 OpenXR                  com.oculus.sdk.helloxr.vulkan        I  [OATS] Successfully created OATS instance
2025-01-26 22:58:52.823 15858-15884 TREX                    com.oculus.sdk.helloxr.vulkan        I  Initializing TREX for client 3397bc5f175e95d3...
2025-01-26 22:58:52.823 15858-15884 TREX                    com.oculus.sdk.helloxr.vulkan        I  Initializing system...
2025-01-26 22:58:52.823 15858-15884 XrRuntimeSystem_Client  com.oculus.sdk.helloxr.vulkan        I  BodyPoweredHands checkSysPropForBodyAPIOverride 0
2025-01-26 22:58:52.823 15858-15884 TREXLoadPolicy          com.oculus.sdk.helloxr.vulkan        I  Plugin 'com.oculus.mrservice:': GK killswitch is enabled! Plugin will be skipped!
2025-01-26 22:58:52.824 15858-15884 TREX                    com.oculus.sdk.helloxr.vulkan        I  Created plugin package context for com.oculus.systemdriver
2025-01-26 22:58:52.827 15858-15884 ThreadHelp...UNTIMEIPC] com.oculus.sdk.helloxr.vulkan        I  RuntimeIPC::ThreadHelpers::SetState: threadName: JobPoolWorker, currentState: STATE_STOPPED, newState: STATE_STARTING
2025-01-26 22:58:52.828 15858-15903 ThreadHelp...UNTIMEIPC] com.oculus.sdk.helloxr.vulkan        I  RuntimeIPC::ThreadHelpers::SetState: threadName: JobPoolWorker, currentState: STATE_STARTING, newState: STATE_RUNNING
2025-01-26 22:58:52.829 15858-15884 RuntimeIPC...UNTIMEIPC] com.oculus.sdk.helloxr.vulkan        I  Event buffer size (client): 8192
2025-01-26 22:58:52.829 15858-15884 RuntimeIPC...UNTIMEIPC] com.oculus.sdk.helloxr.vulkan        I  TryToGetIPCResourcesFromServer: RPC_CONNECTOR_CONNECT_TO_SERVER SUCCESS: Client: com.oculus.sdk.helloxr.vulkan:com.oculus.sdk.helloxr.vulkan:15858, Server: com.oculus.systemdriver:com.oculus.vrruntimeservice (HapticsServer)
2025-01-26 22:58:52.829 15858-15884 RuntimeIPC...UNTIMEIPC] com.oculus.sdk.helloxr.vulkan        I  EnsureServerConnection: SUCCESS. Client: com.oculus.sdk.helloxr.vulkan:com.oculus.sdk.helloxr.vulkan:15858, Server: com.oculus.systemdriver:com.oculus.vrruntimeservice (HapticsServer)
2025-01-26 22:58:52.829 15858-15884 RuntimeIPC...UNTIMEIPC] com.oculus.sdk.helloxr.vulkan        I  ConnectToServer: SUCCESS: Client: com.oculus.sdk.helloxr.vulkan:com.oculus.sdk.helloxr.vulkan:15858, Server: com.oculus.systemdriver:com.oculus.vrruntimeservice (HapticsServer)
2025-01-26 22:58:52.829 15858-15884 TREX                    com.oculus.sdk.helloxr.vulkan        I  Loading EMGSDK Client Plugin
2025-01-26 22:58:52.830 15858-15884 TREX                    com.oculus.sdk.helloxr.vulkan        I  Created plugin package context for com.oculus.systemdriver
2025-01-26 22:58:52.831 15858-15884 ThreadHelp...UNTIMEIPC] com.oculus.sdk.helloxr.vulkan        I  RuntimeIPC::ThreadHelpers::SetState: threadName: JobPoolWorker, currentState: STATE_STOPPED, newState: STATE_STARTING
2025-01-26 22:58:52.831 15858-15905 ThreadHelp...UNTIMEIPC] com.oculus.sdk.helloxr.vulkan        I  RuntimeIPC::ThreadHelpers::SetState: threadName: JobPoolWorker, currentState: STATE_STARTING, newState: STATE_RUNNING
2025-01-26 22:58:52.833 15858-15884 RuntimeIPC...UNTIMEIPC] com.oculus.sdk.helloxr.vulkan        I  Event buffer size (client): 8192
2025-01-26 22:58:52.833 15858-15884 RuntimeIPC...UNTIMEIPC] com.oculus.sdk.helloxr.vulkan        I  TryToGetIPCResourcesFromServer: RPC_CONNECTOR_CONNECT_TO_SERVER SUCCESS: Client: com.oculus.sdk.helloxr.vulkan:com.oculus.sdk.helloxr.vulkan:15858, Server: com.oculus.systemdriver:com.oculus.vrruntimeservice (HandInputDataServer)
2025-01-26 22:58:52.833 15858-15884 RuntimeIPC...UNTIMEIPC] com.oculus.sdk.helloxr.vulkan        I  EnsureServerConnection: SUCCESS. Client: com.oculus.sdk.helloxr.vulkan:com.oculus.sdk.helloxr.vulkan:15858, Server: com.oculus.systemdriver:com.oculus.vrruntimeservice (HandInputDataServer)
2025-01-26 22:58:52.833 15858-15884 RuntimeIPC...UNTIMEIPC] com.oculus.sdk.helloxr.vulkan        I  ConnectToServer: SUCCESS: Client: com.oculus.sdk.helloxr.vulkan:com.oculus.sdk.helloxr.vulkan:15858, Server: com.oculus.systemdriver:com.oculus.vrruntimeservice (HandInputDataServer)
2025-01-26 22:58:52.837 15858-15884 TREX                    com.oculus.sdk.helloxr.vulkan        E  Loaded HandInputDataClientPlugin
2025-01-26 22:58:52.838 15858-15884 TREX                    com.oculus.sdk.helloxr.vulkan        I  Created plugin package context for com.oculus.systemdriver
2025-01-26 22:58:52.842 15858-15884 ThreadHelp...UNTIMEIPC] com.oculus.sdk.helloxr.vulkan        I  RuntimeIPC::ThreadHelpers::SetState: threadName: JobPoolWorker, currentState: STATE_STOPPED, newState: STATE_STARTING
2025-01-26 22:58:52.842 15858-15907 ThreadHelp...UNTIMEIPC] com.oculus.sdk.helloxr.vulkan        I  RuntimeIPC::ThreadHelpers::SetState: threadName: JobPoolWorker, currentState: STATE_STARTING, newState: STATE_RUNNING
2025-01-26 22:58:52.843 15858-15884 RuntimeIPC...UNTIMEIPC] com.oculus.sdk.helloxr.vulkan        I  Event buffer size (client): 8192
2025-01-26 22:58:52.843 15858-15884 RuntimeIPC...UNTIMEIPC] com.oculus.sdk.helloxr.vulkan        I  TryToGetIPCResourcesFromServer: RPC_CONNECTOR_CONNECT_TO_SERVER SUCCESS: Client: com.oculus.sdk.helloxr.vulkan:com.oculus.sdk.helloxr.vulkan:15858, Server: com.oculus.systemdriver:com.oculus.vrruntimeservice (ControllerIPCServer)
2025-01-26 22:58:52.843 15858-15884 RuntimeIPC...UNTIMEIPC] com.oculus.sdk.helloxr.vulkan        I  EnsureServerConnection: SUCCESS. Client: com.oculus.sdk.helloxr.vulkan:com.oculus.sdk.helloxr.vulkan:15858, Server: com.oculus.systemdriver:com.oculus.vrruntimeservice (ControllerIPCServer)
2025-01-26 22:58:52.843 15858-15884 RuntimeIPC...UNTIMEIPC] com.oculus.sdk.helloxr.vulkan        I  ConnectToServer: SUCCESS: Client: com.oculus.sdk.helloxr.vulkan:com.oculus.sdk.helloxr.vulkan:15858, Server: com.oculus.systemdriver:com.oculus.vrruntimeservice (ControllerIPCServer)
2025-01-26 22:58:52.848 15858-15884 TrexContro...ientPlugin com.oculus.sdk.helloxr.vulkan        I  ControllerClientBase::Initialize success
2025-01-26 22:58:52.850 15858-15884 TREX                    com.oculus.sdk.helloxr.vulkan        I  Loading plugin com.oculus.wearableinputservice:libtrex_emgwristband_client_plugin.so
2025-01-26 22:58:52.850 15858-15884 TREX                    com.oculus.sdk.helloxr.vulkan        I  package 'com.oculus.wearableinputservice' not found, skipping
2025-01-26 22:58:52.850 15858-15884 TREX                    com.oculus.sdk.helloxr.vulkan        I  Plugin 'com.oculus.wearableinputservice:libtrex_emgwristband_client_plugin.so' not loaded.
2025-01-26 22:58:52.850 15858-15884 TREX                    com.oculus.sdk.helloxr.vulkan        I  Loading plugin com.oculus.ovrmonitormetricsservice:libovrmetricstool_client_api.so
2025-01-26 22:58:52.853 15858-15884 TREXLoadPolicy          com.oculus.sdk.helloxr.vulkan        E  Package com.oculus.ovrmonitormetricsservice has an invalid signature! (Debugging)
2025-01-26 22:58:52.853 15858-15884 TREXLoadPolicy          com.oculus.sdk.helloxr.vulkan        E  Skipping load of package com.oculus.ovrmonitormetricsservice due to an invalid signature!
2025-01-26 22:58:52.853 15858-15884 TREX                    com.oculus.sdk.helloxr.vulkan        E  package 'com.oculus.ovrmonitormetricsservice' not allowed by policy
2025-01-26 22:58:52.853 15858-15884 TREX                    com.oculus.sdk.helloxr.vulkan        I  Plugin 'com.oculus.ovrmonitormetricsservice:libovrmetricstool_client_api.so' not loaded.
2025-01-26 22:58:52.853 15858-15884 TREX                    com.oculus.sdk.helloxr.vulkan        E  Interface 'WristbandClientInterface', version 6 was not found. Check debug build for more information.
2025-01-26 22:58:52.857 15858-15884 ThreadHelp...UNTIMEIPC] com.oculus.sdk.helloxr.vulkan        I  RuntimeIPC::ThreadHelpers::SetState: threadName: JobPoolWorker, currentState: STATE_STOPPED, newState: STATE_STARTING
2025-01-26 22:58:52.857 15858-15909 ThreadHelp...UNTIMEIPC] com.oculus.sdk.helloxr.vulkan        I  RuntimeIPC::ThreadHelpers::SetState: threadName: JobPoolWorker, currentState: STATE_STARTING, newState: STATE_RUNNING
2025-01-26 22:58:52.858 15858-15884 RuntimeIPC...UNTIMEIPC] com.oculus.sdk.helloxr.vulkan        I  Event buffer size (client): 8192
2025-01-26 22:58:52.858 15858-15884 RuntimeIPC...UNTIMEIPC] com.oculus.sdk.helloxr.vulkan        I  TryToGetIPCResourcesFromServer: RPC_CONNECTOR_CONNECT_TO_SERVER SUCCESS: Client: com.oculus.sdk.helloxr.vulkan:com.oculus.sdk.helloxr.vulkan:15858, Server: com.oculus.systemdriver:com.oculus.vrruntimeservice (RuntimeServiceDevice)
2025-01-26 22:58:52.858 15858-15884 RuntimeIPC...UNTIMEIPC] com.oculus.sdk.helloxr.vulkan        I  EnsureServerConnection: SUCCESS. Client: com.oculus.sdk.helloxr.vulkan:com.oculus.sdk.helloxr.vulkan:15858, Server: com.oculus.systemdriver:com.oculus.vrruntimeservice (RuntimeServiceDevice)
2025-01-26 22:58:52.858 15858-15884 RuntimeIPC...UNTIMEIPC] com.oculus.sdk.helloxr.vulkan        I  ConnectToServer: SUCCESS: Client: com.oculus.sdk.helloxr.vulkan:com.oculus.sdk.helloxr.vulkan:15858, Server: com.oculus.systemdriver:com.oculus.vrruntimeservice (RuntimeServiceDevice)
2025-01-26 22:58:52.859 15858-15884 RuntimeIPC...UNTIMEIPC] com.oculus.sdk.helloxr.vulkan        I  Shutdown: 1, Client: com.oculus.sdk.helloxr.vulkan:com.oculus.sdk.helloxr.vulkan:15858, Server: com.oculus.systemdriver:com.oculus.vrruntimeservice (RuntimeServiceDevice)
2025-01-26 22:58:52.859 15858-15884 RuntimeIPC...UNTIMEIPC] com.oculus.sdk.helloxr.vulkan        I  ReleaseRef: Remaining refs: 0, Client: com.oculus.sdk.helloxr.vulkan:com.oculus.sdk.helloxr.vulkan:15858, Server: com.oculus.systemdriver:com.oculus.vrruntimeservice (RuntimeServiceDevice)
2025-01-26 22:58:52.859 15858-15884 RuntimeIPC...UNTIMEIPC] com.oculus.sdk.helloxr.vulkan        I  DisconnectFromServer: 0, Client: com.oculus.sdk.helloxr.vulkan:com.oculus.sdk.helloxr.vulkan:15858, Server: com.oculus.systemdriver:com.oculus.vrruntimeservice (RuntimeServiceDevice)
2025-01-26 22:58:52.860 15858-15909 ThreadHelp...UNTIMEIPC] com.oculus.sdk.helloxr.vulkan        I  RuntimeIPC::ThreadHelpers::SetState: threadName: JobPoolWorker, currentState: STATE_STOPPING, newState: STATE_STOPPED
2025-01-26 22:58:52.860 15858-15884 Distortion              com.oculus.sdk.helloxr.vulkan        I  Initializing Mesh Decenter Correction
2025-01-26 22:58:52.860 15858-15884 libosutils              com.oculus.sdk.helloxr.vulkan        E  Failed to get real path of file '/sys/devices/soc0/platform_subtype_id', err: Permission denied
2025-01-26 22:58:52.860 15858-15884 libosutils              com.oculus.sdk.helloxr.vulkan        E  Failed to get real path of file '/sys/devices/soc0/platform_version', err: Permission denied
