2025-01-24 11:06:05.015  7432-7467  helloxr                 com.oculus.sdk.helloxr.vulkan        V  [11:06:05.015][Info   ]     APP_CMD_RESUME
2025-01-24 11:06:05.015  7432-7467  VrRuntimeClient         com.oculus.sdk.helloxr.vulkan        I  UpdateEvents: Detected LOCAL_FLOOR reference space update. Sending reference space update event
2025-01-24 11:06:05.015  7432-7467  VrRuntimeClient         com.oculus.sdk.helloxr.vulkan        I  UpdateEvents: Detected STAGE reference space update. Sending reference space update event
2025-01-24 11:06:05.015  7432-7467  Deque                   com.oculus.sdk.helloxr.vulkan        I  AddEventToQueue called. eventInfo.type: 40, eventInfo.next: 1
2025-01-24 11:06:05.016  7432-7534  OpenXR                  com.oculus.sdk.helloxr.vulkan        I  nativeOnActivityReady: com.oculus.sdk.helloxr.vulkan/android.app.NativeActivity
2025-01-24 11:06:05.016  7432-7534  .helloxr.vulka          com.oculus.sdk.helloxr.vulkan        W  Attempt to remove non-JNI local reference, dumping thread
2025-01-24 11:06:05.028  7432-7432  threaded_app            com.oculus.sdk.helloxr.vulkan        V  NativeWindowCreated: 0xb4000070de1b37c0 -- 0xb4000070de3af810
2025-01-24 11:06:05.265  7432-7467  threaded_app            com.oculus.sdk.helloxr.vulkan        V  APP_CMD_INIT_WINDOW
2025-01-24 11:06:05.265  7432-7467  helloxr                 com.oculus.sdk.helloxr.vulkan        V  [11:06:05.265][Info   ] surfaceCreated()
2025-01-24 11:06:05.265  7432-7467  helloxr                 com.oculus.sdk.helloxr.vulkan        V  [11:06:05.265][Info   ]     APP_CMD_INIT_WINDOW
2025-01-24 11:06:05.265  7432-7467  OpenXR                  com.oculus.sdk.helloxr.vulkan        I  PostSessionStateChange:[pid: 7432] XR_SESSION_STATE_IDLE -> XR_SESSION_STATE_READY
2025-01-24 11:06:05.266  7432-7467  Deque                   com.oculus.sdk.helloxr.vulkan        I  AddEventToQueue called. eventInfo.type: 18, eventInfo.next: 1
2025-01-24 11:06:05.266  7432-7467  helloxr                 com.oculus.sdk.helloxr.vulkan        V  [11:06:05.266][Info   ] XrEventDataSessionStateChanged: state XR_SESSION_STATE_IDLE->XR_SESSION_STATE_READY session=144115188075855875 time=69708542868
2025-01-24 11:06:05.266  7432-7467  OpenXR                  com.oculus.sdk.helloxr.vulkan        I  ------------ xrBeginSession [start] -----------
2025-01-24 11:06:05.266  7432-7467  DRR                     com.oculus.sdk.helloxr.vulkan        I  DRR is supported: 1
2025-01-24 11:06:05.266  7432-7467  DRR                     com.oculus.sdk.helloxr.vulkan        I  DRR is enabled: 0
2025-01-24 11:06:05.266  7432-7467  OsSdkLoader             com.oculus.sdk.helloxr.vulkan        D  OSSDK loading module 'libheadtracker.oculus.so'
2025-01-24 11:06:05.266  7432-7432  threaded_app            com.oculus.sdk.helloxr.vulkan        V  WindowFocusChanged: 0xb4000070de1b37c0 -- 1
2025-01-24 11:06:05.267  7432-7467  MemoryBrokerClient      com.oculus.sdk.helloxr.vulkan        D  memorybroker::ClientConnection ctor
2025-01-24 11:06:05.267  7432-7467  Sensor                  com.oculus.sdk.helloxr.vulkan        I  OSSDKTRACKING Initializing controller tracking
2025-01-24 11:06:05.267  7432-7467  Sensor                  com.oculus.sdk.helloxr.vulkan        I  OSSDKTRACKING Controller tracker != nullpointer 0xb4000070d2a24d40, 1
2025-01-24 11:06:05.270  7432-7467  DeviceStatus            com.oculus.sdk.helloxr.vulkan        I  nativeHeadsetEvent(0)
2025-01-24 11:06:05.270  7432-7467  VrRuntimeClient         com.oculus.sdk.helloxr.vulkan        I  SetCompositorClientFeatureFlag ClientFeatureFlag 2
2025-01-24 11:06:05.272  7432-7467  RuntimeIPC...UNTIMEIPC] com.oculus.sdk.helloxr.vulkan        I  InitServerStateBuffer: SUCCESS. 0, Client: com.oculus.sdk.helloxr.vulkan:com.oculus.sdk.helloxr.vulkan:7432, Server: com.oculus.guardian:com.oculus.vrguardianservice (guardianserver)
2025-01-24 11:06:05.272  7432-7467  VrRuntimeClient         com.oculus.sdk.helloxr.vulkan        I  Mounted state at BeginSession: True
2025-01-24 11:06:05.272  7432-7467  AppLoadTim...etryCommon com.oculus.sdk.helloxr.vulkan        I  App load time recorded [packageName=com.oculus.sdk.helloxr.vulkan, time=2.945280, method="BeginSession", launchType="Launch", launchId=""]
2025-01-24 11:06:05.272  7432-7467  LogTimer                com.oculus.sdk.helloxr.vulkan        I  CPUTIME: VrRuntimeClient_BeginSession took 6.9090 ms
2025-01-24 11:06:05.274  7432-7467  ClientInputSettings     com.oculus.sdk.helloxr.vulkan        I  HANDTRACKING: enabled input settings, setting hand mode control settings to ControllersOnly
2025-01-24 11:06:05.274  7432-7467  ClientInputSettings     com.oculus.sdk.helloxr.vulkan        I  HANDTRACKING package name is com.oculus.sdk.helloxr.vulkan
2025-01-24 11:06:05.275  7432-7467  ClientInputSettings     com.oculus.sdk.helloxr.vulkan        I  HANDTRACKING: feature flag set to 0
2025-01-24 11:06:05.275  7432-7467  ClientInputInterface    com.oculus.sdk.helloxr.vulkan        I  HANDTRACKING sethandmanifest 0
2025-01-24 11:06:05.275  7432-7467  InputHooks_Internal     com.oculus.sdk.helloxr.vulkan        I  Enabling Native Input Hooks
2025-01-24 11:06:05.279  7432-7467  .helloxr.vulka          com.oculus.sdk.helloxr.vulkan        W  Accessing hidden method Landroid/content/Context;->startServiceAsUser(Landroid/content/Intent;Landroid/os/UserHandle;)Landroid/content/ComponentName; (unsupported, reflection, allowed)
2025-01-24 11:06:05.279  7432-7467  .helloxr.vulka          com.oculus.sdk.helloxr.vulkan        W  Accessing hidden method Landroid/content/Context;->registerReceiverAsUser(Landroid/content/BroadcastReceiver;Landroid/os/UserHandle;Landroid/content/IntentFilter;Ljava/lang/String;Landroid/os/Handler;)Landroid/content/Intent; (unsupported, reflection, allowed)
2025-01-24 11:06:05.279  7432-7467  InputDeviceManager      com.oculus.sdk.helloxr.vulkan        I  ovrInputDeviceManager::Initialize
2025-01-24 11:06:05.279  7432-7467  [CT]                    com.oculus.sdk.helloxr.vulkan        I  HandPosePrediction: Set sampler config enum for v59 30 Hz
2025-01-24 11:06:05.279  7432-7467  [CT]                    com.oculus.sdk.helloxr.vulkan        I  HandPosePrediction: Set sampler config enum for v59 30 Hz
2025-01-24 11:06:05.280  7432-7467  InputDevice_Hand        com.oculus.sdk.helloxr.vulkan        I  BodyPoweredHands checkSysPropForBodyAPIOverride 0
2025-01-24 11:06:05.280  7432-7467  InputDevice_Hand        com.oculus.sdk.helloxr.vulkan        I  BodyPoweredHands checkSysPropForBodyAPIOverride 0
2025-01-24 11:06:05.280  7432-7467  InputDevic...ckedRemote com.oculus.sdk.helloxr.vulkan        W  Did not pass RIPC GK, fetching controller input data from shared memory
2025-01-24 11:06:05.282  7432-7467  InputDevic...ckedRemote com.oculus.sdk.helloxr.vulkan        I  REMOTE: Hand=1 IndexAnalog=0.00 GripAnalog=0.00 Buttons=0x00000000
2025-01-24 11:06:05.282  7432-7467  InputDevic...ckedRemote com.oculus.sdk.helloxr.vulkan        I  REMOTE: Hand=2 IndexAnalog=0.00 GripAnalog=0.00 Buttons=0x00000000
2025-01-24 11:06:05.282  7432-7467  InputDeviceManager      com.oculus.sdk.helloxr.vulkan        I  HANDTRACKING Root pose filter profile changed for freq to 20 from 0  inf: 1
2025-01-24 11:06:05.282  7432-7467  GkHelper                com.oculus.sdk.helloxr.vulkan        I  Checking gk 'horizon_phasesync_auto_disabled', default = false
2025-01-24 11:06:05.282  7432-7467  GkCacheQuerierClient    com.oculus.sdk.helloxr.vulkan        W  getGkValue: Query result for 'oculus_xrruntime:horizon_phasesync_auto_disabled' not successful: 4
2025-01-24 11:06:05.282  7432-7467  GkHelper                com.oculus.sdk.helloxr.vulkan        W  GkHelper: query failed, result code: 4
2025-01-24 11:06:05.282  7432-7467  PhaseSync               com.oculus.sdk.helloxr.vulkan        I  PhaseSync::PhaseSync PaddingLowerLimit 0.350000 StandardDeviations 2.000000 PaddingUpperLimit 0.750000 on instance 0
2025-01-24 11:06:05.282  7432-7467  FrameSync               com.oculus.sdk.helloxr.vulkan        I  FrameSync Initialized Instance 1
2025-01-24 11:06:05.282  7432-7467  VrRuntimeClient         com.oculus.sdk.helloxr.vulkan        I  PhaseSync Instance created
2025-01-24 11:06:05.287  7432-7467  Compatibil...geReporter com.oculus.sdk.helloxr.vulkan        D  Compat change id reported: 160794467; UID 10735; state: ENABLED
2025-01-24 11:06:05.288  7432-7467  ServerStat...UNTIMEIPC] com.oculus.sdk.helloxr.vulkan        W  IPCService: GetDataBegin: entryIndex < 0 || entryIndex >= numEntries_ || entryIndex >= trustedMaxEntries: 5, 19, 0
2025-01-24 11:06:05.288  7432-7467  VrRuntimeC...rexContext com.oculus.sdk.helloxr.vulkan        I  BeginSession
2025-01-24 11:06:05.288  7432-7467  OpenXR                  com.oculus.sdk.helloxr.vulkan        I  usesManifestForCpuBoost:0
2025-01-24 11:06:05.288  7432-7467  OpenXR                  com.oculus.sdk.helloxr.vulkan        I  ------------ xrBeginSession [end] -----------
2025-01-24 11:06:05.294  7432-7600  JniUtils                com.oculus.sdk.helloxr.vulkan        I  ovr_GetCurrentPackageSignature
2025-01-24 11:06:05.294  7432-7600  Metrics                 com.oculus.sdk.helloxr.vulkan        I  device model = Quest 3
2025-01-24 11:06:05.294  7432-7600  Telemetry               com.oculus.sdk.helloxr.vulkan        I  Aligning telemetry thread time, will wait for: 706 ms...
2025-01-24 11:06:05.297  7432-7467  ServerStat...UNTIMEIPC] com.oculus.sdk.helloxr.vulkan        W  IPCService: GetDataBegin: entryIndex < 0 || entryIndex >= numEntries_ || entryIndex >= trustedMaxEntries: 16, 19, 0
2025-01-24 11:06:05.303  7432-7467  ServerStat...UNTIMEIPC] com.oculus.sdk.helloxr.vulkan        W  IPCService: GetDataBegin: entryIndex < 0 || entryIndex >= numEntries_ || entryIndex >= trustedMaxEntries: 14, 19, 0
2025-01-24 11:06:05.303  7432-7467  AudioCapture            com.oculus.sdk.helloxr.vulkan        I  AudioCapture::PauseAudioCapture
2025-01-24 11:06:05.303  7432-7604  FenceChecker            com.oculus.sdk.helloxr.vulkan        I  FenceChecker::MainLoop - started
2025-01-24 11:06:05.305  7432-7467  VrRuntimeClient         com.oculus.sdk.helloxr.vulkan        I  SetClientAppColorspace: P3
2025-01-24 11:06:05.306  7432-7467  ServerStat...UNTIMEIPC] com.oculus.sdk.helloxr.vulkan        W  IPCService: GetDataBegin: entryIndex < 0 || entryIndex >= numEntries_ || entryIndex >= trustedMaxEntries: 4, 19, 0
2025-01-24 11:06:05.306  7432-7467  OpenXR                  com.oculus.sdk.helloxr.vulkan        I  PostSessionStateChange:[pid: 7432] XR_SESSION_STATE_READY -> XR_SESSION_STATE_SYNCHRONIZED
2025-01-24 11:06:05.306  7432-7467  Deque                   com.oculus.sdk.helloxr.vulkan        I  AddEventToQueue called. eventInfo.type: 18, eventInfo.next: 1
2025-01-24 11:06:05.306  7432-7467  helloxr                 com.oculus.sdk.helloxr.vulkan        V  [11:06:05.306][Info   ] XrEventDataSessionStateChanged: state XR_SESSION_STATE_READY->XR_SESSION_STATE_SYNCHRONIZED session=144115188075855875 time=69749355685
2025-01-24 11:06:05.306  7432-7467  OpenXR                  com.oculus.sdk.helloxr.vulkan        I  PostSessionStateChange:[pid: 7432] XR_SESSION_STATE_SYNCHRONIZED -> XR_SESSION_STATE_VISIBLE
2025-01-24 11:06:05.310  7432-7467  Deque                   com.oculus.sdk.helloxr.vulkan        I  AddEventToQueue called. eventInfo.type: 18, eventInfo.next: 1
2025-01-24 11:06:05.310  7432-7467  OpenXR                  com.oculus.sdk.helloxr.vulkan        I  PostSessionStateChange:[pid: 7432] XR_SESSION_STATE_VISIBLE -> XR_SESSION_STATE_FOCUSED
2025-01-24 11:06:05.311  7432-7467  Deque                   com.oculus.sdk.helloxr.vulkan        I  AddEventToQueue called. eventInfo.type: 18, eventInfo.next: 1
2025-01-24 11:06:05.311  7432-7467  helloxr                 com.oculus.sdk.helloxr.vulkan        V  [11:06:05.311][Info   ] XrEventDataSessionStateChanged: state XR_SESSION_STATE_SYNCHRONIZED->XR_SESSION_STATE_VISIBLE session=144115188075855875 time=69749604331
2025-01-24 11:06:05.311  7432-7467  helloxr                 com.oculus.sdk.helloxr.vulkan        V  [11:06:05.311][Info   ] XrEventDataSessionStateChanged: state XR_SESSION_STATE_VISIBLE->XR_SESSION_STATE_FOCUSED session=144115188075855875 time=69753694956
2025-01-24 11:06:05.311  7432-7467  Deque                   com.oculus.sdk.helloxr.vulkan        I  AddEventToQueue called. eventInfo.type: 52, eventInfo.next: 1
2025-01-24 11:06:05.320  7432-7467  AppLoadTim...etryCommon com.oculus.sdk.helloxr.vulkan        I  App load time recorded [packageName=com.oculus.sdk.helloxr.vulkan, time=2.992910, method="BeginFrame (1)", launchType="Launch", launchId=""]
2025-01-24 11:06:05.320  7432-7467  InputDevic...ckedRemote com.oculus.sdk.helloxr.vulkan        I  Fetching controller poses from sensor API
2025-01-24 11:06:05.322  7432-7467  helloxr                 com.oculus.sdk.helloxr.vulkan        V  [11:06:05.321][Info   ] Grab action is bound to 'Right Hand Meta Touch Pro Controller Squeeze Trigger' and 'Left Hand Meta Touch Pro Controller Squeeze Trigger'
2025-01-24 11:06:05.322  7432-7467  helloxr                 com.oculus.sdk.helloxr.vulkan        V  [11:06:05.322][Info   ] Quit action is bound to 'Left Hand Meta Touch Pro Controller Menu Button'
2025-01-24 11:06:05.322  7432-7467  helloxr                 com.oculus.sdk.helloxr.vulkan        V  [11:06:05.322][Info   ] Pose action is bound to 'Right Hand Meta Touch Pro Controller Grip Pose' and 'Left Hand Meta Touch Pro Controller Grip Pose'
2025-01-24 11:06:05.322  7432-7467  helloxr                 com.oculus.sdk.helloxr.vulkan        V  [11:06:05.322][Info   ] Vibrate action is bound to 'Right Hand Meta Touch Pro Controller Input' and 'Left Hand Meta Touch Pro Controller Input'
2025-01-24 11:06:05.866  7432-7599  InputDeviceManager      com.oculus.sdk.helloxr.vulkan        I  HANDTRACKING Root pose filter profile changed for freq to 17 from 20  inf: 1
2025-01-24 11:06:06.000  7432-7600  Telemetry               com.oculus.sdk.helloxr.vulkan        I  Time aligned, interrupted: 0
2025-01-24 11:06:07.004  7432-7600  ClientShar...metryStats com.oculus.sdk.helloxr.vulkan        I  App memory usage: PSS=58 MiB, PrivateDirty=48 MiB, PrivateClean=0 MiB, GPU=24.8/24.8 MiB (100% allocated)
2025-01-24 11:06:07.005  7432-7600  VrApi                   com.oculus.sdk.helloxr.vulkan        I  FPS=72/72,Prd=21ms,Tear=1,Early=0,Stale=2,Stale2/5/10/max=0/1/0/6,VSnc=1,Lat=-1,Fov=0D,CPU4/GPU=3/2,2361/456MHz,OC=3F,TA=0/0/0,SP=N/N/N,Mem=3196MHz,Free=4157MB,PLS=0,Temp=50.0C/0.0C,TW=1.01ms,App=1.04ms,GD=0.00ms,CPU&GPU=1.10ms,LCnt=2(DR51,LM2),GPU%=0.16,CPU%=0.43(W0.59),DSF=1.00,CFL=11.09/15.58,ICFLp95=14.42,LD=0,SF=1.00,LP=0,DVFS=0
2025-01-24 11:06:08.001  7432-7600  VrApi                   com.oculus.sdk.helloxr.vulkan        I  FPS=72/72,Prd=20ms,Tear=0,Early=0,Stale=0,Stale2/5/10/max=0/0/0/0,VSnc=1,Lat=-1,Fov=0D,CPU4/GPU=2/2,2361/456MHz,OC=3F,TA=0/0/0,SP=N/N/N,Mem=3196MHz,Free=4157MB,PLS=0,Temp=47.0C/0.0C,TW=1.02ms,App=0.96ms,GD=0.00ms,CPU&GPU=1.11ms,LCnt=2(DR72,LM2),GPU%=0.15,CPU%=0.39(W0.53),DSF=1.00,CFL=10.53/15.71,ICFLp95=14.05,LD=0,SF=1.00,LP=0,DVFS=0
2025-01-24 11:06:09.001  7432-7600  VrApi                   com.oculus.sdk.helloxr.vulkan        I  FPS=72/72,Prd=20ms,Tear=0,Early=0,Stale=0,Stale2/5/10/max=0/0/0/0,VSnc=1,Lat=-1,Fov=0D,CPU4/GPU=2/2,2361/456MHz,OC=3F,TA=0/0/0,SP=N/N/N,Mem=3196MHz,Free=4157MB,PLS=0,Temp=47.0C/0.0C,TW=1.01ms,App=0.84ms,GD=0.00ms,CPU&GPU=1.01ms,LCnt=2(DR72,LM2),GPU%=0.15,CPU%=0.43(W0.60),DSF=1.00,CFL=10.05/14.76,ICFLp95=13.40,LD=0,SF=1.00,LP=0,DVFS=0
2025-01-24 11:06:10.001  7432-7600  VrApi                   com.oculus.sdk.helloxr.vulkan        I  FPS=72/72,Prd=20ms,Tear=0,Early=0,Stale=0,Stale2/5/10/max=0/0/0/0,VSnc=1,Lat=-1,Fov=0D,CPU4/GPU=2/2,2361/456MHz,OC=3F,TA=0/0/0,SP=N/N/N,Mem=3196MHz,Free=4157MB,PLS=0,Temp=47.0C/0.0C,TW=1.01ms,App=0.85ms,GD=0.00ms,CPU&GPU=1.10ms,LCnt=2(DR72,LM2),GPU%=0.15,CPU%=0.35(W0.40),DSF=1.00,CFL=9.86/14.19,ICFLp95=13.04,LD=0,SF=1.00,LP=0,DVFS=0
2025-01-24 11:06:11.001  7432-7600  VrApi                   com.oculus.sdk.helloxr.vulkan        I  FPS=73/72,Prd=20ms,Tear=0,Early=0,Stale=0,Stale2/5/10/max=0/0/0/0,VSnc=1,Lat=-1,Fov=0D,CPU4/GPU=2/2,2361/456MHz,OC=3F,TA=0/0/0,SP=N/N/N,Mem=3196MHz,Free=4157MB,PLS=0,Temp=47.0C/0.0C,TW=0.57ms,App=0.38ms,GD=0.00ms,CPU&GPU=1.14ms,LCnt=2(DR72,LM2),GPU%=0.09,CPU%=0.36(W0.67),DSF=1.00,CFL=9.66/14.02,ICFLp95=12.83,LD=0,SF=1.00,LP=0,DVFS=0
2025-01-24 11:06:12.001  7432-7600  VrApi                   com.oculus.sdk.helloxr.vulkan        I  FPS=72/72,Prd=20ms,Tear=0,Early=0,Stale=0,Stale2/5/10/max=0/0/0/0,VSnc=1,Lat=-1,Fov=0D,CPU4/GPU=2/2,2361/456MHz,OC=3F,TA=0/0/0,SP=N/N/N,Mem=3196MHz,Free=4157MB,PLS=0,Temp=47.0C/0.0C,TW=0.58ms,App=0.41ms,GD=0.00ms,CPU&GPU=1.15ms,LCnt=1(DR73,LM0),GPU%=0.08,CPU%=0.41(W0.55),DSF=1.00,CFL=9.64/15.45,ICFLp95=14.38,LD=0,SF=1.00,LP=0,DVFS=0
2025-01-24 11:06:12.250  7432-7467  AppLoadTim...etryCommon com.oculus.sdk.helloxr.vulkan        I  App load time recorded [packageName=com.oculus.sdk.helloxr.vulkan, time=9.922983, method="BeginFrame (500)", launchType="Launch", launchId=""]
2025-01-24 11:06:13.001  7432-7600  VrApi                   com.oculus.sdk.helloxr.vulkan        I  FPS=72/72,Prd=20ms,Tear=0,Early=0,Stale=0,Stale2/5/10/max=0/0/0/0,VSnc=1,Lat=-1,Fov=0D,CPU4/GPU=2/2,2361/456MHz,OC=3F,TA=0/0/0,SP=N/N/N,Mem=3196MHz,Free=4157MB,PLS=0,Temp=47.0C/0.0C,TW=0.58ms,App=0.41ms,GD=0.00ms,CPU&GPU=1.21ms,LCnt=1(DR72,LM0),GPU%=0.09,CPU%=0.47(W0.64),DSF=1.00,CFL=9.86/14.69,ICFLp95=13.35,LD=0,SF=1.00,LP=0,DVFS=0
2025-01-24 11:06:14.001  7432-7600  VrApi                   com.oculus.sdk.helloxr.vulkan        I  FPS=73/72,Prd=20ms,Tear=0,Early=0,Stale=0,Stale2/5/10/max=0/0/0/0,VSnc=1,Lat=-1,Fov=0D,CPU4/GPU=2/2,2361/456MHz,OC=3F,TA=0/0/0,SP=N/N/N,Mem=3196MHz,Free=4157MB,PLS=0,Temp=47.0C/0.0C,TW=0.62ms,App=0.72ms,GD=0.00ms,CPU&GPU=1.47ms,LCnt=1(DR72,LM0),GPU%=0.11,CPU%=0.43(W0.47),DSF=1.00,CFL=9.56/14.36,ICFLp95=12.90,LD=0,SF=1.00,LP=0,DVFS=0
2025-01-24 11:06:15.001  7432-7600  VrApi                   com.oculus.sdk.helloxr.vulkan        I  FPS=72/72,Prd=20ms,Tear=0,Early=0,Stale=0,Stale2/5/10/max=0/0/0/0,VSnc=1,Lat=-1,Fov=0D,CPU4/GPU=2/2,2361/456MHz,OC=3F,TA=0/0/0,SP=N/N/N,Mem=3196MHz,Free=4157MB,PLS=0,Temp=47.0C/0.0C,TW=0.62ms,App=0.61ms,GD=0.00ms,CPU&GPU=1.35ms,LCnt=1(DR72,LM0),GPU%=0.10,CPU%=0.53(W0.64),DSF=1.00,CFL=9.38/13.90,ICFLp95=12.64,LD=0,SF=1.00,LP=0,DVFS=0
2025-01-24 11:06:16.001  7432-7600  VrApi                   com.oculus.sdk.helloxr.vulkan        I  FPS=73/72,Prd=20ms,Tear=0,Early=0,Stale=0,Stale2/5/10/max=0/0/0/0,VSnc=1,Lat=-1,Fov=0D,CPU4/GPU=2/2,2361/456MHz,OC=3F,TA=0/0/0,SP=N/N/N,Mem=3196MHz,Free=4157MB,PLS=0,Temp=47.0C/0.0C,TW=0.62ms,App=0.60ms,GD=0.00ms,CPU&GPU=1.45ms,LCnt=1(DR73,LM0),GPU%=0.10,CPU%=0.38(W0.50),DSF=1.00,CFL=9.35/13.87,ICFLp95=12.64,LD=0,SF=1.00,LP=0,DVFS=0
2025-01-24 11:06:17.001  7432-7600  VrApi                   com.oculus.sdk.helloxr.vulkan        I  FPS=73/72,Prd=20ms,Tear=0,Early=0,Stale=0,Stale2/5/10/max=0/0/0/0,VSnc=1,Lat=-1,Fov=0D,CPU4/GPU=2/2,2361/456MHz,OC=3F,TA=0/0/0,SP=N/N/N,Mem=3196MHz,Free=4157MB,PLS=0,Temp=47.0C/0.0C,TW=0.60ms,App=0.45ms,GD=0.00ms,CPU&GPU=1.22ms,LCnt=1(DR73,LM0),GPU%=0.09,CPU%=0.36(W0.65),DSF=1.00,CFL=9.29/14.06,ICFLp95=12.68,LD=0,SF=1.00,LP=0,DVFS=0
2025-01-24 11:06:18.001  7432-7600  VrApi                   com.oculus.sdk.helloxr.vulkan        I  FPS=72/72,Prd=19ms,Tear=0,Early=0,Stale=0,Stale2/5/10/max=0/0/0/0,VSnc=1,Lat=-1,Fov=0D,CPU4/GPU=2/2,2361/456MHz,OC=3F,TA=0/0/0,SP=N/N/N,Mem=3196MHz,Free=4157MB,PLS=0,Temp=47.0C/0.0C,TW=0.59ms,App=0.44ms,GD=0.00ms,CPU&GPU=1.20ms,LCnt=1(DR72,LM0),GPU%=0.09,CPU%=0.41(W0.63),DSF=1.00,CFL=9.39/14.27,ICFLp95=12.73,LD=0,SF=1.00,LP=0,DVFS=0
2025-01-24 11:06:18.019  7432-7599  AppLoadTim...etryCommon com.oculus.sdk.helloxr.vulkan        I  App load time recorded [packageName=com.oculus.sdk.helloxr.vulkan, time=15.691448, method="Input", launchType="Launch", launchId=""]
2025-01-24 11:06:18.029  7432-7467  TREX                    com.oculus.sdk.helloxr.vulkan        E  Interface 'WristbandClientInterface', version 7 was not found. Check debug build for more information.
2025-01-24 11:06:19.001  7432-7600  VrApi                   com.oculus.sdk.helloxr.vulkan        I  FPS=73/72,Prd=19ms,Tear=0,Early=0,Stale=0,Stale2/5/10/max=0/0/0/0,VSnc=1,Lat=-1,Fov=0D,CPU4/GPU=2/2,2361/456MHz,OC=3F,TA=0/0/0,SP=N/N/N,Mem=3196MHz,Free=4157MB,PLS=0,Temp=47.0C/0.0C,TW=0.59ms,App=0.46ms,GD=0.00ms,CPU&GPU=1.19ms,LCnt=1(DR72,LM0),GPU%=0.09,CPU%=0.37(W0.52),DSF=1.00,CFL=9.25/14.05,ICFLp95=12.59,LD=0,SF=1.00,LP=0,DVFS=0
2025-01-24 11:06:19.195  7432-7467  AppLoadTim...etryCommon com.oculus.sdk.helloxr.vulkan        I  App load time recorded [packageName=com.oculus.sdk.helloxr.vulkan, time=16.867404, method="BeginFrame (1000)", launchType="Launch", launchId=""]
2025-01-24 11:06:20.001  7432-7600  VrApi                   com.oculus.sdk.helloxr.vulkan        I  FPS=73/72,Prd=19ms,Tear=0,Early=0,Stale=0,Stale2/5/10/max=0/0/0/0,VSnc=1,Lat=-1,Fov=0D,CPU4/GPU=2/2,2361/456MHz,OC=3F,TA=0/0/0,SP=N/N/N,Mem=3196MHz,Free=4157MB,PLS=0,Temp=47.0C/0.0C,TW=0.59ms,App=0.47ms,GD=0.00ms,CPU&GPU=1.24ms,LCnt=1(DR73,LM0),GPU%=0.09,CPU%=0.37(W0.62),DSF=1.00,CFL=9.18/14.12,ICFLp95=12.55,LD=0,SF=1.00,LP=0,DVFS=0
2025-01-24 11:06:21.001  7432-7600  VrApi                   com.oculus.sdk.helloxr.vulkan        I  FPS=72/72,Prd=19ms,Tear=0,Early=0,Stale=0,Stale2/5/10/max=0/0/0/0,VSnc=1,Lat=-1,Fov=0D,CPU4/GPU=2/2,2361/456MHz,OC=3F,TA=0/0/0,SP=N/N/N,Mem=3196MHz,Free=4157MB,PLS=0,Temp=47.0C/0.0C,TW=0.59ms,App=0.45ms,GD=0.00ms,CPU&GPU=1.25ms,LCnt=1(DR72,LM0),GPU%=0.09,CPU%=0.45(W0.57),DSF=1.00,CFL=9.16/14.16,ICFLp95=12.47,LD=0,SF=1.00,LP=0,DVFS=0
2025-01-24 11:06:22.002  7432-7600  VrApi                   com.oculus.sdk.helloxr.vulkan        I  FPS=72/72,Prd=19ms,Tear=0,Early=0,Stale=0,Stale2/5/10/max=0/0/0/0,VSnc=1,Lat=-1,Fov=0D,CPU4/GPU=2/2,2361/456MHz,OC=3F,TA=0/0/0,SP=N/N/N,Mem=3196MHz,Free=4157MB,PLS=0,Temp=47.0C/0.0C,TW=0.59ms,App=0.42ms,GD=0.00ms,CPU&GPU=1.19ms,LCnt=1(DR73,LM0),GPU%=0.09,CPU%=0.37(W0.60),DSF=1.00,CFL=9.16/13.97,ICFLp95=12.50,LD=0,SF=1.00,LP=0,DVFS=0
2025-01-24 11:06:23.002  7432-7600  VrApi                   com.oculus.sdk.helloxr.vulkan        I  FPS=73/72,Prd=19ms,Tear=0,Early=0,Stale=0,Stale2/5/10/max=0/0/0/0,VSnc=1,Lat=-1,Fov=0D,CPU4/GPU=2/2,2361/456MHz,OC=3F,TA=0/0/0,SP=N/N/N,Mem=3196MHz,Free=4157MB,PLS=0,Temp=47.0C/0.0C,TW=0.59ms,App=0.45ms,GD=0.00ms,CPU&GPU=1.21ms,LCnt=1(DR73,LM0),GPU%=0.09,CPU%=0.38(W0.57),DSF=1.00,CFL=9.15/14.14,ICFLp95=12.50,LD=0,SF=1.00,LP=0,DVFS=0
2025-01-24 11:06:24.002  7432-7600  VrApi                   com.oculus.sdk.helloxr.vulkan        I  FPS=73/72,Prd=19ms,Tear=0,Early=0,Stale=0,Stale2/5/10/max=0/0/0/0,VSnc=1,Lat=-1,Fov=0D,CPU4/GPU=2/2,2361/456MHz,OC=3F,TA=0/0/0,SP=N/N/N,Mem=3196MHz,Free=4157MB,PLS=0,Temp=47.0C/0.0C,TW=0.60ms,App=0.48ms,GD=0.00ms,CPU&GPU=1.25ms,LCnt=1(DR73,LM0),GPU%=0.09,CPU%=0.32(W0.45),DSF=1.00,CFL=9.14/14.02,ICFLp95=12.52,LD=0,SF=1.00,LP=0,DVFS=0
2025-01-24 11:06:25.002  7432-7600  VrApi                   com.oculus.sdk.helloxr.vulkan        I  FPS=72/72,Prd=19ms,Tear=0,Early=0,Stale=0,Stale2/5/10/max=0/0/0/0,VSnc=1,Lat=-1,Fov=0D,CPU4/GPU=2/2,2361/456MHz,OC=3F,TA=0/0/0,SP=N/N/N,Mem=3196MHz,Free=4157MB,PLS=0,Temp=47.0C/0.0C,TW=0.60ms,App=0.46ms,GD=0.00ms,CPU&GPU=1.21ms,LCnt=1(DR73,LM0),GPU%=0.09,CPU%=0.41(W0.55),DSF=1.00,CFL=9.12/13.91,ICFLp95=12.46,LD=0,SF=1.00,LP=0,DVFS=0
2025-01-24 11:06:26.002  7432-7600  VrApi                   com.oculus.sdk.helloxr.vulkan        I  FPS=73/72,Prd=19ms,Tear=0,Early=0,Stale=0,Stale2/5/10/max=0/0/0/0,VSnc=1,Lat=-1,Fov=0D,CPU4/GPU=2/2,2361/456MHz,OC=3F,TA=0/0/0,SP=N/N/N,Mem=3196MHz,Free=4157MB,PLS=0,Temp=47.0C/0.0C,TW=0.59ms,App=0.46ms,GD=0.00ms,CPU&GPU=1.21ms,LCnt=1(DR73,LM0),GPU%=0.09,CPU%=0.35(W0.47),DSF=1.00,CFL=9.12/13.86,ICFLp95=12.44,LD=0,SF=1.00,LP=0,DVFS=0
2025-01-24 11:06:26.894  7432-7599  InputDevic...ckedRemote com.oculus.sdk.helloxr.vulkan        I  Using new float conversion.
2025-01-24 11:06:27.005  7432-7600  ClientShar...metryStats com.oculus.sdk.helloxr.vulkan        I  App memory usage: PSS=58 MiB, PrivateDirty=48 MiB, PrivateClean=0 MiB, GPU=24.8/24.8 MiB (100% allocated)
2025-01-24 11:06:27.005  7432-7600  VrApi                   com.oculus.sdk.helloxr.vulkan        I  FPS=73/72,Prd=19ms,Tear=0,Early=0,Stale=0,Stale2/5/10/max=0/0/0/0,VSnc=1,Lat=-1,Fov=0D,CPU4/GPU=2/2,2361/456MHz,OC=3F,TA=0/0/0,SP=N/N/N,Mem=3196MHz,Free=4133MB,PLS=0,Temp=47.0C/0.0C,TW=0.59ms,App=0.48ms,GD=0.00ms,CPU&GPU=1.22ms,LCnt=1(DR73,LM0),GPU%=0.09,CPU%=0.33(W0.50),DSF=1.00,CFL=9.12/13.94,ICFLp95=12.47,LD=0,SF=1.00,LP=0,DVFS=0
2025-01-24 11:06:28.002  7432-7600  VrApi                   com.oculus.sdk.helloxr.vulkan        I  FPS=73/72,Prd=19ms,Tear=0,Early=0,Stale=0,Stale2/5/10/max=0/0/0/0,VSnc=1,Lat=-1,Fov=0D,CPU4/GPU=2/2,2361/456MHz,OC=3F,TA=0/0/0,SP=N/N/N,Mem=3196MHz,Free=4133MB,PLS=0,Temp=47.0C/0.0C,TW=0.60ms,App=0.50ms,GD=0.00ms,CPU&GPU=1.26ms,LCnt=1(DR73,LM0),GPU%=0.09,CPU%=0.40(W0.52),DSF=1.00,CFL=9.17/13.86,ICFLp95=12.44,LD=0,SF=1.00,LP=0,DVFS=0
2025-01-24 11:06:28.153  7432-7467  threaded_app            com.oculus.sdk.helloxr.vulkan        V  New input event: type=1
2025-01-24 11:06:28.346  7432-7467  threaded_app            com.oculus.sdk.helloxr.vulkan        V  New input event: type=1
2025-01-24 11:06:28.402  7432-7467  threaded_app            com.oculus.sdk.helloxr.vulkan        V  New input event: type=2
2025-01-24 11:06:28.402  7432-7467  threaded_app            com.oculus.sdk.helloxr.vulkan        V  New input event: type=2
2025-01-24 11:06:28.415  7432-7467  Deque                   com.oculus.sdk.helloxr.vulkan        I  AddEventToQueue called. eventInfo.type: 52, eventInfo.next: 1
2025-01-24 11:06:28.426  7432-7432  threaded_app            com.oculus.sdk.helloxr.vulkan        V  WindowFocusChanged: 0xb4000070de1b37c0 -- 0
2025-01-24 11:06:28.428  7432-7467  helloxr                 com.oculus.sdk.helloxr.vulkan        V  [11:06:28.428][Info   ] Grab action is bound to nothing
2025-01-24 11:06:28.428  7432-7467  helloxr                 com.oculus.sdk.helloxr.vulkan        V  [11:06:28.428][Info   ] Quit action is bound to nothing
2025-01-24 11:06:28.428  7432-7467  helloxr                 com.oculus.sdk.helloxr.vulkan        V  [11:06:28.428][Info   ] Pose action is bound to nothing
2025-01-24 11:06:28.428  7432-7467  helloxr                 com.oculus.sdk.helloxr.vulkan        V  [11:06:28.428][Info   ] Vibrate action is bound to nothing
2025-01-24 11:06:28.442  7432-7467  VrRuntimeClient         com.oculus.sdk.helloxr.vulkan        I  Client has lost focus.
2025-01-24 11:06:28.442  7432-7467  OpenXR                  com.oculus.sdk.helloxr.vulkan        I  PostSessionStateChange:[pid: 7432] XR_SESSION_STATE_FOCUSED -> XR_SESSION_STATE_VISIBLE
2025-01-24 11:06:28.444  7432-7467  Deque                   com.oculus.sdk.helloxr.vulkan        I  AddEventToQueue called. eventInfo.type: 18, eventInfo.next: 1
2025-01-24 11:06:28.444  7432-7467  helloxr                 com.oculus.sdk.helloxr.vulkan        V  [11:06:28.444][Info   ] XrEventDataSessionStateChanged: state XR_SESSION_STATE_FOCUSED->XR_SESSION_STATE_VISIBLE session=144115188075855875 time=92885338719
2025-01-24 11:06:29.002  7432-7600  VrApi                   com.oculus.sdk.helloxr.vulkan        I  FPS=73/72,Prd=20ms,Tear=0,Early=0,Stale=0,Stale2/5/10/max=0/0/0/0,VSnc=1,Lat=-1,Fov=0D,CPU4/GPU=2/2,2361/456MHz,OC=3F,TA=0/0/0,SP=N/N/N,Mem=3196MHz,Free=4133MB,PLS=0,Temp=47.0C/0.0C,TW=1.21ms,App=1.06ms,GD=0.00ms,CPU&GPU=1.72ms,LCnt=1(DR73,LM0),GPU%=0.16,CPU%=0.56(W0.65),DSF=1.00,CFL=9.14/13.77,ICFLp95=12.43,LD=0,SF=1.00,LP=0,DVFS=0
2025-01-24 11:06:30.002  7432-7600  VrApi                   com.oculus.sdk.helloxr.vulkan        I  FPS=72/72,Prd=21ms,Tear=0,Early=0,Stale=0,Stale2/5/10/max=0/0/0/0,VSnc=1,Lat=-1,Fov=0D,CPU4/GPU=3/2,2361/456MHz,OC=3F,TA=0/0/0,SP=N/N/N,Mem=3196MHz,Free=4133MB,PLS=0,Temp=47.0C/0.0C,TW=1.71ms,App=1.03ms,GD=0.00ms,CPU&GPU=0.97ms,LCnt=6(DR25,LM0),GPU%=0.21,CPU%=0.40(W0.50),DSF=1.00,CFL=9.17/15.40,ICFLp95=14.70,LD=0,SF=1.00,LP=0,DVFS=0
2025-01-24 11:06:31.002  7432-7600  VrApi                   com.oculus.sdk.helloxr.vulkan        I  FPS=72/72,Prd=21ms,Tear=0,Early=0,Stale=0,Stale2/5/10/max=0/0/0/0,VSnc=1,Lat=-1,Fov=0D,CPU4/GPU=2/2,2361/456MHz,OC=3F,TA=0/0/0,SP=N/N/N,Mem=3196MHz,Free=4133MB,PLS=0,Temp=46.0C/0.0C,TW=1.79ms,App=1.28ms,GD=0.00ms,CPU&GPU=0.98ms,LCnt=6(DR0,LM0),GPU%=0.24,CPU%=0.47(W0.61),DSF=1.00,CFL=10.69/15.21,ICFLp95=14.07,LD=0,SF=1.00,LP=0,DVFS=0
2025-01-24 11:06:32.002  7432-7600  VrApi                   com.oculus.sdk.helloxr.vulkan        I  FPS=72/72,Prd=21ms,Tear=0,Early=0,Stale=0,Stale2/5/10/max=0/0/0/0,VSnc=1,Lat=-1,Fov=0D,CPU4/GPU=2/2,2361/456MHz,OC=3F,TA=0/0/0,SP=N/N/N,Mem=3196MHz,Free=4133MB,PLS=0,Temp=46.0C/0.0C,TW=1.77ms,App=1.14ms,GD=0.00ms,CPU&GPU=1.04ms,LCnt=6(DR0,LM0),GPU%=0.23,CPU%=0.39(W0.55),DSF=1.00,CFL=10.25/14.85,ICFLp95=13.73,LD=0,SF=1.00,LP=0,DVFS=0
2025-01-24 11:06:32.855  7432-7432  threaded_app            com.oculus.sdk.helloxr.vulkan        V  WindowFocusChanged: 0xb4000070de1b37c0 -- 1
2025-01-24 11:06:32.861  7432-7467  VrRuntimeClient         com.oculus.sdk.helloxr.vulkan        I  Client has gained focus.
2025-01-24 11:06:32.861  7432-7467  OpenXR                  com.oculus.sdk.helloxr.vulkan        I  PostSessionStateChange:[pid: 7432] XR_SESSION_STATE_VISIBLE -> XR_SESSION_STATE_FOCUSED
2025-01-24 11:06:32.861  7432-7467  Deque                   com.oculus.sdk.helloxr.vulkan        I  AddEventToQueue called. eventInfo.type: 18, eventInfo.next: 1
2025-01-24 11:06:32.861  7432-7467  helloxr                 com.oculus.sdk.helloxr.vulkan        V  [11:06:32.861][Info   ] XrEventDataSessionStateChanged: state XR_SESSION_STATE_VISIBLE->XR_SESSION_STATE_FOCUSED session=144115188075855875 time=97304260722
2025-01-24 11:06:32.866  7432-7599  InputDevic...ckedRemote com.oculus.sdk.helloxr.vulkan        I  REMOTE: Hand=1 IndexAnalog=0.00 GripAnalog=0.00 Buttons=0x00000000
2025-01-24 11:06:32.866  7432-7599  InputDevic...ckedRemote com.oculus.sdk.helloxr.vulkan        I  REMOTE: Hand=2 IndexAnalog=0.00 GripAnalog=0.00 Buttons=0x00000000
2025-01-24 11:06:32.875  7432-7467  Deque                   com.oculus.sdk.helloxr.vulkan        I  AddEventToQueue called. eventInfo.type: 52, eventInfo.next: 1
2025-01-24 11:06:32.889  7432-7467  helloxr                 com.oculus.sdk.helloxr.vulkan        V  [11:06:32.889][Info   ] Grab action is bound to 'Right Hand Meta Touch Pro Controller Squeeze Trigger' and 'Left Hand Meta Touch Pro Controller Squeeze Trigger'
2025-01-24 11:06:32.889  7432-7467  helloxr                 com.oculus.sdk.helloxr.vulkan        V  [11:06:32.889][Info   ] Quit action is bound to 'Left Hand Meta Touch Pro Controller Menu Button'
2025-01-24 11:06:32.889  7432-7467  helloxr                 com.oculus.sdk.helloxr.vulkan        V  [11:06:32.889][Info   ] Pose action is bound to 'Right Hand Meta Touch Pro Controller Grip Pose' and 'Left Hand Meta Touch Pro Controller Grip Pose'
2025-01-24 11:06:32.889  7432-7467  helloxr                 com.oculus.sdk.helloxr.vulkan        V  [11:06:32.889][Info   ] Vibrate action is bound to 'Right Hand Meta Touch Pro Controller Input' and 'Left Hand Meta Touch Pro Controller Input'
2025-01-24 11:06:33.002  7432-7600  VrApi                   com.oculus.sdk.helloxr.vulkan        I  FPS=72/72,Prd=20ms,Tear=0,Early=0,Stale=0,Stale2/5/10/max=0/0/0/0,VSnc=1,Lat=-1,Fov=0D,CPU4/GPU=2/2,2361/456MHz,OC=3F,TA=0/0/0,SP=N/N/N,Mem=3196MHz,Free=4133MB,PLS=0,Temp=46.0C/0.0C,TW=1.78ms,App=1.36ms,GD=0.00ms,CPU&GPU=0.97ms,LCnt=6(DR0,LM0),GPU%=0.24,CPU%=0.49(W0.52),DSF=1.00,CFL=9.99/14.49,ICFLp95=13.41,LD=0,SF=1.00,LP=0,DVFS=0
2025-01-24 11:06:34.002  7432-7600  VrApi                   com.oculus.sdk.helloxr.vulkan        I  FPS=72/72,Prd=20ms,Tear=0,Early=0,Stale=0,Stale2/5/10/max=0/0/0/0,VSnc=1,Lat=-1,Fov=0D,CPU4/GPU=2/2,1382/456MHz,OC=3F,TA=0/0/0,SP=N/N/N,Mem=2092MHz,Free=4133MB,PLS=0,Temp=46.0C/0.0C,TW=1.03ms,App=1.02ms,GD=0.00ms,CPU&GPU=1.17ms,LCnt=2(DR18,LM2),GPU%=0.17,CPU%=0.48(W0.75),DSF=1.00,CFL=9.70/14.26,ICFLp95=13.24,LD=0,SF=1.00,LP=0,DVFS=0
2025-01-24 11:06:35.002  7432-7600  VrApi                   com.oculus.sdk.helloxr.vulkan        I  FPS=73/72,Prd=20ms,Tear=0,Early=0,Stale=0,Stale2/5/10/max=0/0/0/0,VSnc=1,Lat=-1,Fov=0D,CPU4/GPU=2/2,1382/456MHz,OC=3F,TA=0/0/0,SP=N/N/N,Mem=1708MHz,Free=4133MB,PLS=0,Temp=46.0C/0.0C,TW=1.06ms,App=1.07ms,GD=0.00ms,CPU&GPU=1.42ms,LCnt=2(DR72,LM2),GPU%=0.17,CPU%=0.54(W0.71),DSF=1.00,CFL=9.63/14.17,ICFLp95=12.85,LD=0,SF=1.00,LP=0,DVFS=0
2025-01-24 11:06:36.002  7432-7600  VrApi                   com.oculus.sdk.helloxr.vulkan        I  FPS=73/72,Prd=20ms,Tear=0,Early=0,Stale=0,Stale2/5/10/max=0/0/0/0,VSnc=1,Lat=-1,Fov=0D,CPU4/GPU=2/2,1382/456MHz,OC=3F,TA=0/0/0,SP=N/N/N,Mem=1708MHz,Free=4133MB,PLS=0,Temp=46.0C/0.0C,TW=1.04ms,App=1.01ms,GD=0.00ms,CPU&GPU=1.47ms,LCnt=2(DR73,LM2),GPU%=0.16,CPU%=0.42(W0.71),DSF=1.00,CFL=9.70/14.38,ICFLp95=12.89,LD=0,SF=1.00,LP=0,DVFS=0
2025-01-24 11:06:37.003  7432-7600  VrApi                   com.oculus.sdk.helloxr.vulkan        I  FPS=73/72,Prd=20ms,Tear=0,Early=0,Stale=0,Stale2/5/10/max=0/0/0/0,VSnc=1,Lat=-1,Fov=0D,CPU4/GPU=2/2,1382/456MHz,OC=3F,TA=0/0/0,SP=N/N/N,Mem=3196MHz,Free=4133MB,PLS=0,Temp=46.0C/0.0C,TW=1.02ms,App=0.95ms,GD=0.00ms,CPU&GPU=1.44ms,LCnt=2(DR73,LM2),GPU%=0.16,CPU%=0.62(W0.84),DSF=1.00,CFL=9.61/14.19,ICFLp95=12.87,LD=0,SF=1.00,LP=0,DVFS=0
2025-01-24 11:06:38.003  7432-7600  VrApi                   com.oculus.sdk.helloxr.vulkan        I  FPS=72/72,Prd=20ms,Tear=0,Early=0,Stale=0,Stale2/5/10/max=0/0/0/0,VSnc=1,Lat=-1,Fov=0D,CPU4/GPU=2/2,1382/456MHz,OC=3F,TA=0/0/0,SP=N/N/N,Mem=1708MHz,Free=4133MB,PLS=0,Temp=46.0C/0.0C,TW=1.03ms,App=0.94ms,GD=0.00ms,CPU&GPU=1.40ms,LCnt=2(DR72,LM2),GPU%=0.16,CPU%=0.39(W0.65),DSF=1.00,CFL=9.65/14.21,ICFLp95=12.88,LD=0,SF=1.00,LP=0,DVFS=0
2025-01-24 11:06:39.003  7432-7600  VrApi                   com.oculus.sdk.helloxr.vulkan        I  FPS=73/72,Prd=20ms,Tear=0,Early=0,Stale=0,Stale2/5/10/max=0/0/0/0,VSnc=1,Lat=-1,Fov=0D,CPU4/GPU=2/2,1382/456MHz,OC=3F,TA=0/0/0,SP=N/N/N,Mem=2736MHz,Free=4133MB,PLS=0,Temp=46.0C/0.0C,TW=0.58ms,App=0.37ms,GD=0.00ms,CPU&GPU=1.39ms,LCnt=1(DR73,LM0),GPU%=0.09,CPU%=0.76(W0.81),DSF=1.00,CFL=9.29/14.25,ICFLp95=12.87,LD=0,SF=1.00,LP=0,DVFS=0
2025-01-24 11:06:40.003  7432-7600  VrApi                   com.oculus.sdk.helloxr.vulkan        I  FPS=73/72,Prd=20ms,Tear=0,Early=0,Stale=0,Stale2/5/10/max=0/0/0/0,VSnc=1,Lat=-1,Fov=0D,CPU4/GPU=2/2,1382/456MHz,OC=3F,TA=0/0/0,SP=N/N/N,Mem=2736MHz,Free=4133MB,PLS=0,Temp=46.0C/0.0C,TW=0.70ms,App=0.70ms,GD=0.00ms,CPU&GPU=1.66ms,LCnt=1(DR73,LM0),GPU%=0.11,CPU%=0.44(W0.52),DSF=1.00,CFL=9.17/14.29,ICFLp95=12.57,LD=0,SF=1.00,LP=0,DVFS=0
2025-01-24 11:06:41.003  7432-7600  VrApi                   com.oculus.sdk.helloxr.vulkan        I  FPS=73/72,Prd=20ms,Tear=0,Early=0,Stale=0,Stale2/5/10/max=0/0/0/0,VSnc=1,Lat=-1,Fov=0D,CPU4/GPU=2/2,1382/456MHz,OC=3F,TA=0/0/0,SP=N/N/N,Mem=1708MHz,Free=4133MB,PLS=0,Temp=46.0C/0.0C,TW=0.64ms,App=0.90ms,GD=0.00ms,CPU&GPU=1.77ms,LCnt=1(DR73,LM0),GPU%=0.12,CPU%=0.58(W0.73),DSF=1.00,CFL=9.28/14.12,ICFLp95=12.61,LD=0,SF=1.00,LP=0,DVFS=0
2025-01-24 11:06:42.003  7432-7600  VrApi                   com.oculus.sdk.helloxr.vulkan        I  FPS=72/72,Prd=20ms,Tear=0,Early=0,Stale=0,Stale2/5/10/max=0/0/0/0,VSnc=1,Lat=-1,Fov=0D,CPU4/GPU=2/2,1382/456MHz,OC=3F,TA=0/0/0,SP=N/N/N,Mem=1708MHz,Free=4133MB,PLS=0,Temp=46.0C/0.0C,TW=0.66ms,App=0.43ms,GD=0.00ms,CPU&GPU=1.34ms,LCnt=1(DR73,LM0),GPU%=0.09,CPU%=0.37(W0.71),DSF=1.00,CFL=9.23/13.92,ICFLp95=12.63,LD=0,SF=1.00,LP=0,DVFS=0
2025-01-24 11:06:43.003  7432-7600  VrApi                   com.oculus.sdk.helloxr.vulkan        I  FPS=72/72,Prd=20ms,Tear=0,Early=0,Stale=0,Stale2/5/10/max=0/0/0/0,VSnc=1,Lat=-1,Fov=0D,CPU4/GPU=2/2,1382/456MHz,OC=3F,TA=0/0/0,SP=N/N/N,Mem=1555MHz,Free=4133MB,PLS=0,Temp=46.0C/0.0C,TW=0.67ms,App=0.45ms,GD=0.00ms,CPU&GPU=1.34ms,LCnt=1(DR73,LM0),GPU%=0.09,CPU%=0.40(W0.81),DSF=1.00,CFL=9.23/14.08,ICFLp95=12.61,LD=0,SF=1.00,LP=0,DVFS=0
2025-01-24 11:06:44.003  7432-7600  VrApi                   com.oculus.sdk.helloxr.vulkan        I  FPS=73/72,Prd=20ms,Tear=0,Early=0,Stale=0,Stale2/5/10/max=0/0/0/0,VSnc=1,Lat=-1,Fov=0D,CPU4/GPU=2/2,1382/456MHz,OC=3F,TA=0/0/0,SP=N/N/N,Mem=1708MHz,Free=4133MB,PLS=0,Temp=46.0C/0.0C,TW=0.65ms,App=0.46ms,GD=0.00ms,CPU&GPU=1.39ms,LCnt=1(DR73,LM0),GPU%=0.09,CPU%=0.40(W1.00),DSF=1.00,CFL=9.28/13.87,ICFLp95=12.56,LD=0,SF=1.00,LP=0,DVFS=0
2025-01-24 11:06:45.003  7432-7600  VrApi                   com.oculus.sdk.helloxr.vulkan        I  FPS=73/72,Prd=20ms,Tear=0,Early=0,Stale=0,Stale2/5/10/max=0/0/0/0,VSnc=1,Lat=-1,Fov=0D,CPU4/GPU=2/2,1382/456MHz,OC=3F,TA=0/0/0,SP=N/N/N,Mem=1708MHz,Free=4133MB,PLS=0,Temp=46.0C/0.0C,TW=0.64ms,App=0.44ms,GD=0.00ms,CPU&GPU=1.38ms,LCnt=1(DR72,LM0),GPU%=0.09,CPU%=0.43(W1.00),DSF=1.00,CFL=9.25/14.23,ICFLp95=12.62,LD=0,SF=1.00,LP=0,DVFS=0
2025-01-24 11:06:46.003  7432-7600  VrApi                   com.oculus.sdk.helloxr.vulkan        I  FPS=72/72,Prd=20ms,Tear=0,Early=0,Stale=0,Stale2/5/10/max=0/0/0/0,VSnc=1,Lat=-1,Fov=0D,CPU4/GPU=2/2,1382/456MHz,OC=3F,TA=0/0/0,SP=N/N/N,Mem=1555MHz,Free=4133MB,PLS=0,Temp=46.0C/0.0C,TW=0.65ms,App=0.39ms,GD=0.00ms,CPU&GPU=1.39ms,LCnt=1(DR73,LM0),GPU%=0.09,CPU%=0.40(W0.96),DSF=1.00,CFL=9.32/14.32,ICFLp95=12.64,LD=0,SF=1.00,LP=0,DVFS=0
2025-01-24 11:06:47.010  7432-7600  ClientShar...metryStats com.oculus.sdk.helloxr.vulkan        I  App memory usage: PSS=58 MiB, PrivateDirty=48 MiB, PrivateClean=0 MiB, GPU=24.8/24.8 MiB (100% allocated)
2025-01-24 11:06:47.010  7432-7600  VrApi                   com.oculus.sdk.helloxr.vulkan        I  FPS=73/72,Prd=20ms,Tear=0,Early=0,Stale=0,Stale2/5/10/max=0/0/0/0,VSnc=1,Lat=-1,Fov=0D,CPU4/GPU=2/2,1382/456MHz,OC=3F,TA=0/0/0,SP=N/N/N,Mem=1708MHz,Free=4223MB,PLS=0,Temp=46.0C/0.0C,TW=0.67ms,App=0.41ms,GD=0.00ms,CPU&GPU=1.30ms,LCnt=1(DR73,LM0),GPU%=0.09,CPU%=0.41(W0.86),DSF=1.00,CFL=9.20/13.84,ICFLp95=12.55,LD=0,SF=1.00,LP=0,DVFS=0
2025-01-24 11:06:48.003  7432-7600  VrApi                   com.oculus.sdk.helloxr.vulkan        I  FPS=73/72,Prd=20ms,Tear=0,Early=0,Stale=0,Stale2/5/10/max=0/0/0/0,VSnc=1,Lat=-1,Fov=0D,CPU4/GPU=2/2,1382/456MHz,OC=3F,TA=0/0/0,SP=N/N/N,Mem=1708MHz,Free=4223MB,PLS=0,Temp=46.0C/0.0C,TW=0.63ms,App=0.58ms,GD=0.00ms,CPU&GPU=1.32ms,LCnt=1(DR73,LM0),GPU%=0.10,CPU%=0.44(W0.59),DSF=1.00,CFL=9.25/13.94,ICFLp95=12.58,LD=0,SF=1.00,LP=0,DVFS=0
2025-01-24 11:06:49.003  7432-7600  VrApi                   com.oculus.sdk.helloxr.vulkan        I  FPS=73/72,Prd=20ms,Tear=0,Early=0,Stale=0,Stale2/5/10/max=0/0/0/0,VSnc=1,Lat=-1,Fov=0D,CPU4/GPU=2/2,1382/456MHz,OC=3F,TA=0/0/0,SP=N/N/N,Mem=2092MHz,Free=4223MB,PLS=0,Temp=46.0C/0.0C,TW=0.69ms,App=0.50ms,GD=0.00ms,CPU&GPU=1.32ms,LCnt=1(DR73,LM0),GPU%=0.10,CPU%=0.41(W0.80),DSF=1.00,CFL=9.31/13.87,ICFLp95=12.61,LD=0,SF=1.00,LP=0,DVFS=0
2025-01-24 11:06:49.902  7432-7467  Deque                   com.oculus.sdk.helloxr.vulkan        I  AddEventToQueue called. eventInfo.type: 52, eventInfo.next: 1
2025-01-24 11:06:49.916  7432-7467  helloxr                 com.oculus.sdk.helloxr.vulkan        V  [11:06:49.916][Info   ] Grab action is bound to nothing
2025-01-24 11:06:49.916  7432-7467  helloxr                 com.oculus.sdk.helloxr.vulkan        V  [11:06:49.916][Info   ] Quit action is bound to nothing
2025-01-24 11:06:49.916  7432-7467  helloxr                 com.oculus.sdk.helloxr.vulkan        V  [11:06:49.916][Info   ] Pose action is bound to nothing
2025-01-24 11:06:49.916  7432-7467  helloxr                 com.oculus.sdk.helloxr.vulkan        V  [11:06:49.916][Info   ] Vibrate action is bound to nothing
2025-01-24 11:06:50.003  7432-7600  VrApi                   com.oculus.sdk.helloxr.vulkan        I  FPS=73/72,Prd=20ms,Tear=0,Early=0,Stale=0,Stale2/5/10/max=0/0/0/0,VSnc=1,Lat=-1,Fov=0D,CPU4/GPU=2/2,1382/456MHz,OC=3F,TA=0/0/0,SP=N/N/N,Mem=1708MHz,Free=4223MB,PLS=0,Temp=46.0C/0.0C,TW=0.67ms,App=0.56ms,GD=0.00ms,CPU&GPU=1.46ms,LCnt=1(DR73,LM0),GPU%=0.10,CPU%=0.41(W0.68),DSF=1.00,CFL=9.36/14.04,ICFLp95=12.62,LD=0,SF=1.00,LP=0,DVFS=0
2025-01-24 11:06:50.611  7432-7467  Deque                   com.oculus.sdk.helloxr.vulkan        I  AddEventToQueue called. eventInfo.type: 52, eventInfo.next: 1
2025-01-24 11:06:50.625  7432-7467  helloxr                 com.oculus.sdk.helloxr.vulkan        V  [11:06:50.624][Info   ] Grab action is bound to 'Right Hand Meta Touch Pro Controller Squeeze Trigger' and 'Left Hand Meta Touch Pro Controller Squeeze Trigger'
2025-01-24 11:06:50.625  7432-7467  helloxr                 com.oculus.sdk.helloxr.vulkan        V  [11:06:50.625][Info   ] Quit action is bound to 'Left Hand Meta Touch Pro Controller Menu Button'
2025-01-24 11:06:50.625  7432-7467  helloxr                 com.oculus.sdk.helloxr.vulkan        V  [11:06:50.625][Info   ] Pose action is bound to 'Right Hand Meta Touch Pro Controller Grip Pose' and 'Left Hand Meta Touch Pro Controller Grip Pose'
2025-01-24 11:06:50.625  7432-7467  helloxr                 com.oculus.sdk.helloxr.vulkan        V  [11:06:50.625][Info   ] Vibrate action is bound to 'Right Hand Meta Touch Pro Controller Input' and 'Left Hand Meta Touch Pro Controller Input'
2025-01-24 11:06:51.003  7432-7600  VrApi                   com.oculus.sdk.helloxr.vulkan        I  FPS=72/72,Prd=20ms,Tear=0,Early=0,Stale=0,Stale2/5/10/max=0/0/0/0,VSnc=1,Lat=-1,Fov=0D,CPU4/GPU=2/2,1382/456MHz,OC=3F,TA=0/0/0,SP=N/N/N,Mem=1708MHz,Free=4223MB,PLS=0,Temp=46.0C/0.0C,TW=0.64ms,App=0.36ms,GD=0.00ms,CPU&GPU=1.48ms,LCnt=1(DR73,LM0),GPU%=0.09,CPU%=0.44(W0.90),DSF=1.00,CFL=9.28/13.99,ICFLp95=12.61,LD=0,SF=1.00,LP=0,DVFS=0
2025-01-24 11:06:52.004  7432-7600  VrApi                   com.oculus.sdk.helloxr.vulkan        I  FPS=72/72,Prd=20ms,Tear=0,Early=0,Stale=0,Stale2/5/10/max=0/0/0/0,VSnc=1,Lat=-1,Fov=0D,CPU4/GPU=2/2,1382/456MHz,OC=3F,TA=0/0/0,SP=N/N/N,Mem=1708MHz,Free=4223MB,PLS=0,Temp=46.0C/0.0C,TW=0.66ms,App=0.57ms,GD=0.00ms,CPU&GPU=1.29ms,LCnt=1(DR73,LM0),GPU%=0.10,CPU%=0.39(W0.57),DSF=1.00,CFL=9.30/13.93,ICFLp95=12.60,LD=0,SF=1.00,LP=0,DVFS=0
2025-01-24 11:06:52.721  7432-7467  Deque                   com.oculus.sdk.helloxr.vulkan        I  AddEventToQueue called. eventInfo.type: 52, eventInfo.next: 1
2025-01-24 11:06:52.735  7432-7467  helloxr                 com.oculus.sdk.helloxr.vulkan        V  [11:06:52.735][Info   ] Grab action is bound to nothing
2025-01-24 11:06:52.735  7432-7467  helloxr                 com.oculus.sdk.helloxr.vulkan        V  [11:06:52.735][Info   ] Quit action is bound to nothing
2025-01-24 11:06:52.735  7432-7467  helloxr                 com.oculus.sdk.helloxr.vulkan        V  [11:06:52.735][Info   ] Pose action is bound to nothing
2025-01-24 11:06:52.735  7432-7467  helloxr                 com.oculus.sdk.helloxr.vulkan        V  [11:06:52.735][Info   ] Vibrate action is bound to nothing
2025-01-24 11:06:53.004  7432-7600  VrApi                   com.oculus.sdk.helloxr.vulkan        I  FPS=73/72,Prd=20ms,Tear=0,Early=0,Stale=0,Stale2/5/10/max=0/0/0/0,VSnc=1,Lat=-1,Fov=0D,CPU4/GPU=2/2,1382/456MHz,OC=3F,TA=0/0/0,SP=N/N/N,Mem=1708MHz,Free=4223MB,PLS=0,Temp=46.0C/0.0C,TW=0.66ms,App=0.43ms,GD=0.00ms,CPU&GPU=1.47ms,LCnt=1(DR73,LM0),GPU%=0.09,CPU%=0.42(W0.71),DSF=1.00,CFL=9.23/14.57,ICFLp95=12.63,LD=0,SF=1.00,LP=0,DVFS=0
2025-01-24 11:06:54.004  7432-7600  VrApi                   com.oculus.sdk.helloxr.vulkan        I  FPS=72/72,Prd=20ms,Tear=0,Early=0,Stale=0,Stale2/5/10/max=0/0/0/0,VSnc=1,Lat=-1,Fov=0D,CPU4/GPU=2/2,1382/456MHz,OC=3F,TA=0/0/0,SP=N/N/N,Mem=1708MHz,Free=4223MB,PLS=0,Temp=46.0C/0.0C,TW=0.67ms,App=0.35ms,GD=0.00ms,CPU&GPU=1.35ms,LCnt=1(DR73,LM0),GPU%=0.09,CPU%=0.38(W1.00),DSF=1.00,CFL=9.31/14.11,ICFLp95=12.63,LD=0,SF=1.00,LP=0,DVFS=0
2025-01-24 11:06:55.004  7432-7600  VrApi                   com.oculus.sdk.helloxr.vulkan        I  FPS=73/72,Prd=20ms,Tear=0,Early=0,Stale=0,Stale2/5/10/max=0/0/0/0,VSnc=1,Lat=-1,Fov=0D,CPU4/GPU=2/2,1382/456MHz,OC=3F,TA=0/0/0,SP=N/N/N,Mem=1708MHz,Free=4223MB,PLS=0,Temp=46.0C/0.0C,TW=0.67ms,App=0.36ms,GD=0.00ms,CPU&GPU=1.28ms,LCnt=1(DR72,LM0),GPU%=0.09,CPU%=0.42(W0.62),DSF=1.00,CFL=9.29/14.13,ICFLp95=12.68,LD=0,SF=1.00,LP=0,DVFS=0
2025-01-24 11:06:56.004  7432-7600  VrApi                   com.oculus.sdk.helloxr.vulkan        I  FPS=72/72,Prd=20ms,Tear=0,Early=0,Stale=0,Stale2/5/10/max=0/0/0/0,VSnc=1,Lat=-1,Fov=0D,CPU4/GPU=2/2,1382/456MHz,OC=3F,TA=0/0/0,SP=N/N/N,Mem=1708MHz,Free=4223MB,PLS=0,Temp=46.0C/0.0C,TW=0.67ms,App=0.34ms,GD=0.00ms,CPU&GPU=1.23ms,LCnt=1(DR73,LM0),GPU%=0.09,CPU%=0.38(W1.00),DSF=1.00,CFL=9.31/13.92,ICFLp95=12.65,LD=0,SF=1.00,LP=0,DVFS=0
2025-01-24 11:06:57.004  7432-7600  VrApi                   com.oculus.sdk.helloxr.vulkan        I  FPS=73/72,Prd=20ms,Tear=0,Early=0,Stale=0,Stale2/5/10/max=0/0/0/0,VSnc=1,Lat=-1,Fov=0D,CPU4/GPU=2/2,1382/456MHz,OC=3F,TA=0/0/0,SP=N/N/N,Mem=1708MHz,Free=4223MB,PLS=0,Temp=46.0C/0.0C,TW=0.58ms,App=0.33ms,GD=0.00ms,CPU&GPU=1.22ms,LCnt=1(DR73,LM0),GPU%=0.08,CPU%=0.41(W0.52),DSF=1.00,CFL=9.29/13.97,ICFLp95=12.63,LD=0,SF=1.00,LP=0,DVFS=0
2025-01-24 11:06:58.004  7432-7600  VrApi                   com.oculus.sdk.helloxr.vulkan        I  FPS=72/72,Prd=19ms,Tear=0,Early=0,Stale=0,Stale2/5/10/max=0/0/0/0,VSnc=1,Lat=-1,Fov=0D,CPU4/GPU=2/2,1382/456MHz,OC=3F,TA=0/0/0,SP=N/N/N,Mem=1708MHz,Free=4223MB,PLS=0,Temp=46.0C/0.0C,TW=0.58ms,App=0.33ms,GD=0.00ms,CPU&GPU=1.19ms,LCnt=1(DR72,LM0),GPU%=0.08,CPU%=0.51(W0.81),DSF=1.00,CFL=9.23/13.89,ICFLp95=12.58,LD=0,SF=1.00,LP=0,DVFS=0
2025-01-24 11:06:59.004  7432-7600  VrApi                   com.oculus.sdk.helloxr.vulkan        I  FPS=73/72,Prd=20ms,Tear=0,Early=0,Stale=0,Stale2/5/10/max=0/0/0/0,VSnc=1,Lat=-1,Fov=0D,CPU4/GPU=2/2,1382/456MHz,OC=3F,TA=0/0/0,SP=N/N/N,Mem=1708MHz,Free=4223MB,PLS=0,Temp=46.0C/0.0C,TW=0.60ms,App=0.33ms,GD=0.00ms,CPU&GPU=1.20ms,LCnt=1(DR73,LM0),GPU%=0.08,CPU%=0.42(W0.82),DSF=1.00,CFL=9.35/14.16,ICFLp95=12.74,LD=0,SF=1.00,LP=0,DVFS=0
2025-01-24 11:07:00.004  7432-7600  VrApi                   com.oculus.sdk.helloxr.vulkan        I  FPS=73/72,Prd=20ms,Tear=0,Early=0,Stale=0,Stale2/5/10/max=0/0/0/0,VSnc=1,Lat=-1,Fov=0D,CPU4/GPU=2/2,1382/456MHz,OC=3F,TA=0/0/0,SP=N/N/N,Mem=3196MHz,Free=4223MB,PLS=0,Temp=46.0C/0.0C,TW=0.65ms,App=0.33ms,GD=0.00ms,CPU&GPU=1.19ms,LCnt=1(DR73,LM0),GPU%=0.08,CPU%=0.52(W0.57),DSF=1.00,CFL=9.36/14.25,ICFLp95=12.81,LD=0,SF=1.00,LP=0,DVFS=0
2025-01-24 11:07:01.004  7432-7600  VrApi                   com.oculus.sdk.helloxr.vulkan        I  FPS=72/72,Prd=20ms,Tear=0,Early=0,Stale=0,Stale2/5/10/max=0/0/0/0,VSnc=1,Lat=-1,Fov=0D,CPU4/GPU=2/2,1382/456MHz,OC=3F,TA=0/0/0,SP=N/N/N,Mem=1708MHz,Free=4223MB,PLS=0,Temp=46.0C/0.0C,TW=0.66ms,App=0.29ms,GD=0.00ms,CPU&GPU=1.19ms,LCnt=1(DR72,LM0),GPU%=0.08,CPU%=0.43(W0.65),DSF=1.00,CFL=9.41/13.93,ICFLp95=12.70,LD=0,SF=1.00,LP=0,DVFS=0
2025-01-24 11:07:02.004  7432-7600  VrApi                   com.oculus.sdk.helloxr.vulkan        I  FPS=73/72,Prd=20ms,Tear=0,Early=0,Stale=0,Stale2/5/10/max=0/0/0/0,VSnc=1,Lat=-1,Fov=0D,CPU4/GPU=2/2,1382/456MHz,OC=3F,TA=0/0/0,SP=N/N/N,Mem=1708MHz,Free=4223MB,PLS=0,Temp=46.0C/0.0C,TW=0.65ms,App=0.35ms,GD=0.00ms,CPU&GPU=1.10ms,LCnt=1(DR73,LM0),GPU%=0.09,CPU%=0.50(W0.68),DSF=1.00,CFL=9.33/13.98,ICFLp95=12.64,LD=0,SF=1.00,LP=0,DVFS=0
2025-01-24 11:07:03.004  7432-7600  VrApi                   com.oculus.sdk.helloxr.vulkan        I  FPS=73/72,Prd=20ms,Tear=0,Early=0,Stale=0,Stale2/5/10/max=0/0/0/0,VSnc=1,Lat=-1,Fov=0D,CPU4/GPU=2/2,1382/456MHz,OC=3F,TA=0/0/0,SP=N/N/N,Mem=1555MHz,Free=4223MB,PLS=0,Temp=46.0C/0.0C,TW=0.64ms,App=0.33ms,GD=0.00ms,CPU&GPU=1.23ms,LCnt=1(DR73,LM0),GPU%=0.09,CPU%=0.36(W0.65),DSF=1.00,CFL=9.32/13.87,ICFLp95=12.61,LD=0,SF=1.00,LP=0,DVFS=0
2025-01-24 11:07:04.005  7432-7600  VrApi                   com.oculus.sdk.helloxr.vulkan        I  FPS=73/72,Prd=20ms,Tear=0,Early=0,Stale=0,Stale2/5/10/max=0/0/0/0,VSnc=1,Lat=-1,Fov=0D,CPU4/GPU=2/2,1382/456MHz,OC=3F,TA=0/0/0,SP=N/N/N,Mem=1708MHz,Free=4223MB,PLS=0,Temp=46.0C/0.0C,TW=0.65ms,App=0.33ms,GD=0.00ms,CPU&GPU=1.19ms,LCnt=1(DR73,LM0),GPU%=0.08,CPU%=0.51(W0.90),DSF=1.00,CFL=9.24/13.88,ICFLp95=12.60,LD=0,SF=1.00,LP=0,DVFS=0
2025-01-24 11:07:05.005  7432-7600  VrApi                   com.oculus.sdk.helloxr.vulkan        I  FPS=73/72,Prd=19ms,Tear=0,Early=0,Stale=0,Stale2/5/10/max=0/0/0/0,VSnc=1,Lat=-1,Fov=0D,CPU4/GPU=2/2,1382/456MHz,OC=3F,TA=0/0/0,SP=N/N/N,Mem=1708MHz,Free=4223MB,PLS=0,Temp=46.0C/0.0C,TW=0.64ms,App=0.32ms,GD=0.00ms,CPU&GPU=1.20ms,LCnt=1(DR73,LM0),GPU%=0.08,CPU%=0.37(W0.95),DSF=1.00,CFL=9.38/13.88,ICFLp95=12.65,LD=0,SF=1.00,LP=0,DVFS=0
2025-01-24 11:07:06.005  7432-7600  VrApi                   com.oculus.sdk.helloxr.vulkan        I  FPS=72/72,Prd=19ms,Tear=0,Early=0,Stale=0,Stale2/5/10/max=0/0/0/0,VSnc=1,Lat=-1,Fov=0D,CPU4/GPU=2/2,1382/456MHz,OC=3F,TA=0/0/0,SP=N/N/N,Mem=1708MHz,Free=4223MB,PLS=0,Temp=46.0C/0.0C,TW=0.65ms,App=0.31ms,GD=0.00ms,CPU&GPU=1.16ms,LCnt=1(DR73,LM0),GPU%=0.08,CPU%=0.53(W0.79),DSF=1.00,CFL=9.34/13.90,ICFLp95=12.63,LD=0,SF=1.00,LP=0,DVFS=0
2025-01-24 11:07:07.011  7432-7600  ClientShar...metryStats com.oculus.sdk.helloxr.vulkan        I  App memory usage: PSS=58 MiB, PrivateDirty=48 MiB, PrivateClean=0 MiB, GPU=24.8/24.8 MiB (100% allocated)
2025-01-24 11:07:07.011  7432-7600  VrApi                   com.oculus.sdk.helloxr.vulkan        I  FPS=72/72,Prd=19ms,Tear=0,Early=0,Stale=0,Stale2/5/10/max=0/0/0/0,VSnc=1,Lat=-1,Fov=0D,CPU4/GPU=2/2,1382/456MHz,OC=3F,TA=0/0/0,SP=N/N/N,Mem=1708MHz,Free=4246MB,PLS=0,Temp=46.0C/0.0C,TW=0.64ms,App=0.31ms,GD=0.00ms,CPU&GPU=1.23ms,LCnt=1(DR73,LM0),GPU%=0.08,CPU%=0.40(W0.80),DSF=1.00,CFL=9.31/14.01,ICFLp95=12.63,LD=0,SF=1.00,LP=0,DVFS=0
