2025-01-26 22:58:53.475 15858-15884 VrRuntimeClient         com.oculus.sdk.helloxr.vulkan        I  SetCompositorClientFeatureFlag ClientFeatureFlag 2
2025-01-26 22:58:53.476 15858-15884 RuntimeIPC...UNTIMEIPC] com.oculus.sdk.helloxr.vulkan        I  InitServerStateBuffer: SUCCESS. 0, Client: com.oculus.sdk.helloxr.vulkan:com.oculus.sdk.helloxr.vulkan:15858, Server: com.oculus.guardian:com.oculus.vrguardianservice (guardianserver)
2025-01-26 22:58:53.476 15858-15884 VrRuntimeClient         com.oculus.sdk.helloxr.vulkan        I  Mounted state at BeginSession: True
2025-01-26 22:58:53.476 15858-15884 AppLoadTim...etryCommon com.oculus.sdk.helloxr.vulkan        I  App load time recorded [packageName=com.oculus.sdk.helloxr.vulkan, time=0.819433, method="BeginSession", launchType="Launch", launchId=""]
2025-01-26 22:58:53.476 15858-15884 LogTimer                com.oculus.sdk.helloxr.vulkan        I  CPUTIME: VrRuntimeClient_BeginSession took 6.7685 ms
2025-01-26 22:58:53.478 15858-15884 ClientInputSettings     com.oculus.sdk.helloxr.vulkan        I  HANDTRACKING: enabled input settings, setting hand mode control settings to ControllersOnly
2025-01-26 22:58:53.478 15858-15884 ClientInputSettings     com.oculus.sdk.helloxr.vulkan        I  HANDTRACKING package name is com.oculus.sdk.helloxr.vulkan
2025-01-26 22:58:53.478 15858-15884 ClientInputSettings     com.oculus.sdk.helloxr.vulkan        I  HANDTRACKING: feature flag set to 0
2025-01-26 22:58:53.478 15858-15884 ClientInputInterface    com.oculus.sdk.helloxr.vulkan        I  HANDTRACKING sethandmanifest 0
2025-01-26 22:58:53.479 15858-15884 InputHooks_Internal     com.oculus.sdk.helloxr.vulkan        I  Enabling Native Input Hooks
2025-01-26 22:58:53.482 15858-15884 .helloxr.vulka          com.oculus.sdk.helloxr.vulkan        W  Accessing hidden method Landroid/content/Context;->startServiceAsUser(Landroid/content/Intent;Landroid/os/UserHandle;)Landroid/content/ComponentName; (unsupported, reflection, allowed)
2025-01-26 22:58:53.482 15858-15884 .helloxr.vulka          com.oculus.sdk.helloxr.vulkan        W  Accessing hidden method Landroid/content/Context;->registerReceiverAsUser(Landroid/content/BroadcastReceiver;Landroid/os/UserHandle;Landroid/content/IntentFilter;Ljava/lang/String;Landroid/os/Handler;)Landroid/content/Intent; (unsupported, reflection, allowed)
2025-01-26 22:58:53.482 15858-15884 InputDeviceManager      com.oculus.sdk.helloxr.vulkan        I  ovrInputDeviceManager::Initialize
2025-01-26 22:58:53.482 15858-15884 [CT]                    com.oculus.sdk.helloxr.vulkan        I  HandPosePrediction: Set sampler config enum for v59 30 Hz
2025-01-26 22:58:53.482 15858-15884 [CT]                    com.oculus.sdk.helloxr.vulkan        I  HandPosePrediction: Set sampler config enum for v59 30 Hz
2025-01-26 22:58:53.483 15858-15884 InputDevice_Hand        com.oculus.sdk.helloxr.vulkan        I  BodyPoweredHands checkSysPropForBodyAPIOverride 0
2025-01-26 22:58:53.483 15858-15884 InputDevice_Hand        com.oculus.sdk.helloxr.vulkan        I  BodyPoweredHands checkSysPropForBodyAPIOverride 0
2025-01-26 22:58:53.483 15858-15884 InputDevic...ckedRemote com.oculus.sdk.helloxr.vulkan        W  Did not pass RIPC GK, fetching controller input data from shared memory
2025-01-26 22:58:53.483 15858-15884 InputDeviceManager      com.oculus.sdk.helloxr.vulkan        I  HANDTRACKING Root pose filter profile changed for freq to 20 from 0  inf: 1
2025-01-26 22:58:53.483 15858-15884 GkHelper                com.oculus.sdk.helloxr.vulkan        I  Checking gk 'horizon_phasesync_auto_disabled', default = false
2025-01-26 22:58:53.483 15858-15884 GkCacheQuerierClient    com.oculus.sdk.helloxr.vulkan        W  getGkValue: Query result for 'oculus_xrruntime:horizon_phasesync_auto_disabled' not successful: 4
2025-01-26 22:58:53.483 15858-15884 GkHelper                com.oculus.sdk.helloxr.vulkan        W  GkHelper: query failed, result code: 4
2025-01-26 22:58:53.483 15858-15884 PhaseSync               com.oculus.sdk.helloxr.vulkan        I  PhaseSync::PhaseSync PaddingLowerLimit 0.350000 StandardDeviations 2.000000 PaddingUpperLimit 0.750000 on instance 0
2025-01-26 22:58:53.483 15858-15884 FrameSync               com.oculus.sdk.helloxr.vulkan        I  FrameSync Initialized Instance 1
2025-01-26 22:58:53.483 15858-15884 VrRuntimeClient         com.oculus.sdk.helloxr.vulkan        I  PhaseSync Instance created
2025-01-26 22:58:53.486 15858-15884 Compatibil...geReporter com.oculus.sdk.helloxr.vulkan        D  Compat change id reported: 160794467; UID 10735; state: ENABLED
2025-01-26 22:58:53.487 15858-15884 ServerStat...UNTIMEIPC] com.oculus.sdk.helloxr.vulkan        W  IPCService: GetDataBegin: entryIndex < 0 || entryIndex >= numEntries_ || entryIndex >= trustedMaxEntries: 5, 19, 0
2025-01-26 22:58:53.487 15858-15884 VrRuntimeC...rexContext com.oculus.sdk.helloxr.vulkan        I  BeginSession
2025-01-26 22:58:53.487 15858-15884 OpenXR                  com.oculus.sdk.helloxr.vulkan        I  usesManifestForCpuBoost:0
2025-01-26 22:58:53.487 15858-15884 OpenXR                  com.oculus.sdk.helloxr.vulkan        I  ------------ xrBeginSession [end] -----------
2025-01-26 22:58:53.488 15858-15884 ServerStat...UNTIMEIPC] com.oculus.sdk.helloxr.vulkan        W  IPCService: GetDataBegin: entryIndex < 0 || entryIndex >= numEntries_ || entryIndex >= trustedMaxEntries: 16, 19, 0
2025-01-26 22:58:53.491 15858-15930 JniUtils                com.oculus.sdk.helloxr.vulkan        I  ovr_GetCurrentPackageSignature
2025-01-26 22:58:53.492 15858-15930 Metrics                 com.oculus.sdk.helloxr.vulkan        I  device model = Quest 3
2025-01-26 22:58:53.492 15858-15930 Telemetry               com.oculus.sdk.helloxr.vulkan        I  Aligning telemetry thread time, will wait for: 508 ms...
2025-01-26 22:58:53.495 15858-15884 ServerStat...UNTIMEIPC] com.oculus.sdk.helloxr.vulkan        W  IPCService: GetDataBegin: entryIndex < 0 || entryIndex >= numEntries_ || entryIndex >= trustedMaxEntries: 14, 19, 0
2025-01-26 22:58:53.495 15858-15884 AudioCapture            com.oculus.sdk.helloxr.vulkan        I  AudioCapture::PauseAudioCapture
2025-01-26 22:58:53.495 15858-15934 FenceChecker            com.oculus.sdk.helloxr.vulkan        I  FenceChecker::MainLoop - started
2025-01-26 22:58:53.497 15858-15884 VrRuntimeClient         com.oculus.sdk.helloxr.vulkan        I  SetClientAppColorspace: P3
2025-01-26 22:58:53.498 15858-15884 ServerStat...UNTIMEIPC] com.oculus.sdk.helloxr.vulkan        W  IPCService: GetDataBegin: entryIndex < 0 || entryIndex >= numEntries_ || entryIndex >= trustedMaxEntries: 4, 19, 0
2025-01-26 22:58:53.498 15858-15884 OpenXR                  com.oculus.sdk.helloxr.vulkan        I  PostSessionStateChange:[pid: 15858] XR_SESSION_STATE_READY -> XR_SESSION_STATE_SYNCHRONIZED
2025-01-26 22:58:53.498 15858-15884 Deque                   com.oculus.sdk.helloxr.vulkan        I  AddEventToQueue called. eventInfo.type: 18, eventInfo.next: 1
2025-01-26 22:58:53.498 15858-15884 helloxr                 com.oculus.sdk.helloxr.vulkan        V  [22:58:53.498][Info   ] XrEventDataSessionStateChanged: state XR_SESSION_STATE_READY->XR_SESSION_STATE_SYNCHRONIZED session=144115188075855875 time=215643997497356
2025-01-26 22:58:53.498 15858-15884 OpenXR                  com.oculus.sdk.helloxr.vulkan        I  PostSessionStateChange:[pid: 15858] XR_SESSION_STATE_SYNCHRONIZED -> XR_SESSION_STATE_VISIBLE
2025-01-26 22:58:53.499 15858-15884 Deque                   com.oculus.sdk.helloxr.vulkan        I  AddEventToQueue called. eventInfo.type: 18, eventInfo.next: 1
2025-01-26 22:58:53.499 15858-15884 OpenXR                  com.oculus.sdk.helloxr.vulkan        I  PostSessionStateChange:[pid: 15858] XR_SESSION_STATE_VISIBLE -> XR_SESSION_STATE_FOCUSED
2025-01-26 22:58:53.499 15858-15884 Deque                   com.oculus.sdk.helloxr.vulkan        I  AddEventToQueue called. eventInfo.type: 18, eventInfo.next: 1
2025-01-26 22:58:53.499 15858-15884 helloxr                 com.oculus.sdk.helloxr.vulkan        V  [22:58:53.499][Info   ] XrEventDataSessionStateChanged: state XR_SESSION_STATE_SYNCHRONIZED->XR_SESSION_STATE_VISIBLE session=144115188075855875 time=215643997758919
2025-01-26 22:58:53.499 15858-15884 helloxr                 com.oculus.sdk.helloxr.vulkan        V  [22:58:53.499][Info   ] XrEventDataSessionStateChanged: state XR_SESSION_STATE_VISIBLE->XR_SESSION_STATE_FOCUSED session=144115188075855875 time=215643998657565
2025-01-26 22:58:53.511 15858-15884 AppLoadTim...etryCommon com.oculus.sdk.helloxr.vulkan        I  App load time recorded [packageName=com.oculus.sdk.helloxr.vulkan, time=0.854503, method="BeginFrame (1)", launchType="Launch", launchId=""]
2025-01-26 22:58:53.914 15858-15929 InputDeviceManager      com.oculus.sdk.helloxr.vulkan        I  HANDTRACKING Root pose filter profile changed for freq to 17 from 20  inf: 1
2025-01-26 22:58:54.000 15858-15930 Telemetry               com.oculus.sdk.helloxr.vulkan        I  Time aligned, interrupted: 0
2025-01-26 22:58:54.649 15858-15871 System                  com.oculus.sdk.helloxr.vulkan        W  A resource failed to call close.
2025-01-26 22:58:55.007 15858-15930 ClientShar...metryStats com.oculus.sdk.helloxr.vulkan        I  App memory usage: PSS=72 MiB, PrivateDirty=47 MiB, PrivateClean=0 MiB, GPU=24.6/24.6 MiB (100% allocated)
2025-01-26 22:58:55.007 15858-15930 VrApi                   com.oculus.sdk.helloxr.vulkan        I  FPS=1/72,Prd=0ms,Tear=0,Early=0,Stale=2,Stale2/5/10/max=0/0/1/14,VSnc=1,Lat=-1,Fov=0D,CPU4/GPU=2/2,1651/456MHz,OC=3F,TA=0/0/0,SP=N/N/N,Mem=3196MHz,Free=4192MB,PLS=0,Temp=32.0C/0.0C,TW=0.82ms,App=0.00ms,GD=0.00ms,CPU&GPU=0.00ms,LCnt=2(DR67,LM2),GPU%=0.10,CPU%=0.10(W0.14),DSF=1.00,CFL=12.14/16.62,ICFLp95=15.52,LD=0,SF=0.00,LP=0,DVFS=0
2025-01-26 22:58:56.000 15858-15930 VrApi                   com.oculus.sdk.helloxr.vulkan        I  FPS=73/72,Prd=22ms,Tear=0,Early=0,Stale=0,Stale2/5/10/max=0/0/0/0,VSnc=1,Lat=-1,Fov=0D,CPU4/GPU=2/2,1382/456MHz,OC=3F,TA=0/0/0,SP=N/N/N,Mem=1555MHz,Free=4192MB,PLS=0,Temp=32.0C/0.0C,TW=0.65ms,App=0.32ms,GD=0.00ms,CPU&GPU=1.04ms,LCnt=1(DR72,LM0),GPU%=0.09,CPU%=0.06(W0.10),DSF=1.00,CFL=10.54/16.71,ICFLp95=15.38,LD=0,SF=1.00,LP=0,DVFS=0
2025-01-26 22:58:57.000 15858-15930 VrApi                   com.oculus.sdk.helloxr.vulkan        I  FPS=73/72,Prd=21ms,Tear=0,Early=0,Stale=0,Stale2/5/10/max=0/0/0/0,VSnc=1,Lat=-1,Fov=0D,CPU4/GPU=2/2,1382/456MHz,OC=3F,TA=0/0/0,SP=N/N/N,Mem=1555MHz,Free=4192MB,PLS=0,Temp=32.0C/0.0C,TW=0.64ms,App=0.27ms,GD=0.00ms,CPU&GPU=1.03ms,LCnt=1(DR73,LM0),GPU%=0.08,CPU%=0.06(W0.10),DSF=1.00,CFL=10.69/15.26,ICFLp95=13.95,LD=0,SF=1.00,LP=0,DVFS=0
2025-01-26 22:58:58.000 15858-15930 VrApi                   com.oculus.sdk.helloxr.vulkan        I  FPS=73/72,Prd=21ms,Tear=0,Early=0,Stale=0,Stale2/5/10/max=0/0/0/0,VSnc=1,Lat=-1,Fov=0D,CPU4/GPU=2/2,1920/456MHz,OC=3F,TA=0/0/0,SP=N/N/N,Mem=1708MHz,Free=4192MB,PLS=0,Temp=32.0C/0.0C,TW=0.63ms,App=0.28ms,GD=0.00ms,CPU&GPU=1.00ms,LCnt=1(DR72,LM0),GPU%=0.08,CPU%=0.05(W0.05),DSF=1.00,CFL=10.59/15.44,ICFLp95=13.88,LD=0,SF=1.00,LP=0,DVFS=0
2025-01-26 22:58:59.000 15858-15930 VrApi                   com.oculus.sdk.helloxr.vulkan        I  FPS=72/72,Prd=21ms,Tear=0,Early=0,Stale=0,Stale2/5/10/max=0/0/0/0,VSnc=1,Lat=-1,Fov=0D,CPU4/GPU=2/2,1382/456MHz,OC=3F,TA=0/0/0,SP=N/N/N,Mem=547MHz,Free=4192MB,PLS=0,Temp=32.0C/0.0C,TW=0.66ms,App=0.27ms,GD=0.00ms,CPU&GPU=1.06ms,LCnt=1(DR73,LM0),GPU%=0.08,CPU%=0.08(W0.09),DSF=1.00,CFL=10.55/15.12,ICFLp95=13.78,LD=0,SF=1.00,LP=0,DVFS=0
2025-01-26 22:59:00.001 15858-15930 VrApi                   com.oculus.sdk.helloxr.vulkan        I  FPS=73/72,Prd=21ms,Tear=0,Early=0,Stale=0,Stale2/5/10/max=0/0/0/0,VSnc=1,Lat=-1,Fov=0D,CPU4/GPU=2/2,1382/456MHz,OC=3F,TA=0/0/0,SP=N/N/N,Mem=768MHz,Free=4192MB,PLS=0,Temp=32.0C/0.0C,TW=0.67ms,App=0.30ms,GD=0.00ms,CPU&GPU=1.11ms,LCnt=1(DR72,LM0),GPU%=0.08,CPU%=0.05(W0.10),DSF=1.00,CFL=10.55/15.41,ICFLp95=13.88,LD=0,SF=1.00,LP=0,DVFS=0
2025-01-26 22:59:00.441 15858-15884 AppLoadTim...etryCommon com.oculus.sdk.helloxr.vulkan        I  App load time recorded [packageName=com.oculus.sdk.helloxr.vulkan, time=7.784599, method="BeginFrame (500)", launchType="Launch", launchId=""]
2025-01-26 22:59:01.001 15858-15930 VrApi                   com.oculus.sdk.helloxr.vulkan        I  FPS=73/72,Prd=21ms,Tear=0,Early=0,Stale=0,Stale2/5/10/max=0/0/0/0,VSnc=1,Lat=-1,Fov=0D,CPU4/GPU=2/2,1382/456MHz,OC=3F,TA=0/0/0,SP=N/N/N,Mem=1555MHz,Free=4192MB,PLS=0,Temp=32.0C/0.0C,TW=0.64ms,App=0.26ms,GD=0.00ms,CPU&GPU=1.17ms,LCnt=1(DR73,LM0),GPU%=0.08,CPU%=0.06(W0.09),DSF=1.00,CFL=10.54/15.20,ICFLp95=13.81,LD=0,SF=1.00,LP=0,DVFS=0
2025-01-26 22:59:02.001 15858-15930 VrApi                   com.oculus.sdk.helloxr.vulkan        I  FPS=73/72,Prd=21ms,Tear=0,Early=0,Stale=0,Stale2/5/10/max=0/0/0/0,VSnc=1,Lat=-1,Fov=0D,CPU4/GPU=2/2,1382/456MHz,OC=3F,TA=0/0/0,SP=N/N/N,Mem=547MHz,Free=4192MB,PLS=0,Temp=32.0C/0.0C,TW=0.64ms,App=0.28ms,GD=0.00ms,CPU&GPU=1.04ms,LCnt=1(DR73,LM0),GPU%=0.08,CPU%=0.04(W0.13),DSF=1.00,CFL=10.49/15.18,ICFLp95=13.83,LD=0,SF=1.00,LP=0,DVFS=0
2025-01-26 22:59:03.001 15858-15930 VrApi                   com.oculus.sdk.helloxr.vulkan        I  FPS=72/72,Prd=21ms,Tear=0,Early=0,Stale=0,Stale2/5/10/max=0/0/0/0,VSnc=1,Lat=-1,Fov=0D,CPU4/GPU=2/2,1382/456MHz,OC=3F,TA=0/0/0,SP=N/N/N,Mem=547MHz,Free=4192MB,PLS=0,Temp=32.0C/0.0C,TW=0.67ms,App=0.27ms,GD=0.00ms,CPU&GPU=1.10ms,LCnt=1(DR72,LM0),GPU%=0.08,CPU%=0.03(W0.05),DSF=1.00,CFL=10.44/15.16,ICFLp95=13.77,LD=0,SF=1.00,LP=0,DVFS=0
2025-01-26 22:59:04.001 15858-15930 VrApi                   com.oculus.sdk.helloxr.vulkan        I  FPS=73/72,Prd=21ms,Tear=0,Early=0,Stale=0,Stale2/5/10/max=0/0/0/0,VSnc=1,Lat=-1,Fov=0D,CPU4/GPU=2/2,1382/456MHz,OC=3F,TA=0/0/0,SP=N/N/N,Mem=547MHz,Free=4192MB,PLS=0,Temp=32.0C/0.0C,TW=0.65ms,App=0.29ms,GD=0.00ms,CPU&GPU=1.12ms,LCnt=1(DR73,LM0),GPU%=0.08,CPU%=0.03(W0.05),DSF=1.00,CFL=10.42/15.09,ICFLp95=13.76,LD=0,SF=1.00,LP=0,DVFS=0
2025-01-26 22:59:05.001 15858-15930 VrApi                   com.oculus.sdk.helloxr.vulkan        I  FPS=72/72,Prd=21ms,Tear=0,Early=0,Stale=0,Stale2/5/10/max=0/0/0/0,VSnc=1,Lat=-1,Fov=0D,CPU4/GPU=2/2,1382/456MHz,OC=3F,TA=0/0/0,SP=N/N/N,Mem=1555MHz,Free=4192MB,PLS=0,Temp=33.0C/0.0C,TW=0.66ms,App=0.26ms,GD=0.00ms,CPU&GPU=1.10ms,LCnt=1(DR73,LM0),GPU%=0.08,CPU%=0.05(W0.09),DSF=1.00,CFL=10.40/15.11,ICFLp95=13.75,LD=0,SF=1.00,LP=0,DVFS=0
2025-01-26 22:59:06.001 15858-15930 VrApi                   com.oculus.sdk.helloxr.vulkan        I  FPS=73/72,Prd=21ms,Tear=0,Early=0,Stale=0,Stale2/5/10/max=0/0/0/0,VSnc=1,Lat=-1,Fov=0D,CPU4/GPU=2/2,1382/456MHz,OC=3F,TA=0/0/0,SP=N/N/N,Mem=1555MHz,Free=4192MB,PLS=0,Temp=33.0C/0.0C,TW=0.56ms,App=0.18ms,GD=0.00ms,CPU&GPU=1.13ms,LCnt=1(DR73,LM0),GPU%=0.08,CPU%=0.21(W0.24),DSF=1.00,CFL=10.43/15.08,ICFLp95=13.76,LD=0,SF=1.00,LP=0,DVFS=0
2025-01-26 22:59:07.001 15858-15930 VrApi                   com.oculus.sdk.helloxr.vulkan        I  FPS=73/72,Prd=21ms,Tear=0,Early=0,Stale=0,Stale2/5/10/max=0/0/0/0,VSnc=1,Lat=-1,Fov=0D,CPU4/GPU=2/2,1382/456MHz,OC=3F,TA=0/0/0,SP=N/N/N,Mem=547MHz,Free=4192MB,PLS=0,Temp=33.0C/0.0C,TW=0.60ms,App=0.24ms,GD=0.00ms,CPU&GPU=1.06ms,LCnt=1(DR73,LM0),GPU%=0.08,CPU%=0.08(W0.09),DSF=1.00,CFL=10.40/15.24,ICFLp95=13.80,LD=0,SF=1.00,LP=0,DVFS=0
2025-01-26 22:59:07.385 15858-15884 AppLoadTim...etryCommon com.oculus.sdk.helloxr.vulkan        I  App load time recorded [packageName=com.oculus.sdk.helloxr.vulkan, time=14.728547, method="BeginFrame (1000)", launchType="Launch", launchId=""]
2025-01-26 22:59:08.001 15858-15930 VrApi                   com.oculus.sdk.helloxr.vulkan        I  FPS=73/72,Prd=21ms,Tear=0,Early=0,Stale=0,Stale2/5/10/max=0/0/0/0,VSnc=1,Lat=-1,Fov=0D,CPU4/GPU=2/2,1382/456MHz,OC=3F,TA=0/0/0,SP=N/N/N,Mem=1555MHz,Free=4192MB,PLS=0,Temp=33.0C/0.0C,TW=0.69ms,App=0.25ms,GD=0.00ms,CPU&GPU=1.18ms,LCnt=1(DR73,LM0),GPU%=0.08,CPU%=0.21(W0.24),DSF=1.00,CFL=10.44/15.17,ICFLp95=13.80,LD=0,SF=1.00,LP=0,DVFS=0
2025-01-26 22:59:09.001 15858-15930 VrApi                   com.oculus.sdk.helloxr.vulkan        I  FPS=73/72,Prd=21ms,Tear=0,Early=0,Stale=0,Stale2/5/10/max=0/0/0/0,VSnc=1,Lat=-1,Fov=0D,CPU4/GPU=2/2,1382/456MHz,OC=3F,TA=0/0/0,SP=N/N/N,Mem=547MHz,Free=4192MB,PLS=0,Temp=33.0C/0.0C,TW=0.66ms,App=0.27ms,GD=0.00ms,CPU&GPU=1.03ms,LCnt=1(DR73,LM0),GPU%=0.08,CPU%=0.05(W0.05),DSF=1.00,CFL=10.51/15.27,ICFLp95=13.91,LD=0,SF=1.00,LP=0,DVFS=0
2025-01-26 22:59:09.039 15858-15884 threaded_app            com.oculus.sdk.helloxr.vulkan        V  New input event: type=1
2025-01-26 22:59:09.052 15858-15884 threaded_app            com.oculus.sdk.helloxr.vulkan        V  New input event: type=1
2025-01-26 22:59:09.066 15858-15884 threaded_app            com.oculus.sdk.helloxr.vulkan        V  New input event: type=1
2025-01-26 22:59:09.080 15858-15884 threaded_app            com.oculus.sdk.helloxr.vulkan        V  New input event: type=1
2025-01-26 22:59:09.094 15858-15884 threaded_app            com.oculus.sdk.helloxr.vulkan        V  New input event: type=1
2025-01-26 22:59:09.108 15858-15884 threaded_app            com.oculus.sdk.helloxr.vulkan        V  New input event: type=1
2025-01-26 22:59:09.122 15858-15884 threaded_app            com.oculus.sdk.helloxr.vulkan        V  New input event: type=1
2025-01-26 22:59:09.136 15858-15884 threaded_app            com.oculus.sdk.helloxr.vulkan        V  New input event: type=1
2025-01-26 22:59:10.001 15858-15930 VrApi                   com.oculus.sdk.helloxr.vulkan        I  FPS=72/72,Prd=21ms,Tear=0,Early=0,Stale=0,Stale2/5/10/max=0/0/0/0,VSnc=1,Lat=-1,Fov=0D,CPU4/GPU=2/2,1382/456MHz,OC=3F,TA=0/0/0,SP=N/N/N,Mem=1555MHz,Free=4192MB,PLS=0,Temp=33.0C/0.0C,TW=0.62ms,App=0.24ms,GD=0.00ms,CPU&GPU=1.13ms,LCnt=1(DR72,LM0),GPU%=0.08,CPU%=0.08(W0.10),DSF=1.00,CFL=10.60/15.25,ICFLp95=13.93,LD=0,SF=1.00,LP=0,DVFS=0
2025-01-26 22:59:11.001 15858-15930 VrApi                   com.oculus.sdk.helloxr.vulkan        I  FPS=73/72,Prd=21ms,Tear=0,Early=0,Stale=0,Stale2/5/10/max=0/0/0/0,VSnc=1,Lat=-1,Fov=0D,CPU4/GPU=2/2,1382/456MHz,OC=3F,TA=0/0/0,SP=N/N/N,Mem=768MHz,Free=4192MB,PLS=0,Temp=33.0C/0.0C,TW=0.70ms,App=0.63ms,GD=0.00ms,CPU&GPU=1.14ms,LCnt=1(DR72,LM0),GPU%=0.11,CPU%=0.03(W0.09),DSF=1.00,CFL=10.52/15.23,ICFLp95=13.82,LD=0,SF=1.00,LP=0,DVFS=0
2025-01-26 22:59:12.001 15858-15930 VrApi                   com.oculus.sdk.helloxr.vulkan        I  FPS=73/72,Prd=21ms,Tear=0,Early=0,Stale=0,Stale2/5/10/max=0/0/0/0,VSnc=1,Lat=-1,Fov=0D,CPU4/GPU=2/2,1382/456MHz,OC=3F,TA=0/0/0,SP=N/N/N,Mem=681MHz,Free=4192MB,PLS=0,Temp=33.0C/0.0C,TW=0.67ms,App=0.42ms,GD=0.00ms,CPU&GPU=1.40ms,LCnt=1(DR73,LM0),GPU%=0.10,CPU%=0.25(W0.32),DSF=1.00,CFL=10.49/15.20,ICFLp95=13.81,LD=0,SF=1.00,LP=0,DVFS=0
2025-01-26 22:59:13.001 15858-15930 VrApi                   com.oculus.sdk.helloxr.vulkan        I  FPS=72/72,Prd=21ms,Tear=0,Early=0,Stale=0,Stale2/5/10/max=0/0/0/0,VSnc=1,Lat=-1,Fov=0D,CPU4/GPU=2/2,1382/456MHz,OC=3F,TA=0/0/0,SP=N/N/N,Mem=1555MHz,Free=4192MB,PLS=0,Temp=33.0C/0.0C,TW=0.67ms,App=0.41ms,GD=0.00ms,CPU&GPU=1.27ms,LCnt=1(DR73,LM0),GPU%=0.10,CPU%=0.02(W0.05),DSF=1.00,CFL=10.50/15.20,ICFLp95=13.85,LD=0,SF=1.00,LP=0,DVFS=0
2025-01-26 22:59:14.001 15858-15930 VrApi                   com.oculus.sdk.helloxr.vulkan        I  FPS=73/72,Prd=21ms,Tear=0,Early=0,Stale=0,Stale2/5/10/max=0/0/0/0,VSnc=1,Lat=-1,Fov=0D,CPU4/GPU=2/2,1382/456MHz,OC=3F,TA=0/0/0,SP=N/N/N,Mem=768MHz,Free=4192MB,PLS=0,Temp=33.0C/0.0C,TW=0.68ms,App=0.39ms,GD=0.00ms,CPU&GPU=1.25ms,LCnt=1(DR72,LM0),GPU%=0.09,CPU%=0.22(W0.32),DSF=1.00,CFL=10.52/15.43,ICFLp95=13.93,LD=0,SF=1.00,LP=0,DVFS=0
2025-01-26 22:59:15.011 15858-15930 ClientShar...metryStats com.oculus.sdk.helloxr.vulkan        I  App memory usage: PSS=72 MiB, PrivateDirty=47 MiB, PrivateClean=0 MiB, GPU=24.6/24.6 MiB (100% allocated)
2025-01-26 22:59:15.012 15858-15930 VrApi                   com.oculus.sdk.helloxr.vulkan        I  FPS=72/72,Prd=21ms,Tear=0,Early=0,Stale=0,Stale2/5/10/max=0/0/0/0,VSnc=1,Lat=-1,Fov=0D,CPU4/GPU=2/2,1382/456MHz,OC=3F,TA=0/0/0,SP=N/N/N,Mem=1555MHz,Free=4199MB,PLS=0,Temp=33.0C/0.0C,TW=0.68ms,App=0.42ms,GD=0.00ms,CPU&GPU=1.23ms,LCnt=1(DR73,LM0),GPU%=0.10,CPU%=0.02(W0.05),DSF=1.00,CFL=10.41/15.25,ICFLp95=13.82,LD=0,SF=1.00,LP=0,DVFS=0
2025-01-26 22:59:16.002 15858-15930 VrApi                   com.oculus.sdk.helloxr.vulkan        I  FPS=73/72,Prd=21ms,Tear=0,Early=0,Stale=0,Stale2/5/10/max=0/0/0/0,VSnc=1,Lat=-1,Fov=0D,CPU4/GPU=2/2,1382/456MHz,OC=3F,TA=0/0/0,SP=N/N/N,Mem=768MHz,Free=4199MB,PLS=0,Temp=33.0C/0.0C,TW=0.67ms,App=0.40ms,GD=0.00ms,CPU&GPU=1.26ms,LCnt=1(DR73,LM0),GPU%=0.09,CPU%=0.03(W0.09),DSF=1.00,CFL=10.41/15.22,ICFLp95=13.79,LD=0,SF=1.00,LP=0,DVFS=0
2025-01-26 22:59:17.002 15858-15930 VrApi                   com.oculus.sdk.helloxr.vulkan        I  FPS=72/72,Prd=21ms,Tear=0,Early=0,Stale=0,Stale2/5/10/max=0/0/0/0,VSnc=1,Lat=-1,Fov=0D,CPU4/GPU=2/2,1382/456MHz,OC=3F,TA=0/0/0,SP=N/N/N,Mem=768MHz,Free=4199MB,PLS=0,Temp=33.0C/0.0C,TW=0.69ms,App=0.43ms,GD=0.00ms,CPU&GPU=1.28ms,LCnt=1(DR73,LM0),GPU%=0.10,CPU%=0.06(W0.13),DSF=1.00,CFL=10.40/15.32,ICFLp95=13.80,LD=0,SF=1.00,LP=0,DVFS=0
2025-01-26 22:59:18.002 15858-15930 VrApi                   com.oculus.sdk.helloxr.vulkan        I  FPS=73/72,Prd=21ms,Tear=0,Early=0,Stale=0,Stale2/5/10/max=0/0/0/0,VSnc=1,Lat=-1,Fov=0D,CPU4/GPU=2/2,1382/456MHz,OC=3F,TA=0/0/0,SP=N/N/N,Mem=768MHz,Free=4199MB,PLS=0,Temp=33.0C/0.0C,TW=0.68ms,App=0.43ms,GD=0.00ms,CPU&GPU=1.27ms,LCnt=1(DR73,LM0),GPU%=0.10,CPU%=0.05(W0.14),DSF=1.00,CFL=10.44/15.36,ICFLp95=13.78,LD=0,SF=1.00,LP=0,DVFS=0
2025-01-26 22:59:19.002 15858-15930 VrApi                   com.oculus.sdk.helloxr.vulkan        I  FPS=73/72,Prd=21ms,Tear=0,Early=0,Stale=0,Stale2/5/10/max=0/0/0/0,VSnc=1,Lat=-1,Fov=0D,CPU4/GPU=2/2,1382/456MHz,OC=3F,TA=0/0/0,SP=N/N/N,Mem=1555MHz,Free=4199MB,PLS=0,Temp=33.0C/0.0C,TW=0.67ms,App=0.44ms,GD=0.00ms,CPU&GPU=1.25ms,LCnt=1(DR73,LM0),GPU%=0.10,CPU%=0.05(W0.09),DSF=1.00,CFL=10.43/15.11,ICFLp95=13.76,LD=0,SF=1.00,LP=0,DVFS=0
2025-01-26 22:59:20.002 15858-15930 VrApi                   com.oculus.sdk.helloxr.vulkan        I  FPS=73/72,Prd=21ms,Tear=0,Early=0,Stale=0,Stale2/5/10/max=0/0/0/0,VSnc=1,Lat=-1,Fov=0D,CPU4/GPU=2/2,1382/456MHz,OC=3F,TA=0/0/0,SP=N/N/N,Mem=681MHz,Free=4199MB,PLS=0,Temp=33.0C/0.0C,TW=0.68ms,App=0.54ms,GD=0.00ms,CPU&GPU=1.19ms,LCnt=1(DR73,LM0),GPU%=0.11,CPU%=0.06(W0.10),DSF=1.00,CFL=10.39/15.07,ICFLp95=13.74,LD=0,SF=1.00,LP=0,DVFS=0
2025-01-26 22:59:20.371 15858-15884 threaded_app            com.oculus.sdk.helloxr.vulkan        V  New input event: type=1
2025-01-26 22:59:20.385 15858-15884 threaded_app            com.oculus.sdk.helloxr.vulkan        V  New input event: type=1
2025-01-26 22:59:20.399 15858-15884 threaded_app            com.oculus.sdk.helloxr.vulkan        V  New input event: type=1
2025-01-26 22:59:20.413 15858-15884 threaded_app            com.oculus.sdk.helloxr.vulkan        V  New input event: type=1
2025-01-26 22:59:21.002 15858-15930 VrApi                   com.oculus.sdk.helloxr.vulkan        I  FPS=73/72,Prd=21ms,Tear=0,Early=0,Stale=0,Stale2/5/10/max=0/0/0/0,VSnc=1,Lat=-1,Fov=0D,CPU4/GPU=2/2,1382/456MHz,OC=3F,TA=0/0/0,SP=N/N/N,Mem=547MHz,Free=4199MB,PLS=0,Temp=33.0C/0.0C,TW=0.66ms,App=0.28ms,GD=0.00ms,CPU&GPU=1.12ms,LCnt=1(DR73,LM0),GPU%=0.08,CPU%=0.03(W0.10),DSF=1.00,CFL=10.48/15.11,ICFLp95=13.76,LD=0,SF=1.00,LP=0,DVFS=0
2025-01-26 22:59:21.273 15858-15884 AppLoadTim...etryCommon com.oculus.sdk.helloxr.vulkan        I  App load time recorded [packageName=com.oculus.sdk.helloxr.vulkan, time=28.616327, method="BeginFrame (2000)", launchType="Launch", launchId=""]
2025-01-26 22:59:22.002 15858-15930 VrApi                   com.oculus.sdk.helloxr.vulkan        I  FPS=73/72,Prd=21ms,Tear=0,Early=0,Stale=0,Stale2/5/10/max=0/0/0/0,VSnc=1,Lat=-1,Fov=0D,CPU4/GPU=2/2,1382/456MHz,OC=3F,TA=0/0/0,SP=N/N/N,Mem=768MHz,Free=4199MB,PLS=0,Temp=33.0C/0.0C,TW=0.65ms,App=0.29ms,GD=0.00ms,CPU&GPU=1.13ms,LCnt=1(DR73,LM0),GPU%=0.08,CPU%=0.05(W0.09),DSF=1.00,CFL=10.42/15.14,ICFLp95=13.74,LD=0,SF=1.00,LP=0,DVFS=0
2025-01-26 22:59:23.002 15858-15930 VrApi                   com.oculus.sdk.helloxr.vulkan        I  FPS=73/72,Prd=21ms,Tear=0,Early=0,Stale=0,Stale2/5/10/max=0/0/0/0,VSnc=1,Lat=-1,Fov=0D,CPU4/GPU=2/2,1382/456MHz,OC=3F,TA=0/0/0,SP=N/N/N,Mem=547MHz,Free=4199MB,PLS=0,Temp=33.0C/0.0C,TW=0.66ms,App=0.28ms,GD=0.00ms,CPU&GPU=1.10ms,LCnt=1(DR73,LM0),GPU%=0.08,CPU%=0.00(W0.00),DSF=1.00,CFL=10.44/15.14,ICFLp95=13.76,LD=0,SF=1.00,LP=0,DVFS=0
2025-01-26 22:59:24.002 15858-15930 VrApi                   com.oculus.sdk.helloxr.vulkan        I  FPS=73/72,Prd=21ms,Tear=0,Early=0,Stale=0,Stale2/5/10/max=0/0/0/0,VSnc=1,Lat=-1,Fov=0D,CPU4/GPU=2/2,1382/456MHz,OC=3F,TA=0/0/0,SP=N/N/N,Mem=547MHz,Free=4199MB,PLS=0,Temp=33.0C/0.0C,TW=0.65ms,App=0.28ms,GD=0.00ms,CPU&GPU=1.13ms,LCnt=1(DR72,LM0),GPU%=0.08,CPU%=0.06(W0.09),DSF=1.00,CFL=10.42/15.49,ICFLp95=13.77,LD=0,SF=1.00,LP=0,DVFS=0
2025-01-26 22:59:25.002 15858-15930 VrApi                   com.oculus.sdk.helloxr.vulkan        I  FPS=73/72,Prd=21ms,Tear=0,Early=0,Stale=0,Stale2/5/10/max=0/0/0/0,VSnc=1,Lat=-1,Fov=0D,CPU4/GPU=2/2,1382/456MHz,OC=3F,TA=0/0/0,SP=N/N/N,Mem=768MHz,Free=4199MB,PLS=0,Temp=33.0C/0.0C,TW=0.65ms,App=0.26ms,GD=0.00ms,CPU&GPU=1.09ms,LCnt=1(DR73,LM0),GPU%=0.08,CPU%=0.09(W0.14),DSF=1.00,CFL=10.39/15.13,ICFLp95=13.74,LD=0,SF=1.00,LP=0,DVFS=0
2025-01-26 22:59:26.002 15858-15930 VrApi                   com.oculus.sdk.helloxr.vulkan        I  FPS=73/72,Prd=21ms,Tear=0,Early=0,Stale=0,Stale2/5/10/max=0/0/0/0,VSnc=1,Lat=-1,Fov=0D,CPU4/GPU=2/2,1382/456MHz,OC=3F,TA=0/0/0,SP=N/N/N,Mem=547MHz,Free=4199MB,PLS=0,Temp=33.0C/0.0C,TW=0.66ms,App=0.27ms,GD=0.00ms,CPU&GPU=1.11ms,LCnt=1(DR73,LM0),GPU%=0.08,CPU%=0.04(W0.13),DSF=1.00,CFL=10.40/15.17,ICFLp95=13.80,LD=0,SF=1.00,LP=0,DVFS=0
2025-01-26 22:59:27.002 15858-15930 VrApi                   com.oculus.sdk.helloxr.vulkan        I  FPS=73/72,Prd=21ms,Tear=0,Early=0,Stale=0,Stale2/5/10/max=0/0/0/0,VSnc=1,Lat=-1,Fov=0D,CPU4/GPU=2/2,1382/456MHz,OC=3F,TA=0/0/0,SP=N/N/N,Mem=768MHz,Free=4199MB,PLS=0,Temp=33.0C/0.0C,TW=0.66ms,App=0.28ms,GD=0.00ms,CPU&GPU=1.13ms,LCnt=1(DR72,LM0),GPU%=0.08,CPU%=0.05(W0.09),DSF=1.00,CFL=10.43/15.06,ICFLp95=13.74,LD=0,SF=1.00,LP=0,DVFS=0
2025-01-26 22:59:28.002 15858-15930 VrApi                   com.oculus.sdk.helloxr.vulkan        I  FPS=73/72,Prd=21ms,Tear=0,Early=0,Stale=0,Stale2/5/10/max=0/0/0/0,VSnc=1,Lat=-1,Fov=0D,CPU4/GPU=2/2,1382/456MHz,OC=3F,TA=0/0/0,SP=N/N/N,Mem=1555MHz,Free=4199MB,PLS=0,Temp=33.0C/0.0C,TW=0.66ms,App=0.27ms,GD=0.00ms,CPU&GPU=1.15ms,LCnt=1(DR73,LM0),GPU%=0.08,CPU%=0.05(W0.09),DSF=1.00,CFL=10.42/15.12,ICFLp95=13.75,LD=0,SF=1.00,LP=0,DVFS=0
2025-01-26 22:59:29.002 15858-15930 VrApi                   com.oculus.sdk.helloxr.vulkan        I  FPS=73/72,Prd=21ms,Tear=0,Early=0,Stale=0,Stale2/5/10/max=0/0/0/0,VSnc=1,Lat=-1,Fov=0D,CPU4/GPU=2/2,1382/456MHz,OC=3F,TA=0/0/0,SP=N/N/N,Mem=1708MHz,Free=4199MB,PLS=0,Temp=33.0C/0.0C,TW=0.70ms,App=0.30ms,GD=0.00ms,CPU&GPU=1.10ms,LCnt=1(DR73,LM0),GPU%=0.09,CPU%=0.06(W0.14),DSF=1.00,CFL=10.40/15.29,ICFLp95=13.81,LD=0,SF=1.00,LP=0,DVFS=0
2025-01-26 22:59:30.003 15858-15930 VrApi                   com.oculus.sdk.helloxr.vulkan        I  FPS=73/72,Prd=21ms,Tear=0,Early=0,Stale=0,Stale2/5/10/max=0/0/0/0,VSnc=1,Lat=-1,Fov=0D,CPU4/GPU=2/2,1382/456MHz,OC=3F,TA=0/0/0,SP=N/N/N,Mem=1555MHz,Free=4199MB,PLS=0,Temp=33.0C/0.0C,TW=0.66ms,App=0.33ms,GD=0.00ms,CPU&GPU=1.07ms,LCnt=1(DR72,LM0),GPU%=0.08,CPU%=0.05(W0.09),DSF=1.00,CFL=10.57/15.21,ICFLp95=13.85,LD=0,SF=1.00,LP=0,DVFS=0
2025-01-26 22:59:31.003 15858-15930 VrApi                   com.oculus.sdk.helloxr.vulkan        I  FPS=72/72,Prd=21ms,Tear=0,Early=0,Stale=0,Stale2/5/10/max=0/0/0/0,VSnc=1,Lat=-1,Fov=0D,CPU4/GPU=2/2,1382/456MHz,OC=3F,TA=0/0/0,SP=N/N/N,Mem=547MHz,Free=4199MB,PLS=0,Temp=33.0C/0.0C,TW=0.66ms,App=0.28ms,GD=0.00ms,CPU&GPU=1.11ms,LCnt=1(DR72,LM0),GPU%=0.08,CPU%=0.03(W0.05),DSF=1.00,CFL=10.53/15.25,ICFLp95=13.86,LD=0,SF=1.00,LP=0,DVFS=0
2025-01-26 22:59:32.003 15858-15930 VrApi                   com.oculus.sdk.helloxr.vulkan        I  FPS=72/72,Prd=21ms,Tear=0,Early=0,Stale=0,Stale2/5/10/max=0/0/0/0,VSnc=1,Lat=-1,Fov=0D,CPU4/GPU=2/2,1382/456MHz,OC=3F,TA=0/0/0,SP=N/N/N,Mem=547MHz,Free=4199MB,PLS=0,Temp=33.0C/0.0C,TW=0.66ms,App=0.26ms,GD=0.00ms,CPU&GPU=1.10ms,LCnt=1(DR73,LM0),GPU%=0.08,CPU%=0.05(W0.05),DSF=1.00,CFL=10.50/15.23,ICFLp95=13.81,LD=0,SF=1.00,LP=0,DVFS=0
2025-01-26 22:59:33.003 15858-15930 VrApi                   com.oculus.sdk.helloxr.vulkan        I  FPS=73/72,Prd=21ms,Tear=0,Early=0,Stale=0,Stale2/5/10/max=0/0/0/0,VSnc=1,Lat=-1,Fov=0D,CPU4/GPU=2/2,1382/456MHz,OC=3F,TA=0/0/0,SP=N/N/N,Mem=1555MHz,Free=4199MB,PLS=0,Temp=33.0C/0.0C,TW=0.63ms,App=0.29ms,GD=0.00ms,CPU&GPU=1.13ms,LCnt=1(DR73,LM0),GPU%=0.08,CPU%=0.03(W0.05),DSF=1.00,CFL=10.45/15.15,ICFLp95=13.79,LD=0,SF=1.00,LP=0,DVFS=0
2025-01-26 22:59:34.003 15858-15930 VrApi                   com.oculus.sdk.helloxr.vulkan        I  FPS=73/72,Prd=21ms,Tear=0,Early=0,Stale=0,Stale2/5/10/max=0/0/0/0,VSnc=1,Lat=-1,Fov=0D,CPU4/GPU=2/2,1382/456MHz,OC=3F,TA=0/0/0,SP=N/N/N,Mem=768MHz,Free=4199MB,PLS=0,Temp=33.0C/0.0C,TW=0.64ms,App=0.27ms,GD=0.00ms,CPU&GPU=1.14ms,LCnt=1(DR73,LM0),GPU%=0.08,CPU%=0.05(W0.05),DSF=1.00,CFL=10.41/15.18,ICFLp95=13.75,LD=0,SF=1.00,LP=0,DVFS=0
2025-01-26 22:59:35.012 15858-15930 ClientShar...metryStats com.oculus.sdk.helloxr.vulkan        I  App memory usage: PSS=72 MiB, PrivateDirty=47 MiB, PrivateClean=0 MiB, GPU=24.6/24.6 MiB (100% allocated)
2025-01-26 22:59:35.012 15858-15930 VrApi                   com.oculus.sdk.helloxr.vulkan        I  FPS=73/72,Prd=21ms,Tear=0,Early=0,Stale=0,Stale2/5/10/max=0/0/0/0,VSnc=1,Lat=-1,Fov=0D,CPU4/GPU=2/2,1382/456MHz,OC=3F,TA=0/0/0,SP=N/N/N,Mem=1555MHz,Free=4213MB,PLS=0,Temp=33.0C/0.0C,TW=0.65ms,App=0.28ms,GD=0.00ms,CPU&GPU=1.10ms,LCnt=1(DR73,LM0),GPU%=0.08,CPU%=0.03(W0.05),DSF=1.00,CFL=10.40/15.11,ICFLp95=13.75,LD=0,SF=1.00,LP=0,DVFS=0
2025-01-26 22:59:36.003 15858-15930 VrApi                   com.oculus.sdk.helloxr.vulkan        I  FPS=73/72,Prd=21ms,Tear=0,Early=0,Stale=0,Stale2/5/10/max=0/0/0/0,VSnc=1,Lat=-1,Fov=0D,CPU4/GPU=2/2,1382/456MHz,OC=3F,TA=0/0/0,SP=N/N/N,Mem=1555MHz,Free=4213MB,PLS=0,Temp=33.0C/0.0C,TW=0.66ms,App=0.28ms,GD=0.00ms,CPU&GPU=1.13ms,LCnt=1(DR73,LM0),GPU%=0.08,CPU%=0.06(W0.10),DSF=1.00,CFL=10.40/15.04,ICFLp95=13.72,LD=0,SF=1.00,LP=0,DVFS=0
2025-01-26 22:59:37.003 15858-15930 VrApi                   com.oculus.sdk.helloxr.vulkan        I  FPS=73/72,Prd=21ms,Tear=0,Early=0,Stale=0,Stale2/5/10/max=0/0/0/0,VSnc=1,Lat=-1,Fov=0D,CPU4/GPU=2/2,1382/456MHz,OC=3F,TA=0/0/0,SP=N/N/N,Mem=1708MHz,Free=4213MB,PLS=0,Temp=33.0C/0.0C,TW=0.65ms,App=0.30ms,GD=0.00ms,CPU&GPU=1.06ms,LCnt=1(DR72,LM0),GPU%=0.08,CPU%=0.05(W0.05),DSF=1.00,CFL=10.46/15.05,ICFLp95=13.73,LD=0,SF=1.00,LP=0,DVFS=0
2025-01-26 22:59:38.003 15858-15930 VrApi                   com.oculus.sdk.helloxr.vulkan        I  FPS=72/72,Prd=21ms,Tear=0,Early=0,Stale=0,Stale2/5/10/max=0/0/0/0,VSnc=1,Lat=-1,Fov=0D,CPU4/GPU=2/2,1382/456MHz,OC=3F,TA=0/0/0,SP=N/N/N,Mem=547MHz,Free=4213MB,PLS=0,Temp=33.0C/0.0C,TW=0.66ms,App=0.26ms,GD=0.00ms,CPU&GPU=1.11ms,LCnt=1(DR73,LM0),GPU%=0.08,CPU%=0.06(W0.10),DSF=1.00,CFL=10.35/14.98,ICFLp95=13.66,LD=0,SF=1.00,LP=0,DVFS=0
2025-01-26 22:59:39.003 15858-15930 VrApi                   com.oculus.sdk.helloxr.vulkan        I  FPS=73/72,Prd=20ms,Tear=0,Early=0,Stale=0,Stale2/5/10/max=0/0/0/0,VSnc=1,Lat=-1,Fov=0D,CPU4/GPU=2/2,1382/456MHz,OC=3F,TA=0/0/0,SP=N/N/N,Mem=1708MHz,Free=4213MB,PLS=0,Temp=33.0C/0.0C,TW=0.65ms,App=0.28ms,GD=0.00ms,CPU&GPU=1.09ms,LCnt=1(DR73,LM0),GPU%=0.08,CPU%=0.03(W0.05),DSF=1.00,CFL=10.35/15.06,ICFLp95=13.69,LD=0,SF=1.00,LP=0,DVFS=0
2025-01-26 22:59:40.003 15858-15930 VrApi                   com.oculus.sdk.helloxr.vulkan        I  FPS=73/72,Prd=21ms,Tear=0,Early=0,Stale=0,Stale2/5/10/max=0/0/0/0,VSnc=1,Lat=-1,Fov=0D,CPU4/GPU=2/2,1382/456MHz,OC=3F,TA=0/0/0,SP=N/N/N,Mem=547MHz,Free=4213MB,PLS=0,Temp=33.0C/0.0C,TW=0.66ms,App=0.27ms,GD=0.00ms,CPU&GPU=1.13ms,LCnt=1(DR73,LM0),GPU%=0.08,CPU%=0.03(W0.09),DSF=1.00,CFL=10.42/15.10,ICFLp95=13.75,LD=0,SF=1.00,LP=0,DVFS=0
2025-01-26 22:59:41.003 15858-15930 VrApi                   com.oculus.sdk.helloxr.vulkan        I  FPS=73/72,Prd=21ms,Tear=0,Early=0,Stale=0,Stale2/5/10/max=0/0/0/0,VSnc=1,Lat=-1,Fov=0D,CPU4/GPU=2/2,1382/456MHz,OC=3F,TA=0/0/0,SP=N/N/N,Mem=1708MHz,Free=4213MB,PLS=0,Temp=33.0C/0.0C,TW=0.64ms,App=0.25ms,GD=0.00ms,CPU&GPU=1.14ms,LCnt=1(DR73,LM0),GPU%=0.08,CPU%=0.26(W0.27),DSF=1.00,CFL=10.39/15.19,ICFLp95=13.74,LD=0,SF=1.00,LP=0,DVFS=0
2025-01-26 22:59:42.003 15858-15930 VrApi                   com.oculus.sdk.helloxr.vulkan        I  FPS=73/72,Prd=21ms,Tear=0,Early=0,Stale=0,Stale2/5/10/max=0/0/0/0,VSnc=1,Lat=-1,Fov=0D,CPU4/GPU=2/2,1382/456MHz,OC=3F,TA=0/0/0,SP=N/N/N,Mem=768MHz,Free=4213MB,PLS=0,Temp=33.0C/0.0C,TW=0.66ms,App=0.30ms,GD=0.00ms,CPU&GPU=1.15ms,LCnt=1(DR73,LM0),GPU%=0.08,CPU%=0.08(W0.09),DSF=1.00,CFL=10.23/15.09,ICFLp95=13.70,LD=0,SF=1.00,LP=0,DVFS=0
2025-01-26 22:59:43.004 15858-15930 VrApi                   com.oculus.sdk.helloxr.vulkan        I  FPS=73/72,Prd=21ms,Tear=0,Early=0,Stale=0,Stale2/5/10/max=0/0/0/0,VSnc=1,Lat=-1,Fov=0D,CPU4/GPU=2/2,1382/456MHz,OC=3F,TA=0/0/0,SP=N/N/N,Mem=547MHz,Free=4213MB,PLS=0,Temp=33.0C/0.0C,TW=0.65ms,App=0.27ms,GD=0.00ms,CPU&GPU=1.13ms,LCnt=1(DR73,LM0),GPU%=0.08,CPU%=0.29(W0.35),DSF=1.00,CFL=10.28/15.12,ICFLp95=13.73,LD=0,SF=1.00,LP=0,DVFS=0
2025-01-26 22:59:44.004 15858-15930 VrApi                   com.oculus.sdk.helloxr.vulkan        I  FPS=72/72,Prd=21ms,Tear=0,Early=0,Stale=0,Stale2/5/10/max=0/0/0/0,VSnc=1,Lat=-1,Fov=0D,CPU4/GPU=2/2,1382/456MHz,OC=3F,TA=0/0/0,SP=N/N/N,Mem=547MHz,Free=4213MB,PLS=0,Temp=33.0C/0.0C,TW=0.66ms,App=0.26ms,GD=0.00ms,CPU&GPU=1.12ms,LCnt=1(DR73,LM0),GPU%=0.08,CPU%=0.03(W0.05),DSF=1.00,CFL=10.50/15.06,ICFLp95=13.75,LD=0,SF=1.00,LP=0,DVFS=0
2025-01-26 22:59:45.004 15858-15930 VrApi                   com.oculus.sdk.helloxr.vulkan        I  FPS=73/72,Prd=21ms,Tear=0,Early=0,Stale=0,Stale2/5/10/max=0/0/0/0,VSnc=1,Lat=-1,Fov=0D,CPU4/GPU=2/2,1382/456MHz,OC=3F,TA=0/0/0,SP=N/N/N,Mem=547MHz,Free=4213MB,PLS=0,Temp=33.0C/0.0C,TW=0.66ms,App=0.28ms,GD=0.00ms,CPU&GPU=1.12ms,LCnt=1(DR72,LM0),GPU%=0.08,CPU%=0.06(W0.10),DSF=1.00,CFL=10.40/15.11,ICFLp95=13.72,LD=0,SF=1.00,LP=0,DVFS=0
2025-01-26 22:59:46.004 15858-15930 VrApi                   com.oculus.sdk.helloxr.vulkan        I  FPS=73/72,Prd=21ms,Tear=0,Early=0,Stale=0,Stale2/5/10/max=0/0/0/0,VSnc=1,Lat=-1,Fov=0D,CPU4/GPU=2/2,1382/456MHz,OC=3F,TA=0/0/0,SP=N/N/N,Mem=768MHz,Free=4213MB,PLS=0,Temp=33.0C/0.0C,TW=0.65ms,App=0.28ms,GD=0.00ms,CPU&GPU=1.09ms,LCnt=1(DR73,LM0),GPU%=0.08,CPU%=0.02(W0.05),DSF=1.00,CFL=10.38/15.26,ICFLp95=13.74,LD=0,SF=1.00,LP=0,DVFS=0
2025-01-26 22:59:47.004 15858-15930 VrApi                   com.oculus.sdk.helloxr.vulkan        I  FPS=73/72,Prd=21ms,Tear=0,Early=0,Stale=0,Stale2/5/10/max=0/0/0/0,VSnc=1,Lat=-1,Fov=0D,CPU4/GPU=2/2,1382/456MHz,OC=3F,TA=0/0/0,SP=N/N/N,Mem=547MHz,Free=4213MB,PLS=0,Temp=33.0C/0.0C,TW=0.65ms,App=0.27ms,GD=0.00ms,CPU&GPU=1.12ms,LCnt=1(DR73,LM0),GPU%=0.08,CPU%=0.08(W0.10),DSF=1.00,CFL=10.31/15.10,ICFLp95=13.72,LD=0,SF=1.00,LP=0,DVFS=0
2025-01-26 22:59:48.004 15858-15930 VrApi                   com.oculus.sdk.helloxr.vulkan        I  FPS=73/72,Prd=21ms,Tear=0,Early=0,Stale=0,Stale2/5/10/max=0/0/0/0,VSnc=1,Lat=-1,Fov=0D,CPU4/GPU=2/2,1382/456MHz,OC=3F,TA=0/0/0,SP=N/N/N,Mem=547MHz,Free=4213MB,PLS=0,Temp=33.0C/0.0C,TW=0.66ms,App=0.27ms,GD=0.00ms,CPU&GPU=1.16ms,LCnt=1(DR73,LM0),GPU%=0.08,CPU%=0.08(W0.10),DSF=1.00,CFL=10.32/15.10,ICFLp95=13.68,LD=0,SF=1.00,LP=0,DVFS=0
2025-01-26 22:59:49.004 15858-15930 VrApi                   com.oculus.sdk.helloxr.vulkan        I  FPS=73/72,Prd=21ms,Tear=0,Early=0,Stale=0,Stale2/5/10/max=0/0/0/0,VSnc=1,Lat=-1,Fov=0D,CPU4/GPU=2/2,1382/456MHz,OC=3F,TA=0/0/0,SP=N/N/N,Mem=2736MHz,Free=4213MB,PLS=0,Temp=33.0C/0.0C,TW=0.57ms,App=0.25ms,GD=0.00ms,CPU&GPU=1.14ms,LCnt=1(DR73,LM0),GPU%=0.07,CPU%=0.57(W0.62),DSF=1.00,CFL=10.31/15.08,ICFLp95=13.72,LD=0,SF=1.00,LP=0,DVFS=0
2025-01-26 22:59:50.004 15858-15930 VrApi                   com.oculus.sdk.helloxr.vulkan        I  FPS=73/72,Prd=21ms,Tear=0,Early=0,Stale=0,Stale2/5/10/max=0/0/0/0,VSnc=1,Lat=-1,Fov=0D,CPU4/GPU=2/2,1382/456MHz,OC=3F,TA=0/0/0,SP=N/N/N,Mem=1555MHz,Free=4213MB,PLS=0,Temp=33.0C/0.0C,TW=0.69ms,App=0.27ms,GD=0.00ms,CPU&GPU=1.15ms,LCnt=1(DR73,LM0),GPU%=0.08,CPU%=0.07(W0.17),DSF=1.00,CFL=10.52/15.14,ICFLp95=13.78,LD=0,SF=1.00,LP=0,DVFS=0
2025-01-26 22:59:51.004 15858-15930 VrApi                   com.oculus.sdk.helloxr.vulkan        I  FPS=72/72,Prd=21ms,Tear=0,Early=0,Stale=0,Stale2/5/10/max=0/0/0/0,VSnc=1,Lat=-1,Fov=0D,CPU4/GPU=2/2,1382/456MHz,OC=3F,TA=0/0/0,SP=N/N/N,Mem=681MHz,Free=4213MB,PLS=0,Temp=33.0C/0.0C,TW=0.61ms,App=0.23ms,GD=0.00ms,CPU&GPU=1.14ms,LCnt=1(DR73,LM0),GPU%=0.08,CPU%=0.03(W0.05),DSF=1.00,CFL=10.47/15.13,ICFLp95=13.82,LD=0,SF=1.00,LP=0,DVFS=0
2025-01-26 22:59:52.004 15858-15930 VrApi                   com.oculus.sdk.helloxr.vulkan        I  FPS=73/72,Prd=21ms,Tear=0,Early=0,Stale=0,Stale2/5/10/max=0/0/0/0,VSnc=1,Lat=-1,Fov=0D,CPU4/GPU=2/2,1382/456MHz,OC=3F,TA=0/0/0,SP=N/N/N,Mem=547MHz,Free=4213MB,PLS=0,Temp=33.0C/0.0C,TW=0.66ms,App=0.28ms,GD=0.00ms,CPU&GPU=1.10ms,LCnt=1(DR72,LM0),GPU%=0.08,CPU%=0.02(W0.05),DSF=1.00,CFL=10.52/15.10,ICFLp95=13.81,LD=0,SF=1.00,LP=0,DVFS=0
2025-01-26 22:59:53.004 15858-15930 VrApi                   com.oculus.sdk.helloxr.vulkan        I  FPS=73/72,Prd=21ms,Tear=0,Early=0,Stale=0,Stale2/5/10/max=0/0/0/0,VSnc=1,Lat=-1,Fov=0D,CPU4/GPU=2/2,1382/456MHz,OC=3F,TA=0/0/0,SP=N/N/N,Mem=1555MHz,Free=4213MB,PLS=0,Temp=33.0C/0.0C,TW=0.65ms,App=0.28ms,GD=0.00ms,CPU&GPU=1.11ms,LCnt=1(DR73,LM0),GPU%=0.08,CPU%=0.05(W0.09),DSF=1.00,CFL=10.46/15.05,ICFLp95=13.73,LD=0,SF=1.00,LP=0,DVFS=0
2025-01-26 22:59:54.004 15858-15930 VrApi                   com.oculus.sdk.helloxr.vulkan        I  FPS=73/72,Prd=21ms,Tear=0,Early=0,Stale=0,Stale2/5/10/max=0/0/0/0,VSnc=1,Lat=-1,Fov=0D,CPU4/GPU=2/2,1382/456MHz,OC=3F,TA=0/0/0,SP=N/N/N,Mem=768MHz,Free=4213MB,PLS=0,Temp=33.0C/0.0C,TW=0.66ms,App=0.27ms,GD=0.00ms,CPU&GPU=1.13ms,LCnt=1(DR73,LM0),GPU%=0.08,CPU%=0.06(W0.14),DSF=1.00,CFL=10.40/15.09,ICFLp95=13.72,LD=0,SF=1.00,LP=0,DVFS=0
2025-01-26 22:59:55.014 15858-15930 ClientShar...metryStats com.oculus.sdk.helloxr.vulkan        I  App memory usage: PSS=72 MiB, PrivateDirty=47 MiB, PrivateClean=0 MiB, GPU=24.6/24.6 MiB (100% allocated)
2025-01-26 22:59:55.014 15858-15930 VrApi                   com.oculus.sdk.helloxr.vulkan        I  FPS=73/72,Prd=21ms,Tear=0,Early=0,Stale=0,Stale2/5/10/max=0/0/0/0,VSnc=1,Lat=-1,Fov=0D,CPU4/GPU=2/2,1382/456MHz,OC=3F,TA=0/0/0,SP=N/N/N,Mem=1555MHz,Free=4200MB,PLS=0,Temp=33.0C/0.0C,TW=0.64ms,App=0.26ms,GD=0.00ms,CPU&GPU=1.19ms,LCnt=1(DR73,LM0),GPU%=0.08,CPU%=0.09(W0.18),DSF=1.00,CFL=10.35/15.32,ICFLp95=13.72,LD=0,SF=1.00,LP=0,DVFS=0
2025-01-26 22:59:56.004 15858-15930 VrApi                   com.oculus.sdk.helloxr.vulkan        I  FPS=72/72,Prd=21ms,Tear=0,Early=0,Stale=0,Stale2/5/10/max=0/0/0/0,VSnc=1,Lat=-1,Fov=0D,CPU4/GPU=2/2,1382/456MHz,OC=3F,TA=0/0/0,SP=N/N/N,Mem=547MHz,Free=4200MB,PLS=0,Temp=33.0C/0.0C,TW=0.66ms,App=0.27ms,GD=0.00ms,CPU&GPU=1.13ms,LCnt=1(DR73,LM0),GPU%=0.08,CPU%=0.06(W0.09),DSF=1.00,CFL=10.33/15.06,ICFLp95=13.66,LD=0,SF=1.00,LP=0,DVFS=0
2025-01-26 22:59:57.005 15858-15930 VrApi                   com.oculus.sdk.helloxr.vulkan        I  FPS=73/72,Prd=21ms,Tear=0,Early=0,Stale=0,Stale2/5/10/max=0/0/0/0,VSnc=1,Lat=-1,Fov=0D,CPU4/GPU=2/2,1382/456MHz,OC=3F,TA=0/0/0,SP=N/N/N,Mem=547MHz,Free=4200MB,PLS=0,Temp=33.0C/0.0C,TW=0.66ms,App=0.27ms,GD=0.00ms,CPU&GPU=1.18ms,LCnt=1(DR73,LM0),GPU%=0.08,CPU%=0.06(W0.14),DSF=1.00,CFL=10.36/15.10,ICFLp95=13.70,LD=0,SF=1.00,LP=0,DVFS=0
2025-01-26 22:59:58.005 15858-15930 VrApi                   com.oculus.sdk.helloxr.vulkan        I  FPS=73/72,Prd=21ms,Tear=0,Early=0,Stale=0,Stale2/5/10/max=0/0/0/0,VSnc=1,Lat=-1,Fov=0D,CPU4/GPU=2/2,1382/456MHz,OC=3F,TA=0/0/0,SP=N/N/N,Mem=547MHz,Free=4200MB,PLS=0,Temp=33.0C/0.0C,TW=0.64ms,App=0.29ms,GD=0.00ms,CPU&GPU=1.13ms,LCnt=1(DR73,LM0),GPU%=0.08,CPU%=0.05(W0.05),DSF=1.00,CFL=10.44/15.08,ICFLp95=13.72,LD=0,SF=1.00,LP=0,DVFS=0
2025-01-26 22:59:59.005 15858-15930 VrApi                   com.oculus.sdk.helloxr.vulkan        I  FPS=73/72,Prd=21ms,Tear=0,Early=0,Stale=0,Stale2/5/10/max=0/0/0/0,VSnc=1,Lat=-1,Fov=0D,CPU4/GPU=2/2,1382/456MHz,OC=3F,TA=0/0/0,SP=N/N/N,Mem=1555MHz,Free=4200MB,PLS=0,Temp=33.0C/0.0C,TW=0.65ms,App=0.26ms,GD=0.00ms,CPU&GPU=1.13ms,LCnt=1(DR73,LM0),GPU%=0.08,CPU%=0.06(W0.13),DSF=1.00,CFL=10.38/15.13,ICFLp95=13.69,LD=0,SF=1.00,LP=0,DVFS=0
2025-01-26 23:00:00.005 15858-15930 VrApi                   com.oculus.sdk.helloxr.vulkan        I  FPS=73/72,Prd=21ms,Tear=0,Early=0,Stale=0,Stale2/5/10/max=0/0/0/0,VSnc=1,Lat=-1,Fov=0D,CPU4/GPU=2/2,1382/456MHz,OC=3F,TA=0/0/0,SP=N/N/N,Mem=768MHz,Free=4200MB,PLS=0,Temp=33.0C/0.0C,TW=0.65ms,App=0.29ms,GD=0.00ms,CPU&GPU=1.08ms,LCnt=1(DR72,LM0),GPU%=0.08,CPU%=0.08(W0.10),DSF=1.00,CFL=10.35/15.16,ICFLp95=13.72,LD=0,SF=1.00,LP=0,DVFS=0
2025-01-26 23:00:01.005 15858-15930 VrApi                   com.oculus.sdk.helloxr.vulkan        I  FPS=73/72,Prd=21ms,Tear=0,Early=0,Stale=0,Stale2/5/10/max=0/0/0/0,VSnc=1,Lat=-1,Fov=0D,CPU4/GPU=2/2,1382/456MHz,OC=3F,TA=0/0/0,SP=N/N/N,Mem=768MHz,Free=4200MB,PLS=0,Temp=33.0C/0.0C,TW=0.65ms,App=0.28ms,GD=0.00ms,CPU&GPU=1.17ms,LCnt=1(DR72,LM0),GPU%=0.08,CPU%=0.06(W0.10),DSF=1.00,CFL=10.35/15.16,ICFLp95=13.72,LD=0,SF=1.00,LP=0,DVFS=0
2025-01-26 23:00:02.005 15858-15930 VrApi                   com.oculus.sdk.helloxr.vulkan        I  FPS=73/72,Prd=21ms,Tear=0,Early=0,Stale=0,Stale2/5/10/max=0/0/0/0,VSnc=1,Lat=-1,Fov=0D,CPU4/GPU=2/2,1382/456MHz,OC=3F,TA=0/0/0,SP=N/N/N,Mem=768MHz,Free=4200MB,PLS=0,Temp=33.0C/0.0C,TW=0.63ms,App=0.28ms,GD=0.00ms,CPU&GPU=1.12ms,LCnt=1(DR73,LM0),GPU%=0.08,CPU%=0.09(W0.18),DSF=1.00,CFL=10.35/15.18,ICFLp95=13.71,LD=0,SF=1.00,LP=0,DVFS=0
2025-01-26 23:00:03.005 15858-15930 VrApi                   com.oculus.sdk.helloxr.vulkan        I  FPS=73/72,Prd=21ms,Tear=0,Early=0,Stale=0,Stale2/5/10/max=0/0/0/0,VSnc=1,Lat=-1,Fov=0D,CPU4/GPU=2/2,1382/456MHz,OC=3F,TA=0/0/0,SP=N/N/N,Mem=1708MHz,Free=4200MB,PLS=0,Temp=33.0C/0.0C,TW=0.63ms,App=0.27ms,GD=0.00ms,CPU&GPU=1.14ms,LCnt=1(DR73,LM0),GPU%=0.08,CPU%=0.05(W0.09),DSF=1.00,CFL=10.39/15.09,ICFLp95=13.72,LD=0,SF=1.00,LP=0,DVFS=0
2025-01-26 23:00:04.005 15858-15930 VrApi                   com.oculus.sdk.helloxr.vulkan        I  FPS=73/72,Prd=21ms,Tear=0,Early=0,Stale=0,Stale2/5/10/max=0/0/0/0,VSnc=1,Lat=-1,Fov=0D,CPU4/GPU=2/2,1382/456MHz,OC=3F,TA=0/0/0,SP=N/N/N,Mem=547MHz,Free=4200MB,PLS=0,Temp=33.0C/0.0C,TW=0.63ms,App=0.28ms,GD=0.00ms,CPU&GPU=1.13ms,LCnt=1(DR73,LM0),GPU%=0.08,CPU%=0.08(W0.09),DSF=1.00,CFL=10.37/15.07,ICFLp95=13.69,LD=0,SF=1.00,LP=0,DVFS=0
2025-01-26 23:00:05.005 15858-15930 VrApi                   com.oculus.sdk.helloxr.vulkan        I  FPS=72/72,Prd=21ms,Tear=0,Early=0,Stale=0,Stale2/5/10/max=0/0/0/0,VSnc=1,Lat=-1,Fov=0D,CPU4/GPU=2/2,1382/456MHz,OC=3F,TA=0/0/0,SP=N/N/N,Mem=768MHz,Free=4200MB,PLS=0,Temp=33.0C/0.0C,TW=0.64ms,App=0.27ms,GD=0.00ms,CPU&GPU=1.08ms,LCnt=1(DR73,LM0),GPU%=0.08,CPU%=0.04(W0.13),DSF=1.00,CFL=10.46/15.24,ICFLp95=13.75,LD=0,SF=1.00,LP=0,DVFS=0
2025-01-26 23:00:06.005 15858-15930 VrApi                   com.oculus.sdk.helloxr.vulkan        I  FPS=73/72,Prd=21ms,Tear=0,Early=0,Stale=0,Stale2/5/10/max=0/0/0/0,VSnc=1,Lat=-1,Fov=0D,CPU4/GPU=2/2,1382/456MHz,OC=3F,TA=0/0/0,SP=N/N/N,Mem=681MHz,Free=4200MB,PLS=0,Temp=33.0C/0.0C,TW=0.64ms,App=0.27ms,GD=0.00ms,CPU&GPU=1.11ms,LCnt=1(DR73,LM0),GPU%=0.08,CPU%=0.17(W0.19),DSF=1.00,CFL=10.35/15.05,ICFLp95=13.68,LD=0,SF=1.00,LP=0,DVFS=0
2025-01-26 23:00:07.005 15858-15930 VrApi                   com.oculus.sdk.helloxr.vulkan        I  FPS=73/72,Prd=21ms,Tear=0,Early=0,Stale=0,Stale2/5/10/max=0/0/0/0,VSnc=1,Lat=-1,Fov=0D,CPU4/GPU=2/2,1382/456MHz,OC=3F,TA=0/0/0,SP=N/N/N,Mem=547MHz,Free=4200MB,PLS=0,Temp=33.0C/0.0C,TW=0.64ms,App=0.28ms,GD=0.00ms,CPU&GPU=1.14ms,LCnt=1(DR72,LM0),GPU%=0.08,CPU%=0.06(W0.09),DSF=1.00,CFL=10.29/15.21,ICFLp95=13.73,LD=0,SF=1.00,LP=0,DVFS=0
2025-01-26 23:00:08.005 15858-15930 VrApi                   com.oculus.sdk.helloxr.vulkan        I  FPS=73/72,Prd=21ms,Tear=0,Early=0,Stale=0,Stale2/5/10/max=0/0/0/0,VSnc=1,Lat=-1,Fov=0D,CPU4/GPU=2/2,1382/456MHz,OC=3F,TA=0/0/0,SP=N/N/N,Mem=1555MHz,Free=4200MB,PLS=0,Temp=33.0C/0.0C,TW=0.64ms,App=0.26ms,GD=0.00ms,CPU&GPU=1.18ms,LCnt=1(DR73,LM0),GPU%=0.08,CPU%=0.17(W0.19),DSF=1.00,CFL=10.35/15.02,ICFLp95=13.67,LD=0,SF=1.00,LP=0,DVFS=0
2025-01-26 23:00:09.005 15858-15930 VrApi                   com.oculus.sdk.helloxr.vulkan        I  FPS=72/72,Prd=21ms,Tear=0,Early=0,Stale=0,Stale2/5/10/max=0/0/0/0,VSnc=1,Lat=-1,Fov=0D,CPU4/GPU=2/2,1382/456MHz,OC=3F,TA=0/0/0,SP=N/N/N,Mem=547MHz,Free=4200MB,PLS=0,Temp=33.0C/0.0C,TW=0.66ms,App=0.27ms,GD=0.00ms,CPU&GPU=1.15ms,LCnt=1(DR73,LM0),GPU%=0.08,CPU%=0.05(W0.09),DSF=1.00,CFL=10.30/15.21,ICFLp95=13.72,LD=0,SF=1.00,LP=0,DVFS=0
2025-01-26 23:00:10.005 15858-15930 VrApi                   com.oculus.sdk.helloxr.vulkan        I  FPS=73/72,Prd=21ms,Tear=0,Early=0,Stale=0,Stale2/5/10/max=0/0/0/0,VSnc=1,Lat=-1,Fov=0D,CPU4/GPU=2/2,1382/456MHz,OC=3F,TA=0/0/0,SP=N/N/N,Mem=1555MHz,Free=4200MB,PLS=0,Temp=33.0C/0.0C,TW=0.64ms,App=0.26ms,GD=0.00ms,CPU&GPU=1.19ms,LCnt=1(DR73,LM0),GPU%=0.08,CPU%=0.18(W0.23),DSF=1.00,CFL=10.33/15.15,ICFLp95=13.73,LD=0,SF=1.00,LP=0,DVFS=0
2025-01-26 23:00:11.006 15858-15930 VrApi                   com.oculus.sdk.helloxr.vulkan        I  FPS=73/72,Prd=21ms,Tear=0,Early=0,Stale=0,Stale2/5/10/max=0/0/0/0,VSnc=1,Lat=-1,Fov=0D,CPU4/GPU=2/2,1382/456MHz,OC=3F,TA=0/0/0,SP=N/N/N,Mem=1555MHz,Free=4200MB,PLS=0,Temp=33.0C/0.0C,TW=0.69ms,App=0.33ms,GD=0.00ms,CPU&GPU=1.18ms,LCnt=1(DR73,LM0),GPU%=0.09,CPU%=0.11(W0.14),DSF=1.00,CFL=10.35/15.16,ICFLp95=13.72,LD=0,SF=1.00,LP=0,DVFS=0
2025-01-26 23:00:12.006 15858-15930 VrApi                   com.oculus.sdk.helloxr.vulkan        I  FPS=73/72,Prd=21ms,Tear=0,Early=0,Stale=0,Stale2/5/10/max=0/0/0/0,VSnc=1,Lat=-1,Fov=0D,CPU4/GPU=2/2,1382/456MHz,OC=3F,TA=0/0/0,SP=N/N/N,Mem=3196MHz,Free=4200MB,PLS=0,Temp=33.0C/0.0C,TW=0.67ms,App=0.30ms,GD=0.00ms,CPU&GPU=1.17ms,LCnt=1(DR73,LM0),GPU%=0.08,CPU%=0.20(W0.25),DSF=1.00,CFL=10.34/15.22,ICFLp95=13.76,LD=0,SF=1.00,LP=0,DVFS=0
2025-01-26 23:00:13.006 15858-15930 VrApi                   com.oculus.sdk.helloxr.vulkan        I  FPS=72/72,Prd=21ms,Tear=0,Early=0,Stale=0,Stale2/5/10/max=0/0/0/0,VSnc=1,Lat=-1,Fov=0D,CPU4/GPU=2/2,1382/456MHz,OC=3F,TA=0/0/0,SP=N/N/N,Mem=547MHz,Free=4200MB,PLS=0,Temp=33.0C/0.0C,TW=0.63ms,App=0.28ms,GD=0.00ms,CPU&GPU=1.10ms,LCnt=1(DR73,LM0),GPU%=0.08,CPU%=0.05(W0.09),DSF=1.00,CFL=10.46/15.27,ICFLp95=13.84,LD=0,SF=1.00,LP=0,DVFS=0
2025-01-26 23:00:14.006 15858-15930 VrApi                   com.oculus.sdk.helloxr.vulkan        I  FPS=72/72,Prd=21ms,Tear=0,Early=0,Stale=0,Stale2/5/10/max=0/0/0/0,VSnc=1,Lat=-1,Fov=0D,CPU4/GPU=2/2,1382/456MHz,OC=3F,TA=0/0/0,SP=N/N/N,Mem=1555MHz,Free=4200MB,PLS=0,Temp=33.0C/0.0C,TW=0.64ms,App=0.27ms,GD=0.00ms,CPU&GPU=1.11ms,LCnt=1(DR72,LM0),GPU%=0.08,CPU%=0.21(W0.24),DSF=1.00,CFL=10.55/15.28,ICFLp95=13.88,LD=0,SF=1.00,LP=0,DVFS=0
2025-01-26 23:00:15.016 15858-15930 ClientShar...metryStats com.oculus.sdk.helloxr.vulkan        I  App memory usage: PSS=72 MiB, PrivateDirty=47 MiB, PrivateClean=0 MiB, GPU=24.6/24.6 MiB (100% allocated)
2025-01-26 23:00:15.016 15858-15930 VrApi                   com.oculus.sdk.helloxr.vulkan        I  FPS=73/72,Prd=21ms,Tear=0,Early=0,Stale=0,Stale2/5/10/max=0/0/0/0,VSnc=1,Lat=-1,Fov=0D,CPU4/GPU=2/2,1382/456MHz,OC=3F,TA=0/0/0,SP=N/N/N,Mem=1555MHz,Free=4194MB,PLS=0,Temp=34.0C/0.0C,TW=0.66ms,App=0.27ms,GD=0.00ms,CPU&GPU=1.14ms,LCnt=1(DR72,LM0),GPU%=0.08,CPU%=0.08(W0.14),DSF=1.00,CFL=10.48/15.08,ICFLp95=13.75,LD=0,SF=1.00,LP=0,DVFS=0
2025-01-26 23:00:16.006 15858-15930 VrApi                   com.oculus.sdk.helloxr.vulkan        I  FPS=73/72,Prd=21ms,Tear=0,Early=0,Stale=0,Stale2/5/10/max=0/0/0/0,VSnc=1,Lat=-1,Fov=0D,CPU4/GPU=2/2,1382/456MHz,OC=3F,TA=0/0/0,SP=N/N/N,Mem=768MHz,Free=4194MB,PLS=0,Temp=34.0C/0.0C,TW=0.65ms,App=0.28ms,GD=0.00ms,CPU&GPU=1.12ms,LCnt=1(DR73,LM0),GPU%=0.08,CPU%=0.06(W0.13),DSF=1.00,CFL=10.42/15.29,ICFLp95=13.74,LD=0,SF=1.00,LP=0,DVFS=0
2025-01-26 23:00:17.006 15858-15930 VrApi                   com.oculus.sdk.helloxr.vulkan        I  FPS=73/72,Prd=21ms,Tear=0,Early=0,Stale=0,Stale2/5/10/max=0/0/0/0,VSnc=1,Lat=-1,Fov=0D,CPU4/GPU=2/2,1382/456MHz,OC=3F,TA=0/0/0,SP=N/N/N,Mem=768MHz,Free=4194MB,PLS=0,Temp=34.0C/0.0C,TW=0.64ms,App=0.26ms,GD=0.00ms,CPU&GPU=1.13ms,LCnt=1(DR73,LM0),GPU%=0.08,CPU%=0.05(W0.09),DSF=1.00,CFL=10.31/15.04,ICFLp95=13.68,LD=0,SF=1.00,LP=0,DVFS=0
2025-01-26 23:00:18.006 15858-15930 VrApi                   com.oculus.sdk.helloxr.vulkan        I  FPS=73/72,Prd=20ms,Tear=0,Early=0,Stale=0,Stale2/5/10/max=0/0/0/0,VSnc=1,Lat=-1,Fov=0D,CPU4/GPU=2/2,1382/456MHz,OC=3F,TA=0/0/0,SP=N/N/N,Mem=768MHz,Free=4194MB,PLS=0,Temp=34.0C/0.0C,TW=0.66ms,App=0.27ms,GD=0.00ms,CPU&GPU=1.14ms,LCnt=1(DR73,LM0),GPU%=0.08,CPU%=0.03(W0.10),DSF=1.00,CFL=10.35/15.04,ICFLp95=13.65,LD=0,SF=1.00,LP=0,DVFS=0
2025-01-26 23:00:19.006 15858-15930 VrApi                   com.oculus.sdk.helloxr.vulkan        I  FPS=73/72,Prd=20ms,Tear=0,Early=0,Stale=0,Stale2/5/10/max=0/0/0/0,VSnc=1,Lat=-1,Fov=0D,CPU4/GPU=2/2,1382/456MHz,OC=3F,TA=0/0/0,SP=N/N/N,Mem=547MHz,Free=4194MB,PLS=0,Temp=34.0C/0.0C,TW=0.65ms,App=0.27ms,GD=0.00ms,CPU&GPU=1.11ms,LCnt=1(DR73,LM0),GPU%=0.08,CPU%=0.06(W0.14),DSF=1.00,CFL=10.36/14.95,ICFLp95=13.63,LD=0,SF=1.00,LP=0,DVFS=0
2025-01-26 23:00:20.006 15858-15930 VrApi                   com.oculus.sdk.helloxr.vulkan        I  FPS=72/72,Prd=20ms,Tear=0,Early=0,Stale=0,Stale2/5/10/max=0/0/0/0,VSnc=1,Lat=-1,Fov=0D,CPU4/GPU=2/2,1382/456MHz,OC=3F,TA=0/0/0,SP=N/N/N,Mem=547MHz,Free=4194MB,PLS=0,Temp=34.0C/0.0C,TW=0.66ms,App=0.27ms,GD=0.00ms,CPU&GPU=1.17ms,LCnt=1(DR73,LM0),GPU%=0.08,CPU%=0.03(W0.05),DSF=1.00,CFL=10.32/14.99,ICFLp95=13.66,LD=0,SF=1.00,LP=0,DVFS=0
