2025-02-01 22:56:58.203 13655-13655 studio.deploy           pid-13655                            E  Could not remove dir '/data/data/com.oculus.sdk.helloxr.vulkan/code_cache/.ll/': No such file or directory
---------------------------- PROCESS STARTED (13672) for package com.oculus.sdk.helloxr.vulkan ----------------------------
2025-02-01 22:56:58.692 13672-13672 System                  com.oculus.sdk.helloxr.vulkan        W  ClassLoader referenced unknown path:
2025-02-01 22:56:58.693 13672-13672 linker                  com.oculus.sdk.helloxr.vulkan        W  Warning: unable to resolve "/apex/com.meta.xr/priv-app/VrDriver/VrDriver.apk": No such file or directory (ignoring)
2025-02-01 22:56:58.698 13672-13672 GraphicsEnvironment     com.oculus.sdk.helloxr.vulkan        V  ANGLE Developer option for 'com.oculus.sdk.helloxr.vulkan' set to: 'default'
2025-02-01 22:56:58.698 13672-13672 GraphicsEnvironment     com.oculus.sdk.helloxr.vulkan        V  ANGLE GameManagerService for com.oculus.sdk.helloxr.vulkan: false
2025-02-01 22:56:58.698 13672-13672 GraphicsEnvironment     com.oculus.sdk.helloxr.vulkan        V  Neither updatable production driver nor prerelease driver is supported.
2025-02-01 22:56:58.699 13672-13672 Compatibil...geReporter com.oculus.sdk.helloxr.vulkan        D  Compat change id reported: 175409949; UID 10736; state: DISABLED
2025-02-01 22:56:58.699 13672-13672 Compatibil...geReporter com.oculus.sdk.helloxr.vulkan        D  Compat change id reported: 175409951; UID 10736; state: DISABLED
2025-02-01 22:56:58.699 13672-13672 Compatibil...geReporter com.oculus.sdk.helloxr.vulkan        D  Compat change id reported: 175409956; UID 10736; state: DISABLED
2025-02-01 22:56:58.701 13672-13672 Compatibil...geReporter com.oculus.sdk.helloxr.vulkan        D  Compat change id reported: 175409950; UID 10736; state: DISABLED
2025-02-01 22:56:58.701 13672-13672 NetworkSecurityConfig   com.oculus.sdk.helloxr.vulkan        D  No Network Security Config specified, using platform default
2025-02-01 22:56:58.701 13672-13672 Compatibil...geReporter com.oculus.sdk.helloxr.vulkan        D  Compat change id reported: 175409952; UID 10736; state: DISABLED
2025-02-01 22:56:58.701 13672-13672 NetworkSecurityConfig   com.oculus.sdk.helloxr.vulkan        D  No Network Security Config specified, using platform default
2025-02-01 22:56:58.723 13672-13672 threaded_app            com.oculus.sdk.helloxr.vulkan        V  Creating: 0xb400007e52529900
2025-02-01 22:56:58.723 13672-13708 threaded_app            com.oculus.sdk.helloxr.vulkan        V  Config: mcc=0 mnc=0 lang=en cnt=US orien=2 touch=1 dens=200 keys=1 nav=1 keysHid=3 navHid=0 sdk=32 size=4 long=2 modetype=1 modenight=2
2025-02-01 22:56:58.724 13672-13672 threaded_app            com.oculus.sdk.helloxr.vulkan        V  Start: 0xb400007e52529900
2025-02-01 22:56:58.725 13672-13708 helloxr                 com.oculus.sdk.helloxr.vulkan        V  [22:56:58.724][Verbose] xr 1
2025-02-01 22:56:58.726 13672-13708 helloxr                 com.oculus.sdk.helloxr.vulkan        V  [22:56:58.726][Verbose] vk 1
2025-02-01 22:56:58.726 13672-13708 OpenXR-Loader           com.oculus.sdk.helloxr.vulkan        V  Verbose [GENERAL | xrInitializeLoaderKHR | OpenXR-Loader] : Entering loader trampoline
2025-02-01 22:56:58.727 13672-13708 OpenXR-Loader           com.oculus.sdk.helloxr.vulkan        V  Verbose [GENERAL | xrEnumerateInstanceExtensionProperties | OpenXR-Loader] : Entering loader trampoline
2025-02-01 22:56:58.728 13672-13708 OpenXR-Loader           com.oculus.sdk.helloxr.vulkan        I  getActiveRuntimeCursor: Querying URI: content://org.khronos.openxr.runtime_broker/openxr/1/abi/arm64-v8a/runtimes/active
2025-02-01 22:56:58.729 13672-13708 OpenXR-Loader           com.oculus.sdk.helloxr.vulkan        W  Null cursor when querying installable content resolver.
2025-02-01 22:56:58.729 13672-13708 OpenXR-Loader           com.oculus.sdk.helloxr.vulkan        I  getActiveRuntimeCursor: Querying URI: content://org.khronos.openxr.system_runtime_broker/openxr/1/abi/arm64-v8a/runtimes/active
2025-02-01 22:56:58.730 13672-13708 OpenXR-Loader           com.oculus.sdk.helloxr.vulkan        W  Null cursor when querying system content resolver.
2025-02-01 22:56:58.730 13672-13708 OpenXR-Loader           com.oculus.sdk.helloxr.vulkan        E  Could access neither the installable nor system runtime broker.
2025-02-01 22:56:58.731 13672-13708 OpenXR-Loader           com.oculus.sdk.helloxr.vulkan        I  Info [GENERAL | xrEnumerateInstanceExtensionProperties | OpenXR-Loader] : RuntimeManifestFile::FindManifestFiles - using global runtime file /system/etc/openxr/1/active_runtime.aarch64.json
2025-02-01 22:56:58.731 13672-13708 OpenXR-Loader           com.oculus.sdk.helloxr.vulkan        I  Info [GENERAL |  | OpenXR-Loader] : RuntimeManifestFile::CreateIfValid - attempting to load /system/etc/openxr/1/active_runtime.aarch64.json
2025-02-01 22:56:58.733 13672-13708 OpenXR-Loader           com.oculus.sdk.helloxr.vulkan        I  Info [GENERAL | xrEnumerateInstanceExtensionProperties | OpenXR-Loader] : RuntimeInterface::LoadRuntime forwarding xrInitializeLoaderKHR call to runtime before calling xrNegotiateLoaderRuntimeInterface.
2025-02-01 22:56:58.733 13672-13708 OpenXR                  com.oculus.sdk.helloxr.vulkan        V  OpenXRForwardLoader::xrInitializeLoaderKHR [start]
2025-02-01 22:56:58.735 13672-13708 ApplicationLoaders      com.oculus.sdk.helloxr.vulkan        D  Returning zygote-cached class loader: /system/framework/android.test.base.jar
2025-02-01 22:56:58.735 13672-13708 ApplicationLoaders      com.oculus.sdk.helloxr.vulkan        D  Returning zygote-cached class loader: /system/framework/android.hidl.manager-V1.0-java.jar
2025-02-01 22:56:58.735 13672-13708 ApplicationLoaders      com.oculus.sdk.helloxr.vulkan        D  Returning zygote-cached class loader: /system/framework/android.hidl.base-V1.0-java.jar
2025-02-01 22:56:58.738 13672-13708 linker                  com.oculus.sdk.helloxr.vulkan        W  Warning: unable to resolve "/apex/com.meta.xr/priv-app/VrDriver/VrDriver.apk": No such file or directory (ignoring)
2025-02-01 22:56:58.742 13672-13708 linker                  com.oculus.sdk.helloxr.vulkan        W  Warning: unable to resolve "/apex/com.meta.xr/priv-app/VrDriver/VrDriver.apk": No such file or directory (ignoring)
2025-02-01 22:56:58.744 13672-13708 OpenXR                  com.oculus.sdk.helloxr.vulkan        I  Loading 64-bit Runtime.
2025-02-01 22:56:58.746 13672-13708 VrRuntimeClient         com.oculus.sdk.helloxr.vulkan        I  VrRuntimeClient(): 0x7dd0d3d830
2025-02-01 22:56:58.746 13672-13708 OsSdkLoader             com.oculus.sdk.helloxr.vulkan        D  OSSDK loading module 'libossdk.oculus.so'
2025-02-01 22:56:58.758 13672-13708 vulkan                  com.oculus.sdk.helloxr.vulkan        D  searching for layers in '/data/app/~~hdx9Cx-dPrc2iYT0XuAZcA==/com.oculus.sdk.helloxr.vulkan-arZCPkmAqV0Jn5pi3cqKAA==/lib/arm64'
2025-02-01 22:56:58.758 13672-13708 vulkan                  com.oculus.sdk.helloxr.vulkan        D  searching for layers in '/data/app/~~hdx9Cx-dPrc2iYT0XuAZcA==/com.oculus.sdk.helloxr.vulkan-arZCPkmAqV0Jn5pi3cqKAA==/base.apk!/lib/arm64-v8a'
2025-02-01 22:56:58.758 13672-13708 ziparchive              com.oculus.sdk.helloxr.vulkan        W  Unable to open '/apex/com.meta.xr/priv-app/VrDriver/VrDriver.apk': No such file or directory
2025-02-01 22:56:58.758 13672-13708 vulkan                  com.oculus.sdk.helloxr.vulkan        E  failed to open apk '/apex/com.meta.xr/priv-app/VrDriver/VrDriver.apk': -11
2025-02-01 22:56:58.758 13672-13708 vulkan                  com.oculus.sdk.helloxr.vulkan        D  searching for layers in '/system/priv-app/VrDriver/VrDriver.apk!/lib/arm64-v8a'
2025-02-01 22:56:58.760 13672-13708 DriverLoader            com.oculus.sdk.helloxr.vulkan        I  Calling into SetLegacyVrApiEntryPointOverride
2025-02-01 22:56:58.760 13672-13708 VrApi_DriverLoader      com.oculus.sdk.helloxr.vulkan        I  SetLegacyVrApiEntryPointOverride: calling sprintf
2025-02-01 22:56:58.760 13672-13708 VrApi_DriverLoader      com.oculus.sdk.helloxr.vulkan        I  SetLegacyVrApiEntryPointOverride: env buffer is '0x7dd0c9d478'
2025-02-01 22:56:58.760 13672-13708 VrApi_DriverLoader      com.oculus.sdk.helloxr.vulkan        I  SetLegacyVrApiEntryPointOverride: calling setenv
2025-02-01 22:56:58.760 13672-13708 DriverLoader            com.oculus.sdk.helloxr.vulkan        I  Creating Temp JNIEnv
2025-02-01 22:56:58.760 13672-13708 DriverLoader            com.oculus.sdk.helloxr.vulkan        I  Calling FindClass
2025-02-01 22:56:58.760 13672-13708 DriverLoader            com.oculus.sdk.helloxr.vulkan        I  Calling RegisterNativeVrApiLoaderMethods
2025-02-01 22:56:58.760 13672-13708 VrApi_DriverLoader      com.oculus.sdk.helloxr.vulkan        I  RegisterNativeVrApiLoaderMethods: calling RegisterNatives
2025-02-01 22:56:58.760 13672-13708 DriverLoader            com.oculus.sdk.helloxr.vulkan        I  Calling RegisterNativeXrLoaderMethods
2025-02-01 22:56:58.760 13672-13708 OpenXR_DriverLoader     com.oculus.sdk.helloxr.vulkan        I  RegisterNativeVrApiLoaderMethods: calling RegisterNatives
2025-02-01 22:56:58.760 13672-13708 DriverLoader            com.oculus.sdk.helloxr.vulkan        I  Exiting JNI_OnLoad
2025-02-01 22:56:58.760 13672-13708 OpenXR_ClientState      com.oculus.sdk.helloxr.vulkan        I  OpenXRClientState::create - from xrInitializeLoaderKHR
2025-02-01 22:56:58.760 13672-13708 XrRuntimeS...lientState com.oculus.sdk.helloxr.vulkan        I  SharedClientState::create called from 'OpenXRClientState::init'
2025-02-01 22:56:58.760 13672-13708 ipcLoader [RUNTIMEIPC]  com.oculus.sdk.helloxr.vulkan        I  RuntimeIPC: Loader: IPC Service API Loader Version: 70 Nov 14 2024 11:51:34
2025-02-01 22:56:58.760 13672-13708 ipcLoader [RUNTIMEIPC]  com.oculus.sdk.helloxr.vulkan        I  RuntimeIPC: Using android_dlopen_ext: libripcclient.oculus.so
2025-02-01 22:56:58.761 13672-13708 ipcLoader [RUNTIMEIPC]  com.oculus.sdk.helloxr.vulkan        I  RuntimeIPC: android_dlopen_ext SUCCESS: libripcclient.oculus.so
2025-02-01 22:56:58.762 13672-13708 MultiInsta...UNTIMEIPC] com.oculus.sdk.helloxr.vulkan        I  Multiple instances check passed. Socket name: INSTANCE_DETECTOR:13672
2025-02-01 22:56:58.762 13672-13708 OsSdkLoader             com.oculus.sdk.helloxr.vulkan        D  OSSDK loading module 'libossdk.oculus.so'
2025-02-01 22:56:58.763 13672-13708 ThreadHelp...UNTIMEIPC] com.oculus.sdk.helloxr.vulkan        I  RuntimeIPC::ThreadHelpers::SetState: threadName: DLObserver, currentState: STATE_STOPPED, newState: STATE_STARTING
2025-02-01 22:56:58.763 13672-13713 ThreadHelp...UNTIMEIPC] com.oculus.sdk.helloxr.vulkan        I  RuntimeIPC::ThreadHelpers::SetState: threadName: DLObserver, currentState: STATE_STARTING, newState: STATE_RUNNING
2025-02-01 22:56:58.763 13672-13713 DeadlockOb...UNTIMEIPC] com.oculus.sdk.helloxr.vulkan        I  MainLoop starting
2025-02-01 22:56:58.763 13672-13708 DeadlockOb...UNTIMEIPC] com.oculus.sdk.helloxr.vulkan        I  DeadlockObserver Init SUCCESS with defaultKillThreshold: 30.000000
2025-02-01 22:56:58.763 13672-13708 RuntimeIPC...UNTIMEIPC] com.oculus.sdk.helloxr.vulkan        W  Init: Java VM is null
2025-02-01 22:56:58.766 13672-13708 ThreadHelp...UNTIMEIPC] com.oculus.sdk.helloxr.vulkan        I  RuntimeIPC::ThreadHelpers::SetState: threadName: IpcDCReqHandler, currentState: STATE_STOPPED, newState: STATE_STARTING
2025-02-01 22:56:58.767 13672-13715 ThreadHelp...UNTIMEIPC] com.oculus.sdk.helloxr.vulkan        I  RuntimeIPC::ThreadHelpers::SetState: threadName: IpcDCReqHandler, currentState: STATE_STARTING, newState: STATE_RUNNING
2025-02-01 22:56:58.767 13672-13715 IPCDataCha...UNTIMEIPC] com.oculus.sdk.helloxr.vulkan        D  Connected: 1, broker_package:broker_process:0
2025-02-01 22:56:58.767 13672-13708 BrokerRPC [RUNTIMEIPC]  com.oculus.sdk.helloxr.vulkan        I  InitRPCToServiceInternal: Success
2025-02-01 22:56:58.767 13672-13708 ThreadHelp...UNTIMEIPC] com.oculus.sdk.helloxr.vulkan        I  RuntimeIPC::ThreadHelpers::SetState: threadName: RIPCSystem, currentState: STATE_STOPPED, newState: STATE_STARTING
2025-02-01 22:56:58.767 13672-13716 ThreadHelp...UNTIMEIPC] com.oculus.sdk.helloxr.vulkan        I  RuntimeIPC::ThreadHelpers::SetState: threadName: RIPCSystem, currentState: STATE_STARTING, newState: STATE_RUNNING
2025-02-01 22:56:58.767 13672-13708 RuntimeIPC...UNTIMEIPC] com.oculus.sdk.helloxr.vulkan        I  RuntimeIPCSystem: Init SUCCESS
2025-02-01 22:56:58.768 13672-13708 ThreadHelp...UNTIMEIPC] com.oculus.sdk.helloxr.vulkan        I  RuntimeIPC::ThreadHelpers::SetState: threadName: JobPoolWorker, currentState: STATE_STOPPED, newState: STATE_STARTING
2025-02-01 22:56:58.768 13672-13717 ThreadHelp...UNTIMEIPC] com.oculus.sdk.helloxr.vulkan        I  RuntimeIPC::ThreadHelpers::SetState: threadName: JobPoolWorker, currentState: STATE_STARTING, newState: STATE_RUNNING
2025-02-01 22:56:58.769 13672-13708 ClientProc...UNTIMEIPC] com.oculus.sdk.helloxr.vulkan        I  GetProcessConnection: com.oculus.systemdriver:com.oculus.vrruntimeservice
2025-02-01 22:56:58.770 13672-13708 RuntimeIPC...UNTIMEIPC] com.oculus.sdk.helloxr.vulkan        I  Event buffer size (client): 8192
2025-02-01 22:56:58.770 13672-13708 RuntimeIPC...UNTIMEIPC] com.oculus.sdk.helloxr.vulkan        I  TryToGetIPCResourcesFromServer: RPC_CONNECTOR_CONNECT_TO_SERVER SUCCESS: Client: com.oculus.sdk.helloxr.vulkan:com.oculus.sdk.helloxr.vulkan:13672, Server: com.oculus.systemdriver:com.oculus.vrruntimeservice (gkcache)
2025-02-01 22:56:58.770 13672-13708 RuntimeIPC...UNTIMEIPC] com.oculus.sdk.helloxr.vulkan        I  EnsureServerConnection: SUCCESS. Client: com.oculus.sdk.helloxr.vulkan:com.oculus.sdk.helloxr.vulkan:13672, Server: com.oculus.systemdriver:com.oculus.vrruntimeservice (gkcache)
2025-02-01 22:56:58.770 13672-13708 RuntimeIPC...UNTIMEIPC] com.oculus.sdk.helloxr.vulkan        I  ConnectToServer: SUCCESS: Client: com.oculus.sdk.helloxr.vulkan:com.oculus.sdk.helloxr.vulkan:13672, Server: com.oculus.systemdriver:com.oculus.vrruntimeservice (gkcache)
2025-02-01 22:56:58.770 13672-13708 RuntimeIPC...UNTIMEIPC] com.oculus.sdk.helloxr.vulkan        I  InitServerStateBuffer: SUCCESS. 0, Client: com.oculus.sdk.helloxr.vulkan:com.oculus.sdk.helloxr.vulkan:13672, Server: com.oculus.systemdriver:com.oculus.vrruntimeservice (gkcache)
2025-02-01 22:56:58.770 13672-13708 ThreadHelp...UNTIMEIPC] com.oculus.sdk.helloxr.vulkan        I  RuntimeIPC::ThreadHelpers::SetState: threadName: RIPCNotifThread, currentState: STATE_STOPPED, newState: STATE_STARTING
2025-02-01 22:56:58.771 13672-13719 ThreadHelp...UNTIMEIPC] com.oculus.sdk.helloxr.vulkan        I  RuntimeIPC::ThreadHelpers::SetState: threadName: RIPCNotifThread, currentState: STATE_STARTING, newState: STATE_RUNNING
2025-02-01 22:56:58.771 13672-13708 OpenXR_ClientState      com.oculus.sdk.helloxr.vulkan        I  Client state creation succeeded.
2025-02-01 22:56:58.771 13672-13708 OpenXR                  com.oculus.sdk.helloxr.vulkan        V  OpenXRForwardLoader::xrInitializeLoaderKHR [end]
2025-02-01 22:56:58.771 13672-13708 OpenXR                  com.oculus.sdk.helloxr.vulkan        V  OpenXRForwardLoader::xrNegotiateLoaderRuntimeInterface [start]
2025-02-01 22:56:58.771 13672-13708 OpenXR                  com.oculus.sdk.helloxr.vulkan        V  OpenXRForwardLoader::xrNegotiateLoaderRuntimeInterface [end]
2025-02-01 22:56:58.771 13672-13708 OpenXR-Loader           com.oculus.sdk.helloxr.vulkan        I  Info [GENERAL | xrEnumerateInstanceExtensionProperties | OpenXR-Loader] : RuntimeInterface::LoadRuntime succeeded loading runtime defined in manifest file /system/etc/openxr/1/active_runtime.aarch64.json using interface version 1 and OpenXR API version 1.0
2025-02-01 22:56:58.773 13672-13708 OpenXR                  com.oculus.sdk.helloxr.vulkan        I  IsFirstParty 0
2025-02-01 22:56:58.773 13672-13708 .helloxr.vulka          com.oculus.sdk.helloxr.vulkan        W  Accessing hidden method Landroid/content/pm/ApplicationInfo;->isPrivilegedApp()Z (blocked,test-api, reflection, denied)
2025-02-01 22:56:58.773 13672-13708 .helloxr.vulka          com.oculus.sdk.helloxr.vulkan        W  If this is a platform test consider enabling VMRuntime.ALLOW_TEST_API_ACCESS change id for this package.
2025-02-01 22:56:58.773 13672-13708 OpenXR                  com.oculus.sdk.helloxr.vulkan        I  IsPrivileged 0
2025-02-01 22:56:58.773 13672-13708 OpenXR                  com.oculus.sdk.helloxr.vulkan        I  Is_X_PartnerGateKeeper
2025-02-01 22:56:58.773 13672-13708 OpenXR                  com.oculus.sdk.helloxr.vulkan        I  PGK Status: exp = 0, dc = false
2025-02-01 22:56:58.773 13672-13708 OpenXR                  com.oculus.sdk.helloxr.vulkan        I  oculus_first_access = false
2025-02-01 22:56:58.773 13672-13708 OpenXR                  com.oculus.sdk.helloxr.vulkan        I  Extension status: P
2025-02-01 22:56:58.774 13672-13708 OpenXR                  com.oculus.sdk.helloxr.vulkan        I  IsFirstParty 0
2025-02-01 22:56:58.774 13672-13708 OpenXR                  com.oculus.sdk.helloxr.vulkan        I  IsSystem 0
2025-02-01 22:56:58.775 13672-13708 libosutils              com.oculus.sdk.helloxr.vulkan        E  Failed to get real path of file '/sys/devices/soc0/platform_subtype_id', err: Permission denied
2025-02-01 22:56:58.775 13672-13708 libosutils              com.oculus.sdk.helloxr.vulkan        E  Failed to get real path of file '/sys/devices/soc0/platform_version', err: Permission denied
2025-02-01 22:56:58.775 13672-13708 libdeviceid             com.oculus.sdk.helloxr.vulkan        W  DeviceId unknown with subtype FFFFFFFF and version: 0xFFFFFFFF
2025-02-01 22:56:58.772 13672-13672 Thread-1                com.oculus.sdk.helloxr.vulkan        W  type=1400 audit(0.0:36414): avc: denied { search } for name="soc0" dev="sysfs" ino=66965 scontext=u:r:untrusted_app:s0:c224,c258,c512,c768 tcontext=u:object_r:vendor_sysfs_soc:s0 tclass=dir permissive=0 app=com.oculus.sdk.helloxr.vulkan
2025-02-01 22:56:58.772 13672-13672 Thread-1                com.oculus.sdk.helloxr.vulkan        W  type=1400 audit(0.0:36415): avc: denied { search } for name="soc0" dev="sysfs" ino=66965 scontext=u:r:untrusted_app:s0:c224,c258,c512,c768 tcontext=u:object_r:vendor_sysfs_soc:s0 tclass=dir permissive=0 app=com.oculus.sdk.helloxr.vulkan
2025-02-01 22:56:58.776 13672-13708 libosutils              com.oculus.sdk.helloxr.vulkan        E  Failed to get real path of file '/sys/devices/soc0/platform_subtype_id', err: Permission denied
2025-02-01 22:56:58.776 13672-13708 libosutils              com.oculus.sdk.helloxr.vulkan        E  Failed to get real path of file '/sys/devices/soc0/platform_version', err: Permission denied
2025-02-01 22:56:58.776 13672-13708 libdeviceid             com.oculus.sdk.helloxr.vulkan        W  DeviceId unknown with subtype FFFFFFFF and version: 0xFFFFFFFF
2025-02-01 22:56:58.772 13672-13672 Thread-1                com.oculus.sdk.helloxr.vulkan        W  type=1400 audit(0.0:36416): avc: denied { search } for name="soc0" dev="sysfs" ino=66965 scontext=u:r:untrusted_app:s0:c224,c258,c512,c768 tcontext=u:object_r:vendor_sysfs_soc:s0 tclass=dir permissive=0 app=com.oculus.sdk.helloxr.vulkan
2025-02-01 22:56:58.777 13672-13708 libc                    com.oculus.sdk.helloxr.vulkan        W  Access denied finding property "ro.vendor.product.model_extended"
2025-02-01 22:56:58.777 13672-13708 GkCacheQuerierClient    com.oculus.sdk.helloxr.vulkan        W  getGkValue: Query result for 'oculus_xrruntime:oculus_trex_body_full_killsw' not successful: 4
2025-02-01 22:56:58.777 13672-13708 GkHelper                com.oculus.sdk.helloxr.vulkan        W  GkHelper: query failed, result code: 4
2025-02-01 22:56:58.777 13672-13708 OpenXR                  com.oculus.sdk.helloxr.vulkan        I  checkTrexKillswitchGk 'oculus_trex_body_full_killsw' = false
2025-02-01 22:56:58.777 13672-13708 OpenXR                  com.oculus.sdk.helloxr.vulkan        I  PassesGKKillswitch 1
2025-02-01 22:56:58.778 13672-13708 OpenXR                  com.oculus.sdk.helloxr.vulkan        I  xrEnumerateInstanceExtensionProperties: skipping extension=`XR_FB_keyboard_tracking` due to: missing uses-permission string `com.oculus.permission.TRACKED_KEYBOARD` from AndroidManifest in package `com.oculus.sdk.helloxr.vulkan`
2025-02-01 22:56:58.778 13672-13708 OpenXR                  com.oculus.sdk.helloxr.vulkan        I  xrEnumerateInstanceExtensionProperties: skipping extension=`XR_FBX1_spatial_entity` due to: Tier=40 extState=P deviceIsExpEnabled=false expManifestSet=false isFirstPartyApp=false isSystemApp=false
2025-02-01 22:56:58.778 13672-13708 OpenXR                  com.oculus.sdk.helloxr.vulkan        I  xrEnumerateInstanceExtensionProperties: skipping extension=`XR_FBX2_spatial_entity` due to: Tier=40 extState=P deviceIsExpEnabled=false expManifestSet=false isFirstPartyApp=false isSystemApp=false
2025-02-01 22:56:58.779 13672-13708 OpenXR                  com.oculus.sdk.helloxr.vulkan        I  checkTrexKillswitchGk 'oculus_trex_insightsdk_killsw' = false
2025-02-01 22:56:58.779 13672-13708 OpenXR                  com.oculus.sdk.helloxr.vulkan        I  PassesGKKillswitch 1
2025-02-01 22:56:58.779 13672-13708 OpenXR                  com.oculus.sdk.helloxr.vulkan        I  checkTrexKillswitchGk 'oculus_trex_insightsdk_killsw' = false
2025-02-01 22:56:58.779 13672-13708 OpenXR                  com.oculus.sdk.helloxr.vulkan        I  PassesGKKillswitch 1
2025-02-01 22:56:58.779 13672-13708 OpenXR                  com.oculus.sdk.helloxr.vulkan        I  xrEnumerateInstanceExtensionProperties: skipping extension=`XR_METAX1_passthrough_color_lut` due to: Tier=40 extState=P deviceIsExpEnabled=false expManifestSet=false isFirstPartyApp=false isSystemApp=false
2025-02-01 22:56:58.779 13672-13708 OpenXR                  com.oculus.sdk.helloxr.vulkan        I  checkTrexKillswitchGk 'oculus_trex_insightsdk_killsw' = false
2025-02-01 22:56:58.779 13672-13708 OpenXR                  com.oculus.sdk.helloxr.vulkan        I  PassesGKKillswitch 1
2025-02-01 22:56:58.779 13672-13708 OpenXR                  com.oculus.sdk.helloxr.vulkan        I  xrEnumerateInstanceExtensionProperties: skipping extension=`XR_FB_render_model` due to: missing uses-permission string `com.oculus.permission.RENDER_MODEL` from AndroidManifest in package `com.oculus.sdk.helloxr.vulkan`
2025-02-01 22:56:58.779 13672-13708 OpenXR                  com.oculus.sdk.helloxr.vulkan        I  xrEnumerateInstanceExtensionProperties: skipping extension=`XR_FBX1_spatial_entity_query` due to: Tier=40 extState=P deviceIsExpEnabled=false expManifestSet=false isFirstPartyApp=false isSystemApp=false
2025-02-01 22:56:58.779 13672-13708 OpenXR                  com.oculus.sdk.helloxr.vulkan        I  xrEnumerateInstanceExtensionProperties: skipping extension=`XR_FBX2_spatial_entity_query` due to: Tier=40 extState=P deviceIsExpEnabled=false expManifestSet=false isFirstPartyApp=false isSystemApp=false
2025-02-01 22:56:58.779 13672-13708 GkCacheQuerierClient    com.oculus.sdk.helloxr.vulkan        W  getGkValue: Query result for 'oculus_xrruntime:oculus_trex_anchor_persistence_discovery_killsw' not successful: 4
2025-02-01 22:56:58.779 13672-13708 GkHelper                com.oculus.sdk.helloxr.vulkan        W  GkHelper: query failed, result code: 4
2025-02-01 22:56:58.779 13672-13708 OpenXR                  com.oculus.sdk.helloxr.vulkan        I  checkTrexKillswitchGk 'oculus_trex_anchor_persistence_discovery_killsw' = false
2025-02-01 22:56:58.779 13672-13708 OpenXR                  com.oculus.sdk.helloxr.vulkan        I  PassesGKKillswitch 1
2025-02-01 22:56:58.779 13672-13708 GkCacheQuerierClient    com.oculus.sdk.helloxr.vulkan        W  getGkValue: Query result for 'oculus_xrruntime:oculus_trex_anchor_persistence_discovery_killsw' not successful: 4
2025-02-01 22:56:58.779 13672-13708 GkHelper                com.oculus.sdk.helloxr.vulkan        W  GkHelper: query failed, result code: 4
2025-02-01 22:56:58.779 13672-13708 OpenXR                  com.oculus.sdk.helloxr.vulkan        I  checkTrexKillswitchGk 'oculus_trex_anchor_persistence_discovery_killsw' = false
2025-02-01 22:56:58.779 13672-13708 OpenXR                  com.oculus.sdk.helloxr.vulkan        I  PassesGKKillswitch 1
2025-02-01 22:56:58.779 13672-13708 OpenXR                  com.oculus.sdk.helloxr.vulkan        I  xrEnumerateInstanceExtensionProperties: skipping extension=`XR_FBX1_touch_controller_extras` due to: Tier=40 extState=P deviceIsExpEnabled=false expManifestSet=false isFirstPartyApp=false isSystemApp=false
2025-02-01 22:56:58.779 13672-13708 OpenXR                  com.oculus.sdk.helloxr.vulkan        I  xrEnumerateInstanceExtensionProperties: skipping extension=`XR_FBX1_spatial_entity_storage` due to: Tier=40 extState=P deviceIsExpEnabled=false expManifestSet=false isFirstPartyApp=false isSystemApp=false
2025-02-01 22:56:58.779 13672-13708 OpenXR                  com.oculus.sdk.helloxr.vulkan        I  xrEnumerateInstanceExtensionProperties: skipping extension=`XR_FBX2_spatial_entity_storage` due to: Tier=40 extState=P deviceIsExpEnabled=false expManifestSet=false isFirstPartyApp=false isSystemApp=false
2025-02-01 22:56:58.780 13672-13708 OpenXR                  com.oculus.sdk.helloxr.vulkan        I  xrEnumerateInstanceExtensionProperties: skipping extension=`XR_FB_face_tracking` due to: missing uses-permission string `com.oculus.permission.FACE_TRACKING` from AndroidManifest in package `com.oculus.sdk.helloxr.vulkan`
2025-02-01 22:56:58.780 13672-13708 OpenXR                  com.oculus.sdk.helloxr.vulkan        I  xrEnumerateInstanceExtensionProperties: skipping extension 'XR_META_local_dimming' as device requirements requirements (16) are not met.
2025-02-01 22:56:58.780 13672-13708 OpenXR                  com.oculus.sdk.helloxr.vulkan        I  xrEnumerateInstanceExtensionProperties: skipping extension 'XR_META_foveation_eye_tracked' as feature requirements (1) are not met.
2025-02-01 22:56:58.780 13672-13708 OpenXR                  com.oculus.sdk.helloxr.vulkan        I  xrEnumerateInstanceExtensionProperties: skipping extension 'XR_FB_eye_tracking_social' as feature requirements (1) are not met.
2025-02-01 22:56:58.780 13672-13708 OpenXR                  com.oculus.sdk.helloxr.vulkan        I  checkTrexKillswitchGk 'oculus_trex_insightsdk_killsw' = false
2025-02-01 22:56:58.780 13672-13708 OpenXR                  com.oculus.sdk.helloxr.vulkan        I  PassesGKKillswitch 1
2025-02-01 22:56:58.780 13672-13708 OpenXR                  com.oculus.sdk.helloxr.vulkan        I  xrEnumerateInstanceExtensionProperties: skipping extension=`XR_FBX1_composition_layer_settings` due to: Tier=40 extState=P deviceIsExpEnabled=false expManifestSet=false isFirstPartyApp=false isSystemApp=false
2025-02-01 22:56:58.780 13672-13708 OpenXR                  com.oculus.sdk.helloxr.vulkan        I  xrEnumerateInstanceExtensionProperties: skipping extension=`XR_FBX1_composition_layer_depth_test` due to: Tier=40 extState=P deviceIsExpEnabled=false expManifestSet=false isFirstPartyApp=false isSystemApp=false
2025-02-01 22:56:58.780 13672-13708 OpenXR                  com.oculus.sdk.helloxr.vulkan        I  xrEnumerateInstanceExtensionProperties: skipping extension 'XR_EXT_eye_gaze_interaction' as feature requirements (1) are not met.
2025-02-01 22:56:58.780 13672-13708 OpenXR                  com.oculus.sdk.helloxr.vulkan        I  xrEnumerateInstanceExtensionProperties: skipping extension=`XR_EXTX1_hand_tracking_data_source` due to: Tier=40 extState=P deviceIsExpEnabled=false expManifestSet=false isFirstPartyApp=false isSystemApp=false
2025-02-01 22:56:58.780 13672-13708 OpenXR                  com.oculus.sdk.helloxr.vulkan        I  xrEnumerateInstanceExtensionProperties: skipping extension=`XR_METAX1_performance_metrics` due to: Tier=40 extState=P deviceIsExpEnabled=false expManifestSet=false isFirstPartyApp=false isSystemApp=false
2025-02-01 22:56:58.780 13672-13708 OpenXR                  com.oculus.sdk.helloxr.vulkan        I  xrEnumerateInstanceExtensionProperties: skipping extension=`XR_METAX1_virtual_keyboard` due to: Tier=40 extState=P deviceIsExpEnabled=false expManifestSet=false isFirstPartyApp=false isSystemApp=false
2025-02-01 22:56:58.780 13672-13708 OpenXR                  com.oculus.sdk.helloxr.vulkan        I  xrEnumerateInstanceExtensionProperties: skipping extension=`XR_METAX2_virtual_keyboard` due to: Tier=40 extState=P deviceIsExpEnabled=false expManifestSet=false isFirstPartyApp=false isSystemApp=false
2025-02-01 22:56:58.780 13672-13708 OpenXR                  com.oculus.sdk.helloxr.vulkan        I  xrEnumerateInstanceExtensionProperties: skipping extension=`XR_EXTX1_event_channel` due to: Tier=40 extState=P deviceIsExpEnabled=false expManifestSet=false isFirstPartyApp=false isSystemApp=false
2025-02-01 22:56:58.780 13672-13708 OpenXR                  com.oculus.sdk.helloxr.vulkan        I  xrEnumerateInstanceExtensionProperties: skipping extension=`XR_METAX1_environment_depth` due to: Tier=40 extState=P deviceIsExpEnabled=false expManifestSet=false isFirstPartyApp=false isSystemApp=false
2025-02-01 22:56:58.780 13672-13708 OpenXR                  com.oculus.sdk.helloxr.vulkan        I  xrEnumerateInstanceExtensionProperties: skipping extension=`XR_METAX2_environment_depth` due to: Tier=40 extState=P deviceIsExpEnabled=false expManifestSet=false isFirstPartyApp=false isSystemApp=false
2025-02-01 22:56:58.780 13672-13708 GkCacheQuerierClient    com.oculus.sdk.helloxr.vulkan        W  getGkValue: Query result for 'oculus_xrruntime:oculus_trex_environment_depth_tier3_killsw' not successful: 4
2025-02-01 22:56:58.780 13672-13708 GkHelper                com.oculus.sdk.helloxr.vulkan        W  GkHelper: query failed, result code: 4
2025-02-01 22:56:58.780 13672-13708 OpenXR                  com.oculus.sdk.helloxr.vulkan        I  checkTrexKillswitchGk 'oculus_trex_environment_depth_tier3_killsw' = false
2025-02-01 22:56:58.780 13672-13708 OpenXR                  com.oculus.sdk.helloxr.vulkan        I  PassesGKKillswitch 1
2025-02-01 22:56:58.780 13672-13708 OpenXR                  com.oculus.sdk.helloxr.vulkan        I  xrEnumerateInstanceExtensionProperties: skipping extension=`XR_EXT_palm_pose` due to: Tier=40 extState=P deviceIsExpEnabled=false expManifestSet=false isFirstPartyApp=false isSystemApp=false
2025-02-01 22:56:58.780 13672-13708 GkCacheQuerierClient    com.oculus.sdk.helloxr.vulkan        W  getGkValue: Query result for 'oculus_xrruntime:oculus_trex_body_fidelity_killsw' not successful: 4
2025-02-01 22:56:58.780 13672-13708 GkHelper                com.oculus.sdk.helloxr.vulkan        W  GkHelper: query failed, result code: 4
2025-02-01 22:56:58.780 13672-13708 OpenXR                  com.oculus.sdk.helloxr.vulkan        I  checkTrexKillswitchGk 'oculus_trex_body_fidelity_killsw' = false
2025-02-01 22:56:58.780 13672-13708 OpenXR                  com.oculus.sdk.helloxr.vulkan        I  PassesGKKillswitch 1
2025-02-01 22:56:58.780 13672-13708 GkCacheQuerierClient    com.oculus.sdk.helloxr.vulkan        W  getGkValue: Query result for 'oculus_xrruntime:oculus_trex_body_calibration_killsw' not successful: 4
2025-02-01 22:56:58.780 13672-13708 GkHelper                com.oculus.sdk.helloxr.vulkan        W  GkHelper: query failed, result code: 4
2025-02-01 22:56:58.780 13672-13708 OpenXR                  com.oculus.sdk.helloxr.vulkan        I  checkTrexKillswitchGk 'oculus_trex_body_calibration_killsw' = false
2025-02-01 22:56:58.780 13672-13708 OpenXR                  com.oculus.sdk.helloxr.vulkan        I  PassesGKKillswitch 1
2025-02-01 22:56:58.780 13672-13708 OpenXR                  com.oculus.sdk.helloxr.vulkan        I  xrEnumerateInstanceExtensionProperties: skipping extension=`XR_METAX1_dynamic_object_tracker` due to: Tier=40 extState=P deviceIsExpEnabled=false expManifestSet=false isFirstPartyApp=false isSystemApp=false
2025-02-01 22:56:58.780 13672-13708 OpenXR-Loader           com.oculus.sdk.helloxr.vulkan        V  Verbose [GENERAL | xrEnumerateInstanceExtensionProperties | OpenXR-Loader] : Completed loader trampoline
2025-02-01 22:56:58.780 13672-13708 OpenXR-Loader           com.oculus.sdk.helloxr.vulkan        V  Verbose [GENERAL | xrEnumerateInstanceExtensionProperties | OpenXR-Loader] : Entering loader trampoline
2025-02-01 22:56:58.781 13672-13708 OpenXR-Loader           com.oculus.sdk.helloxr.vulkan        V  Verbose [GENERAL | xrEnumerateInstanceExtensionProperties | OpenXR-Loader] : Completed loader trampoline
2025-02-01 22:56:58.781 13672-13708 helloxr                 com.oculus.sdk.helloxr.vulkan        V  [22:56:58.781][Verbose] Available Extensions: (88)
2025-02-01 22:56:58.781 13672-13708 helloxr                 com.oculus.sdk.helloxr.vulkan        V  [22:56:58.781][Verbose]   Name=XR_KHR_android_create_instance SpecVersion=3
2025-02-01 22:56:58.781 13672-13708 helloxr                 com.oculus.sdk.helloxr.vulkan        V  [22:56:58.781][Verbose]   Name=XR_KHR_android_surface_swapchain SpecVersion=4
2025-02-01 22:56:58.781 13672-13708 helloxr                 com.oculus.sdk.helloxr.vulkan        V  [22:56:58.781][Verbose]   Name=XR_KHR_android_thread_settings SpecVersion=6
2025-02-01 22:56:58.781 13672-13708 helloxr                 com.oculus.sdk.helloxr.vulkan        V  [22:56:58.781][Verbose]   Name=XR_FB_android_surface_swapchain_create SpecVersion=1
2025-02-01 22:56:58.781 13672-13708 helloxr                 com.oculus.sdk.helloxr.vulkan        V  [22:56:58.781][Verbose]   Name=XR_KHR_opengl_es_enable SpecVersion=8
2025-02-01 22:56:58.781 13672-13708 helloxr                 com.oculus.sdk.helloxr.vulkan        V  [22:56:58.781][Verbose]   Name=XR_KHR_vulkan_enable SpecVersion=8
2025-02-01 22:56:58.781 13672-13708 helloxr                 com.oculus.sdk.helloxr.vulkan        V  [22:56:58.781][Verbose]   Name=XR_KHR_vulkan_enable2 SpecVersion=2
2025-02-01 22:56:58.781 13672-13708 helloxr                 com.oculus.sdk.helloxr.vulkan        V  [22:56:58.781][Verbose]   Name=XR_KHR_composition_layer_cube SpecVersion=8
2025-02-01 22:56:58.781 13672-13708 helloxr                 com.oculus.sdk.helloxr.vulkan        V  [22:56:58.781][Verbose]   Name=XR_KHR_composition_layer_cylinder SpecVersion=4
2025-02-01 22:56:58.781 13672-13708 helloxr                 com.oculus.sdk.helloxr.vulkan        V  [22:56:58.781][Verbose]   Name=XR_KHR_composition_layer_equirect2 SpecVersion=1
2025-02-01 22:56:58.781 13672-13708 helloxr                 com.oculus.sdk.helloxr.vulkan        V  [22:56:58.781][Verbose]   Name=XR_KHR_composition_layer_color_scale_bias SpecVersion=5
2025-02-01 22:56:58.781 13672-13708 helloxr                 com.oculus.sdk.helloxr.vulkan        V  [22:56:58.781][Verbose]   Name=XR_KHR_composition_layer_depth SpecVersion=6
2025-02-01 22:56:58.781 13672-13708 helloxr                 com.oculus.sdk.helloxr.vulkan        V  [22:56:58.781][Verbose]   Name=XR_FB_color_space SpecVersion=3
2025-02-01 22:56:58.781 13672-13708 helloxr                 com.oculus.sdk.helloxr.vulkan        V  [22:56:58.781][Verbose]   Name=XR_EXT_performance_settings SpecVersion=4
2025-02-01 22:56:58.781 13672-13708 helloxr                 com.oculus.sdk.helloxr.vulkan        V  [22:56:58.781][Verbose]   Name=XR_EXT_hand_tracking SpecVersion=4
2025-02-01 22:56:58.781 13672-13708 helloxr                 com.oculus.sdk.helloxr.vulkan        V  [22:56:58.781][Verbose]   Name=XR_EXT_debug_utils SpecVersion=5
2025-02-01 22:56:58.781 13672-13708 helloxr                 com.oculus.sdk.helloxr.vulkan        V  [22:56:58.781][Verbose]   Name=XR_FB_display_refresh_rate SpecVersion=1
2025-02-01 22:56:58.781 13672-13708 helloxr                 com.oculus.sdk.helloxr.vulkan        V  [22:56:58.781][Verbose]   Name=XR_FB_swapchain_update_state SpecVersion=3
2025-02-01 22:56:58.781 13672-13708 helloxr                 com.oculus.sdk.helloxr.vulkan        V  [22:56:58.781][Verbose]   Name=XR_FB_swapchain_update_state_opengl_es SpecVersion=1
2025-02-01 22:56:58.781 13672-13708 helloxr                 com.oculus.sdk.helloxr.vulkan        V  [22:56:58.781][Verbose]   Name=XR_FB_swapchain_update_state_vulkan SpecVersion=1
2025-02-01 22:56:58.781 13672-13708 helloxr                 com.oculus.sdk.helloxr.vulkan        V  [22:56:58.781][Verbose]   Name=XR_FB_swapchain_update_state_android_surface SpecVersion=1
2025-02-01 22:56:58.781 13672-13708 helloxr                 com.oculus.sdk.helloxr.vulkan        V  [22:56:58.781][Verbose]   Name=XR_OCULUS_common_reference_spaces SpecVersion=1
2025-02-01 22:56:58.781 13672-13708 helloxr                 com.oculus.sdk.helloxr.vulkan        V  [22:56:58.781][Verbose]   Name=XR_FB_composition_layer_image_layout SpecVersion=1
2025-02-01 22:56:58.781 13672-13708 helloxr                 com.oculus.sdk.helloxr.vulkan        V  [22:56:58.781][Verbose]   Name=XR_FB_composition_layer_alpha_blend SpecVersion=3
2025-02-01 22:56:58.781 13672-13708 helloxr                 com.oculus.sdk.helloxr.vulkan        V  [22:56:58.781][Verbose]   Name=XR_FB_common_events SpecVersion=2
2025-02-01 22:56:58.781 13672-13708 helloxr                 com.oculus.sdk.helloxr.vulkan        V  [22:56:58.781][Verbose]   Name=XR_FB_hand_tracking_mesh SpecVersion=3
2025-02-01 22:56:58.781 13672-13708 helloxr                 com.oculus.sdk.helloxr.vulkan        V  [22:56:58.781][Verbose]   Name=XR_FB_hand_tracking_aim SpecVersion=2
2025-02-01 22:56:58.781 13672-13708 helloxr                 com.oculus.sdk.helloxr.vulkan        V  [22:56:58.781][Verbose]   Name=XR_FB_hand_tracking_capsules SpecVersion=3
2025-02-01 22:56:58.781 13672-13708 helloxr                 com.oculus.sdk.helloxr.vulkan        V  [22:56:58.781][Verbose]   Name=XR_FB_foveation SpecVersion=1
2025-02-01 22:56:58.781 13672-13708 helloxr                 com.oculus.sdk.helloxr.vulkan        V  [22:56:58.781][Verbose]   Name=XR_FB_foveation_configuration SpecVersion=1
2025-02-01 22:56:58.781 13672-13708 helloxr                 com.oculus.sdk.helloxr.vulkan        V  [22:56:58.781][Verbose]   Name=XR_FB_foveation_vulkan SpecVersion=1
2025-02-01 22:56:58.781 13672-13708 helloxr                 com.oculus.sdk.helloxr.vulkan        V  [22:56:58.781][Verbose]   Name=XR_FB_composition_layer_secure_content SpecVersion=1
2025-02-01 22:56:58.781 13672-13708 helloxr                 com.oculus.sdk.helloxr.vulkan        V  [22:56:58.781][Verbose]   Name=XR_KHR_convert_timespec_time SpecVersion=1
2025-02-01 22:56:58.781 13672-13708 helloxr                 com.oculus.sdk.helloxr.vulkan        V  [22:56:58.781][Verbose]   Name=XR_META_body_tracking_full_body SpecVersion=1
2025-02-01 22:56:58.781 13672-13708 helloxr                 com.oculus.sdk.helloxr.vulkan        V  [22:56:58.781][Verbose]   Name=XR_FB_body_tracking SpecVersion=1
2025-02-01 22:56:58.781 13672-13708 helloxr                 com.oculus.sdk.helloxr.vulkan        V  [22:56:58.781][Verbose]   Name=XR_FB_spatial_entity SpecVersion=1
2025-02-01 22:56:58.781 13672-13708 helloxr                 com.oculus.sdk.helloxr.vulkan        V  [22:56:58.781][Verbose]   Name=XR_FB_triangle_mesh SpecVersion=2
2025-02-01 22:56:58.781 13672-13708 helloxr                 com.oculus.sdk.helloxr.vulkan        V  [22:56:58.781][Verbose]   Name=XR_FB_passthrough SpecVersion=4
2025-02-01 22:56:58.781 13672-13708 helloxr                 com.oculus.sdk.helloxr.vulkan        V  [22:56:58.781][Verbose]   Name=XR_META_passthrough_color_lut SpecVersion=1
2025-02-01 22:56:58.781 13672-13708 helloxr                 com.oculus.sdk.helloxr.vulkan        V  [22:56:58.781][Verbose]   Name=XR_META_passthrough_layer_resumed_event SpecVersion=1
2025-02-01 22:56:58.781 13672-13708 helloxr                 com.oculus.sdk.helloxr.vulkan        V  [22:56:58.781][Verbose]   Name=XR_META_passthrough_preferences SpecVersion=1
2025-02-01 22:56:58.781 13672-13708 helloxr                 com.oculus.sdk.helloxr.vulkan        V  [22:56:58.781][Verbose]   Name=XR_FB_spatial_entity_query SpecVersion=1
2025-02-01 22:56:58.781 13672-13708 helloxr                 com.oculus.sdk.helloxr.vulkan        V  [22:56:58.781][Verbose]   Name=XR_META_spatial_entity_persistence SpecVersion=1
2025-02-01 22:56:58.781 13672-13708 helloxr                 com.oculus.sdk.helloxr.vulkan        V  [22:56:58.781][Verbose]   Name=XR_META_spatial_entity_discovery SpecVersion=1
2025-02-01 22:56:58.781 13672-13708 helloxr                 com.oculus.sdk.helloxr.vulkan        V  [22:56:58.781][Verbose]   Name=XR_FB_touch_controller_proximity SpecVersion=1
2025-02-01 22:56:58.781 13672-13708 helloxr                 com.oculus.sdk.helloxr.vulkan        V  [22:56:58.781][Verbose]   Name=XR_FB_touch_controller_pro SpecVersion=1
2025-02-01 22:56:58.781 13672-13708 helloxr                 com.oculus.sdk.helloxr.vulkan        V  [22:56:58.781][Verbose]   Name=XR_META_touch_controller_plus SpecVersion=1
2025-02-01 22:56:58.781 13672-13708 helloxr                 com.oculus.sdk.helloxr.vulkan        V  [22:56:58.781][Verbose]   Name=XR_FB_haptic_amplitude_envelope SpecVersion=1
2025-02-01 22:56:58.781 13672-13708 helloxr                 com.oculus.sdk.helloxr.vulkan        V  [22:56:58.781][Verbose]   Name=XR_FB_haptic_pcm SpecVersion=1
2025-02-01 22:56:58.781 13672-13708 helloxr                 com.oculus.sdk.helloxr.vulkan        V  [22:56:58.781][Verbose]   Name=XR_FB_spatial_entity_storage SpecVersion=1
2025-02-01 22:56:58.781 13672-13708 helloxr                 com.oculus.sdk.helloxr.vulkan        V  [22:56:58.781][Verbose]   Name=XR_FB_spatial_entity_storage_batch SpecVersion=1
2025-02-01 22:56:58.781 13672-13708 helloxr                 com.oculus.sdk.helloxr.vulkan        V  [22:56:58.781][Verbose]   Name=XR_FB_spatial_entity_sharing SpecVersion=1
2025-02-01 22:56:58.781 13672-13708 helloxr                 com.oculus.sdk.helloxr.vulkan        V  [22:56:58.781][Verbose]   Name=XR_META_spatial_entity_sharing SpecVersion=1
2025-02-01 22:56:58.781 13672-13708 helloxr                 com.oculus.sdk.helloxr.vulkan        V  [22:56:58.781][Verbose]   Name=XR_META_spatial_entity_group_sharing SpecVersion=1
2025-02-01 22:56:58.781 13672-13708 helloxr                 com.oculus.sdk.helloxr.vulkan        V  [22:56:58.781][Verbose]   Name=XR_FB_spatial_entity_user SpecVersion=1
2025-02-01 22:56:58.781 13672-13708 helloxr                 com.oculus.sdk.helloxr.vulkan        V  [22:56:58.781][Verbose]   Name=XR_FB_space_warp SpecVersion=2
2025-02-01 22:56:58.781 13672-13708 helloxr                 com.oculus.sdk.helloxr.vulkan        V  [22:56:58.781][Verbose]   Name=XR_FB_spatial_entity_container SpecVersion=1
2025-02-01 22:56:58.781 13672-13708 helloxr                 com.oculus.sdk.helloxr.vulkan        V  [22:56:58.781][Verbose]   Name=XR_META_colocation_discovery SpecVersion=1
2025-02-01 22:56:58.781 13672-13708 helloxr                 com.oculus.sdk.helloxr.vulkan        V  [22:56:58.781][Verbose]   Name=XR_FB_scene SpecVersion=1
2025-02-01 22:56:58.781 13672-13708 helloxr                 com.oculus.sdk.helloxr.vulkan        V  [22:56:58.781][Verbose]   Name=XR_FB_scene_capture SpecVersion=1
2025-02-01 22:56:58.781 13672-13708 helloxr                 com.oculus.sdk.helloxr.vulkan        V  [22:56:58.781][Verbose]   Name=XR_META_spatial_entity_mesh SpecVersion=1
2025-02-01 22:56:58.781 13672-13708 helloxr                 com.oculus.sdk.helloxr.vulkan        V  [22:56:58.781][Verbose]   Name=XR_FB_face_tracking2 SpecVersion=1
2025-02-01 22:56:58.781 13672-13708 helloxr                 com.oculus.sdk.helloxr.vulkan        V  [22:56:58.781][Verbose]   Name=XR_META_vulkan_swapchain_create_info SpecVersion=1
2025-02-01 22:56:58.781 13672-13708 helloxr                 com.oculus.sdk.helloxr.vulkan        V  [22:56:58.781][Verbose]   Name=XR_FB_passthrough_keyboard_hands SpecVersion=2
2025-02-01 22:56:58.781 13672-13708 helloxr                 com.oculus.sdk.helloxr.vulkan        V  [22:56:58.781][Verbose]   Name=XR_FB_composition_layer_settings SpecVersion=1
2025-02-01 22:56:58.781 13672-13708 helloxr                 com.oculus.sdk.helloxr.vulkan        V  [22:56:58.781][Verbose]   Name=XR_META_feature_fidelity SpecVersion=1
2025-02-01 22:56:58.781 13672-13708 helloxr                 com.oculus.sdk.helloxr.vulkan        V  [22:56:58.781][Verbose]   Name=XR_FB_composition_layer_depth_test SpecVersion=1
2025-02-01 22:56:58.781 13672-13708 helloxr                 com.oculus.sdk.helloxr.vulkan        V  [22:56:58.781][Verbose]   Name=XR_EXT_hand_joints_motion_range SpecVersion=1
2025-02-01 22:56:58.781 13672-13708 helloxr                 com.oculus.sdk.helloxr.vulkan        V  [22:56:58.781][Verbose]   Name=XR_EXT_hand_tracking_data_source SpecVersion=1
2025-02-01 22:56:58.781 13672-13708 helloxr                 com.oculus.sdk.helloxr.vulkan        V  [22:56:58.781][Verbose]   Name=XR_META_hand_tracking_wide_motion_mode SpecVersion=1
2025-02-01 22:56:58.781 13672-13708 helloxr                 com.oculus.sdk.helloxr.vulkan        V  [22:56:58.781][Verbose]   Name=XR_META_performance_metrics SpecVersion=2
2025-02-01 22:56:58.781 13672-13708 helloxr                 com.oculus.sdk.helloxr.vulkan        V  [22:56:58.781][Verbose]   Name=XR_META_virtual_keyboard SpecVersion=1
2025-02-01 22:56:58.781 13672-13708 helloxr                 com.oculus.sdk.helloxr.vulkan        V  [22:56:58.781][Verbose]   Name=XR_META_detached_controllers SpecVersion=1
2025-02-01 22:56:58.781 13672-13708 helloxr                 com.oculus.sdk.helloxr.vulkan        V  [22:56:58.781][Verbose]   Name=XR_MSFT_hand_interaction SpecVersion=1
2025-02-01 22:56:58.781 13672-13708 helloxr                 com.oculus.sdk.helloxr.vulkan        V  [22:56:58.781][Verbose]   Name=XR_META_headset_id SpecVersion=2
2025-02-01 22:56:58.781 13672-13708 helloxr                 com.oculus.sdk.helloxr.vulkan        V  [22:56:58.781][Verbose]   Name=XR_META_recommended_layer_resolution SpecVersion=1
2025-02-01 22:56:58.781 13672-13708 helloxr                 com.oculus.sdk.helloxr.vulkan        V  [22:56:58.781][Verbose]   Name=XR_META_environment_depth SpecVersion=1
2025-02-01 22:56:58.781 13672-13708 helloxr                 com.oculus.sdk.helloxr.vulkan        V  [22:56:58.781][Verbose]   Name=XR_EXT_active_action_set_priority SpecVersion=1
2025-02-01 22:56:58.781 13672-13708 helloxr                 com.oculus.sdk.helloxr.vulkan        V  [22:56:58.781][Verbose]   Name=XR_META_automatic_layer_filter SpecVersion=1
2025-02-01 22:56:58.781 13672-13708 helloxr                 com.oculus.sdk.helloxr.vulkan        V  [22:56:58.781][Verbose]   Name=XR_META_body_tracking_fidelity SpecVersion=1
2025-02-01 22:56:58.781 13672-13708 helloxr                 com.oculus.sdk.helloxr.vulkan        V  [22:56:58.781][Verbose]   Name=XR_META_simultaneous_hands_and_controllers SpecVersion=1
2025-02-01 22:56:58.781 13672-13708 helloxr                 com.oculus.sdk.helloxr.vulkan        V  [22:56:58.781][Verbose]   Name=XR_EXT_local_floor SpecVersion=1
2025-02-01 22:56:58.781 13672-13708 helloxr                 com.oculus.sdk.helloxr.vulkan        V  [22:56:58.781][Verbose]   Name=XR_META_body_tracking_calibration SpecVersion=1
2025-02-01 22:56:58.781 13672-13708 helloxr                 com.oculus.sdk.helloxr.vulkan        V  [22:56:58.781][Verbose]   Name=XR_EXT_hand_interaction SpecVersion=1
2025-02-01 22:56:58.781 13672-13708 helloxr                 com.oculus.sdk.helloxr.vulkan        V  [22:56:58.781][Verbose]   Name=XR_META_boundary_visibility SpecVersion=1
2025-02-01 22:56:58.781 13672-13708 helloxr                 com.oculus.sdk.helloxr.vulkan        V  [22:56:58.781][Verbose]   Name=XR_EXT_user_presence SpecVersion=1
2025-02-01 22:56:58.781 13672-13708 helloxr                 com.oculus.sdk.helloxr.vulkan        V  [22:56:58.781][Verbose]   Name=XR_KHR_visibility_mask SpecVersion=2
2025-02-01 22:56:58.781 13672-13708 helloxr                 com.oculus.sdk.helloxr.vulkan        V  [22:56:58.781][Verbose]   Name=XR_LOGITECH_mx_ink_stylus_interaction SpecVersion=1
2025-02-01 22:56:58.781 13672-13708 OpenXR-Loader           com.oculus.sdk.helloxr.vulkan        V  Verbose [GENERAL | xrEnumerateApiLayerProperties | OpenXR-Loader] : Entering loader trampoline
2025-02-01 22:56:58.782 13672-13708 OpenXR-Loader           com.oculus.sdk.helloxr.vulkan        V  Verbose [GENERAL | xrEnumerateApiLayerProperties | OpenXR-Loader] : Entering loader trampoline
2025-02-01 22:56:58.782 13672-13708 helloxr                 com.oculus.sdk.helloxr.vulkan        V  [22:56:58.782][Info   ] Available Layers: (0)
2025-02-01 22:56:58.782 13672-13708 helloxr                 com.oculus.sdk.helloxr.vulkan        V  [22:56:58.782][Info   ] blah 0 XR_KHR_android_create_instance
2025-02-01 22:56:58.782 13672-13708 helloxr                 com.oculus.sdk.helloxr.vulkan        V  [22:56:58.782][Info   ] blah 1 XR_KHR_vulkan_enable2
2025-02-01 22:56:58.782 13672-13708 helloxr                 com.oculus.sdk.helloxr.vulkan        V  [22:56:58.782][Info   ] blah 2 XR_FB_passthrough
2025-02-01 22:56:58.782 13672-13708 helloxr                 com.oculus.sdk.helloxr.vulkan        V  [22:56:58.782][Info   ] blah 3 XR_FB_triangle_mesh
2025-02-01 22:56:58.782 13672-13708 helloxr                 com.oculus.sdk.helloxr.vulkan        V  [22:56:58.782][Info   ] blah 4 XR_META_environment_depth
2025-02-01 22:56:58.782 13672-13708 helloxr                 com.oculus.sdk.helloxr.vulkan        V  [22:56:58.782][Info   ] blah 5 XR_FB_composition_layer_alpha_blend
2025-02-01 22:56:58.782 13672-13708 helloxr                 com.oculus.sdk.helloxr.vulkan        V  [22:56:58.782][Info   ] blah 6 XR_FB_composition_layer_depth_test
