2025-01-26 04:25:40.009 13781-13829 VrRuntimeCompatHelper   com.oculus.sdk.helloxr.vulkan        I  DevicesSupported : 1 devices, quest
2025-01-26 04:25:40.009 13781-13829 OpenXR                  com.oculus.sdk.helloxr.vulkan        I  IsSystem 0
2025-01-26 04:25:40.009 13781-13829 Distortion              com.oculus.sdk.helloxr.vulkan        I  Initializing Mesh Decenter Correction
2025-01-26 04:25:40.009 13781-13829 libosutils              com.oculus.sdk.helloxr.vulkan        E  Failed to get real path of file '/sys/devices/soc0/platform_subtype_id', err: Permission denied
2025-01-26 04:25:40.009 13781-13829 libosutils              com.oculus.sdk.helloxr.vulkan        E  Failed to get real path of file '/sys/devices/soc0/platform_version', err: Permission denied
2025-01-26 04:25:40.009 13781-13829 libdeviceid             com.oculus.sdk.helloxr.vulkan        W  DeviceId unknown with subtype FFFFFFFF and version: 0xFFFFFFFF
2025-01-26 04:25:40.009 13781-13829 Distortion              com.oculus.sdk.helloxr.vulkan        I  Decenter tester version = 200
2025-01-26 04:25:40.009 13781-13829 Distortion              com.oculus.sdk.helloxr.vulkan        I  SetLensPositions - iad=0.0635, left offset=-0.0030803,-3.05452e-05, right offset=0.00332641,1.07915e-05
2025-01-26 04:25:40.009 13781-13829 GkHelper                com.oculus.sdk.helloxr.vulkan        I  Checking gk 'oculus_quest3_high_res_eye_buffer', default = false
2025-01-26 04:25:40.009 13781-13829 GkHelper                com.oculus.sdk.helloxr.vulkan        I  Checking gk 'oculus_quest3_super_high_res_eye_buffer', default = false
2025-01-26 04:25:40.009 13781-13829 OpenXR                  com.oculus.sdk.helloxr.vulkan        I  ----------- xrCreateInstance [end] ----------
2025-01-26 04:25:40.009 13781-13829 OpenXR-Loader           com.oculus.sdk.helloxr.vulkan        V  Verbose [GENERAL | xrCreateInstance | OpenXR-Loader] : Completed loader terminator
2025-01-26 04:25:40.010 13781-13829 OpenXR-Loader           com.oculus.sdk.helloxr.vulkan        I  Info [GENERAL | xrCreateInstance | OpenXR-Loader] : LoaderInstance::CreateInstance succeeded with 0 layers enabled and runtime interface - created instance = 0x0100000000000002
2025-01-26 04:25:40.010 13781-13829 OpenXR-Loader           com.oculus.sdk.helloxr.vulkan        V  Verbose [GENERAL | xrCreateInstance | OpenXR-Loader] : Completed loader trampoline
2025-01-26 04:25:40.010 13781-13829 helloxr                 com.oculus.sdk.helloxr.vulkan        V  [04:25:40.010][Info   ] Instance RuntimeName=Oculus RuntimeVersion=71.601.0
2025-01-26 04:25:40.010 13781-13829 helloxr                 com.oculus.sdk.helloxr.vulkan        V  [04:25:40.010][Info   ] Available View Configuration Types: (1)
2025-01-26 04:25:40.010 13781-13829 helloxr                 com.oculus.sdk.helloxr.vulkan        V  [04:25:40.010][Info   ] Available Environment Blend Mode count : (1)
2025-01-26 04:25:40.010 13781-13829 helloxr                 com.oculus.sdk.helloxr.vulkan        V  [04:25:40.010][Info   ] Environment Blend Mode (XR_ENVIRONMENT_BLEND_MODE_OPAQUE) : (Selected)
2025-01-26 04:25:40.010 13781-13829 helloxr                 com.oculus.sdk.helloxr.vulkan        V  [04:25:40.010][Warning] No validation layers found in the system, skipping
2025-01-26 04:25:40.012 13781-13829 Adreno-AppProfiles      com.oculus.sdk.helloxr.vulkan        W  Could not find QSPM HAL service. Skipping adreno profile processing.
2025-01-26 04:25:40.013 13781-13829 AdrenoVK-0              com.oculus.sdk.helloxr.vulkan        I  ===== BEGIN DUMP OF OVERRIDDEN SETTINGS =====
2025-01-26 04:25:40.013 13781-13829 AdrenoVK-0              com.oculus.sdk.helloxr.vulkan        I  ===== END DUMP OF OVERRIDDEN SETTINGS =====
2025-01-26 04:25:40.016 13781-13829 AdrenoVK-0              com.oculus.sdk.helloxr.vulkan        I  QUALCOMM build          : 5c44054b8b, I064dd7d485
                                                                                                    Build Date              : 09/12/24
                                                                                                    Shader Compiler Version : E031.47.14.01
                                                                                                    Local Branch            :
                                                                                                    Remote Branch           : refs/tags/AU_LINUX_ANDROID_LA.VENDOR.12.3.11.00.00.934.442
                                                                                                    Remote Branch           : NONE
                                                                                                    Reconstruct Branch      : NOTHING
2025-01-26 04:25:40.016 13781-13829 AdrenoVK-0              com.oculus.sdk.helloxr.vulkan        I  Build Config            : S P 12.1.6 AArch64
2025-01-26 04:25:40.016 13781-13829 AdrenoVK-0              com.oculus.sdk.helloxr.vulkan        I  Driver Path             : /vendor/lib64/hw/vulkan.adreno.so
2025-01-26 04:25:40.016 13781-13829 AdrenoVK-0              com.oculus.sdk.helloxr.vulkan        I  Driver Version          : 0797.0
2025-01-26 04:25:40.016 13781-13829 AdrenoVK-0              com.oculus.sdk.helloxr.vulkan        I  PFP                     : 0x01511175
2025-01-26 04:25:40.016 13781-13829 AdrenoVK-0              com.oculus.sdk.helloxr.vulkan        I  ME                      : 0x00000000
2025-01-26 04:25:40.016 13781-13829 AdrenoVK-0              com.oculus.sdk.helloxr.vulkan        I  Application Name    : helloxr
                                                                                                    Application Version : 0x00000001
                                                                                                    Engine Name         : helloxr
                                                                                                    Engine Version      : 0x00000001
                                                                                                    Api Version         : 0x00400000
2025-01-26 04:25:40.016 13781-13829 VulkanLoader            com.oculus.sdk.helloxr.vulkan        I  ovrVulkanLoader::Load
2025-01-26 04:25:40.016 13781-13829 VulkanLoader            com.oculus.sdk.helloxr.vulkan        W  VulkanLoader::LoadInstanceFunctions: Failed to load vkCreateDebugReportCallbackEXT, likely vkInstance created without xrGetVulkanInstanceExtensionsKHR/vrapi_GetInstanceExtensionsVulkan
2025-01-26 04:25:40.016 13781-13829 VulkanLoader            com.oculus.sdk.helloxr.vulkan        W  VulkanLoader::LoadInstanceFunctions: Failed to load vkDestroyDebugReportCallbackEXT, likely vkInstance created without xrGetVulkanInstanceExtensionsKHR/vrapi_GetInstanceExtensionsVulkan
2025-01-26 04:25:40.016 13781-13829 VulkanLoader            com.oculus.sdk.helloxr.vulkan        W  ovrVulkanLoader::LoadDeviceFunctions: device invalid
2025-01-26 04:25:40.016 13781-13829 VulkanLoader            com.oculus.sdk.helloxr.vulkan        W  ovrVulkanLoader::LoadExtensionList: physicalDevice invalid
2025-01-26 04:25:40.016 13781-13829 Vulkan_Utils            com.oculus.sdk.helloxr.vulkan        I  --------------------------------
2025-01-26 04:25:40.016 13781-13829 Vulkan_Utils            com.oculus.sdk.helloxr.vulkan        I  Device Name          : Adreno (TM) 740
2025-01-26 04:25:40.016 13781-13829 Vulkan_Utils            com.oculus.sdk.helloxr.vulkan        I  Device Type          : integrated GPU
2025-01-26 04:25:40.016 13781-13829 Vulkan_Utils            com.oculus.sdk.helloxr.vulkan        I  Vendor ID            : 0x5143
2025-01-26 04:25:40.016 13781-13829 Vulkan_Utils            com.oculus.sdk.helloxr.vulkan        I  Device ID            : 0x43050B00
2025-01-26 04:25:40.016 13781-13829 Vulkan_Utils            com.oculus.sdk.helloxr.vulkan        I  Driver Version       : 512.797.0
2025-01-26 04:25:40.016 13781-13829 Vulkan_Utils            com.oculus.sdk.helloxr.vulkan        I  API Version          : 1.1.284
2025-01-26 04:25:40.016 13781-13829 Vulkan_Utils            com.oculus.sdk.helloxr.vulkan        I  Queue Families       : 0 = graphics compute transfer (3 queues, 3 priorities)
2025-01-26 04:25:40.016 13781-13829 Vulkan_Utils            com.oculus.sdk.helloxr.vulkan        I                         1 = (1 queues, 3 priorities)
2025-01-26 04:25:40.016 13781-13829 Vulkan_Utils            com.oculus.sdk.helloxr.vulkan        I  Work Queue Family    : 0
2025-01-26 04:25:40.017 13781-13829 Vulkan_Utils            com.oculus.sdk.helloxr.vulkan        I  Device Extensions    : VK_KHR_swapchain (required, enabled)
2025-01-26 04:25:40.017 13781-13829 Vulkan_Utils            com.oculus.sdk.helloxr.vulkan        I                         VK_KHR_external_memory (required, enabled)
2025-01-26 04:25:40.017 13781-13829 Vulkan_Utils            com.oculus.sdk.helloxr.vulkan        I                         VK_KHR_get_memory_requirements2 (required, enabled)
2025-01-26 04:25:40.017 13781-13829 Vulkan_Utils            com.oculus.sdk.helloxr.vulkan        I  Device Extensions      VK_EXT_fragment_density_map (optional, enabled)
2025-01-26 04:25:40.017 13781-13829 Vulkan_Utils            com.oculus.sdk.helloxr.vulkan        I                         VK_EXT_fragment_density_map2 (optional, enabled)
2025-01-26 04:25:40.017 13781-13829 Vulkan_Utils            com.oculus.sdk.helloxr.vulkan        I                         VK_KHR_maintenance1 (optional, enabled)
2025-01-26 04:25:40.017 13781-13829 Vulkan_Utils            com.oculus.sdk.helloxr.vulkan        I                         VK_KHR_bind_memory2 (optional, enabled)
2025-01-26 04:25:40.017 13781-13829 Vulkan_Utils            com.oculus.sdk.helloxr.vulkan        I                         VK_KHR_sampler_ycbcr_conversion (optional, enabled)
2025-01-26 04:25:40.017 13781-13829 Vulkan_Utils            com.oculus.sdk.helloxr.vulkan        I                         VK_EXT_queue_family_foreign (optional, enabled)
2025-01-26 04:25:40.017 13781-13829 Vulkan_Utils            com.oculus.sdk.helloxr.vulkan        I                         VK_KHR_dedicated_allocation (optional, enabled)
2025-01-26 04:25:40.017 13781-13829 Vulkan_Utils            com.oculus.sdk.helloxr.vulkan        I                         VK_KHR_external_memory_fd (optional, enabled)
2025-01-26 04:25:40.017 13781-13829 Vulkan_Utils            com.oculus.sdk.helloxr.vulkan        I                         VK_ANDROID_external_memory_android_hardware_buffer (optional, enabled)
2025-01-26 04:25:40.018 13781-13829 helloxr                 com.oculus.sdk.helloxr.vulkan        V  [04:25:40.018][Info   ] Loaded vertex shader
2025-01-26 04:25:40.018 13781-13829 helloxr                 com.oculus.sdk.helloxr.vulkan        V  [04:25:40.018][Info   ] Loaded fragment shader
2025-01-26 04:25:40.018 13781-13829 OpenXR                  com.oculus.sdk.helloxr.vulkan        I  ------------ xrCreateSession [start] -----------
2025-01-26 04:25:40.018 13781-13829 VrRuntimeClient         com.oculus.sdk.helloxr.vulkan        I  VrRuntimeClient(): 0xb4000070d2a1cac0
2025-01-26 04:25:40.021 13781-13829 VrRuntimeClient         com.oculus.sdk.helloxr.vulkan        I  s->gRuntimeServiceSDKClient.InitClient
2025-01-26 04:25:40.022 13781-13829 ThreadHelp...UNTIMEIPC] com.oculus.sdk.helloxr.vulkan        I  RuntimeIPC::ThreadHelpers::SetState: threadName: JobPoolWorker, currentState: STATE_STOPPED, newState: STATE_STARTING
2025-01-26 04:25:40.022 13781-13851 ThreadHelp...UNTIMEIPC] com.oculus.sdk.helloxr.vulkan        I  RuntimeIPC::ThreadHelpers::SetState: threadName: JobPoolWorker, currentState: STATE_STARTING, newState: STATE_RUNNING
2025-01-26 04:25:40.023 13781-13829 RuntimeIPC...UNTIMEIPC] com.oculus.sdk.helloxr.vulkan        I  Event buffer size (client): 8192
2025-01-26 04:25:40.023 13781-13829 RuntimeIPC...UNTIMEIPC] com.oculus.sdk.helloxr.vulkan        I  TryToGetIPCResourcesFromServer: RPC_CONNECTOR_CONNECT_TO_SERVER SUCCESS: Client: com.oculus.sdk.helloxr.vulkan:com.oculus.sdk.helloxr.vulkan:13781, Server: com.oculus.systemdriver:com.oculus.vrruntimeservice (RuntimeServiceServer)
2025-01-26 04:25:40.023 13781-13829 RuntimeIPC...UNTIMEIPC] com.oculus.sdk.helloxr.vulkan        I  EnsureServerConnection: SUCCESS. Client: com.oculus.sdk.helloxr.vulkan:com.oculus.sdk.helloxr.vulkan:13781, Server: com.oculus.systemdriver:com.oculus.vrruntimeservice (RuntimeServiceServer)
2025-01-26 04:25:40.023 13781-13829 RuntimeIPC...UNTIMEIPC] com.oculus.sdk.helloxr.vulkan        I  ConnectToServer: SUCCESS: Client: com.oculus.sdk.helloxr.vulkan:com.oculus.sdk.helloxr.vulkan:13781, Server: com.oculus.systemdriver:com.oculus.vrruntimeservice (RuntimeServiceServer)
2025-01-26 04:25:40.023 13781-13851 VrRuntimeClient         com.oculus.sdk.helloxr.vulkan        I  s->gRuntimeServiceSDKClient.Connected: com.oculus.systemdriver:com.oculus.vrruntimeservice
2025-01-26 04:25:40.023 13781-13851 VrRuntimeClient         com.oculus.sdk.helloxr.vulkan        I  RegisterClient RequestDescriptor com.oculus.sdk.helloxr.vulkan:13781 clientType 0 clientFlags 0 clientSessionPlacement 0 clientLaunchId
2025-01-26 04:25:40.027 13781-13851 VrRuntimeClient         com.oculus.sdk.helloxr.vulkan        I  RegisterClient success
2025-01-26 04:25:40.027 13781-13851 VrRuntimeClient         com.oculus.sdk.helloxr.vulkan        I  RuntimeIPC: ServiceConnected: SharedMemoryDebug: publicReadOnly SharedMemorySize=192 (com.oculus.sdk.helloxr.vulkan) sizeof(s->sharedMemoryPublicReadOnly)=216
2025-01-26 04:25:40.027 13781-13851 VrRuntimeClient         com.oculus.sdk.helloxr.vulkan        I  RuntimeIPC: ServiceConnected: SharedMemoryDebug: privateReadWrite SharedMemorySize=115912 (com.oculus.sdk.helloxr.vulkan) sizeof(privateSharedMemorySize)=8
2025-01-26 04:25:40.027 13781-13851 VrRuntimeClient         com.oculus.sdk.helloxr.vulkan        I  nativeRuntimeServiceConnected: SharedMemoryDebug: publicReadOnlyFd=124, privateReadWriteFd=125 (com.oculus.sdk.helloxr.vulkan)
2025-01-26 04:25:40.031 13781-13829 ThreadHelp...UNTIMEIPC] com.oculus.sdk.helloxr.vulkan        I  RuntimeIPC::ThreadHelpers::SetState: threadName: JobPoolWorker, currentState: STATE_STOPPED, newState: STATE_STARTING
2025-01-26 04:25:40.032 13781-13853 ThreadHelp...UNTIMEIPC] com.oculus.sdk.helloxr.vulkan        I  RuntimeIPC::ThreadHelpers::SetState: threadName: JobPoolWorker, currentState: STATE_STARTING, newState: STATE_RUNNING
2025-01-26 04:25:40.032 13781-13829 ThreadHelp...UNTIMEIPC] com.oculus.sdk.helloxr.vulkan        I  RuntimeIPC::ThreadHelpers::SetState: threadName: RIPCNotifThread, currentState: STATE_STOPPED, newState: STATE_STARTING
2025-01-26 04:25:40.032 13781-13854 ThreadHelp...UNTIMEIPC] com.oculus.sdk.helloxr.vulkan        I  RuntimeIPC::ThreadHelpers::SetState: threadName: RIPCNotifThread, currentState: STATE_STARTING, newState: STATE_RUNNING
2025-01-26 04:25:40.032 13781-13829 VrRuntimeClient         com.oculus.sdk.helloxr.vulkan        I  s->gRuntimeServiceSDKClient.InitClient SUCCESS. Version: 5.0, Custom: 1.0
2025-01-26 04:25:40.032 13781-13829 RuntimeIPC...UNTIMEIPC] com.oculus.sdk.helloxr.vulkan        I  GetClientOptions
2025-01-26 04:25:40.032 13781-13829 VrRuntimeClient         com.oculus.sdk.helloxr.vulkan        I  Connected to VrRuntimeService on attempt 0
2025-01-26 04:25:40.032 13781-13829 OpenXR                  com.oculus.sdk.helloxr.vulkan        I  xrCreateSession: Connected to VrRuntimeService after 0.013332s
2025-01-26 04:25:40.032 13781-13829 AdrenoGLES-0            com.oculus.sdk.helloxr.vulkan        I  QUALCOMM build                   : 5c44054b8b, I064dd7d485
                                                                                                    Build Date                       : 09/12/24
                                                                                                    OpenGL ES Shader Compiler Version: E031.47.14.01
                                                                                                    Local Branch                     :
                                                                                                    Remote Branch                    : refs/tags/AU_LINUX_ANDROID_LA.VENDOR.12.3.11.00.00.934.442
                                                                                                    Remote Branch                    : NONE
                                                                                                    Reconstruct Branch               : NOTHING
2025-01-26 04:25:40.032 13781-13829 AdrenoGLES-0            com.oculus.sdk.helloxr.vulkan        I  Build Config                     : S P 12.1.6 AArch64
2025-01-26 04:25:40.032 13781-13829 AdrenoGLES-0            com.oculus.sdk.helloxr.vulkan        I  Driver Path                      : /vendor/lib64/egl/libGLESv2_adreno.so
2025-01-26 04:25:40.032 13781-13829 AdrenoGLES-0            com.oculus.sdk.helloxr.vulkan        I  Driver Version                   : 0797.0
2025-01-26 04:25:40.032 13781-13829 AdrenoGLES-0            com.oculus.sdk.helloxr.vulkan        I  Process Name                     : com.oculus.sdk.helloxr.vulkan
2025-01-26 04:25:40.034 13781-13829 AdrenoGLES-0            com.oculus.sdk.helloxr.vulkan        I  PFP: 0x01511175, ME: 0x00000000
2025-01-26 04:25:40.036 13781-13829 Adreno-AppProfiles      com.oculus.sdk.helloxr.vulkan        W  Could not find QSPM HAL service. Skipping adreno profile processing.
2025-01-26 04:25:40.037 13781-13829 AdrenoUtils             com.oculus.sdk.helloxr.vulkan        I  <ReadGpuID:366>: Reading chip ID through GSL
2025-01-26 04:25:40.041 13781-13829 VrRuntimeClient         com.oculus.sdk.helloxr.vulkan        I  SetPhaseSyncMode 1
2025-01-26 04:25:40.041 13781-13829 VrRuntimeClient         com.oculus.sdk.helloxr.vulkan        I  SetPhaseSyncMode 1
2025-01-26 04:25:40.041 13781-13829 OpenXR                  com.oculus.sdk.helloxr.vulkan        I  PhaseSync Mode: PHASE_SYNC
2025-01-26 04:25:40.041 13781-13829 VrRuntimeClient         com.oculus.sdk.helloxr.vulkan        I  VrRuntimeClient: Init
2025-01-26 04:25:40.041 13781-13829 PTKService              com.oculus.sdk.helloxr.vulkan        I  PTKServiceClient Init
2025-01-26 04:25:40.042 13781-13829 ThreadHelp...UNTIMEIPC] com.oculus.sdk.helloxr.vulkan        I  RuntimeIPC::ThreadHelpers::SetState: threadName: JobPoolWorker, currentState: STATE_STOPPED, newState: STATE_STARTING
2025-01-26 04:25:40.042 13781-13855 ThreadHelp...UNTIMEIPC] com.oculus.sdk.helloxr.vulkan        I  RuntimeIPC::ThreadHelpers::SetState: threadName: JobPoolWorker, currentState: STATE_STARTING, newState: STATE_RUNNING
2025-01-26 04:25:40.043 13781-13829 ClientProc...UNTIMEIPC] com.oculus.sdk.helloxr.vulkan        I  GetProcessConnection: com.oculus.vrshell:com.oculus.vrshell
2025-01-26 04:25:40.044 13781-13829 RuntimeIPC...UNTIMEIPC] com.oculus.sdk.helloxr.vulkan        I  Event buffer size (client): 8192
2025-01-26 04:25:40.044 13781-13829 RuntimeIPC...UNTIMEIPC] com.oculus.sdk.helloxr.vulkan        I  TryToGetIPCResourcesFromServer: RPC_CONNECTOR_CONNECT_TO_SERVER SUCCESS: Client: com.oculus.sdk.helloxr.vulkan:com.oculus.sdk.helloxr.vulkan:13781, Server: com.oculus.vrshell:com.oculus.vrshell (ptkserviceserver)
2025-01-26 04:25:40.044 13781-13829 RuntimeIPC...UNTIMEIPC] com.oculus.sdk.helloxr.vulkan        I  EnsureServerConnection: SUCCESS. Client: com.oculus.sdk.helloxr.vulkan:com.oculus.sdk.helloxr.vulkan:13781, Server: com.oculus.vrshell:com.oculus.vrshell (ptkserviceserver)
2025-01-26 04:25:40.044 13781-13829 RuntimeIPC...UNTIMEIPC] com.oculus.sdk.helloxr.vulkan        I  ConnectToServer: SUCCESS: Client: com.oculus.sdk.helloxr.vulkan:com.oculus.sdk.helloxr.vulkan:13781, Server: com.oculus.vrshell:com.oculus.vrshell (ptkserviceserver)
2025-01-26 04:25:40.048 13781-13829 RuntimeIPC...UNTIMEIPC] com.oculus.sdk.helloxr.vulkan        I  InitServerStateBuffer: SUCCESS. 0, Client: com.oculus.sdk.helloxr.vulkan:com.oculus.sdk.helloxr.vulkan:13781, Server: com.oculus.vrshell:com.oculus.vrshell (ptkserviceserver)
2025-01-26 04:25:40.048 13781-13829 ServerStat...UNTIMEIPC] com.oculus.sdk.helloxr.vulkan        W  IPCService: GetDataBegin: entryIndex < 0 || entryIndex >= numEntries_ || entryIndex >= trustedMaxEntries: 1, 3, 0
2025-01-26 04:25:40.048 13781-13829 ServerStat...UNTIMEIPC] com.oculus.sdk.helloxr.vulkan        W  IPCService: GetDataBegin: entryIndex < 0 || entryIndex >= numEntries_ || entryIndex >= trustedMaxEntries: 2, 3, 0
2025-01-26 04:25:40.048 13781-13829 OVR::Capture            com.oculus.sdk.helloxr.vulkan        V  Failed to open trace_marker ATrace file!
2025-01-26 04:25:40.048 13781-13829 RuntimeIPC...UNTIMEIPC] com.oculus.sdk.helloxr.vulkan        I  InitServerStateBuffer: SUCCESS. 0, Client: com.oculus.sdk.helloxr.vulkan:com.oculus.sdk.helloxr.vulkan:13781, Server: com.oculus.systemdriver:com.oculus.vrruntimeservice (RuntimeServiceServer)
2025-01-26 04:25:40.049 13781-13829 AudioCapture            com.oculus.sdk.helloxr.vulkan        I  AudioCapture::Init
2025-01-26 04:25:40.049 13781-13829 AudioCapture            com.oculus.sdk.helloxr.vulkan        I  AudioCapture::Init -> Initializing audio capture using direct OS Callbacks
2025-01-26 04:25:40.049 13781-13829 AudioCapture            com.oculus.sdk.helloxr.vulkan        I  AudioCapture::Init COMPLETE
2025-01-26 04:25:40.049 13781-13829 Foveation               com.oculus.sdk.helloxr.vulkan        W  Forcing on dynamic foveation
2025-01-26 04:25:40.049 13781-13829 Foveation               com.oculus.sdk.helloxr.vulkan        I  Vulkan foveation tile offset enabled: 0
2025-01-26 04:25:40.049 13781-13829 Foveation               com.oculus.sdk.helloxr.vulkan        I  Vulkan foveation tile turn off enabled: 1
2025-01-26 04:25:40.050 13781-13829 ThreadHelp...UNTIMEIPC] com.oculus.sdk.helloxr.vulkan        I  RuntimeIPC::ThreadHelpers::SetState: threadName: JobPoolWorker, currentState: STATE_STOPPED, newState: STATE_STARTING
2025-01-26 04:25:40.050 13781-13858 ThreadHelp...UNTIMEIPC] com.oculus.sdk.helloxr.vulkan        I  RuntimeIPC::ThreadHelpers::SetState: threadName: JobPoolWorker, currentState: STATE_STARTING, newState: STATE_RUNNING
2025-01-26 04:25:40.050 13781-13829 ClientProc...UNTIMEIPC] com.oculus.sdk.helloxr.vulkan        I  GetProcessConnection: com.oculus.guardian:com.oculus.vrguardianservice
2025-01-26 04:25:40.051 13781-13829 RuntimeIPC...UNTIMEIPC] com.oculus.sdk.helloxr.vulkan        I  Event buffer size (client): 8192
2025-01-26 04:25:40.051 13781-13829 RuntimeIPC...UNTIMEIPC] com.oculus.sdk.helloxr.vulkan        I  TryToGetIPCResourcesFromServer: RPC_CONNECTOR_CONNECT_TO_SERVER SUCCESS: Client: com.oculus.sdk.helloxr.vulkan:com.oculus.sdk.helloxr.vulkan:13781, Server: com.oculus.guardian:com.oculus.vrguardianservice (guardianserver)
2025-01-26 04:25:40.051 13781-13829 RuntimeIPC...UNTIMEIPC] com.oculus.sdk.helloxr.vulkan        I  EnsureServerConnection: SUCCESS. Client: com.oculus.sdk.helloxr.vulkan:com.oculus.sdk.helloxr.vulkan:13781, Server: com.oculus.guardian:com.oculus.vrguardianservice (guardianserver)
2025-01-26 04:25:40.051 13781-13829 RuntimeIPC...UNTIMEIPC] com.oculus.sdk.helloxr.vulkan        I  ConnectToServer: SUCCESS: Client: com.oculus.sdk.helloxr.vulkan:com.oculus.sdk.helloxr.vulkan:13781, Server: com.oculus.guardian:com.oculus.vrguardianservice (guardianserver)
2025-01-26 04:25:40.055 13781-13829 VrGuardianClient        com.oculus.sdk.helloxr.vulkan        I  guardianSDKClient_ connected.
2025-01-26 04:25:40.055 13781-13829 GkCacheQuerierClient    com.oculus.sdk.helloxr.vulkan        W  getGkValue: Query result for 'oculus_xrruntime:horizon_phasesync_disabled' not successful: 4
2025-01-26 04:25:40.055 13781-13829 GkHelper                com.oculus.sdk.helloxr.vulkan        W  GkHelper: query failed, result code = 4
2025-01-26 04:25:40.063 13781-13829 VrRuntimeClient         com.oculus.sdk.helloxr.vulkan        I  Is120HzSupported: 1
2025-01-26 04:25:40.063 13781-13829 FaceEyeTra...entManager com.oculus.sdk.helloxr.vulkan        I  [FaceEyeTrackingManager] Initializing FaceEyeTrackingClientManager...
2025-01-26 04:25:40.067 13781-13829 LogTimer                com.oculus.sdk.helloxr.vulkan        I  CPUTIME: VrRuntimeClient_Init took 25.9772 ms
2025-01-26 04:25:40.067 13781-13829 VulkanLoader            com.oculus.sdk.helloxr.vulkan        I  ovrVulkanLoader::Load
2025-01-26 04:25:40.067 13781-13829 VulkanLoader            com.oculus.sdk.helloxr.vulkan        W  VulkanLoader::LoadInstanceFunctions: Failed to load vkCreateDebugReportCallbackEXT, likely vkInstance created without xrGetVulkanInstanceExtensionsKHR/vrapi_GetInstanceExtensionsVulkan
2025-01-26 04:25:40.067 13781-13829 VulkanLoader            com.oculus.sdk.helloxr.vulkan        W  VulkanLoader::LoadInstanceFunctions: Failed to load vkDestroyDebugReportCallbackEXT, likely vkInstance created without xrGetVulkanInstanceExtensionsKHR/vrapi_GetInstanceExtensionsVulkan
2025-01-26 04:25:40.067 13781-13829 VulkanLoader            com.oculus.sdk.helloxr.vulkan        W  VulkanLoader::LoadDeviceFunctions: Failed to load vkCmdDebugMarkerInsertEXT, likely vkDevice created without xrGetVulkanDeviceExtensionsKHR/vrapi_GetDeviceExtensionsVulkan
2025-01-26 04:25:40.067 13781-13829 VulkanLoader            com.oculus.sdk.helloxr.vulkan        W  VulkanLoader::LoadDeviceFunctions: Failed to load vkCmdSetCullModeEXT, likely vkDevice created without xrGetVulkanDeviceExtensionsKHR/vrapi_GetDeviceExtensionsVulkan
2025-01-26 04:25:40.067 13781-13829 VulkanLoader            com.oculus.sdk.helloxr.vulkan        W  VulkanLoader::LoadDeviceFunctions: Failed to load vkCmdSetDepthCompareOpEXT, likely vkDevice created without xrGetVulkanDeviceExtensionsKHR/vrapi_GetDeviceExtensionsVulkan
2025-01-26 04:25:40.067 13781-13829 VulkanLoader            com.oculus.sdk.helloxr.vulkan        W  VulkanLoader::LoadDeviceFunctions: Failed to load vkCmdSetDepthTestEnableEXT, likely vkDevice created without xrGetVulkanDeviceExtensionsKHR/vrapi_GetDeviceExtensionsVulkan
2025-01-26 04:25:40.067 13781-13829 VulkanLoader            com.oculus.sdk.helloxr.vulkan        W  VulkanLoader::LoadDeviceFunctions: Failed to load vkCmdSetDepthWriteEnableEXT, likely vkDevice created without xrGetVulkanDeviceExtensionsKHR/vrapi_GetDeviceExtensionsVulkan
2025-01-26 04:25:40.067 13781-13829 VulkanLoader            com.oculus.sdk.helloxr.vulkan        W  VulkanLoader::LoadDeviceFunctions: Failed to load vkDebugMarkerSetObjectTagEXT, likely vkDevice created without xrGetVulkanDeviceExtensionsKHR/vrapi_GetDeviceExtensionsVulkan
2025-01-26 04:25:40.067 13781-13829 VulkanLoader            com.oculus.sdk.helloxr.vulkan        W  VulkanLoader::LoadDeviceFunctions: Failed to load vkGetMemoryFdKHR, likely vkDevice created without xrGetVulkanDeviceExtensionsKHR/vrapi_GetDeviceExtensionsVulkan
2025-01-26 04:25:40.068 13781-13829 Foveation               com.oculus.sdk.helloxr.vulkan        I  Vulkan FFR is supported, with density map size 32x32
2025-01-26 04:25:40.068 13781-13829 Distortion              com.oculus.sdk.helloxr.vulkan        I  Initializing Mesh Decenter Correction
2025-01-26 04:25:40.068 13781-13829 libosutils              com.oculus.sdk.helloxr.vulkan        E  Failed to get real path of file '/sys/devices/soc0/platform_subtype_id', err: Permission denied
2025-01-26 04:25:40.068 13781-13829 libosutils              com.oculus.sdk.helloxr.vulkan        E  Failed to get real path of file '/sys/devices/soc0/platform_version', err: Permission denied
2025-01-26 04:25:40.068 13781-13829 libdeviceid             com.oculus.sdk.helloxr.vulkan        W  DeviceId unknown with subtype FFFFFFFF and version: 0xFFFFFFFF
2025-01-26 04:25:40.068 13781-13829 Distortion              com.oculus.sdk.helloxr.vulkan        I  Decenter tester version = 200
2025-01-26 04:25:40.068 13781-13829 Distortion              com.oculus.sdk.helloxr.vulkan        I  SetLensPositions - iad=0.0635, left offset=-0.0030803,-3.05452e-05, right offset=0.00332641,1.07915e-05
2025-01-26 04:25:40.068 13781-13829 Distortion              com.oculus.sdk.helloxr.vulkan        I  Initializing Mesh Decenter Correction
2025-01-26 04:25:40.068 13781-13829 libosutils              com.oculus.sdk.helloxr.vulkan        E  Failed to get real path of file '/sys/devices/soc0/platform_subtype_id', err: Permission denied
2025-01-26 04:25:40.068 13781-13829 libosutils              com.oculus.sdk.helloxr.vulkan        E  Failed to get real path of file '/sys/devices/soc0/platform_version', err: Permission denied
2025-01-26 04:25:40.068 13781-13829 libdeviceid             com.oculus.sdk.helloxr.vulkan        W  DeviceId unknown with subtype FFFFFFFF and version: 0xFFFFFFFF
2025-01-26 04:25:40.070 13781-13829 Distortion              com.oculus.sdk.helloxr.vulkan        I  Decenter tester version = 200
2025-01-26 04:25:40.070 13781-13829 Distortion              com.oculus.sdk.helloxr.vulkan        I  SetLensPositions - iad=0.0635, left offset=-0.0030803,-3.05452e-05, right offset=0.00332641,1.07915e-05
2025-01-26 04:25:40.070 13781-13829 GkHelper                com.oculus.sdk.helloxr.vulkan        I  Checking gk 'oculus_quest3_high_res_eye_buffer', default = false
2025-01-26 04:25:40.070 13781-13829 GkHelper                com.oculus.sdk.helloxr.vulkan        I  Checking gk 'oculus_quest3_super_high_res_eye_buffer', default = false
2025-01-26 04:25:40.071 13781-13829 ClientInputSettings     com.oculus.sdk.helloxr.vulkan        I  SYSTEMBUTTONSPACE GKS freeze '1'
2025-01-26 04:25:40.071 13781-13829 ClientInputSettings     com.oculus.sdk.helloxr.vulkan        I  SYSTEMBUTTONSPACE 'com.oculus.sdk.helloxr.vulkan' Freeze input '1' on home button down
2025-01-26 04:25:40.071 13781-13829 ClientInputSettings     com.oculus.sdk.helloxr.vulkan        I  HANDTRACKING: Hands V2.0 enforced.
2025-01-26 04:25:40.071 13781-13829 ClientInputSettings     com.oculus.sdk.helloxr.vulkan        I  HANDTRACKING: YES, in the GK oculus_mobile_enable_hand_tracking_frequency_inter
2025-01-26 04:25:40.071 13781-13829 ClientInputInterface    com.oculus.sdk.helloxr.vulkan        I  HANDTRACKING sethandtrackingfrequency 1
2025-01-26 04:25:40.071 13781-13829 ClientInputSettings     com.oculus.sdk.helloxr.vulkan        I  HANDTRACKING: YES, in the GK oculus_mobile_30hz_handtracking_downclocking
2025-01-26 04:25:40.071 13781-13829 ClientInputInterface    com.oculus.sdk.helloxr.vulkan        I  Set30HzHandtrackingDownclockingGKFlag 1
2025-01-26 04:25:40.071 13781-13829 ClientInputSettings     com.oculus.sdk.helloxr.vulkan        I  HANDTRACKING: NO, not in the GK oculus_mobile_enable_hand_emulation_of_controllers
2025-01-26 04:25:40.071 13781-13829 ClientInputInterface    com.oculus.sdk.helloxr.vulkan        I  HANDTRACKING SetHandTrackingControllerEmulationGkFlag 0
2025-01-26 04:25:40.071 13781-13829 InputHooks              com.oculus.sdk.helloxr.vulkan        I  InitializeInputHooks
2025-01-26 04:25:40.071 13781-13829 InputHooks              com.oculus.sdk.helloxr.vulkan        I  InitializeInputHooks create
2025-01-26 04:25:40.072 13781-13829 .helloxr.vulka          com.oculus.sdk.helloxr.vulkan        W  Accessing hidden method Landroid/app/Activity;->isResumed()Z (unsupported, reflection, allowed)
2025-01-26 04:25:40.072 13781-13829 OpenXR                  com.oculus.sdk.helloxr.vulkan        I  xrCreateSession: Activity is not yet in the ready state.
2025-01-26 04:25:40.072 13781-13829 OpenXR_Aperture         com.oculus.sdk.helloxr.vulkan        I  ------------ ovrCreateApertureMETAX1 -----------
2025-01-26 04:25:40.074 13781-13829 OpenXR                  com.oculus.sdk.helloxr.vulkan        I  ------------ xrCreateSession [end] -----------
2025-01-26 04:25:40.074 13781-13829 helloxr                 com.oculus.sdk.helloxr.vulkan        V  [04:25:40.074][Info   ] Available reference spaces: 3
2025-01-26 04:25:40.074 13781-13829 OpenXR_Actions          com.oculus.sdk.helloxr.vulkan        V  -- xrSuggestInteractionProfileBindings -
2025-01-26 04:25:40.074 13781-13829 OpenXR_Actions          com.oculus.sdk.helloxr.vulkan        V  -- xrSuggestInteractionProfileBindings -
2025-01-26 04:25:40.074 13781-13829 OpenXR_Actions          com.oculus.sdk.helloxr.vulkan        V  -- xrSuggestInteractionProfileBindings -
2025-01-26 04:25:40.074 13781-13829 OpenXR_Actions          com.oculus.sdk.helloxr.vulkan        V  -- xrSuggestInteractionProfileBindings -
2025-01-26 04:25:40.074 13781-13829 OpenXR_Actions          com.oculus.sdk.helloxr.vulkan        V  -- xrSuggestInteractionProfileBindings -
2025-01-26 04:25:40.074 13781-13829 OpenXR_Space            com.oculus.sdk.helloxr.vulkan        I  xrCreateReferenceSpace: Spaces info
2025-01-26 04:25:40.074 13781-13829 OpenXR_Space            com.oculus.sdk.helloxr.vulkan        I  xrCreateReferenceSpace: Local version=77
2025-01-26 04:25:40.074 13781-13829 OpenXR_Space            com.oculus.sdk.helloxr.vulkan        I  xrCreateReferenceSpace: RawFromLocal       = (0.000, 0.985, 0.000, 0.174), (-0.21, -0.35, 0.99)
2025-01-26 04:25:40.074 13781-13829 OpenXR_Space            com.oculus.sdk.helloxr.vulkan        I  xrCreateReferenceSpace: RawFromLocalTilted = (0.004, 0.984, 0.044, 0.173), (-0.21, -0.35, 0.99)
2025-01-26 04:25:40.074 13781-13829 OpenXR_Space            com.oculus.sdk.helloxr.vulkan        I  xrCreateReferenceSpace: Stage IsValid=true
2025-01-26 04:25:40.074 13781-13829 OpenXR_Space            com.oculus.sdk.helloxr.vulkan        I  xrCreateReferenceSpace: Stage HasActiveGuardian=true
2025-01-26 04:25:40.074 13781-13829 OpenXR_Space            com.oculus.sdk.helloxr.vulkan        I  xrCreateReferenceSpace: Stage Width=9.275003, Depth=9.817505
2025-01-26 04:25:40.074 13781-13829 OpenXR_Space            com.oculus.sdk.helloxr.vulkan        I  xrCreateReferenceSpace: RawFromStage       = (-0.000, -0.968, -0.000, 0.252), (2.94, -1.28, -1.41)
2025-01-26 04:25:40.074 13781-13829 OpenXR_Space            com.oculus.sdk.helloxr.vulkan        I  xrCreateReferenceSpace: Spaces info
2025-01-26 04:25:40.074 13781-13829 OpenXR_Space            com.oculus.sdk.helloxr.vulkan        I  xrCreateReferenceSpace: Local version=77
2025-01-26 04:25:40.074 13781-13829 OpenXR_Space            com.oculus.sdk.helloxr.vulkan        I  xrCreateReferenceSpace: RawFromLocal       = (0.000, 0.985, 0.000, 0.174), (-0.21, -0.35, 0.99)
2025-01-26 04:25:40.074 13781-13829 OpenXR_Space            com.oculus.sdk.helloxr.vulkan        I  xrCreateReferenceSpace: RawFromLocalTilted = (0.004, 0.984, 0.044, 0.173), (-0.21, -0.35, 0.99)
2025-01-26 04:25:40.074 13781-13829 OpenXR_Space            com.oculus.sdk.helloxr.vulkan        I  xrCreateReferenceSpace: Stage IsValid=true
2025-01-26 04:25:40.074 13781-13829 OpenXR_Space            com.oculus.sdk.helloxr.vulkan        I  xrCreateReferenceSpace: Stage HasActiveGuardian=true
2025-01-26 04:25:40.074 13781-13829 OpenXR_Space            com.oculus.sdk.helloxr.vulkan        I  xrCreateReferenceSpace: Stage Width=9.275003, Depth=9.817505
2025-01-26 04:25:40.074 13781-13829 OpenXR_Space            com.oculus.sdk.helloxr.vulkan        I  xrCreateReferenceSpace: RawFromStage       = (-0.000, -0.968, -0.000, 0.252), (2.94, -1.28, -1.41)
2025-01-26 04:25:40.074 13781-13829 OpenXR_Space            com.oculus.sdk.helloxr.vulkan        I  xrCreateReferenceSpace: Spaces info
2025-01-26 04:25:40.074 13781-13829 OpenXR_Space            com.oculus.sdk.helloxr.vulkan        I  xrCreateReferenceSpace: Local version=77
2025-01-26 04:25:40.074 13781-13829 OpenXR_Space            com.oculus.sdk.helloxr.vulkan        I  xrCreateReferenceSpace: RawFromLocal       = (0.000, 0.985, 0.000, 0.174), (-0.21, -0.35, 0.99)
2025-01-26 04:25:40.074 13781-13829 OpenXR_Space            com.oculus.sdk.helloxr.vulkan        I  xrCreateReferenceSpace: RawFromLocalTilted = (0.004, 0.984, 0.044, 0.173), (-0.21, -0.35, 0.99)
2025-01-26 04:25:40.074 13781-13829 OpenXR_Space            com.oculus.sdk.helloxr.vulkan        I  xrCreateReferenceSpace: Stage IsValid=true
2025-01-26 04:25:40.074 13781-13829 OpenXR_Space            com.oculus.sdk.helloxr.vulkan        I  xrCreateReferenceSpace: Stage HasActiveGuardian=true
2025-01-26 04:25:40.074 13781-13829 OpenXR_Space            com.oculus.sdk.helloxr.vulkan        I  xrCreateReferenceSpace: Stage Width=9.275003, Depth=9.817505
2025-01-26 04:25:40.074 13781-13829 OpenXR_Space            com.oculus.sdk.helloxr.vulkan        I  xrCreateReferenceSpace: RawFromStage       = (-0.000, -0.968, -0.000, 0.252), (2.94, -1.28, -1.41)
2025-01-26 04:25:40.074 13781-13829 OpenXR_Space            com.oculus.sdk.helloxr.vulkan        I  xrCreateReferenceSpace: Spaces info
2025-01-26 04:25:40.074 13781-13829 OpenXR_Space            com.oculus.sdk.helloxr.vulkan        I  xrCreateReferenceSpace: Local version=77
2025-01-26 04:25:40.074 13781-13829 OpenXR_Space            com.oculus.sdk.helloxr.vulkan        I  xrCreateReferenceSpace: RawFromLocal       = (0.000, 0.985, 0.000, 0.174), (-0.21, -0.35, 0.99)
2025-01-26 04:25:40.074 13781-13829 OpenXR_Space            com.oculus.sdk.helloxr.vulkan        I  xrCreateReferenceSpace: RawFromLocalTilted = (0.004, 0.984, 0.044, 0.173), (-0.21, -0.35, 0.99)
2025-01-26 04:25:40.074 13781-13829 OpenXR_Space            com.oculus.sdk.helloxr.vulkan        I  xrCreateReferenceSpace: Stage IsValid=true
2025-01-26 04:25:40.074 13781-13829 OpenXR_Space            com.oculus.sdk.helloxr.vulkan        I  xrCreateReferenceSpace: Stage HasActiveGuardian=true
2025-01-26 04:25:40.074 13781-13829 OpenXR_Space            com.oculus.sdk.helloxr.vulkan        I  xrCreateReferenceSpace: Stage Width=9.275003, Depth=9.817505
2025-01-26 04:25:40.074 13781-13829 OpenXR_Space            com.oculus.sdk.helloxr.vulkan        I  xrCreateReferenceSpace: RawFromStage       = (-0.000, -0.968, -0.000, 0.252), (2.94, -1.28, -1.41)
2025-01-26 04:25:40.074 13781-13829 OpenXR_Space            com.oculus.sdk.helloxr.vulkan        I  xrCreateReferenceSpace: Spaces info
2025-01-26 04:25:40.074 13781-13829 OpenXR_Space            com.oculus.sdk.helloxr.vulkan        I  xrCreateReferenceSpace: Local version=77
2025-01-26 04:25:40.074 13781-13829 OpenXR_Space            com.oculus.sdk.helloxr.vulkan        I  xrCreateReferenceSpace: RawFromLocal       = (0.000, 0.985, 0.000, 0.174), (-0.21, -0.35, 0.99)
2025-01-26 04:25:40.074 13781-13829 OpenXR_Space            com.oculus.sdk.helloxr.vulkan        I  xrCreateReferenceSpace: RawFromLocalTilted = (0.004, 0.984, 0.044, 0.173), (-0.21, -0.35, 0.99)
2025-01-26 04:25:40.074 13781-13829 OpenXR_Space            com.oculus.sdk.helloxr.vulkan        I  xrCreateReferenceSpace: Stage IsValid=true
2025-01-26 04:25:40.074 13781-13829 OpenXR_Space            com.oculus.sdk.helloxr.vulkan        I  xrCreateReferenceSpace: Stage HasActiveGuardian=true
2025-01-26 04:25:40.074 13781-13829 OpenXR_Space            com.oculus.sdk.helloxr.vulkan        I  xrCreateReferenceSpace: Stage Width=9.275003, Depth=9.817505
2025-01-26 04:25:40.074 13781-13829 OpenXR_Space            com.oculus.sdk.helloxr.vulkan        I  xrCreateReferenceSpace: RawFromStage       = (-0.000, -0.968, -0.000, 0.252), (2.94, -1.28, -1.41)
2025-01-26 04:25:40.074 13781-13829 helloxr                 com.oculus.sdk.helloxr.vulkan        V  [04:25:40.074][Info   ] System Properties: Name=Oculus Quest VendorId=10291
2025-01-26 04:25:40.074 13781-13829 helloxr                 com.oculus.sdk.helloxr.vulkan        V  [04:25:40.074][Info   ] System Graphics Properties: MaxWidth=8192 MaxHeight=8192 MaxLayers=32
2025-01-26 04:25:40.074 13781-13829 helloxr                 com.oculus.sdk.helloxr.vulkan        V  [04:25:40.074][Info   ] System Tracking Properties: OrientationTracking=True PositionTracking=True
2025-01-26 04:25:40.074 13781-13829 helloxr                 com.oculus.sdk.helloxr.vulkan        V  [04:25:40.074][Info   ] Creating swapchain for view 0 with dimensions Width=1680 Height=1760 SampleCount=1
2025-01-26 04:25:40.077 13781-13829 SwapChain_...ory_Export com.oculus.sdk.helloxr.vulkan        I  Imported texture has requirements 3, ends up index 0
2025-01-26 04:25:40.077 13781-13829 SwapChain_...ory_Export com.oculus.sdk.helloxr.vulkan        I  Imported texture has requirements 3, ends up index 0
2025-01-26 04:25:40.077 13781-13829 SwapChain_...ory_Export com.oculus.sdk.helloxr.vulkan        I  Imported texture has requirements 3, ends up index 0
2025-01-26 04:25:40.078 13781-13829 OpenXR_GPUMemTrace      com.oculus.sdk.helloxr.vulkan        I  OpenXR GPU memory tracing is enabled on heap(oculus.OpenXR) with id(2)
2025-01-26 04:25:40.078 13781-13829 OpenXR_GPUMemTrace      com.oculus.sdk.helloxr.vulkan        I  Swapchain creation, id=694, idx=0, MemoryAllocationSize: 11941 KB
2025-01-26 04:25:40.078 13781-13829 OpenXR_GPUMemTrace      com.oculus.sdk.helloxr.vulkan        I  Swapchain creation, id=694, idx=1, MemoryAllocationSize: 11941 KB
2025-01-26 04:25:40.078 13781-13829 OpenXR_GPUMemTrace      com.oculus.sdk.helloxr.vulkan        I  Swapchain creation, id=694, idx=2, MemoryAllocationSize: 11941 KB
2025-01-26 04:25:40.093 13781-13829 helloxr                 com.oculus.sdk.helloxr.vulkan        V  [04:25:40.093][Info   ] Creating swapchain for view 1 with dimensions Width=1680 Height=1760 SampleCount=1
2025-01-26 04:25:40.095 13781-13829 SwapChain_...ory_Export com.oculus.sdk.helloxr.vulkan        I  Imported texture has requirements 3, ends up index 0
2025-01-26 04:25:40.095 13781-13829 SwapChain_...ory_Export com.oculus.sdk.helloxr.vulkan        I  Imported texture has requirements 3, ends up index 0
2025-01-26 04:25:40.095 13781-13829 SwapChain_...ory_Export com.oculus.sdk.helloxr.vulkan        I  Imported texture has requirements 3, ends up index 0
2025-01-26 04:25:40.096 13781-13829 OpenXR_GPUMemTrace      com.oculus.sdk.helloxr.vulkan        I  Swapchain creation, id=695, idx=0, MemoryAllocationSize: 11941 KB
2025-01-26 04:25:40.096 13781-13829 OpenXR_GPUMemTrace      com.oculus.sdk.helloxr.vulkan        I  Swapchain creation, id=695, idx=1, MemoryAllocationSize: 11941 KB
2025-01-26 04:25:40.096 13781-13829 OpenXR_GPUMemTrace      com.oculus.sdk.helloxr.vulkan        I  Swapchain creation, id=695, idx=2, MemoryAllocationSize: 11941 KB
2025-01-26 04:25:40.105 13781-13829 threaded_app            com.oculus.sdk.helloxr.vulkan        V  activityState 10
2025-01-26 04:25:40.105 13781-13829 helloxr                 com.oculus.sdk.helloxr.vulkan        V  [04:25:40.105][Info   ]     APP_CMD_START
2025-01-26 04:25:40.105 13781-13829 helloxr                 com.oculus.sdk.helloxr.vulkan        V  [04:25:40.105][Info   ] onStart()
2025-01-26 04:25:40.106 13781-13781 threaded_app            com.oculus.sdk.helloxr.vulkan        V  Resume: 0xb40000718ea35400
2025-01-26 04:25:40.107 13781-13829 threaded_app            com.oculus.sdk.helloxr.vulkan        V  activityState 11
2025-01-26 04:25:40.107 13781-13829 helloxr                 com.oculus.sdk.helloxr.vulkan        V  [04:25:40.107][Info   ] onResume()
2025-01-26 04:25:40.107 13781-13829 helloxr                 com.oculus.sdk.helloxr.vulkan        V  [04:25:40.107][Info   ]     APP_CMD_RESUME
2025-01-26 04:25:40.108 13781-13829 VrRuntimeClient         com.oculus.sdk.helloxr.vulkan        I  UpdateEvents: Detected LOCAL_FLOOR reference space update. Sending reference space update event
2025-01-26 04:25:40.108 13781-13829 VrRuntimeClient         com.oculus.sdk.helloxr.vulkan        I  UpdateEvents: Detected STAGE reference space update. Sending reference space update event
2025-01-26 04:25:40.108 13781-13829 Deque                   com.oculus.sdk.helloxr.vulkan        I  AddEventToQueue called. eventInfo.type: 40, eventInfo.next: 1
2025-01-26 04:25:40.108 13781-13829 OpenXR                  com.oculus.sdk.helloxr.vulkan        I  PostSessionStateChange:[pid: 13781] XR_SESSION_STATE_UNKNOWN -> XR_SESSION_STATE_IDLE
2025-01-26 04:25:40.108 13781-13829 Deque                   com.oculus.sdk.helloxr.vulkan        I  AddEventToQueue called. eventInfo.type: 18, eventInfo.next: 1
2025-01-26 04:25:40.108 13781-13829 helloxr                 com.oculus.sdk.helloxr.vulkan        V  [04:25:40.108][Info   ] XrEventDataSessionStateChanged: state XR_SESSION_STATE_UNKNOWN->XR_SESSION_STATE_IDLE session=144115188075855875 time=148848580212840
2025-01-26 04:25:40.109 13781-13781 VrosSpatialAudio        com.oculus.sdk.helloxr.vulkan        I  init with android.view.ViewRootImpl$W@26f768c
2025-01-26 04:25:40.110 13781-13781 Compatibil...geReporter com.oculus.sdk.helloxr.vulkan        D  Compat change id reported: 175409955; UID 10735; state: DISABLED
2025-01-26 04:25:40.110 13781-13781 Compatibil...geReporter com.oculus.sdk.helloxr.vulkan        D  Compat change id reported: 175409954; UID 10735; state: DISABLED
2025-01-26 04:25:40.114 13781-13781 threaded_app            com.oculus.sdk.helloxr.vulkan        V  InputQueueCreated: 0xb40000718ea35400 -- 0xb40000718ea73200
2025-01-26 04:25:40.358 13781-13829 threaded_app            com.oculus.sdk.helloxr.vulkan        V  APP_CMD_INPUT_CHANGED
2025-01-26 04:25:40.358 13781-13829 threaded_app            com.oculus.sdk.helloxr.vulkan        V  Attaching input queue to looper
2025-01-26 04:25:40.361 13781-13860 OpenXR                  com.oculus.sdk.helloxr.vulkan        I  nativeOnActivityReady: com.oculus.sdk.helloxr.vulkan/android.app.NativeActivity
2025-01-26 04:25:40.361 13781-13860 .helloxr.vulka          com.oculus.sdk.helloxr.vulkan        W  Attempt to remove non-JNI local reference, dumping thread
2025-01-26 04:25:40.367 13781-13781 threaded_app            com.oculus.sdk.helloxr.vulkan        V  NativeWindowCreated: 0xb40000718ea35400 -- 0xb400007076287810
2025-01-26 04:25:40.609 13781-13829 threaded_app            com.oculus.sdk.helloxr.vulkan        V  APP_CMD_INIT_WINDOW
2025-01-26 04:25:40.609 13781-13829 helloxr                 com.oculus.sdk.helloxr.vulkan        V  [04:25:40.609][Info   ] surfaceCreated()
2025-01-26 04:25:40.609 13781-13829 helloxr                 com.oculus.sdk.helloxr.vulkan        V  [04:25:40.609][Info   ]     APP_CMD_INIT_WINDOW
2025-01-26 04:25:40.609 13781-13829 OpenXR                  com.oculus.sdk.helloxr.vulkan        I  PostSessionStateChange:[pid: 13781] XR_SESSION_STATE_IDLE -> XR_SESSION_STATE_READY
2025-01-26 04:25:40.609 13781-13829 Deque                   com.oculus.sdk.helloxr.vulkan        I  AddEventToQueue called. eventInfo.type: 18, eventInfo.next: 1
2025-01-26 04:25:40.609 13781-13829 helloxr                 com.oculus.sdk.helloxr.vulkan        V  [04:25:40.609][Info   ] XrEventDataSessionStateChanged: state XR_SESSION_STATE_IDLE->XR_SESSION_STATE_READY session=144115188075855875 time=148849081043672
2025-01-26 04:25:40.609 13781-13829 OpenXR                  com.oculus.sdk.helloxr.vulkan        I  ------------ xrBeginSession [start] -----------
2025-01-26 04:25:40.609 13781-13829 DRR                     com.oculus.sdk.helloxr.vulkan        I  DRR is supported: 1
2025-01-26 04:25:40.609 13781-13829 DRR                     com.oculus.sdk.helloxr.vulkan        I  DRR is enabled: 0
2025-01-26 04:25:40.609 13781-13829 OsSdkLoader             com.oculus.sdk.helloxr.vulkan        D  OSSDK loading module 'libheadtracker.oculus.so'
2025-01-26 04:25:40.610 13781-13829 MemoryBrokerClient      com.oculus.sdk.helloxr.vulkan        D  memorybroker::ClientConnection ctor
2025-01-26 04:25:40.610 13781-13829 Sensor                  com.oculus.sdk.helloxr.vulkan        I  OSSDKTRACKING Initializing controller tracking
2025-01-26 04:25:40.610 13781-13829 Sensor                  com.oculus.sdk.helloxr.vulkan        I  OSSDKTRACKING Controller tracker != nullpointer 0xb4000070d2a24d40, 1
2025-01-26 04:25:40.611 13781-13781 threaded_app            com.oculus.sdk.helloxr.vulkan        V  WindowFocusChanged: 0xb40000718ea35400 -- 1
2025-01-26 04:25:40.617 13781-13829 DeviceStatus            com.oculus.sdk.helloxr.vulkan        I  nativeHeadsetEvent(0)
2025-01-26 04:25:40.618 13781-13829 VrRuntimeClient         com.oculus.sdk.helloxr.vulkan        I  SetCompositorClientFeatureFlag ClientFeatureFlag 2
2025-01-26 04:25:40.619 13781-13829 RuntimeIPC...UNTIMEIPC] com.oculus.sdk.helloxr.vulkan        I  InitServerStateBuffer: SUCCESS. 0, Client: com.oculus.sdk.helloxr.vulkan:com.oculus.sdk.helloxr.vulkan:13781, Server: com.oculus.guardian:com.oculus.vrguardianservice (guardianserver)
2025-01-26 04:25:40.619 13781-13829 VrRuntimeClient         com.oculus.sdk.helloxr.vulkan        I  Mounted state at BeginSession: True
2025-01-26 04:25:40.619 13781-13829 AppLoadTim...etryCommon com.oculus.sdk.helloxr.vulkan        I  App load time recorded [packageName=com.oculus.sdk.helloxr.vulkan, time=1.078477, method="BeginSession", launchType="Launch", launchId=""]
2025-01-26 04:25:40.619 13781-13829 LogTimer                com.oculus.sdk.helloxr.vulkan        I  CPUTIME: VrRuntimeClient_BeginSession took 9.8660 ms
2025-01-26 04:25:40.620 13781-13829 ClientInputSettings     com.oculus.sdk.helloxr.vulkan        I  HANDTRACKING: enabled input settings, setting hand mode control settings to ControllersOnly
2025-01-26 04:25:40.620 13781-13829 ClientInputSettings     com.oculus.sdk.helloxr.vulkan        I  HANDTRACKING package name is com.oculus.sdk.helloxr.vulkan
2025-01-26 04:25:40.620 13781-13829 ClientInputSettings     com.oculus.sdk.helloxr.vulkan        I  HANDTRACKING: feature flag set to 0
2025-01-26 04:25:40.620 13781-13829 ClientInputInterface    com.oculus.sdk.helloxr.vulkan        I  HANDTRACKING sethandmanifest 0
2025-01-26 04:25:40.620 13781-13829 InputHooks_Internal     com.oculus.sdk.helloxr.vulkan        I  Enabling Native Input Hooks
